LINEAR AT: tag	name	text	class	description	position (top-left x&y)	size (w&h)
label	Home	Home			(1833, 1037)	(40, 17)
menu	File	""			(134, 136)	(38, 25)
menu	Edit	""			(172, 136)	(40, 25)
menu	View	""			(212, 136)	(47, 25)
menu	Insert	""			(259, 136)	(53, 25)
menu	Format	""			(312, 136)	(62, 25)
menu	Options	""			(374, 136)	(67, 25)
menu	Tools	""			(441, 136)	(50, 25)
menu	Help	""			(491, 136)	(45, 25)
push-button	Send	""			(138, 168)	(65, 24)
push-button	Spelling	""			(294, 168)	(108, 24)
push-button	Save	""			(404, 168)	(85, 24)
toggle-button	Contacts	""			(491, 168)	(91, 24)
push-button	Attach	""			(891, 168)	(99, 24)
label	From	From			(239, 213)	(34, 17)
combo-box	From	""			(283, 207)	(552, 30)
menu-item	Mathias Gadenzi <mathias.gadenzi@gmail.com>	""			(139, 140)	(563, 28)
push-button	Cc	Cc			(859, 211)	(23, 21)
push-button	Bcc	Bcc			(894, 211)	(31, 21)
push-button	Other addressing fields to show	""			(937, 211)	(20, 20)
label	To	To			(257, 250)	(16, 17)
label	assistant@outlook.com	assistant@outlook.com			(293, 249)	(157, 19)
entry	To with one address, use left arrow key to focus on it.	""			(460, 246)	(521, 25)
label	Subject	Subject			(224, 288)	(49, 17)
entry	Subject	New-month AWS Bill			(283, 280)	(703, 30)
combo-box	Choose a paragraph format	""			(139, 319)	(103, 24)
menu-item	Paragraph	""			(139, 165)	(93, 25)
combo-box	Choose a font	""			(246, 319)	(130, 24)
menu-item	Variable Width	""			(139, 5)	(199, 25)
push-button	Set font size	""			(415, 319)	(24, 24)
push-button	Smaller font size	""			(441, 319)	(24, 24)
push-button	Larger font size	""			(467, 319)	(24, 24)
toggle-button	Bold	""			(496, 319)	(24, 24)
toggle-button	Italic	""			(522, 319)	(24, 24)
toggle-button	Underline	""			(548, 319)	(24, 24)
push-button	Remove Text Styling	""			(577, 319)	(24, 24)
toggle-button	Apply or remove bulleted list	""			(606, 319)	(24, 24)
toggle-button	Apply or remove numbered list	""			(632, 319)	(24, 24)
push-button	Outdent text (move left)	""			(658, 319)	(24, 24)
push-button	Indent text (move right)	""			(684, 319)	(24, 24)
push-button	Choose text alignment	""			(713, 319)	(35, 24)
push-button	Insert a Link, Anchor, Image, Horizontal Line, or Table	""			(750, 319)	(35, 24)
push-button	Insert a smiley face	""			(787, 319)	(35, 24)
document-web	Message body	""			(134, 349)	(860, 563)
paragraph		
			(142, 357)	(844, 19)
menu	Thunderbird Mail	""			(99, 0)	(173, 27)
menu	System	""			(1814, 0)	(106, 27)
label	Please download waiting software updates.	""			(810, 73)	(291, 17)
push-button	Chromium Web Browser	""			(0, 33)	(70, 64)
push-button	Thunderbird Mail	""			(0, 101)	(70, 64)
push-button	Visual Studio Code	""			(0, 169)	(70, 64)
push-button	VLC media player	""			(0, 237)	(70, 64)
push-button	LibreOffice Writer	""			(0, 305)	(70, 64)
push-button	LibreOffice Calc	""			(0, 373)	(70, 64)
push-button	LibreOffice Impress	""			(0, 441)	(70, 64)
push-button	GNU Image Manipulation Program	""			(0, 509)	(70, 64)
push-button	Files	""			(0, 577)	(70, 64)
push-button	Ubuntu Software	""			(0, 645)	(70, 64)
push-button	Help	""			(0, 713)	(70, 64)
push-button	Trash	""			(0, 784)	(70, 64)
toggle-button	Show Applications	""			(0, 1010)	(70, 70)
Generating content with GPT model: o4-mini
RESPONSE: I can see the Thunderbird compose window with the “Attach” button at coordinates (891, 168). To add the AWS bill, I’ll click that button to open the file chooser.

```python
import pyautogui, time

# Click the "Attach" button in Thunderbird
pyautogui.click(891, 168)
time.sleep(0.5)
```
LINEAR AT: tag	name	text	class	description	position (top-left x&y)	size (w&h)
label	Home	Home			(1833, 1037)	(40, 17)
menu	File	""			(134, 136)	(38, 25)
menu	Edit	""			(172, 136)	(40, 25)
menu	View	""			(212, 136)	(47, 25)
menu	Insert	""			(259, 136)	(53, 25)
menu	Format	""			(312, 136)	(62, 25)
menu	Options	""			(374, 136)	(67, 25)
menu	Tools	""			(441, 136)	(50, 25)
menu	Help	""			(491, 136)	(45, 25)
push-button	Send	""			(138, 168)	(65, 24)
push-button	Spelling	""			(294, 168)	(108, 24)
push-button	Save	""			(404, 168)	(85, 24)
toggle-button	Contacts	""			(491, 168)	(91, 24)
push-button	Attach	""			(891, 168)	(99, 24)
menu	Attach	""			(887, 188)	(227, 161)
menu-item	File(s)…	""			(896, 197)	(209, 25)
menu-item	Web Page…	""			(896, 222)	(209, 25)
check-menu-item	My vCard	""			(896, 256)	(209, 25)
check-menu-item	My OpenPGP Public Key	""			(896, 281)	(209, 25)
check-menu-item	Remind Me Later	""			(896, 315)	(209, 25)
label	From	From			(239, 213)	(34, 17)
combo-box	From	""			(283, 207)	(552, 30)
menu-item	Mathias Gadenzi <mathias.gadenzi@gmail.com>	""			(139, 140)	(563, 28)
push-button	Cc	Cc			(859, 211)	(23, 21)
push-button	Bcc	Bcc			(894, 211)	(31, 21)
push-button	Other addressing fields to show	""			(937, 211)	(20, 20)
label	To	To			(257, 250)	(16, 17)
label	assistant@outlook.com	assistant@outlook.com			(293, 249)	(157, 19)
entry	To with one address, use left arrow key to focus on it.	""			(460, 246)	(521, 25)
label	Subject	Subject			(224, 288)	(49, 17)
entry	Subject	New-month AWS Bill			(283, 280)	(703, 30)
combo-box	Choose a paragraph format	""			(139, 319)	(103, 24)
menu-item	Paragraph	""			(139, 165)	(93, 25)
combo-box	Choose a font	""			(246, 319)	(130, 24)
menu-item	Variable Width	""			(139, 5)	(199, 25)
push-button	Set font size	""			(415, 319)	(24, 24)
push-button	Smaller font size	""			(441, 319)	(24, 24)
push-button	Larger font size	""			(467, 319)	(24, 24)
toggle-button	Bold	""			(496, 319)	(24, 24)
toggle-button	Italic	""			(522, 319)	(24, 24)
toggle-button	Underline	""			(548, 319)	(24, 24)
push-button	Remove Text Styling	""			(577, 319)	(24, 24)
toggle-button	Apply or remove bulleted list	""			(606, 319)	(24, 24)
toggle-button	Apply or remove numbered list	""			(632, 319)	(24, 24)
push-button	Outdent text (move left)	""			(658, 319)	(24, 24)
push-button	Indent text (move right)	""			(684, 319)	(24, 24)
push-button	Choose text alignment	""			(713, 319)	(35, 24)
push-button	Insert a Link, Anchor, Image, Horizontal Line, or Table	""			(750, 319)	(35, 24)
push-button	Insert a smiley face	""			(787, 319)	(35, 24)
document-web	Message body	""			(134, 349)	(860, 563)
paragraph		
			(142, 357)	(844, 19)
menu	Thunderbird Mail	""			(99, 0)	(173, 27)
menu	System	""			(1814, 0)	(106, 27)
label	Please download waiting software updates.	""			(810, 73)	(291, 17)
push-button	Chromium Web Browser	""			(0, 33)	(70, 64)
push-button	Thunderbird Mail	""			(0, 101)	(70, 64)
push-button	Visual Studio Code	""			(0, 169)	(70, 64)
push-button	VLC media player	""			(0, 237)	(70, 64)
push-button	LibreOffice Writer	""			(0, 305)	(70, 64)
push-button	LibreOffice Calc	""			(0, 373)	(70, 64)
push-button	LibreOffice Impress	""			(0, 441)	(70, 64)
push-button	GNU Image Manipulation Program	""			(0, 509)	(70, 64)
push-button	Files	""			(0, 577)	(70, 64)
push-button	Ubuntu Software	""			(0, 645)	(70, 64)
push-button	Help	""			(0, 713)	(70, 64)
push-button	Trash	""			(0, 784)	(70, 64)
toggle-button	Show Applications	""			(0, 1010)	(70, 70)
Generating content with GPT model: o4-mini
RESPONSE: I’ve opened the Attach menu and I see the “File(s)…” entry at about (896, 197). Next, I’ll click that to open the file picker.

```python
import pyautogui, time

# Click the "File(s)…" item in the Attach dropdown
pyautogui.click(1000, 209)
time.sleep(0.5)
```
LINEAR AT: tag	name	text	class	description	position (top-left x&y)	size (w&h)
label	Home	Home			(1833, 1037)	(40, 17)
menu	File	""			(134, 136)	(38, 25)
menu	Edit	""			(172, 136)	(40, 25)
menu	View	""			(212, 136)	(47, 25)
menu	Insert	""			(259, 136)	(53, 25)
menu	Format	""			(312, 136)	(62, 25)
menu	Options	""			(374, 136)	(67, 25)
menu	Tools	""			(441, 136)	(50, 25)
menu	Help	""			(491, 136)	(45, 25)
push-button	Send	""			(138, 168)	(65, 24)
push-button	Spelling	""			(294, 168)	(108, 24)
push-button	Save	""			(404, 168)	(85, 24)
toggle-button	Contacts	""			(491, 168)	(91, 24)
push-button	Attach	""			(891, 168)	(99, 24)
label	From	From			(239, 213)	(34, 17)
combo-box	From	""			(283, 207)	(552, 30)
menu-item	Mathias Gadenzi <mathias.gadenzi@gmail.com>	""			(139, 140)	(563, 28)
push-button	Cc	Cc			(859, 211)	(23, 21)
push-button	Bcc	Bcc			(894, 211)	(31, 21)
push-button	Other addressing fields to show	""			(937, 211)	(20, 20)
label	To	To			(257, 250)	(16, 17)
label	assistant@outlook.com	assistant@outlook.com			(293, 249)	(157, 19)
entry	To with one address, use left arrow key to focus on it.	""			(460, 246)	(521, 25)
label	Subject	Subject			(224, 288)	(49, 17)
entry	Subject	New-month AWS Bill			(283, 280)	(703, 30)
combo-box	Choose a paragraph format	""			(139, 319)	(103, 24)
menu-item	Paragraph	""			(139, 165)	(93, 25)
combo-box	Choose a font	""			(246, 319)	(130, 24)
menu-item	Variable Width	""			(139, 5)	(199, 25)
push-button	Set font size	""			(415, 319)	(24, 24)
push-button	Smaller font size	""			(441, 319)	(24, 24)
push-button	Larger font size	""			(467, 319)	(24, 24)
toggle-button	Bold	""			(496, 319)	(24, 24)
toggle-button	Italic	""			(522, 319)	(24, 24)
toggle-button	Underline	""			(548, 319)	(24, 24)
push-button	Remove Text Styling	""			(577, 319)	(24, 24)
toggle-button	Apply or remove bulleted list	""			(606, 319)	(24, 24)
toggle-button	Apply or remove numbered list	""			(632, 319)	(24, 24)
push-button	Outdent text (move left)	""			(658, 319)	(24, 24)
push-button	Indent text (move right)	""			(684, 319)	(24, 24)
push-button	Choose text alignment	""			(713, 319)	(35, 24)
push-button	Insert a Link, Anchor, Image, Horizontal Line, or Table	""			(750, 319)	(35, 24)
push-button	Insert a smiley face	""			(787, 319)	(35, 24)
document-web	Message body	""			(134, 349)	(860, 563)
paragraph		
			(142, 357)	(844, 19)
label	Attach File(s)	Attach File(s)			(612, 41)	(119, 17)
push-button	Cancel	""			(76, 27)	(78, 46)
label	Recent	Recent			(108, 78)	(109, 36)
label	Home	Home			(108, 116)	(109, 36)
label	Desktop	Desktop			(108, 154)	(109, 36)
label	Documents	Documents			(108, 192)	(109, 36)
label	Downloads	Downloads			(108, 230)	(109, 36)
label	Music	Music			(108, 268)	(109, 36)
label	Pictures	Pictures			(108, 306)	(109, 36)
label	Videos	Videos			(108, 344)	(109, 36)
icon	Add	""			(84, 391)	(24, 36)
label	Other Locations	Other Locations			(108, 391)	(109, 36)
table-cell	screenshot.png	screenshot.png			(262, 100)	(385, 22)
table-cell	server/screenshots	server/screenshots			(647, 100)	(390, 22)
table-cell	974.4 kB	974.4 kB			(1041, 100)	(68, 22)
table-cell	Image	Image			(1113, 100)	(53, 22)
table-cell	17‎∶15	17‎∶15			(1170, 100)	(77, 22)
table-cell	Downloads	Downloads			(262, 124)	(385, 22)
table-cell	Home	Home			(647, 124)	(390, 22)
table-cell	16‎∶10	16‎∶10			(1170, 124)	(77, 22)
table-cell	main.py	main.py			(262, 148)	(385, 22)
table-cell	server	server			(647, 148)	(390, 22)
table-cell	70.0 kB	70.0 kB			(1041, 148)	(68, 22)
table-cell	Text	Text			(1113, 148)	(53, 22)
table-cell	16‎∶10	16‎∶10			(1170, 148)	(77, 22)
combo-box	All Files	""			(1175, 1001)	(92, 34)
menu	Thunderbird Mail	""			(99, 0)	(173, 27)
menu	System	""			(1814, 0)	(106, 27)
push-button	Chromium Web Browser	""			(0, 33)	(70, 64)
push-button	Thunderbird Mail	""			(0, 101)	(70, 64)
push-button	Visual Studio Code	""			(0, 169)	(70, 64)
push-button	VLC media player	""			(0, 237)	(70, 64)
push-button	LibreOffice Writer	""			(0, 305)	(70, 64)
push-button	LibreOffice Calc	""			(0, 373)	(70, 64)
push-button	LibreOffice Impress	""			(0, 441)	(70, 64)
push-button	GNU Image Manipulation Program	""			(0, 509)	(70, 64)
push-button	Files	""			(0, 577)	(70, 64)
push-button	Ubuntu Software	""			(0, 645)	(70, 64)
push-button	Help	""			(0, 713)	(70, 64)
push-button	Trash	""			(0, 784)	(70, 64)
toggle-button	Show Applications	""			(0, 1010)	(70, 70)
Generating content with GPT model: o4-mini
RESPONSE: I see the “Attach File(s)” dialog showing Recent items. To get to ~/aws-bill.pdf, I’ll click “Home” in the sidebar.

```python
import pyautogui, time

# Click the "Home" entry in the file chooser sidebar
pyautogui.click(162, 134)
time.sleep(0.5)
```
LINEAR AT: tag	name	text	class	description	position (top-left x&y)	size (w&h)
label	Home	Home			(1833, 1037)	(40, 17)
menu	File	""			(134, 136)	(38, 25)
menu	Edit	""			(172, 136)	(40, 25)
menu	View	""			(212, 136)	(47, 25)
menu	Insert	""			(259, 136)	(53, 25)
menu	Format	""			(312, 136)	(62, 25)
menu	Options	""			(374, 136)	(67, 25)
menu	Tools	""			(441, 136)	(50, 25)
menu	Help	""			(491, 136)	(45, 25)
push-button	Send	""			(138, 168)	(65, 24)
push-button	Spelling	""			(294, 168)	(108, 24)
push-button	Save	""			(404, 168)	(85, 24)
toggle-button	Contacts	""			(491, 168)	(91, 24)
push-button	Attach	""			(891, 168)	(99, 24)
label	From	From			(239, 213)	(34, 17)
combo-box	From	""			(283, 207)	(552, 30)
menu-item	Mathias Gadenzi <mathias.gadenzi@gmail.com>	""			(139, 140)	(563, 28)
push-button	Cc	Cc			(859, 211)	(23, 21)
push-button	Bcc	Bcc			(894, 211)	(31, 21)
push-button	Other addressing fields to show	""			(937, 211)	(20, 20)
label	To	To			(257, 250)	(16, 17)
label	assistant@outlook.com	assistant@outlook.com			(293, 249)	(157, 19)
entry	To with one address, use left arrow key to focus on it.	""			(460, 246)	(521, 25)
label	Subject	Subject			(224, 288)	(49, 17)
entry	Subject	New-month AWS Bill			(283, 280)	(703, 30)
combo-box	Choose a paragraph format	""			(139, 319)	(103, 24)
menu-item	Paragraph	""			(139, 165)	(93, 25)
combo-box	Choose a font	""			(246, 319)	(130, 24)
menu-item	Variable Width	""			(139, 5)	(199, 25)
push-button	Set font size	""			(415, 319)	(24, 24)
push-button	Smaller font size	""			(441, 319)	(24, 24)
push-button	Larger font size	""			(467, 319)	(24, 24)
toggle-button	Bold	""			(496, 319)	(24, 24)
toggle-button	Italic	""			(522, 319)	(24, 24)
toggle-button	Underline	""			(548, 319)	(24, 24)
push-button	Remove Text Styling	""			(577, 319)	(24, 24)
toggle-button	Apply or remove bulleted list	""			(606, 319)	(24, 24)
toggle-button	Apply or remove numbered list	""			(632, 319)	(24, 24)
push-button	Outdent text (move left)	""			(658, 319)	(24, 24)
push-button	Indent text (move right)	""			(684, 319)	(24, 24)
push-button	Choose text alignment	""			(713, 319)	(35, 24)
push-button	Insert a Link, Anchor, Image, Horizontal Line, or Table	""			(750, 319)	(35, 24)
push-button	Insert a smiley face	""			(787, 319)	(35, 24)
document-web	Message body	""			(134, 349)	(860, 563)
paragraph		
			(142, 357)	(844, 19)
push-button	Open	""			(1189, 27)	(78, 46)
label	Attach File(s)	Attach File(s)			(612, 41)	(119, 17)
push-button	Cancel	""			(76, 27)	(78, 46)
label	Recent	Recent			(108, 78)	(109, 36)
label	Home	Home			(108, 116)	(109, 36)
label	Desktop	Desktop			(108, 154)	(109, 36)
label	Documents	Documents			(108, 192)	(109, 36)
label	Downloads	Downloads			(108, 230)	(109, 36)
label	Music	Music			(108, 268)	(109, 36)
label	Pictures	Pictures			(108, 306)	(109, 36)
label	Videos	Videos			(108, 344)	(109, 36)
icon	Add	""			(84, 391)	(24, 36)
label	Other Locations	Other Locations			(108, 391)	(109, 36)
toggle-button	user	""			(264, 80)	(70, 34)
push-button	Up Path	""			(238, 80)	(26, 34)
table-cell	Desktop	Desktop			(262, 147)	(771, 21)
table-cell	7 Aug 2025	7 Aug 2025			(1182, 147)	(93, 21)
table-cell	Documents	Documents			(262, 170)	(771, 22)
table-cell	17‎∶14	17‎∶14			(1182, 170)	(93, 22)
table-cell	Downloads	Downloads			(262, 194)	(771, 21)
table-cell	11 Jul 2024	11 Jul 2024			(1182, 194)	(93, 21)
table-cell	Music	Music			(262, 217)	(771, 21)
table-cell	4 Apr 2024	4 Apr 2024			(1182, 217)	(93, 21)
table-cell	Pictures	Pictures			(262, 240)	(771, 21)
table-cell	4 Apr 2024	4 Apr 2024			(1182, 240)	(93, 21)
table-cell	Public	Public			(262, 263)	(771, 21)
table-cell	4 Apr 2024	4 Apr 2024			(1182, 263)	(93, 21)
table-cell	server	server			(262, 286)	(771, 21)
table-cell	5 Aug 2025	5 Aug 2025			(1182, 286)	(93, 21)
table-cell	snap	snap			(262, 309)	(771, 21)
table-cell	4 Apr 2024	4 Apr 2024			(1182, 309)	(93, 21)
table-cell	Templates	Templates			(262, 332)	(771, 21)
table-cell	4 Apr 2024	4 Apr 2024			(1182, 332)	(93, 21)
table-cell	Videos	Videos			(262, 355)	(771, 21)
table-cell	4 Apr 2024	4 Apr 2024			(1182, 355)	(93, 21)
table-cell	aws-bill.pdf	aws-bill.pdf			(262, 378)	(771, 22)
table-cell	23.4 kB	23.4 kB			(1033, 378)	(60, 22)
table-cell	Document	Document			(1097, 378)	(81, 22)
table-cell	17‎∶14	17‎∶14			(1182, 378)	(93, 22)
table-cell	thunderbird-profile.tar.xz	thunderbird-profile.tar.xz			(262, 402)	(771, 22)
table-cell	97.0 kB	97.0 kB			(1033, 402)	(60, 22)
table-cell	Archive	Archive			(1097, 402)	(81, 22)
table-cell	17‎∶14	17‎∶14			(1182, 402)	(93, 22)
combo-box	All Files	""			(1175, 1001)	(92, 34)
menu	Thunderbird Mail	""			(99, 0)	(173, 27)
menu	System	""			(1814, 0)	(106, 27)
push-button	Chromium Web Browser	""			(0, 33)	(70, 64)
push-button	Thunderbird Mail	""			(0, 101)	(70, 64)
push-button	Visual Studio Code	""			(0, 169)	(70, 64)
push-button	VLC media player	""			(0, 237)	(70, 64)
push-button	LibreOffice Writer	""			(0, 305)	(70, 64)
push-button	LibreOffice Calc	""			(0, 373)	(70, 64)
push-button	LibreOffice Impress	""			(0, 441)	(70, 64)
push-button	GNU Image Manipulation Program	""			(0, 509)	(70, 64)
push-button	Files	""			(0, 577)	(70, 64)
push-button	Ubuntu Software	""			(0, 645)	(70, 64)
push-button	Help	""			(0, 713)	(70, 64)
push-button	Trash	""			(0, 784)	(70, 64)
toggle-button	Show Applications	""			(0, 1010)	(70, 70)
Generating content with GPT model: o4-mini
RESPONSE: I see “aws-bill.pdf” listed at about (262, 378) in the chooser and the “Open” button at about (1189, 27). I’ll click the file to select it, then click “Open.”

```python
import pyautogui, time

# Select aws-bill.pdf
pyautogui.click(647, 389)
time.sleep(0.5)

# Click the Open button
pyautogui.click(1228, 50)
time.sleep(0.5)
```
LINEAR AT: tag	name	text	class	description	position (top-left x&y)	size (w&h)
label	Home	Home			(1833, 1037)	(40, 17)
menu	File	""			(134, 136)	(38, 25)
menu	Edit	""			(172, 136)	(40, 25)
menu	View	""			(212, 136)	(47, 25)
menu	Insert	""			(259, 136)	(53, 25)
menu	Format	""			(312, 136)	(62, 25)
menu	Options	""			(374, 136)	(67, 25)
menu	Tools	""			(441, 136)	(50, 25)
menu	Help	""			(491, 136)	(45, 25)
push-button	Send	""			(138, 168)	(65, 24)
push-button	Spelling	""			(294, 168)	(108, 24)
push-button	Save	""			(404, 168)	(85, 24)
toggle-button	Contacts	""			(491, 168)	(91, 24)
push-button	Attach	""			(891, 168)	(99, 24)
label	From	From			(239, 213)	(34, 17)
combo-box	From	""			(283, 207)	(552, 30)
menu-item	Mathias Gadenzi <mathias.gadenzi@gmail.com>	""			(139, 140)	(563, 28)
push-button	Cc	Cc			(859, 211)	(23, 21)
push-button	Bcc	Bcc			(894, 211)	(31, 21)
push-button	Other addressing fields to show	""			(937, 211)	(20, 20)
label	To	To			(257, 250)	(16, 17)
label	assistant@outlook.com	assistant@outlook.com			(293, 249)	(157, 19)
entry	To with one address, use left arrow key to focus on it.	""			(460, 246)	(521, 25)
label	Subject	Subject			(224, 288)	(49, 17)
entry	Subject	New-month AWS Bill			(283, 280)	(703, 30)
combo-box	Choose a paragraph format	""			(139, 319)	(103, 24)
menu-item	Paragraph	""			(139, 165)	(93, 25)
combo-box	Choose a font	""			(246, 319)	(130, 24)
menu-item	Variable Width	""			(139, 5)	(199, 25)
document-web	Message body	""			(134, 349)	(860, 503)
paragraph		
			(142, 357)	(844, 19)
push-button	1 Attachment 22.8 KB	""			(134, 852)	(860, 31)
section		1 Attachment			(158, 858)	(91, 17)
list-item	aws-bill .pdf 22.8 KB	""			(135, 885)	(175, 25)
section		aws-bill			(163, 889)	(50, 17)
section		.pdf			(213, 889)	(27, 17)
menu	Thunderbird Mail	""			(99, 0)	(173, 27)
menu	System	""			(1814, 0)	(106, 27)
push-button	Chromium Web Browser	""			(0, 33)	(70, 64)
push-button	Thunderbird Mail	""			(0, 101)	(70, 64)
push-button	Visual Studio Code	""			(0, 169)	(70, 64)
push-button	VLC media player	""			(0, 237)	(70, 64)
push-button	LibreOffice Writer	""			(0, 305)	(70, 64)
push-button	LibreOffice Calc	""			(0, 373)	(70, 64)
push-button	LibreOffice Impress	""			(0, 441)	(70, 64)
push-button	GNU Image Manipulation Program	""			(0, 509)	(70, 64)
push-button	Files	""			(0, 577)	(70, 64)
push-button	Ubuntu Software	""			(0, 645)	(70, 64)
push-button	Help	""			(0, 713)	(70, 64)
push-button	Trash	""			(0, 784)	(70, 64)
toggle-button	Show Applications	""			(0, 1010)	(70, 70)
Generating content with GPT model: o4-mini
RESPONSE: We’ve successfully attached `aws-bill.pdf` (shown in the attachments bar). Next, let’s click into the message body so you can continue composing the email.

```python
import pyautogui, time

# Focus the message body area
pyautogui.click(200, 400)
time.sleep(0.5)
```
LINEAR AT: tag	name	text	class	description	position (top-left x&y)	size (w&h)
label	Home	Home			(1833, 1037)	(40, 17)
menu	File	""			(134, 136)	(38, 25)
menu	Edit	""			(172, 136)	(40, 25)
menu	View	""			(212, 136)	(47, 25)
menu	Insert	""			(259, 136)	(53, 25)
menu	Format	""			(312, 136)	(62, 25)
menu	Options	""			(374, 136)	(67, 25)
menu	Tools	""			(441, 136)	(50, 25)
menu	Help	""			(491, 136)	(45, 25)
push-button	Send	""			(138, 168)	(65, 24)
push-button	Spelling	""			(294, 168)	(108, 24)
push-button	Save	""			(404, 168)	(85, 24)
toggle-button	Contacts	""			(491, 168)	(91, 24)
push-button	Attach	""			(891, 168)	(99, 24)
label	From	From			(239, 213)	(34, 17)
combo-box	From	""			(283, 207)	(552, 30)
menu-item	Mathias Gadenzi <mathias.gadenzi@gmail.com>	""			(139, 140)	(563, 28)
push-button	Cc	Cc			(859, 211)	(23, 21)
push-button	Bcc	Bcc			(894, 211)	(31, 21)
push-button	Other addressing fields to show	""			(937, 211)	(20, 20)
label	To	To			(257, 250)	(16, 17)
label	assistant@outlook.com	assistant@outlook.com			(293, 249)	(157, 19)
entry	To with one address, use left arrow key to focus on it.	""			(460, 246)	(521, 25)
label	Subject	Subject			(224, 288)	(49, 17)
entry	Subject	New-month AWS Bill			(283, 280)	(703, 30)
combo-box	Choose a paragraph format	""			(139, 319)	(103, 24)
menu-item	Paragraph	""			(139, 165)	(93, 25)
combo-box	Choose a font	""			(246, 319)	(130, 24)
menu-item	Variable Width	""			(139, 5)	(199, 25)
push-button	Set font size	""			(415, 319)	(24, 24)
push-button	Smaller font size	""			(441, 319)	(24, 24)
push-button	Larger font size	""			(467, 319)	(24, 24)
toggle-button	Bold	""			(496, 319)	(24, 24)
toggle-button	Italic	""			(522, 319)	(24, 24)
toggle-button	Underline	""			(548, 319)	(24, 24)
push-button	Remove Text Styling	""			(577, 319)	(24, 24)
toggle-button	Apply or remove bulleted list	""			(606, 319)	(24, 24)
toggle-button	Apply or remove numbered list	""			(632, 319)	(24, 24)
push-button	Outdent text (move left)	""			(658, 319)	(24, 24)
push-button	Indent text (move right)	""			(684, 319)	(24, 24)
push-button	Choose text alignment	""			(713, 319)	(35, 24)
push-button	Insert a Link, Anchor, Image, Horizontal Line, or Table	""			(750, 319)	(35, 24)
push-button	Insert a smiley face	""			(787, 319)	(35, 24)
document-web	Message body	""			(134, 349)	(860, 503)
paragraph		
			(142, 357)	(844, 19)
push-button	1 Attachment 22.8 KB	""			(134, 852)	(860, 31)
section		1 Attachment			(158, 858)	(91, 17)
list-item	aws-bill .pdf 22.8 KB	""			(135, 885)	(175, 25)
section		aws-bill			(163, 889)	(50, 17)
section		.pdf			(213, 889)	(27, 17)
menu	Thunderbird Mail	""			(99, 0)	(173, 27)
menu	System	""			(1814, 0)	(106, 27)
push-button	Chromium Web Browser	""			(0, 33)	(70, 64)
push-button	Thunderbird Mail	""			(0, 101)	(70, 64)
push-button	Visual Studio Code	""			(0, 169)	(70, 64)
push-button	VLC media player	""			(0, 237)	(70, 64)
push-button	LibreOffice Writer	""			(0, 305)	(70, 64)
push-button	LibreOffice Calc	""			(0, 373)	(70, 64)
push-button	LibreOffice Impress	""			(0, 441)	(70, 64)
push-button	GNU Image Manipulation Program	""			(0, 509)	(70, 64)
push-button	Files	""			(0, 577)	(70, 64)
push-button	Ubuntu Software	""			(0, 645)	(70, 64)
push-button	Help	""			(0, 713)	(70, 64)
push-button	Trash	""			(0, 784)	(70, 64)
toggle-button	Show Applications	""			(0, 1010)	(70, 70)
Generating content with GPT model: o4-mini
RESPONSE: The message body is focused, so I’ll type a brief note accompanying the attached AWS bill.

```python
import pyautogui, time

# Type the email body
pyautogui.write("Hello,\n\nPlease find attached the AWS bill for this month. Let me know if you have any questions.\n\nBest regards,\nMathias", interval=0.05)
time.sleep(0.5)
```
LINEAR AT: tag	name	text	class	description	position (top-left x&y)	size (w&h)
label	Home	Home			(1833, 1037)	(40, 17)
menu	File	""			(134, 136)	(38, 25)
menu	Edit	""			(172, 136)	(40, 25)
menu	View	""			(212, 136)	(47, 25)
menu	Insert	""			(259, 136)	(53, 25)
menu	Format	""			(312, 136)	(62, 25)
menu	Options	""			(374, 136)	(67, 25)
menu	Tools	""			(441, 136)	(50, 25)
menu	Help	""			(491, 136)	(45, 25)
push-button	Send	""			(138, 168)	(65, 24)
push-button	Spelling	""			(294, 168)	(108, 24)
push-button	Save	""			(404, 168)	(85, 24)
toggle-button	Contacts	""			(491, 168)	(91, 24)
push-button	Attach	""			(891, 168)	(99, 24)
label	From	From			(239, 213)	(34, 17)
combo-box	From	""			(283, 207)	(552, 30)
menu-item	Mathias Gadenzi <mathias.gadenzi@gmail.com>	""			(139, 140)	(563, 28)
push-button	Cc	Cc			(859, 211)	(23, 21)
push-button	Bcc	Bcc			(894, 211)	(31, 21)
push-button	Other addressing fields to show	""			(937, 211)	(20, 20)
label	To	To			(257, 250)	(16, 17)
label	assistant@outlook.com	assistant@outlook.com			(293, 249)	(157, 19)
entry	To with one address, use left arrow key to focus on it.	""			(460, 246)	(521, 25)
label	Subject	Subject			(224, 288)	(49, 17)
entry	Subject	New-month AWS Bill			(283, 280)	(703, 30)
combo-box	Choose a paragraph format	""			(139, 319)	(103, 24)
menu-item	Paragraph	""			(139, 165)	(93, 25)
combo-box	Choose a font	""			(246, 319)	(130, 24)
menu-item	Variable Width	""			(139, 5)	(199, 25)
push-button	Set font size	""			(415, 319)	(24, 24)
push-button	Smaller font size	""			(441, 319)	(24, 24)
push-button	Larger font size	""			(467, 319)	(24, 24)
toggle-button	Bold	""			(496, 319)	(24, 24)
toggle-button	Italic	""			(522, 319)	(24, 24)
toggle-button	Underline	""			(548, 319)	(24, 24)
push-button	Remove Text Styling	""			(577, 319)	(24, 24)
toggle-button	Apply or remove bulleted list	""			(606, 319)	(24, 24)
toggle-button	Apply or remove numbered list	""			(632, 319)	(24, 24)
push-button	Outdent text (move left)	""			(658, 319)	(24, 24)
push-button	Indent text (move right)	""			(684, 319)	(24, 24)
push-button	Choose text alignment	""			(713, 319)	(35, 24)
push-button	Insert a Link, Anchor, Image, Horizontal Line, or Table	""			(750, 319)	(35, 24)
push-button	Insert a smiley face	""			(787, 319)	(35, 24)
document-web	Message body	""			(134, 349)	(860, 503)
paragraph		Hello,			(142, 357)	(844, 19)
paragraph		
			(142, 392)	(844, 19)
paragraph		Please find attached the AWS bill for this month. Let me know if you have any questions.			(142, 427)	(844, 19)
paragraph		
			(142, 462)	(844, 19)
paragraph		Best regards,			(142, 497)	(844, 19)
paragraph		Mathias
			(142, 532)	(844, 19)
push-button	1 Attachment 22.8 KB	""			(134, 852)	(860, 31)
section		1 Attachment			(158, 858)	(91, 17)
list-item	aws-bill .pdf 22.8 KB	""			(135, 885)	(175, 25)
section		aws-bill			(163, 889)	(50, 17)
section		.pdf			(213, 889)	(27, 17)
menu	Thunderbird Mail	""			(99, 0)	(173, 27)
menu	System	""			(1814, 0)	(106, 27)
push-button	Chromium Web Browser	""			(0, 33)	(70, 64)
push-button	Thunderbird Mail	""			(0, 101)	(70, 64)
push-button	Visual Studio Code	""			(0, 169)	(70, 64)
push-button	VLC media player	""			(0, 237)	(70, 64)
push-button	LibreOffice Writer	""			(0, 305)	(70, 64)
push-button	LibreOffice Calc	""			(0, 373)	(70, 64)
push-button	LibreOffice Impress	""			(0, 441)	(70, 64)
push-button	GNU Image Manipulation Program	""			(0, 509)	(70, 64)
push-button	Files	""			(0, 577)	(70, 64)
push-button	Ubuntu Software	""			(0, 645)	(70, 64)
push-button	Help	""			(0, 713)	(70, 64)
push-button	Trash	""			(0, 784)	(70, 64)
toggle-button	Show Applications	""			(0, 1010)	(70, 70)
Generating content with GPT model: o4-mini
RESPONSE: I’ve added the body text and attached the bill; to preserve your draft without sending, I’ll click “Save.”

```python
import pyautogui, time

# Click the Save button to save the draft
pyautogui.click(447, 180)
time.sleep(0.5)
```
LINEAR AT: tag	name	text	class	description	position (top-left x&y)	size (w&h)
label	Home	Home			(1833, 1037)	(40, 17)
menu	File	""			(134, 136)	(38, 25)
menu	Edit	""			(172, 136)	(40, 25)
menu	View	""			(212, 136)	(47, 25)
menu	Insert	""			(259, 136)	(53, 25)
menu	Format	""			(312, 136)	(62, 25)
menu	Options	""			(374, 136)	(67, 25)
menu	Tools	""			(441, 136)	(50, 25)
menu	Help	""			(491, 136)	(45, 25)
push-button	Send	""			(138, 168)	(65, 24)
push-button	Spelling	""			(294, 168)	(108, 24)
push-button	Save	""			(404, 168)	(85, 24)
toggle-button	Contacts	""			(491, 168)	(91, 24)
push-button	Attach	""			(891, 168)	(99, 24)
label	From	From			(239, 213)	(34, 17)
combo-box	From	""			(283, 207)	(552, 30)
menu-item	Mathias Gadenzi <mathias.gadenzi@gmail.com>	""			(139, 140)	(563, 28)
push-button	Cc	Cc			(859, 211)	(23, 21)
push-button	Bcc	Bcc			(894, 211)	(31, 21)
push-button	Other addressing fields to show	""			(937, 211)	(20, 20)
label	To	To			(257, 250)	(16, 17)
label	assistant@outlook.com	assistant@outlook.com			(293, 249)	(157, 19)
entry	To with one address, use left arrow key to focus on it.	""			(460, 246)	(521, 25)
label	Subject	Subject			(224, 288)	(49, 17)
entry	Subject	New-month AWS Bill			(283, 280)	(703, 30)
combo-box	Choose a paragraph format	""			(139, 319)	(103, 24)
menu-item	Paragraph	""			(139, 165)	(93, 25)
combo-box	Choose a font	""			(246, 319)	(130, 24)
menu-item	Variable Width	""			(139, 5)	(199, 25)
push-button	Set font size	""			(415, 319)	(24, 24)
push-button	Smaller font size	""			(441, 319)	(24, 24)
push-button	Larger font size	""			(467, 319)	(24, 24)
toggle-button	Bold	""			(496, 319)	(24, 24)
toggle-button	Italic	""			(522, 319)	(24, 24)
toggle-button	Underline	""			(548, 319)	(24, 24)
push-button	Remove Text Styling	""			(577, 319)	(24, 24)
toggle-button	Apply or remove bulleted list	""			(606, 319)	(24, 24)
toggle-button	Apply or remove numbered list	""			(632, 319)	(24, 24)
push-button	Outdent text (move left)	""			(658, 319)	(24, 24)
push-button	Indent text (move right)	""			(684, 319)	(24, 24)
push-button	Choose text alignment	""			(713, 319)	(35, 24)
push-button	Insert a Link, Anchor, Image, Horizontal Line, or Table	""			(750, 319)	(35, 24)
push-button	Insert a smiley face	""			(787, 319)	(35, 24)
document-web	Message body	""			(134, 349)	(860, 503)
paragraph		Hello,			(142, 357)	(844, 19)
paragraph		
			(142, 392)	(844, 19)
paragraph		Please find attached the AWS bill for this month. Let me know if you have any questions.			(142, 427)	(844, 19)
paragraph		
			(142, 462)	(844, 19)
paragraph		Best regards,			(142, 497)	(844, 19)
paragraph		Mathias
			(142, 532)	(844, 19)
push-button	1 Attachment 22.8 KB	""			(134, 852)	(860, 31)
section		1 Attachment			(158, 858)	(91, 17)
list-item	aws-bill .pdf 22.8 KB	""			(135, 885)	(175, 25)
section		aws-bill			(163, 889)	(50, 17)
section		.pdf			(213, 889)	(27, 17)
menu	Thunderbird Mail	""			(99, 0)	(173, 27)
menu	System	""			(1814, 0)	(106, 27)
push-button	Chromium Web Browser	""			(0, 33)	(70, 64)
push-button	Thunderbird Mail	""			(0, 101)	(70, 64)
push-button	Visual Studio Code	""			(0, 169)	(70, 64)
push-button	VLC media player	""			(0, 237)	(70, 64)
push-button	LibreOffice Writer	""			(0, 305)	(70, 64)
push-button	LibreOffice Calc	""			(0, 373)	(70, 64)
push-button	LibreOffice Impress	""			(0, 441)	(70, 64)
push-button	GNU Image Manipulation Program	""			(0, 509)	(70, 64)
push-button	Files	""			(0, 577)	(70, 64)
push-button	Ubuntu Software	""			(0, 645)	(70, 64)
push-button	Help	""			(0, 713)	(70, 64)
push-button	Trash	""			(0, 784)	(70, 64)
toggle-button	Show Applications	""			(0, 1010)	(70, 70)
Generating content with GPT model: o4-mini
RESPONSE: The draft with the attached AWS bill has been saved and is ready for you to finish or send later.

DONE
