LINEAR AT: tag	name	text	class	description	position (top-left x&y)	size (w&h)
label	Home	Home			(1833, 1037)	(40, 17)
menu	File	""			(134, 136)	(38, 25)
menu	Edit	""			(172, 136)	(40, 25)
menu	View	""			(212, 136)	(47, 25)
menu	Insert	""			(259, 136)	(53, 25)
menu	Format	""			(312, 136)	(62, 25)
menu	Options	""			(374, 136)	(67, 25)
menu	Tools	""			(441, 136)	(50, 25)
menu	Help	""			(491, 136)	(45, 25)
push-button	Send	""			(138, 168)	(65, 24)
push-button	Spelling	""			(294, 168)	(108, 24)
push-button	Save	""			(404, 168)	(85, 24)
toggle-button	Contacts	""			(491, 168)	(91, 24)
push-button	Attach	""			(891, 168)	(99, 24)
label	From	From			(239, 213)	(34, 17)
combo-box	From	""			(283, 207)	(552, 30)
menu-item	Mathias Gadenzi <mathias.gadenzi@gmail.com>	""			(139, 140)	(563, 28)
push-button	Cc	Cc			(859, 211)	(23, 21)
push-button	Bcc	Bcc			(894, 211)	(31, 21)
push-button	Other addressing fields to show	""			(937, 211)	(20, 20)
label	To	To			(257, 250)	(16, 17)
label	assistant@outlook.com	assistant@outlook.com			(293, 249)	(157, 19)
entry	To with one address, use left arrow key to focus on it.	""			(460, 246)	(521, 25)
label	Subject	Subject			(224, 288)	(49, 17)
entry	Subject	New-month AWS Bill			(283, 280)	(703, 30)
combo-box	Choose a paragraph format	""			(139, 319)	(103, 24)
menu-item	Paragraph	""			(139, 165)	(93, 25)
combo-box	Choose a font	""			(246, 319)	(130, 24)
menu-item	Variable Width	""			(139, 5)	(199, 25)
push-button	Set font size	""			(415, 319)	(24, 24)
push-button	Smaller font size	""			(441, 319)	(24, 24)
push-button	Larger font size	""			(467, 319)	(24, 24)
toggle-button	Bold	""			(496, 319)	(24, 24)
toggle-button	Italic	""			(522, 319)	(24, 24)
toggle-button	Underline	""			(548, 319)	(24, 24)
push-button	Remove Text Styling	""			(577, 319)	(24, 24)
toggle-button	Apply or remove bulleted list	""			(606, 319)	(24, 24)
toggle-button	Apply or remove numbered list	""			(632, 319)	(24, 24)
push-button	Outdent text (move left)	""			(658, 319)	(24, 24)
push-button	Indent text (move right)	""			(684, 319)	(24, 24)
push-button	Choose text alignment	""			(713, 319)	(35, 24)
push-button	Insert a Link, Anchor, Image, Horizontal Line, or Table	""			(750, 319)	(35, 24)
push-button	Insert a smiley face	""			(787, 319)	(35, 24)
document-web	Message body	""			(134, 349)	(860, 563)
paragraph		
			(142, 357)	(844, 19)
menu	Thunderbird Mail	""			(99, 0)	(173, 27)
menu	System	""			(1814, 0)	(106, 27)
label	Please download waiting software updates.	""			(810, 73)	(291, 17)
push-button	Chromium Web Browser	""			(0, 33)	(70, 64)
push-button	Thunderbird Mail	""			(0, 101)	(70, 64)
push-button	Visual Studio Code	""			(0, 169)	(70, 64)
push-button	VLC media player	""			(0, 237)	(70, 64)
push-button	LibreOffice Writer	""			(0, 305)	(70, 64)
push-button	LibreOffice Calc	""			(0, 373)	(70, 64)
push-button	LibreOffice Impress	""			(0, 441)	(70, 64)
push-button	GNU Image Manipulation Program	""			(0, 509)	(70, 64)
push-button	Files	""			(0, 577)	(70, 64)
push-button	Ubuntu Software	""			(0, 645)	(70, 64)
push-button	Help	""			(0, 713)	(70, 64)
push-button	Trash	""			(0, 784)	(70, 64)
toggle-button	Show Applications	""			(0, 1010)	(70, 70)
Generating content with GPT model: o4-mini
RESPONSE: I see the compose window ready and the “Attach” button at (891, 168). To start attaching the PDF, I’ll click that button to open the file chooser.

```python
import pyautogui, time

# Click the "Attach" button in Thunderbird's compose window
pyautogui.click(891 + 99/2, 168 + 24/2)
time.sleep(0.5)
```
LINEAR AT: tag	name	text	class	description	position (top-left x&y)	size (w&h)
label	Home	Home			(1833, 1037)	(40, 17)
menu	File	""			(134, 136)	(38, 25)
menu	Edit	""			(172, 136)	(40, 25)
menu	View	""			(212, 136)	(47, 25)
menu	Insert	""			(259, 136)	(53, 25)
menu	Format	""			(312, 136)	(62, 25)
menu	Options	""			(374, 136)	(67, 25)
menu	Tools	""			(441, 136)	(50, 25)
menu	Help	""			(491, 136)	(45, 25)
push-button	Send	""			(138, 168)	(65, 24)
push-button	Spelling	""			(294, 168)	(108, 24)
push-button	Save	""			(404, 168)	(85, 24)
toggle-button	Contacts	""			(491, 168)	(91, 24)
push-button	Attach	""			(891, 168)	(99, 24)
label	From	From			(239, 213)	(34, 17)
combo-box	From	""			(283, 207)	(552, 30)
menu-item	Mathias Gadenzi <mathias.gadenzi@gmail.com>	""			(139, 140)	(563, 28)
push-button	Cc	Cc			(859, 211)	(23, 21)
push-button	Bcc	Bcc			(894, 211)	(31, 21)
push-button	Other addressing fields to show	""			(937, 211)	(20, 20)
label	To	To			(257, 250)	(16, 17)
label	assistant@outlook.com	assistant@outlook.com			(293, 249)	(157, 19)
entry	To with one address, use left arrow key to focus on it.	""			(460, 246)	(521, 25)
label	Subject	Subject			(224, 288)	(49, 17)
entry	Subject	New-month AWS Bill			(283, 280)	(703, 30)
combo-box	Choose a paragraph format	""			(139, 319)	(103, 24)
menu-item	Paragraph	""			(139, 165)	(93, 25)
combo-box	Choose a font	""			(246, 319)	(130, 24)
menu-item	Variable Width	""			(139, 5)	(199, 25)
push-button	Set font size	""			(415, 319)	(24, 24)
push-button	Smaller font size	""			(441, 319)	(24, 24)
push-button	Larger font size	""			(467, 319)	(24, 24)
toggle-button	Bold	""			(496, 319)	(24, 24)
toggle-button	Italic	""			(522, 319)	(24, 24)
toggle-button	Underline	""			(548, 319)	(24, 24)
push-button	Remove Text Styling	""			(577, 319)	(24, 24)
toggle-button	Apply or remove bulleted list	""			(606, 319)	(24, 24)
toggle-button	Apply or remove numbered list	""			(632, 319)	(24, 24)
push-button	Outdent text (move left)	""			(658, 319)	(24, 24)
push-button	Indent text (move right)	""			(684, 319)	(24, 24)
push-button	Choose text alignment	""			(713, 319)	(35, 24)
push-button	Insert a Link, Anchor, Image, Horizontal Line, or Table	""			(750, 319)	(35, 24)
push-button	Insert a smiley face	""			(787, 319)	(35, 24)
document-web	Message body	""			(134, 349)	(860, 563)
paragraph		
			(142, 357)	(844, 19)
label	Attach File(s)	Attach File(s)			(612, 41)	(119, 17)
push-button	Cancel	""			(76, 27)	(78, 46)
label	Recent	Recent			(108, 78)	(109, 36)
label	Home	Home			(108, 116)	(109, 36)
label	Desktop	Desktop			(108, 154)	(109, 36)
label	Documents	Documents			(108, 192)	(109, 36)
label	Downloads	Downloads			(108, 230)	(109, 36)
label	Music	Music			(108, 268)	(109, 36)
label	Pictures	Pictures			(108, 306)	(109, 36)
label	Videos	Videos			(108, 344)	(109, 36)
icon	Add	""			(84, 391)	(24, 36)
label	Other Locations	Other Locations			(108, 391)	(109, 36)
table-cell	screenshot.png	screenshot.png			(262, 100)	(383, 22)
table-cell	server/screenshots	server/screenshots			(645, 100)	(387, 22)
table-cell	972.7 kB	972.7 kB			(1036, 100)	(68, 22)
table-cell	Image	Image			(1108, 100)	(53, 22)
table-cell	17‎∶13	17‎∶13			(1165, 100)	(82, 22)
table-cell	Downloads	Downloads			(262, 124)	(383, 21)
table-cell	Home	Home			(645, 124)	(387, 21)
table-cell	Yesterday	Yesterday			(1165, 124)	(82, 21)
table-cell	main.py	main.py			(262, 147)	(383, 21)
table-cell	server	server			(645, 147)	(387, 21)
table-cell	70.0 kB	70.0 kB			(1036, 147)	(68, 21)
table-cell	Text	Text			(1108, 147)	(53, 21)
table-cell	Yesterday	Yesterday			(1165, 147)	(82, 21)
combo-box	All Files	""			(1175, 1001)	(92, 34)
menu	Thunderbird Mail	""			(99, 0)	(173, 27)
menu	System	""			(1814, 0)	(106, 27)
label	Please download waiting software updates.	""			(810, 73)	(291, 17)
push-button	Chromium Web Browser	""			(0, 33)	(70, 64)
push-button	Thunderbird Mail	""			(0, 101)	(70, 64)
push-button	Visual Studio Code	""			(0, 169)	(70, 64)
push-button	VLC media player	""			(0, 237)	(70, 64)
push-button	LibreOffice Writer	""			(0, 305)	(70, 64)
push-button	LibreOffice Calc	""			(0, 373)	(70, 64)
push-button	LibreOffice Impress	""			(0, 441)	(70, 64)
push-button	GNU Image Manipulation Program	""			(0, 509)	(70, 64)
push-button	Files	""			(0, 577)	(70, 64)
push-button	Ubuntu Software	""			(0, 645)	(70, 64)
push-button	Help	""			(0, 713)	(70, 64)
push-button	Trash	""			(0, 784)	(70, 64)
toggle-button	Show Applications	""			(0, 1010)	(70, 70)
Generating content with GPT model: o4-mini
RESPONSE: I’ve opened the file picker (currently showing “Recent”). To get to your aws-bill.pdf in your home folder, I’ll click “Home” in the sidebar.

```python
import pyautogui, time

# Click "Home" in the file chooser sidebar (at 108,116 size 109×36 → center ≈162,134)
pyautogui.click(162, 134)
time.sleep(0.5)
```
LINEAR AT: tag	name	text	class	description	position (top-left x&y)	size (w&h)
label	Home	Home			(1833, 1037)	(40, 17)
menu	File	""			(134, 136)	(38, 25)
menu	Edit	""			(172, 136)	(40, 25)
menu	View	""			(212, 136)	(47, 25)
menu	Insert	""			(259, 136)	(53, 25)
menu	Format	""			(312, 136)	(62, 25)
menu	Options	""			(374, 136)	(67, 25)
menu	Tools	""			(441, 136)	(50, 25)
menu	Help	""			(491, 136)	(45, 25)
push-button	Send	""			(138, 168)	(65, 24)
push-button	Spelling	""			(294, 168)	(108, 24)
push-button	Save	""			(404, 168)	(85, 24)
toggle-button	Contacts	""			(491, 168)	(91, 24)
push-button	Attach	""			(891, 168)	(99, 24)
label	From	From			(239, 213)	(34, 17)
combo-box	From	""			(283, 207)	(552, 30)
menu-item	Mathias Gadenzi <mathias.gadenzi@gmail.com>	""			(139, 140)	(563, 28)
push-button	Cc	Cc			(859, 211)	(23, 21)
push-button	Bcc	Bcc			(894, 211)	(31, 21)
push-button	Other addressing fields to show	""			(937, 211)	(20, 20)
label	To	To			(257, 250)	(16, 17)
label	assistant@outlook.com	assistant@outlook.com			(293, 249)	(157, 19)
entry	To with one address, use left arrow key to focus on it.	""			(460, 246)	(521, 25)
label	Subject	Subject			(224, 288)	(49, 17)
entry	Subject	New-month AWS Bill			(283, 280)	(703, 30)
combo-box	Choose a paragraph format	""			(139, 319)	(103, 24)
menu-item	Paragraph	""			(139, 165)	(93, 25)
combo-box	Choose a font	""			(246, 319)	(130, 24)
menu-item	Variable Width	""			(139, 5)	(199, 25)
push-button	Set font size	""			(415, 319)	(24, 24)
push-button	Smaller font size	""			(441, 319)	(24, 24)
push-button	Larger font size	""			(467, 319)	(24, 24)
toggle-button	Bold	""			(496, 319)	(24, 24)
toggle-button	Italic	""			(522, 319)	(24, 24)
toggle-button	Underline	""			(548, 319)	(24, 24)
push-button	Remove Text Styling	""			(577, 319)	(24, 24)
toggle-button	Apply or remove bulleted list	""			(606, 319)	(24, 24)
toggle-button	Apply or remove numbered list	""			(632, 319)	(24, 24)
push-button	Outdent text (move left)	""			(658, 319)	(24, 24)
push-button	Indent text (move right)	""			(684, 319)	(24, 24)
push-button	Choose text alignment	""			(713, 319)	(35, 24)
push-button	Insert a Link, Anchor, Image, Horizontal Line, or Table	""			(750, 319)	(35, 24)
push-button	Insert a smiley face	""			(787, 319)	(35, 24)
document-web	Message body	""			(134, 349)	(860, 563)
paragraph		
			(142, 357)	(844, 19)
push-button	Open	""			(1189, 27)	(78, 46)
label	Attach File(s)	Attach File(s)			(612, 41)	(119, 17)
push-button	Cancel	""			(76, 27)	(78, 46)
label	Recent	Recent			(108, 78)	(109, 36)
label	Home	Home			(108, 116)	(109, 36)
label	Desktop	Desktop			(108, 154)	(109, 36)
label	Documents	Documents			(108, 192)	(109, 36)
label	Downloads	Downloads			(108, 230)	(109, 36)
label	Music	Music			(108, 268)	(109, 36)
label	Pictures	Pictures			(108, 306)	(109, 36)
label	Videos	Videos			(108, 344)	(109, 36)
icon	Add	""			(84, 391)	(24, 36)
label	Other Locations	Other Locations			(108, 391)	(109, 36)
toggle-button	user	""			(264, 80)	(70, 34)
push-button	Up Path	""			(238, 80)	(26, 34)
table-cell	Desktop	Desktop			(262, 147)	(771, 21)
table-cell	7 Aug 2025	7 Aug 2025			(1182, 147)	(93, 21)
table-cell	Documents	Documents			(262, 170)	(771, 21)
table-cell	4 Apr 2024	4 Apr 2024			(1182, 170)	(93, 21)
table-cell	Downloads	Downloads			(262, 193)	(771, 21)
table-cell	11 Jul 2024	11 Jul 2024			(1182, 193)	(93, 21)
table-cell	Music	Music			(262, 216)	(771, 21)
table-cell	4 Apr 2024	4 Apr 2024			(1182, 216)	(93, 21)
table-cell	Pictures	Pictures			(262, 239)	(771, 21)
table-cell	4 Apr 2024	4 Apr 2024			(1182, 239)	(93, 21)
table-cell	Public	Public			(262, 262)	(771, 21)
table-cell	4 Apr 2024	4 Apr 2024			(1182, 262)	(93, 21)
table-cell	server	server			(262, 285)	(771, 21)
table-cell	5 Aug 2025	5 Aug 2025			(1182, 285)	(93, 21)
table-cell	snap	snap			(262, 308)	(771, 21)
table-cell	4 Apr 2024	4 Apr 2024			(1182, 308)	(93, 21)
table-cell	Templates	Templates			(262, 331)	(771, 21)
table-cell	4 Apr 2024	4 Apr 2024			(1182, 331)	(93, 21)
table-cell	Videos	Videos			(262, 354)	(771, 21)
table-cell	4 Apr 2024	4 Apr 2024			(1182, 354)	(93, 21)
table-cell	aws-bill.pdf	aws-bill.pdf			(262, 377)	(771, 22)
table-cell	23.4 kB	23.4 kB			(1033, 377)	(60, 22)
table-cell	Document	Document			(1097, 377)	(81, 22)
table-cell	17‎∶13	17‎∶13			(1182, 377)	(93, 22)
table-cell	thunderbird-profile.tar.xz	thunderbird-profile.tar.xz			(262, 401)	(771, 22)
table-cell	97.0 kB	97.0 kB			(1033, 401)	(60, 22)
table-cell	Archive	Archive			(1097, 401)	(81, 22)
table-cell	17‎∶13	17‎∶13			(1182, 401)	(93, 22)
combo-box	All Files	""			(1175, 1001)	(92, 34)
menu	Thunderbird Mail	""			(99, 0)	(173, 27)
menu	System	""			(1814, 0)	(106, 27)
push-button	Chromium Web Browser	""			(0, 33)	(70, 64)
push-button	Thunderbird Mail	""			(0, 101)	(70, 64)
push-button	Visual Studio Code	""			(0, 169)	(70, 64)
push-button	VLC media player	""			(0, 237)	(70, 64)
push-button	LibreOffice Writer	""			(0, 305)	(70, 64)
push-button	LibreOffice Calc	""			(0, 373)	(70, 64)
push-button	LibreOffice Impress	""			(0, 441)	(70, 64)
push-button	GNU Image Manipulation Program	""			(0, 509)	(70, 64)
push-button	Files	""			(0, 577)	(70, 64)
push-button	Ubuntu Software	""			(0, 645)	(70, 64)
push-button	Help	""			(0, 713)	(70, 64)
push-button	Trash	""			(0, 784)	(70, 64)
toggle-button	Show Applications	""			(0, 1010)	(70, 70)
Generating content with GPT model: o4-mini
RESPONSE: I see “aws-bill.pdf” in your Home folder listing. The next step is to click its row to select it:

```python
import pyautogui, time

# Click the "aws-bill.pdf" entry (center of its table-cell at ~262,377 size 771×22)
pyautogui.click(262 + 771/2, 377 + 22/2)
time.sleep(0.5)
```
LINEAR AT: tag	name	text	class	description	position (top-left x&y)	size (w&h)
label	Home	Home			(1833, 1037)	(40, 17)
menu	File	""			(134, 136)	(38, 25)
menu	Edit	""			(172, 136)	(40, 25)
menu	View	""			(212, 136)	(47, 25)
menu	Insert	""			(259, 136)	(53, 25)
menu	Format	""			(312, 136)	(62, 25)
menu	Options	""			(374, 136)	(67, 25)
menu	Tools	""			(441, 136)	(50, 25)
menu	Help	""			(491, 136)	(45, 25)
push-button	Send	""			(138, 168)	(65, 24)
push-button	Spelling	""			(294, 168)	(108, 24)
push-button	Save	""			(404, 168)	(85, 24)
toggle-button	Contacts	""			(491, 168)	(91, 24)
push-button	Attach	""			(891, 168)	(99, 24)
label	From	From			(239, 213)	(34, 17)
combo-box	From	""			(283, 207)	(552, 30)
menu-item	Mathias Gadenzi <mathias.gadenzi@gmail.com>	""			(139, 140)	(563, 28)
push-button	Cc	Cc			(859, 211)	(23, 21)
push-button	Bcc	Bcc			(894, 211)	(31, 21)
push-button	Other addressing fields to show	""			(937, 211)	(20, 20)
label	To	To			(257, 250)	(16, 17)
label	assistant@outlook.com	assistant@outlook.com			(293, 249)	(157, 19)
entry	To with one address, use left arrow key to focus on it.	""			(460, 246)	(521, 25)
label	Subject	Subject			(224, 288)	(49, 17)
entry	Subject	New-month AWS Bill			(283, 280)	(703, 30)
combo-box	Choose a paragraph format	""			(139, 319)	(103, 24)
menu-item	Paragraph	""			(139, 165)	(93, 25)
combo-box	Choose a font	""			(246, 319)	(130, 24)
menu-item	Variable Width	""			(139, 5)	(199, 25)
push-button	Set font size	""			(415, 319)	(24, 24)
push-button	Smaller font size	""			(441, 319)	(24, 24)
push-button	Larger font size	""			(467, 319)	(24, 24)
toggle-button	Bold	""			(496, 319)	(24, 24)
toggle-button	Italic	""			(522, 319)	(24, 24)
toggle-button	Underline	""			(548, 319)	(24, 24)
push-button	Remove Text Styling	""			(577, 319)	(24, 24)
toggle-button	Apply or remove bulleted list	""			(606, 319)	(24, 24)
toggle-button	Apply or remove numbered list	""			(632, 319)	(24, 24)
push-button	Outdent text (move left)	""			(658, 319)	(24, 24)
push-button	Indent text (move right)	""			(684, 319)	(24, 24)
push-button	Choose text alignment	""			(713, 319)	(35, 24)
push-button	Insert a Link, Anchor, Image, Horizontal Line, or Table	""			(750, 319)	(35, 24)
push-button	Insert a smiley face	""			(787, 319)	(35, 24)
document-web	Message body	""			(134, 349)	(860, 563)
paragraph		
			(142, 357)	(844, 19)
push-button	Open	""			(1189, 27)	(78, 46)
label	Attach File(s)	Attach File(s)			(612, 41)	(119, 17)
push-button	Cancel	""			(76, 27)	(78, 46)
label	Recent	Recent			(108, 78)	(109, 36)
label	Home	Home			(108, 116)	(109, 36)
label	Desktop	Desktop			(108, 154)	(109, 36)
label	Documents	Documents			(108, 192)	(109, 36)
label	Downloads	Downloads			(108, 230)	(109, 36)
label	Music	Music			(108, 268)	(109, 36)
label	Pictures	Pictures			(108, 306)	(109, 36)
label	Videos	Videos			(108, 344)	(109, 36)
icon	Add	""			(84, 391)	(24, 36)
label	Other Locations	Other Locations			(108, 391)	(109, 36)
toggle-button	user	""			(264, 80)	(70, 34)
push-button	Up Path	""			(238, 80)	(26, 34)
table-cell	Desktop	Desktop			(262, 147)	(771, 21)
table-cell	7 Aug 2025	7 Aug 2025			(1182, 147)	(93, 21)
table-cell	Documents	Documents			(262, 170)	(771, 21)
table-cell	4 Apr 2024	4 Apr 2024			(1182, 170)	(93, 21)
table-cell	Downloads	Downloads			(262, 193)	(771, 21)
table-cell	11 Jul 2024	11 Jul 2024			(1182, 193)	(93, 21)
table-cell	Music	Music			(262, 216)	(771, 21)
table-cell	4 Apr 2024	4 Apr 2024			(1182, 216)	(93, 21)
table-cell	Pictures	Pictures			(262, 239)	(771, 21)
table-cell	4 Apr 2024	4 Apr 2024			(1182, 239)	(93, 21)
table-cell	Public	Public			(262, 262)	(771, 21)
table-cell	4 Apr 2024	4 Apr 2024			(1182, 262)	(93, 21)
table-cell	server	server			(262, 285)	(771, 21)
table-cell	5 Aug 2025	5 Aug 2025			(1182, 285)	(93, 21)
table-cell	snap	snap			(262, 308)	(771, 21)
table-cell	4 Apr 2024	4 Apr 2024			(1182, 308)	(93, 21)
table-cell	Templates	Templates			(262, 331)	(771, 21)
table-cell	4 Apr 2024	4 Apr 2024			(1182, 331)	(93, 21)
table-cell	Videos	Videos			(262, 354)	(771, 21)
table-cell	4 Apr 2024	4 Apr 2024			(1182, 354)	(93, 21)
table-cell	aws-bill.pdf	aws-bill.pdf			(262, 377)	(771, 22)
table-cell	23.4 kB	23.4 kB			(1033, 377)	(60, 22)
table-cell	Document	Document			(1097, 377)	(81, 22)
table-cell	17‎∶13	17‎∶13			(1182, 377)	(93, 22)
table-cell	thunderbird-profile.tar.xz	thunderbird-profile.tar.xz			(262, 401)	(771, 22)
table-cell	97.0 kB	97.0 kB			(1033, 401)	(60, 22)
table-cell	Archive	Archive			(1097, 401)	(81, 22)
table-cell	17‎∶13	17‎∶13			(1182, 401)	(93, 22)
combo-box	All Files	""			(1175, 1001)	(92, 34)
menu	Thunderbird Mail	""			(99, 0)	(173, 27)
menu	System	""			(1814, 0)	(106, 27)
push-button	Chromium Web Browser	""			(0, 33)	(70, 64)
push-button	Thunderbird Mail	""			(0, 101)	(70, 64)
push-button	Visual Studio Code	""			(0, 169)	(70, 64)
push-button	VLC media player	""			(0, 237)	(70, 64)
push-button	LibreOffice Writer	""			(0, 305)	(70, 64)
push-button	LibreOffice Calc	""			(0, 373)	(70, 64)
push-button	LibreOffice Impress	""			(0, 441)	(70, 64)
push-button	GNU Image Manipulation Program	""			(0, 509)	(70, 64)
push-button	Files	""			(0, 577)	(70, 64)
push-button	Ubuntu Software	""			(0, 645)	(70, 64)
push-button	Help	""			(0, 713)	(70, 64)
push-button	Trash	""			(0, 784)	(70, 64)
toggle-button	Show Applications	""			(0, 1010)	(70, 70)
Generating content with GPT model: o4-mini
RESPONSE: I’ll click the “Open” button to attach the selected PDF:

```python
import pyautogui, time

# Click the "Open" button to attach aws-bill.pdf (center at ~1228,50)
pyautogui.click(1228, 50)
time.sleep(0.5)
```
LINEAR AT: tag	name	text	class	description	position (top-left x&y)	size (w&h)
label	Home	Home			(1833, 1037)	(40, 17)
menu	File	""			(134, 136)	(38, 25)
menu	Edit	""			(172, 136)	(40, 25)
menu	View	""			(212, 136)	(47, 25)
menu	Insert	""			(259, 136)	(53, 25)
menu	Format	""			(312, 136)	(62, 25)
menu	Options	""			(374, 136)	(67, 25)
menu	Tools	""			(441, 136)	(50, 25)
menu	Help	""			(491, 136)	(45, 25)
push-button	Send	""			(138, 168)	(65, 24)
push-button	Spelling	""			(294, 168)	(108, 24)
push-button	Save	""			(404, 168)	(85, 24)
toggle-button	Contacts	""			(491, 168)	(91, 24)
push-button	Attach	""			(891, 168)	(99, 24)
label	From	From			(239, 213)	(34, 17)
combo-box	From	""			(283, 207)	(552, 30)
menu-item	Mathias Gadenzi <mathias.gadenzi@gmail.com>	""			(139, 140)	(563, 28)
push-button	Cc	Cc			(859, 211)	(23, 21)
push-button	Bcc	Bcc			(894, 211)	(31, 21)
push-button	Other addressing fields to show	""			(937, 211)	(20, 20)
label	To	To			(257, 250)	(16, 17)
label	assistant@outlook.com	assistant@outlook.com			(293, 249)	(157, 19)
entry	To with one address, use left arrow key to focus on it.	""			(460, 246)	(521, 25)
label	Subject	Subject			(224, 288)	(49, 17)
entry	Subject	New-month AWS Bill			(283, 280)	(703, 30)
combo-box	Choose a paragraph format	""			(139, 319)	(103, 24)
menu-item	Paragraph	""			(139, 165)	(93, 25)
combo-box	Choose a font	""			(246, 319)	(130, 24)
menu-item	Variable Width	""			(139, 5)	(199, 25)
document-web	Message body	""			(134, 349)	(860, 503)
paragraph		
			(142, 357)	(844, 19)
push-button	1 Attachment 22.8 KB	""			(134, 852)	(860, 31)
section		1 Attachment			(158, 858)	(91, 17)
list-item	aws-bill .pdf 22.8 KB	""			(135, 885)	(175, 25)
section		aws-bill			(163, 889)	(50, 17)
section		.pdf			(213, 889)	(27, 17)
menu	Thunderbird Mail	""			(99, 0)	(173, 27)
menu	System	""			(1814, 0)	(106, 27)
push-button	Chromium Web Browser	""			(0, 33)	(70, 64)
push-button	Thunderbird Mail	""			(0, 101)	(70, 64)
push-button	Visual Studio Code	""			(0, 169)	(70, 64)
push-button	VLC media player	""			(0, 237)	(70, 64)
push-button	LibreOffice Writer	""			(0, 305)	(70, 64)
push-button	LibreOffice Calc	""			(0, 373)	(70, 64)
push-button	LibreOffice Impress	""			(0, 441)	(70, 64)
push-button	GNU Image Manipulation Program	""			(0, 509)	(70, 64)
push-button	Files	""			(0, 577)	(70, 64)
push-button	Ubuntu Software	""			(0, 645)	(70, 64)
push-button	Help	""			(0, 713)	(70, 64)
push-button	Trash	""			(0, 784)	(70, 64)
toggle-button	Show Applications	""			(0, 1010)	(70, 70)
Generating content with GPT model: o4-mini
RESPONSE: I’ll put the caret back into the message body so you can continue composing:

```python
import pyautogui, time

# Click into the message body (approx center of the document-web area at ~564,600)
pyautogui.click(564, 600)
time.sleep(0.5)
```
LINEAR AT: tag	name	text	class	description	position (top-left x&y)	size (w&h)
label	Home	Home			(1833, 1037)	(40, 17)
menu	File	""			(134, 136)	(38, 25)
menu	Edit	""			(172, 136)	(40, 25)
menu	View	""			(212, 136)	(47, 25)
menu	Insert	""			(259, 136)	(53, 25)
menu	Format	""			(312, 136)	(62, 25)
menu	Options	""			(374, 136)	(67, 25)
menu	Tools	""			(441, 136)	(50, 25)
menu	Help	""			(491, 136)	(45, 25)
push-button	Send	""			(138, 168)	(65, 24)
push-button	Spelling	""			(294, 168)	(108, 24)
push-button	Save	""			(404, 168)	(85, 24)
toggle-button	Contacts	""			(491, 168)	(91, 24)
push-button	Attach	""			(891, 168)	(99, 24)
label	From	From			(239, 213)	(34, 17)
combo-box	From	""			(283, 207)	(552, 30)
menu-item	Mathias Gadenzi <mathias.gadenzi@gmail.com>	""			(139, 140)	(563, 28)
push-button	Cc	Cc			(859, 211)	(23, 21)
push-button	Bcc	Bcc			(894, 211)	(31, 21)
push-button	Other addressing fields to show	""			(937, 211)	(20, 20)
label	To	To			(257, 250)	(16, 17)
label	assistant@outlook.com	assistant@outlook.com			(293, 249)	(157, 19)
entry	To with one address, use left arrow key to focus on it.	""			(460, 246)	(521, 25)
label	Subject	Subject			(224, 288)	(49, 17)
entry	Subject	New-month AWS Bill			(283, 280)	(703, 30)
combo-box	Choose a paragraph format	""			(139, 319)	(103, 24)
menu-item	Paragraph	""			(139, 165)	(93, 25)
combo-box	Choose a font	""			(246, 319)	(130, 24)
menu-item	Variable Width	""			(139, 5)	(199, 25)
push-button	Set font size	""			(415, 319)	(24, 24)
push-button	Smaller font size	""			(441, 319)	(24, 24)
push-button	Larger font size	""			(467, 319)	(24, 24)
toggle-button	Bold	""			(496, 319)	(24, 24)
toggle-button	Italic	""			(522, 319)	(24, 24)
toggle-button	Underline	""			(548, 319)	(24, 24)
push-button	Remove Text Styling	""			(577, 319)	(24, 24)
toggle-button	Apply or remove bulleted list	""			(606, 319)	(24, 24)
toggle-button	Apply or remove numbered list	""			(632, 319)	(24, 24)
push-button	Outdent text (move left)	""			(658, 319)	(24, 24)
push-button	Indent text (move right)	""			(684, 319)	(24, 24)
push-button	Choose text alignment	""			(713, 319)	(35, 24)
push-button	Insert a Link, Anchor, Image, Horizontal Line, or Table	""			(750, 319)	(35, 24)
push-button	Insert a smiley face	""			(787, 319)	(35, 24)
document-web	Message body	""			(134, 349)	(860, 503)
paragraph		
			(142, 357)	(844, 19)
push-button	1 Attachment 22.8 KB	""			(134, 852)	(860, 31)
section		1 Attachment			(158, 858)	(91, 17)
list-item	aws-bill .pdf 22.8 KB	""			(135, 885)	(175, 25)
section		aws-bill			(163, 889)	(50, 17)
section		.pdf			(213, 889)	(27, 17)
menu	Thunderbird Mail	""			(99, 0)	(173, 27)
menu	System	""			(1814, 0)	(106, 27)
push-button	Chromium Web Browser	""			(0, 33)	(70, 64)
push-button	Thunderbird Mail	""			(0, 101)	(70, 64)
push-button	Visual Studio Code	""			(0, 169)	(70, 64)
push-button	VLC media player	""			(0, 237)	(70, 64)
push-button	LibreOffice Writer	""			(0, 305)	(70, 64)
push-button	LibreOffice Calc	""			(0, 373)	(70, 64)
push-button	LibreOffice Impress	""			(0, 441)	(70, 64)
push-button	GNU Image Manipulation Program	""			(0, 509)	(70, 64)
push-button	Files	""			(0, 577)	(70, 64)
push-button	Ubuntu Software	""			(0, 645)	(70, 64)
push-button	Help	""			(0, 713)	(70, 64)
push-button	Trash	""			(0, 784)	(70, 64)
toggle-button	Show Applications	""			(0, 1010)	(70, 70)
Generating content with GPT model: o4-mini
RESPONSE: We’ve clicked into the message body. Next, I’ll type a brief note to accompany the attached bill:

```python
import pyautogui, time

# Type the email body text
pyautogui.write(
    "Hi,\n\nPlease find attached the AWS bill for this month.\n\nBest regards,\nMathias",
    interval=0.05
)
time.sleep(0.5)
```
LINEAR AT: tag	name	text	class	description	position (top-left x&y)	size (w&h)
label	Home	Home			(1833, 1037)	(40, 17)
menu	File	""			(134, 136)	(38, 25)
menu	Edit	""			(172, 136)	(40, 25)
menu	View	""			(212, 136)	(47, 25)
menu	Insert	""			(259, 136)	(53, 25)
menu	Format	""			(312, 136)	(62, 25)
menu	Options	""			(374, 136)	(67, 25)
menu	Tools	""			(441, 136)	(50, 25)
menu	Help	""			(491, 136)	(45, 25)
push-button	Send	""			(138, 168)	(65, 24)
push-button	Spelling	""			(294, 168)	(108, 24)
push-button	Save	""			(404, 168)	(85, 24)
toggle-button	Contacts	""			(491, 168)	(91, 24)
push-button	Attach	""			(891, 168)	(99, 24)
label	From	From			(239, 213)	(34, 17)
combo-box	From	""			(283, 207)	(552, 30)
menu-item	Mathias Gadenzi <mathias.gadenzi@gmail.com>	""			(139, 140)	(563, 28)
push-button	Cc	Cc			(859, 211)	(23, 21)
push-button	Bcc	Bcc			(894, 211)	(31, 21)
push-button	Other addressing fields to show	""			(937, 211)	(20, 20)
label	To	To			(257, 250)	(16, 17)
label	assistant@outlook.com	assistant@outlook.com			(293, 249)	(157, 19)
entry	To with one address, use left arrow key to focus on it.	""			(460, 246)	(521, 25)
label	Subject	Subject			(224, 288)	(49, 17)
entry	Subject	New-month AWS Bill			(283, 280)	(703, 30)
combo-box	Choose a paragraph format	""			(139, 319)	(103, 24)
menu-item	Paragraph	""			(139, 165)	(93, 25)
combo-box	Choose a font	""			(246, 319)	(130, 24)
menu-item	Variable Width	""			(139, 5)	(199, 25)
push-button	Set font size	""			(415, 319)	(24, 24)
push-button	Smaller font size	""			(441, 319)	(24, 24)
push-button	Larger font size	""			(467, 319)	(24, 24)
toggle-button	Bold	""			(496, 319)	(24, 24)
toggle-button	Italic	""			(522, 319)	(24, 24)
toggle-button	Underline	""			(548, 319)	(24, 24)
push-button	Remove Text Styling	""			(577, 319)	(24, 24)
toggle-button	Apply or remove bulleted list	""			(606, 319)	(24, 24)
toggle-button	Apply or remove numbered list	""			(632, 319)	(24, 24)
push-button	Outdent text (move left)	""			(658, 319)	(24, 24)
push-button	Indent text (move right)	""			(684, 319)	(24, 24)
push-button	Choose text alignment	""			(713, 319)	(35, 24)
push-button	Insert a Link, Anchor, Image, Horizontal Line, or Table	""			(750, 319)	(35, 24)
push-button	Insert a smiley face	""			(787, 319)	(35, 24)
document-web	Message body	""			(134, 349)	(860, 503)
paragraph		Hi,			(142, 357)	(844, 19)
paragraph		
			(142, 392)	(844, 19)
paragraph		Please find attached the AWS bill for this month.			(142, 427)	(844, 19)
paragraph		
			(142, 462)	(844, 19)
paragraph		Best regards,			(142, 497)	(844, 19)
paragraph		Mathias
			(142, 532)	(844, 19)
push-button	1 Attachment 22.8 KB	""			(134, 852)	(860, 31)
section		1 Attachment			(158, 858)	(91, 17)
list-item	aws-bill .pdf 22.8 KB	""			(135, 885)	(175, 25)
section		aws-bill			(163, 889)	(50, 17)
section		.pdf			(213, 889)	(27, 17)
menu	Thunderbird Mail	""			(99, 0)	(173, 27)
menu	System	""			(1814, 0)	(106, 27)
push-button	Chromium Web Browser	""			(0, 33)	(70, 64)
push-button	Thunderbird Mail	""			(0, 101)	(70, 64)
push-button	Visual Studio Code	""			(0, 169)	(70, 64)
push-button	VLC media player	""			(0, 237)	(70, 64)
push-button	LibreOffice Writer	""			(0, 305)	(70, 64)
push-button	LibreOffice Calc	""			(0, 373)	(70, 64)
push-button	LibreOffice Impress	""			(0, 441)	(70, 64)
push-button	GNU Image Manipulation Program	""			(0, 509)	(70, 64)
push-button	Files	""			(0, 577)	(70, 64)
push-button	Ubuntu Software	""			(0, 645)	(70, 64)
push-button	Help	""			(0, 713)	(70, 64)
push-button	Trash	""			(0, 784)	(70, 64)
toggle-button	Show Applications	""			(0, 1010)	(70, 70)
Generating content with GPT model: o4-mini
RESPONSE: I’ll save the draft so you can continue editing later:

```python
import pyautogui, time

# Click the "Save" button in the toolbar (center at ~446,180)
pyautogui.click(446, 180)
time.sleep(0.5)
```
LINEAR AT: tag	name	text	class	description	position (top-left x&y)	size (w&h)
label	Home	Home			(1833, 1037)	(40, 17)
menu	File	""			(134, 136)	(38, 25)
menu	Edit	""			(172, 136)	(40, 25)
menu	View	""			(212, 136)	(47, 25)
menu	Insert	""			(259, 136)	(53, 25)
menu	Format	""			(312, 136)	(62, 25)
menu	Options	""			(374, 136)	(67, 25)
menu	Tools	""			(441, 136)	(50, 25)
menu	Help	""			(491, 136)	(45, 25)
push-button	Send	""			(138, 168)	(65, 24)
push-button	Spelling	""			(294, 168)	(108, 24)
push-button	Save	""			(404, 168)	(85, 24)
toggle-button	Contacts	""			(491, 168)	(91, 24)
push-button	Attach	""			(891, 168)	(99, 24)
label	From	From			(239, 213)	(34, 17)
combo-box	From	""			(283, 207)	(552, 30)
menu-item	Mathias Gadenzi <mathias.gadenzi@gmail.com>	""			(139, 140)	(563, 28)
push-button	Cc	Cc			(859, 211)	(23, 21)
push-button	Bcc	Bcc			(894, 211)	(31, 21)
push-button	Other addressing fields to show	""			(937, 211)	(20, 20)
label	To	To			(257, 250)	(16, 17)
label	assistant@outlook.com	assistant@outlook.com			(293, 249)	(157, 19)
entry	To with one address, use left arrow key to focus on it.	""			(460, 246)	(521, 25)
label	Subject	Subject			(224, 288)	(49, 17)
entry	Subject	New-month AWS Bill			(283, 280)	(703, 30)
combo-box	Choose a paragraph format	""			(139, 319)	(103, 24)
menu-item	Paragraph	""			(139, 165)	(93, 25)
combo-box	Choose a font	""			(246, 319)	(130, 24)
menu-item	Variable Width	""			(139, 5)	(199, 25)
push-button	Set font size	""			(415, 319)	(24, 24)
push-button	Smaller font size	""			(441, 319)	(24, 24)
push-button	Larger font size	""			(467, 319)	(24, 24)
toggle-button	Bold	""			(496, 319)	(24, 24)
toggle-button	Italic	""			(522, 319)	(24, 24)
toggle-button	Underline	""			(548, 319)	(24, 24)
push-button	Remove Text Styling	""			(577, 319)	(24, 24)
toggle-button	Apply or remove bulleted list	""			(606, 319)	(24, 24)
toggle-button	Apply or remove numbered list	""			(632, 319)	(24, 24)
push-button	Outdent text (move left)	""			(658, 319)	(24, 24)
push-button	Indent text (move right)	""			(684, 319)	(24, 24)
push-button	Choose text alignment	""			(713, 319)	(35, 24)
push-button	Insert a Link, Anchor, Image, Horizontal Line, or Table	""			(750, 319)	(35, 24)
push-button	Insert a smiley face	""			(787, 319)	(35, 24)
document-web	Message body	""			(134, 349)	(860, 503)
paragraph		Hi,			(142, 357)	(844, 19)
paragraph		
			(142, 392)	(844, 19)
paragraph		Please find attached the AWS bill for this month.			(142, 427)	(844, 19)
paragraph		
			(142, 462)	(844, 19)
paragraph		Best regards,			(142, 497)	(844, 19)
paragraph		Mathias
			(142, 532)	(844, 19)
push-button	1 Attachment 22.8 KB	""			(134, 852)	(860, 31)
section		1 Attachment			(158, 858)	(91, 17)
list-item	aws-bill .pdf 22.8 KB	""			(135, 885)	(175, 25)
section		aws-bill			(163, 889)	(50, 17)
section		.pdf			(213, 889)	(27, 17)
menu	Thunderbird Mail	""			(99, 0)	(173, 27)
menu	System	""			(1814, 0)	(106, 27)
push-button	Chromium Web Browser	""			(0, 33)	(70, 64)
push-button	Thunderbird Mail	""			(0, 101)	(70, 64)
push-button	Visual Studio Code	""			(0, 169)	(70, 64)
push-button	VLC media player	""			(0, 237)	(70, 64)
push-button	LibreOffice Writer	""			(0, 305)	(70, 64)
push-button	LibreOffice Calc	""			(0, 373)	(70, 64)
push-button	LibreOffice Impress	""			(0, 441)	(70, 64)
push-button	GNU Image Manipulation Program	""			(0, 509)	(70, 64)
push-button	Files	""			(0, 577)	(70, 64)
push-button	Ubuntu Software	""			(0, 645)	(70, 64)
push-button	Help	""			(0, 713)	(70, 64)
push-button	Trash	""			(0, 784)	(70, 64)
toggle-button	Show Applications	""			(0, 1010)	(70, 70)
Generating content with GPT model: o4-mini
RESPONSE: We’ve composed the body, confirmed the attachment is present, and now we’ll save the draft so you can continue later:

```python
import pyautogui, time

# Click the "Save" button in Thunderbird’s toolbar (center at ~446,180)
pyautogui.click(446, 180)
time.sleep(0.5)
```
LINEAR AT: tag	name	text	class	description	position (top-left x&y)	size (w&h)
label	Home	Home			(1833, 1037)	(40, 17)
menu	File	""			(134, 136)	(38, 25)
menu	Edit	""			(172, 136)	(40, 25)
menu	View	""			(212, 136)	(47, 25)
menu	Insert	""			(259, 136)	(53, 25)
menu	Format	""			(312, 136)	(62, 25)
menu	Options	""			(374, 136)	(67, 25)
menu	Tools	""			(441, 136)	(50, 25)
menu	Help	""			(491, 136)	(45, 25)
push-button	Send	""			(138, 168)	(65, 24)
push-button	Spelling	""			(294, 168)	(108, 24)
push-button	Save	""			(404, 168)	(85, 24)
toggle-button	Contacts	""			(491, 168)	(91, 24)
push-button	Attach	""			(891, 168)	(99, 24)
label	From	From			(239, 213)	(34, 17)
combo-box	From	""			(283, 207)	(552, 30)
menu-item	Mathias Gadenzi <mathias.gadenzi@gmail.com>	""			(139, 140)	(563, 28)
push-button	Cc	Cc			(859, 211)	(23, 21)
push-button	Bcc	Bcc			(894, 211)	(31, 21)
push-button	Other addressing fields to show	""			(937, 211)	(20, 20)
label	To	To			(257, 250)	(16, 17)
label	assistant@outlook.com	assistant@outlook.com			(293, 249)	(157, 19)
entry	To with one address, use left arrow key to focus on it.	""			(460, 246)	(521, 25)
label	Subject	Subject			(224, 288)	(49, 17)
entry	Subject	New-month AWS Bill			(283, 280)	(703, 30)
combo-box	Choose a paragraph format	""			(139, 319)	(103, 24)
menu-item	Paragraph	""			(139, 165)	(93, 25)
combo-box	Choose a font	""			(246, 319)	(130, 24)
menu-item	Variable Width	""			(139, 5)	(199, 25)
push-button	Set font size	""			(415, 319)	(24, 24)
push-button	Smaller font size	""			(441, 319)	(24, 24)
push-button	Larger font size	""			(467, 319)	(24, 24)
toggle-button	Bold	""			(496, 319)	(24, 24)
toggle-button	Italic	""			(522, 319)	(24, 24)
toggle-button	Underline	""			(548, 319)	(24, 24)
push-button	Remove Text Styling	""			(577, 319)	(24, 24)
toggle-button	Apply or remove bulleted list	""			(606, 319)	(24, 24)
toggle-button	Apply or remove numbered list	""			(632, 319)	(24, 24)
push-button	Outdent text (move left)	""			(658, 319)	(24, 24)
push-button	Indent text (move right)	""			(684, 319)	(24, 24)
push-button	Choose text alignment	""			(713, 319)	(35, 24)
push-button	Insert a Link, Anchor, Image, Horizontal Line, or Table	""			(750, 319)	(35, 24)
push-button	Insert a smiley face	""			(787, 319)	(35, 24)
document-web	Message body	""			(134, 349)	(860, 503)
paragraph		Hi,			(142, 357)	(844, 19)
paragraph		
			(142, 392)	(844, 19)
paragraph		Please find attached the AWS bill for this month.			(142, 427)	(844, 19)
paragraph		
			(142, 462)	(844, 19)
paragraph		Best regards,			(142, 497)	(844, 19)
paragraph		Mathias
			(142, 532)	(844, 19)
push-button	1 Attachment 22.8 KB	""			(134, 852)	(860, 31)
section		1 Attachment			(158, 858)	(91, 17)
list-item	aws-bill .pdf 22.8 KB	""			(135, 885)	(175, 25)
section		aws-bill			(163, 889)	(50, 17)
section		.pdf			(213, 889)	(27, 17)
menu	Thunderbird Mail	""			(99, 0)	(173, 27)
menu	System	""			(1814, 0)	(106, 27)
push-button	Chromium Web Browser	""			(0, 33)	(70, 64)
push-button	Thunderbird Mail	""			(0, 101)	(70, 64)
push-button	Visual Studio Code	""			(0, 169)	(70, 64)
push-button	VLC media player	""			(0, 237)	(70, 64)
push-button	LibreOffice Writer	""			(0, 305)	(70, 64)
push-button	LibreOffice Calc	""			(0, 373)	(70, 64)
push-button	LibreOffice Impress	""			(0, 441)	(70, 64)
push-button	GNU Image Manipulation Program	""			(0, 509)	(70, 64)
push-button	Files	""			(0, 577)	(70, 64)
push-button	Ubuntu Software	""			(0, 645)	(70, 64)
push-button	Help	""			(0, 713)	(70, 64)
push-button	Trash	""			(0, 784)	(70, 64)
toggle-button	Show Applications	""			(0, 1010)	(70, 70)
Generating content with GPT model: o4-mini
RESPONSE: Next, I’ll save your progress so the draft (with attachment and body) isn’t lost—click the “Save” button in Thunderbird’s toolbar.
LINEAR AT: tag	name	text	class	description	position (top-left x&y)	size (w&h)
label	Home	Home			(1833, 1037)	(40, 17)
menu	File	""			(134, 136)	(38, 25)
menu	Edit	""			(172, 136)	(40, 25)
menu	View	""			(212, 136)	(47, 25)
menu	Insert	""			(259, 136)	(53, 25)
menu	Format	""			(312, 136)	(62, 25)
menu	Options	""			(374, 136)	(67, 25)
menu	Tools	""			(441, 136)	(50, 25)
menu	Help	""			(491, 136)	(45, 25)
push-button	Send	""			(138, 168)	(65, 24)
push-button	Spelling	""			(294, 168)	(108, 24)
push-button	Save	""			(404, 168)	(85, 24)
toggle-button	Contacts	""			(491, 168)	(91, 24)
push-button	Attach	""			(891, 168)	(99, 24)
label	From	From			(239, 213)	(34, 17)
combo-box	From	""			(283, 207)	(552, 30)
menu-item	Mathias Gadenzi <mathias.gadenzi@gmail.com>	""			(139, 140)	(563, 28)
push-button	Cc	Cc			(859, 211)	(23, 21)
push-button	Bcc	Bcc			(894, 211)	(31, 21)
push-button	Other addressing fields to show	""			(937, 211)	(20, 20)
label	To	To			(257, 250)	(16, 17)
label	assistant@outlook.com	assistant@outlook.com			(293, 249)	(157, 19)
entry	To with one address, use left arrow key to focus on it.	""			(460, 246)	(521, 25)
label	Subject	Subject			(224, 288)	(49, 17)
entry	Subject	New-month AWS Bill			(283, 280)	(703, 30)
combo-box	Choose a paragraph format	""			(139, 319)	(103, 24)
menu-item	Paragraph	""			(139, 165)	(93, 25)
combo-box	Choose a font	""			(246, 319)	(130, 24)
menu-item	Variable Width	""			(139, 5)	(199, 25)
push-button	Set font size	""			(415, 319)	(24, 24)
push-button	Smaller font size	""			(441, 319)	(24, 24)
push-button	Larger font size	""			(467, 319)	(24, 24)
toggle-button	Bold	""			(496, 319)	(24, 24)
toggle-button	Italic	""			(522, 319)	(24, 24)
toggle-button	Underline	""			(548, 319)	(24, 24)
push-button	Remove Text Styling	""			(577, 319)	(24, 24)
toggle-button	Apply or remove bulleted list	""			(606, 319)	(24, 24)
toggle-button	Apply or remove numbered list	""			(632, 319)	(24, 24)
push-button	Outdent text (move left)	""			(658, 319)	(24, 24)
push-button	Indent text (move right)	""			(684, 319)	(24, 24)
push-button	Choose text alignment	""			(713, 319)	(35, 24)
push-button	Insert a Link, Anchor, Image, Horizontal Line, or Table	""			(750, 319)	(35, 24)
push-button	Insert a smiley face	""			(787, 319)	(35, 24)
document-web	Message body	""			(134, 349)	(860, 503)
paragraph		Hi,			(142, 357)	(844, 19)
paragraph		
			(142, 392)	(844, 19)
paragraph		Please find attached the AWS bill for this month.			(142, 427)	(844, 19)
paragraph		
			(142, 462)	(844, 19)
paragraph		Best regards,			(142, 497)	(844, 19)
paragraph		Mathias
			(142, 532)	(844, 19)
push-button	1 Attachment 22.8 KB	""			(134, 852)	(860, 31)
section		1 Attachment			(158, 858)	(91, 17)
list-item	aws-bill .pdf 22.8 KB	""			(135, 885)	(175, 25)
section		aws-bill			(163, 889)	(50, 17)
section		.pdf			(213, 889)	(27, 17)
menu	Thunderbird Mail	""			(99, 0)	(173, 27)
menu	System	""			(1814, 0)	(106, 27)
push-button	Chromium Web Browser	""			(0, 33)	(70, 64)
push-button	Thunderbird Mail	""			(0, 101)	(70, 64)
push-button	Visual Studio Code	""			(0, 169)	(70, 64)
push-button	VLC media player	""			(0, 237)	(70, 64)
push-button	LibreOffice Writer	""			(0, 305)	(70, 64)
push-button	LibreOffice Calc	""			(0, 373)	(70, 64)
push-button	LibreOffice Impress	""			(0, 441)	(70, 64)
push-button	GNU Image Manipulation Program	""			(0, 509)	(70, 64)
push-button	Files	""			(0, 577)	(70, 64)
push-button	Ubuntu Software	""			(0, 645)	(70, 64)
push-button	Help	""			(0, 713)	(70, 64)
push-button	Trash	""			(0, 784)	(70, 64)
toggle-button	Show Applications	""			(0, 1010)	(70, 70)
Generating content with GPT model: o4-mini
RESPONSE: We’ve composed the body, attached the PDF and saved the draft. Next, let’s preview the attached AWS bill to verify it’s the right file:

```python
import pyautogui, time

# Click on the attached "aws-bill.pdf" in the draft (center at ~223, 898)
pyautogui.click(223, 898)
time.sleep(1)
```
LINEAR AT: tag	name	text	class	description	position (top-left x&y)	size (w&h)
label	Home	Home			(1833, 1037)	(40, 17)
menu	File	""			(134, 136)	(38, 25)
menu	Edit	""			(172, 136)	(40, 25)
menu	View	""			(212, 136)	(47, 25)
menu	Insert	""			(259, 136)	(53, 25)
menu	Format	""			(312, 136)	(62, 25)
menu	Options	""			(374, 136)	(67, 25)
menu	Tools	""			(441, 136)	(50, 25)
menu	Help	""			(491, 136)	(45, 25)
push-button	Send	""			(138, 168)	(65, 24)
push-button	Spelling	""			(294, 168)	(108, 24)
push-button	Save	""			(404, 168)	(85, 24)
toggle-button	Contacts	""			(491, 168)	(91, 24)
push-button	Attach	""			(891, 168)	(99, 24)
label	From	From			(239, 213)	(34, 17)
combo-box	From	""			(283, 207)	(552, 30)
menu-item	Mathias Gadenzi <mathias.gadenzi@gmail.com>	""			(139, 140)	(563, 28)
push-button	Cc	Cc			(859, 211)	(23, 21)
push-button	Bcc	Bcc			(894, 211)	(31, 21)
push-button	Other addressing fields to show	""			(937, 211)	(20, 20)
label	To	To			(257, 250)	(16, 17)
label	assistant@outlook.com	assistant@outlook.com			(293, 249)	(157, 19)
entry	To with one address, use left arrow key to focus on it.	""			(460, 246)	(521, 25)
label	Subject	Subject			(224, 288)	(49, 17)
entry	Subject	New-month AWS Bill			(283, 280)	(703, 30)
combo-box	Choose a paragraph format	""			(139, 319)	(103, 24)
menu-item	Paragraph	""			(139, 165)	(93, 25)
combo-box	Choose a font	""			(246, 319)	(130, 24)
menu-item	Variable Width	""			(139, 5)	(199, 25)
document-web	Message body	""			(134, 349)	(860, 503)
paragraph		Hi,			(142, 357)	(844, 19)
paragraph		
			(142, 392)	(844, 19)
paragraph		Please find attached the AWS bill for this month.			(142, 427)	(844, 19)
paragraph		
			(142, 462)	(844, 19)
paragraph		Best regards,			(142, 497)	(844, 19)
paragraph		Mathias
			(142, 532)	(844, 19)
push-button	1 Attachment 22.8 KB	""			(134, 852)	(860, 31)
section		1 Attachment			(158, 858)	(91, 17)
list-item	aws-bill .pdf 22.8 KB	""			(135, 885)	(175, 25)
section		aws-bill			(163, 889)	(50, 17)
section		.pdf			(213, 889)	(27, 17)
menu	Thunderbird Mail	""			(99, 0)	(173, 27)
menu	System	""			(1814, 0)	(106, 27)
push-button	Chromium Web Browser	""			(0, 33)	(70, 64)
push-button	Thunderbird Mail	""			(0, 101)	(70, 64)
push-button	Visual Studio Code	""			(0, 169)	(70, 64)
push-button	VLC media player	""			(0, 237)	(70, 64)
push-button	LibreOffice Writer	""			(0, 305)	(70, 64)
push-button	LibreOffice Calc	""			(0, 373)	(70, 64)
push-button	LibreOffice Impress	""			(0, 441)	(70, 64)
push-button	GNU Image Manipulation Program	""			(0, 509)	(70, 64)
push-button	Files	""			(0, 577)	(70, 64)
push-button	Ubuntu Software	""			(0, 645)	(70, 64)
push-button	Help	""			(0, 713)	(70, 64)
push-button	Trash	""			(0, 784)	(70, 64)
toggle-button	Show Applications	""			(0, 1010)	(70, 70)
Generating content with GPT model: o4-mini
RESPONSE: We’ve attached and selected the file—next let’s open it to verify the correct bill is attached:

```python
import pyautogui, time

# Double-click the aws-bill.pdf attachment to open it (center at ~223,898)
pyautogui.doubleClick(223, 898)
time.sleep(1)
```
LINEAR AT: tag	name	text	class	description	position (top-left x&y)	size (w&h)
label	Home	Home			(1833, 1037)	(40, 17)
label	QgV7ZBlH.​html.​part	QgV7ZBlH.​html.​part			(1793, 920)	(120, 34)
menu	File	""			(134, 136)	(38, 25)
menu	Edit	""			(172, 136)	(40, 25)
menu	View	""			(212, 136)	(47, 25)
menu	Insert	""			(259, 136)	(53, 25)
menu	Format	""			(312, 136)	(62, 25)
menu	Options	""			(374, 136)	(67, 25)
menu	Tools	""			(441, 136)	(50, 25)
menu	Help	""			(491, 136)	(45, 25)
push-button	Send	""			(138, 168)	(65, 24)
push-button	Spelling	""			(294, 168)	(108, 24)
push-button	Save	""			(404, 168)	(85, 24)
toggle-button	Contacts	""			(491, 168)	(91, 24)
push-button	Attach	""			(891, 168)	(99, 24)
label	From	From			(239, 213)	(34, 17)
combo-box	From	""			(283, 207)	(552, 30)
menu-item	Mathias Gadenzi <mathias.gadenzi@gmail.com>	""			(139, 140)	(563, 28)
push-button	Cc	Cc			(859, 211)	(23, 21)
push-button	Bcc	Bcc			(894, 211)	(31, 21)
push-button	Other addressing fields to show	""			(937, 211)	(20, 20)
label	To	To			(257, 250)	(16, 17)
label	assistant@outlook.com	assistant@outlook.com			(293, 249)	(157, 19)
entry	To with one address, use left arrow key to focus on it.	""			(460, 246)	(521, 25)
label	Subject	Subject			(224, 288)	(49, 17)
entry	Subject	New-month AWS Bill			(283, 280)	(703, 30)
combo-box	Choose a paragraph format	""			(139, 319)	(103, 24)
menu-item	Paragraph	""			(139, 165)	(93, 25)
combo-box	Choose a font	""			(246, 319)	(130, 24)
menu-item	Variable Width	""			(139, 5)	(199, 25)
document-web	Message body	""			(134, 349)	(860, 503)
paragraph		Hi,			(142, 357)	(844, 19)
paragraph		
			(142, 392)	(844, 19)
paragraph		Please find attached the AWS bill for this month.			(142, 427)	(844, 19)
paragraph		
			(142, 462)	(844, 19)
paragraph		Best regards,			(142, 497)	(844, 19)
paragraph		Mathias
			(142, 532)	(844, 19)
push-button	1 Attachment 22.8 KB	""			(134, 852)	(860, 31)
section		1 Attachment			(158, 858)	(91, 17)
list-item	aws-bill .pdf 22.8 KB	""			(135, 885)	(175, 25)
section		aws-bill			(163, 889)	(50, 17)
section		.pdf			(213, 889)	(27, 17)
label	You have chosen to open:	You have chosen to open:			(328, 373)	(470, 17)
label	aws-bill.pdf	aws-bill.pdf			(358, 401)	(430, 17)
label	which is:	which is:			(358, 427)	(56, 17)
entry		HTML document (22.8 KB)			(419, 427)	(369, 17)
label	from:	from:			(358, 447)	(36, 17)
label	/home/user	/home/user			(399, 447)	(389, 17)
label	What should Thunderbird do with this file?	What should Thunderbird do with this file?			(328, 496)	(470, 17)
radio-button	Open with	""			(341, 517)	(89, 29)
menu-item	Firefox Web Browser (default)	""			(318, 368)	(337, 25)
radio-button	Save File	""			(341, 550)	(443, 24)
check-box	Do this automatically for files like this from now on.	""			(341, 585)	(364, 24)
label	Settings can be changed in Thunderbird’s Preferences.	Settings can be changed in Thunderbird’s Preferences.			(328, 634)	(470, 17)
push-button	Cancel	""			(603, 669)	(93, 27)
push-button	OK	""			(706, 669)	(92, 27)
menu	Thunderbird Mail	""			(99, 0)	(173, 27)
menu	System	""			(1814, 0)	(106, 27)
push-button	Chromium Web Browser	""			(0, 33)	(70, 64)
push-button	Thunderbird Mail	""			(0, 101)	(70, 64)
push-button	Visual Studio Code	""			(0, 169)	(70, 64)
push-button	VLC media player	""			(0, 237)	(70, 64)
push-button	LibreOffice Writer	""			(0, 305)	(70, 64)
push-button	LibreOffice Calc	""			(0, 373)	(70, 64)
push-button	LibreOffice Impress	""			(0, 441)	(70, 64)
push-button	GNU Image Manipulation Program	""			(0, 509)	(70, 64)
push-button	Files	""			(0, 577)	(70, 64)
push-button	Ubuntu Software	""			(0, 645)	(70, 64)
push-button	Help	""			(0, 713)	(70, 64)
push-button	Trash	""			(0, 784)	(70, 64)
toggle-button	Show Applications	""			(0, 1010)	(70, 70)
Generating content with GPT model: o4-mini
RESPONSE: We need to switch from “Save File” to “Open with” so Thunderbird launches the PDF viewer. Then confirm by clicking “OK”:

```python
import pyautogui, time

# Select the “Open with” radio button (center at ~385,531)
pyautogui.click(385, 531)
time.sleep(0.5)

# Click the “OK” button to open the PDF (center at ~752,683)
pyautogui.click(752, 683)
```
LINEAR AT: tag	name	text	class	description	position (top-left x&y)	size (w&h)
label	Home	Home			(1833, 1037)	(40, 17)
menu	File	""			(134, 136)	(38, 25)
menu	Edit	""			(172, 136)	(40, 25)
menu	View	""			(212, 136)	(47, 25)
menu	Insert	""			(259, 136)	(53, 25)
menu	Format	""			(312, 136)	(62, 25)
menu	Options	""			(374, 136)	(67, 25)
menu	Tools	""			(441, 136)	(50, 25)
menu	Help	""			(491, 136)	(45, 25)
push-button	Send	""			(138, 168)	(65, 24)
push-button	Spelling	""			(294, 168)	(108, 24)
push-button	Save	""			(404, 168)	(85, 24)
toggle-button	Contacts	""			(491, 168)	(91, 24)
push-button	Attach	""			(891, 168)	(99, 24)
label	From	From			(239, 213)	(34, 17)
combo-box	From	""			(283, 207)	(552, 30)
menu-item	Mathias Gadenzi <mathias.gadenzi@gmail.com>	""			(139, 140)	(563, 28)
push-button	Cc	Cc			(859, 211)	(23, 21)
push-button	Bcc	Bcc			(894, 211)	(31, 21)
push-button	Other addressing fields to show	""			(937, 211)	(20, 20)
label	To	To			(257, 250)	(16, 17)
label	assistant@outlook.com	assistant@outlook.com			(293, 249)	(157, 19)
entry	To with one address, use left arrow key to focus on it.	""			(460, 246)	(521, 25)
label	Subject	Subject			(224, 288)	(49, 17)
entry	Subject	New-month AWS Bill			(283, 280)	(703, 30)
combo-box	Choose a paragraph format	""			(139, 319)	(103, 24)
menu-item	Paragraph	""			(139, 165)	(93, 25)
combo-box	Choose a font	""			(246, 319)	(130, 24)
menu-item	Variable Width	""			(139, 5)	(199, 25)
document-web	Message body	""			(134, 349)	(860, 503)
paragraph		Hi,			(142, 357)	(844, 19)
paragraph		
			(142, 392)	(844, 19)
paragraph		Please find attached the AWS bill for this month.			(142, 427)	(844, 19)
paragraph		
			(142, 462)	(844, 19)
paragraph		Best regards,			(142, 497)	(844, 19)
paragraph		Mathias
			(142, 532)	(844, 19)
push-button	1 Attachment 22.8 KB	""			(134, 852)	(860, 31)
section		1 Attachment			(158, 858)	(91, 17)
list-item	aws-bill .pdf 22.8 KB	""			(135, 885)	(175, 25)
section		aws-bill			(163, 889)	(50, 17)
section		.pdf			(213, 889)	(27, 17)
menu	Thunderbird Mail	""			(99, 0)	(173, 27)
menu	System	""			(1814, 0)	(106, 27)
push-button	Chromium Web Browser	""			(0, 33)	(70, 64)
push-button	Thunderbird Mail	""			(0, 101)	(70, 64)
push-button	Visual Studio Code	""			(0, 169)	(70, 64)
push-button	VLC media player	""			(0, 237)	(70, 64)
push-button	LibreOffice Writer	""			(0, 305)	(70, 64)
push-button	LibreOffice Calc	""			(0, 373)	(70, 64)
push-button	LibreOffice Impress	""			(0, 441)	(70, 64)
push-button	GNU Image Manipulation Program	""			(0, 509)	(70, 64)
push-button	Files	""			(0, 577)	(70, 64)
push-button	Ubuntu Software	""			(0, 645)	(70, 64)
push-button	Help	""			(0, 713)	(70, 64)
push-button	Trash	""			(0, 784)	(70, 64)
toggle-button	Show Applications	""			(0, 1010)	(70, 70)
Generating content with GPT model: o4-mini
RESPONSE: We need to choose the actual PDF viewer instead of Firefox—so open that dropdown, pick “Document Viewer,” then OK:

```python
import pyautogui, time

# Open the application dropdown for “Open with” (approx center at 640, 520)
pyautogui.click(640, 520)
time.sleep(0.5)

# Select “Document Viewer” from the list (approx where it appears at 640, 560)
pyautogui.click(640, 560)
time.sleep(0.5)

# Confirm by clicking “OK” (approx center at 752, 683)
pyautogui.click(752, 683)
```
LINEAR AT: tag	name	text	class	description	position (top-left x&y)	size (w&h)
label	Home	Home			(1833, 1037)	(40, 17)
toggle-button	Firefox View	""			(70, 64)	(40, 44)
push-button	Open a new tab (Ctrl+T)	""			(340, 64)	(40, 44)
push-button	List all tabs	""			(1880, 64)	(40, 44)
push-button	Reload	""			(148, 108)	(36, 40)
push-button	No trackers known to Firefox were detected on this page.	""			(303, 114)	(28, 28)
push-button	View site information	""			(331, 114)	(28, 28)
entry	Search with Google or enter address	file:///home/user/aws-bill.pdf			(363, 114)	(1296, 28)
push-button	Bookmark this page (Ctrl+D)	""			(1659, 114)	(28, 28)
push-button	Account	""			(1806, 108)	(36, 40)
push-button	Extensions	""			(1842, 108)	(36, 40)
push-button	Firefox	""			(1878, 108)	(42, 40)
image	Info	""			(87, 164)	(16, 16)
section		It looks like you haven’t started Firefox in a while. Do you want to clean it up for a fresh, like-new experience? And by the way, welcome back! 			(111, 164)	(934, 17)
push-button	Refresh Firefox…	""			(1057, 157)	(152, 30)
push-button	Close	""			(1883, 160)	(24, 24)
radio-button	Add signature	""			(1676, 199)	(28, 28)
radio-button	Highlight	""			(1705, 199)	(28, 28)
radio-button	Text	""			(1734, 199)	(28, 28)
radio-button	Draw	""			(1763, 199)	(28, 28)
radio-button	Add or edit images	""			(1792, 199)	(28, 28)
push-button	Print	""			(1827, 199)	(28, 28)
push-button	Save	""			(1856, 199)	(28, 28)
push-button	Tools	""			(1891, 199)	(28, 28)
section		 .                    † 1			(585, 229)	(1020, 1320)
section		Account number:			(645, 363)	(107, 14)
section		0123456789ab			(645, 380)	(182, 27)
section		Bill to Address:			(645, 436)	(105, 15)
section		ATTN: ##			(645, 454)	(72, 17)
section		########abc#########8-999			(645, 474)	(253, 17)
section		##, ##, dkil89, JP			(645, 494)	(130, 17)
section		Amazon Web Services, Inc. Invoice			(1013, 341)	(428, 26)
section		Email or talk to us about your AWS account or bill, visit aws.amazon.com/contact-us/			(1013, 372)	(526, 13)
section		Submit feedback on your Invoice Experience			(1013, 388)	(277, 13)
section		here			(1295, 388)	(29, 13)
section		Invoice Summary			(1013, 411)	(151, 18)
section		Invoice Number:			(1013, 441)	(104, 13)
section		012345689			(1463, 441)	(67, 13)
section		Invoice Date:			(1013, 460)	(82, 14)
section		January 3 , 2024			(1440, 460)	(98, 14)
section		TOTAL AMOUNT DUE ON January 3 , 2024			(1013, 486)	(323, 17)
section		$10.02			(1486, 486)	(51, 17)
section		This invoice is for the billing period December 1 - December 31 , 2023			(645, 559)	(649, 20)
section		Greetings from Amazon Web Services, we're writing to provide you with an electronic invoice for your use of AWS services. Additional information			(645, 590)	(906, 13)
section		about your bill, individual service charge details, and your account history are available on the Account Activity Page.			(645, 606)	(724, 13)
section		Summary			(651, 644)	(90, 20)
section		AWS Service Charges			(668, 677)	(163, 16)
section		$10.02			(1488, 677)	(52, 16)
section		Charges			(684, 706)	(52, 13)
section		$10.02			(1498, 706)	(42, 13)
section		Credits			(684, 731)	(44, 13)
section		$0.00			(1506, 731)	(34, 13)
section		Tax			(684, 756)	(22, 14)
section		$0.00			(1506, 756)	(34, 14)
section		Total for this invoice			(651, 782)	(157, 17)
section		$10.02			(1488, 782)	(52, 17)
section		Detail			(651, 845)	(54, 20)
section		Amazon Simple Storage Service			(668, 878)	(245, 16)
section		$0.95			(1497, 878)	(42, 16)
section		Charges			(684, 907)	(52, 13)
section		$0.95			(1506, 907)	(34, 13)
section		VAT **			(684, 932)	(42, 13)
section		$0.00			(1506, 932)	(34, 13)
section		AWS Data Transfer			(668, 958)	(146, 17)
section		$0.01			(1497, 958)	(42, 17)
section		Charges			(684, 987)	(52, 13)
section		$0.01			(1506, 987)	(34, 13)
section		VAT **			(684, 1012)	(42, 14)
section		$0.00			(1506, 1012)	(34, 14)
section		AmazonCloudWatch			(668, 1038)	(157, 17)
section		$0.00			(1497, 1038)	(42, 17)
section		Charges			(684, 1067)	(52, 14)
section		$0.00			(1506, 1067)	(34, 14)
menu	File	""			(134, 136)	(38, 25)
menu	Edit	""			(172, 136)	(40, 25)
menu	View	""			(212, 136)	(47, 25)
menu	Insert	""			(259, 136)	(53, 25)
menu	Format	""			(312, 136)	(62, 25)
menu	Options	""			(374, 136)	(67, 25)
menu	Tools	""			(441, 136)	(50, 25)
menu	Help	""			(491, 136)	(45, 25)
push-button	Send	""			(138, 168)	(65, 24)
push-button	Spelling	""			(294, 168)	(108, 24)
push-button	Save	""			(404, 168)	(85, 24)
toggle-button	Contacts	""			(491, 168)	(91, 24)
push-button	Attach	""			(891, 168)	(99, 24)
label	From	From			(239, 213)	(34, 17)
combo-box	From	""			(283, 207)	(552, 30)
menu-item	Mathias Gadenzi <mathias.gadenzi@gmail.com>	""			(139, 140)	(563, 28)
push-button	Cc	Cc			(859, 211)	(23, 21)
push-button	Bcc	Bcc			(894, 211)	(31, 21)
push-button	Other addressing fields to show	""			(937, 211)	(20, 20)
label	To	To			(257, 250)	(16, 17)
label	assistant@outlook.com	assistant@outlook.com			(293, 249)	(157, 19)
entry	To with one address, use left arrow key to focus on it.	""			(460, 246)	(521, 25)
label	Subject	Subject			(224, 288)	(49, 17)
entry	Subject	New-month AWS Bill			(283, 280)	(703, 30)
combo-box	Choose a paragraph format	""			(139, 319)	(103, 24)
menu-item	Paragraph	""			(139, 165)	(93, 25)
combo-box	Choose a font	""			(246, 319)	(130, 24)
menu-item	Variable Width	""			(139, 5)	(199, 25)
document-web	Message body	""			(134, 349)	(860, 503)
paragraph		Hi,			(142, 357)	(844, 19)
paragraph		
			(142, 392)	(844, 19)
paragraph		Please find attached the AWS bill for this month.			(142, 427)	(844, 19)
paragraph		
			(142, 462)	(844, 19)
paragraph		Best regards,			(142, 497)	(844, 19)
paragraph		Mathias
			(142, 532)	(844, 19)
push-button	1 Attachment 22.8 KB	""			(134, 852)	(860, 31)
section		1 Attachment			(158, 858)	(91, 17)
list-item	aws-bill .pdf 22.8 KB	""			(135, 885)	(175, 25)
section		aws-bill			(163, 889)	(50, 17)
section		.pdf			(213, 889)	(27, 17)
menu	Firefox	""			(99, 0)	(105, 27)
menu	System	""			(1814, 0)	(106, 27)
push-button	Chromium Web Browser	""			(0, 33)	(70, 64)
push-button	Thunderbird Mail	""			(0, 101)	(70, 64)
push-button	Visual Studio Code	""			(0, 169)	(70, 64)
push-button	VLC media player	""			(0, 237)	(70, 64)
push-button	LibreOffice Writer	""			(0, 305)	(70, 64)
push-button	LibreOffice Calc	""			(0, 373)	(70, 64)
push-button	LibreOffice Impress	""			(0, 441)	(70, 64)
push-button	GNU Image Manipulation Program	""			(0, 509)	(70, 64)
push-button	Files	""			(0, 577)	(70, 64)
push-button	Ubuntu Software	""			(0, 645)	(70, 64)
push-button	Help	""			(0, 713)	(70, 64)
push-button	Firefox	""			(0, 784)	(70, 64)
push-button	Trash	""			(0, 852)	(70, 64)
toggle-button	Show Applications	""			(0, 1010)	(70, 70)
Generating content with GPT model: o4-mini
RESPONSE: We’ve verified the PDF; now let’s switch back to the Thunderbird draft to continue editing:

```python
import pyautogui, time

# Click the Thunderbird Mail icon in the launcher (center approx at 35,133)
pyautogui.click(35, 133)
time.sleep(0.5)
```
LINEAR AT: tag	name	text	class	description	position (top-left x&y)	size (w&h)
label	Home	Home			(1833, 1037)	(40, 17)
menu	File	""			(134, 136)	(38, 25)
menu	Edit	""			(172, 136)	(40, 25)
menu	View	""			(212, 136)	(47, 25)
menu	Insert	""			(259, 136)	(53, 25)
menu	Format	""			(312, 136)	(62, 25)
menu	Options	""			(374, 136)	(67, 25)
menu	Tools	""			(441, 136)	(50, 25)
menu	Help	""			(491, 136)	(45, 25)
push-button	Send	""			(138, 168)	(65, 24)
push-button	Spelling	""			(294, 168)	(108, 24)
push-button	Save	""			(404, 168)	(85, 24)
toggle-button	Contacts	""			(491, 168)	(91, 24)
push-button	Attach	""			(891, 168)	(99, 24)
label	From	From			(239, 213)	(34, 17)
combo-box	From	""			(283, 207)	(552, 30)
menu-item	Mathias Gadenzi <mathias.gadenzi@gmail.com>	""			(139, 140)	(563, 28)
push-button	Cc	Cc			(859, 211)	(23, 21)
push-button	Bcc	Bcc			(894, 211)	(31, 21)
push-button	Other addressing fields to show	""			(937, 211)	(20, 20)
label	To	To			(257, 250)	(16, 17)
label	assistant@outlook.com	assistant@outlook.com			(293, 249)	(157, 19)
entry	To with one address, use left arrow key to focus on it.	""			(460, 246)	(521, 25)
label	Subject	Subject			(224, 288)	(49, 17)
entry	Subject	New-month AWS Bill			(283, 280)	(703, 30)
combo-box	Choose a paragraph format	""			(139, 319)	(103, 24)
menu-item	Paragraph	""			(139, 165)	(93, 25)
combo-box	Choose a font	""			(246, 319)	(130, 24)
menu-item	Variable Width	""			(139, 5)	(199, 25)
document-web	Message body	""			(134, 349)	(860, 503)
paragraph		Hi,			(142, 357)	(844, 19)
paragraph		
			(142, 392)	(844, 19)
paragraph		Please find attached the AWS bill for this month.			(142, 427)	(844, 19)
paragraph		
			(142, 462)	(844, 19)
paragraph		Best regards,			(142, 497)	(844, 19)
paragraph		Mathias
			(142, 532)	(844, 19)
push-button	1 Attachment 22.8 KB	""			(134, 852)	(860, 31)
section		1 Attachment			(158, 858)	(91, 17)
list-item	aws-bill .pdf 22.8 KB	""			(135, 885)	(175, 25)
section		aws-bill			(163, 889)	(50, 17)
section		.pdf			(213, 889)	(27, 17)
toggle-button	Firefox View	""			(70, 64)	(40, 44)
push-button	Open a new tab (Ctrl+T)	""			(340, 64)	(40, 44)
push-button	List all tabs	""			(1880, 64)	(40, 44)
push-button	Reload	""			(148, 108)	(36, 40)
push-button	No trackers known to Firefox were detected on this page.	""			(303, 114)	(28, 28)
push-button	View site information	""			(331, 114)	(28, 28)
entry	Search with Google or enter address	file:///home/user/aws-bill.pdf			(363, 114)	(1296, 28)
push-button	Bookmark this page (Ctrl+D)	""			(1659, 114)	(28, 28)
push-button	Account	""			(1806, 108)	(36, 40)
push-button	Extensions	""			(1842, 108)	(36, 40)
push-button	Firefox	""			(1878, 108)	(42, 40)
image	Info	""			(87, 164)	(16, 16)
section		It looks like you haven’t started Firefox in a while. Do you want to clean it up for a fresh, like-new experience? And by the way, welcome back! 			(111, 164)	(934, 17)
push-button	Refresh Firefox…	""			(1057, 157)	(152, 30)
push-button	Close	""			(1883, 160)	(24, 24)
document-web	aws-bill.pdf	""			(70, 197)	(1850, 883)
radio-button	Thumbnails	""			(71, 232)	(28, 28)
radio-button	Document Outline	""			(100, 232)	(28, 28)
push-button	Current Outline Item	""			(239, 232)	(28, 28)
link	页面 1	页面 1			(74, 266)	(192, 22)
section		of 1			(71, 199)	(238, 28)
push-button	Toggle Sidebar	""			(71, 199)	(28, 28)
spin-button	Page	1			(220, 200)	(56, 27)
push-button	Zoom Out	""			(893, 199)	(28, 28)
push-button	Zoom In	""			(924, 199)	(28, 28)
combo-box	Zoom	""			(953, 199)	(140, 28)
radio-button	Add signature	""			(1676, 199)	(28, 28)
radio-button	Highlight	""			(1705, 199)	(28, 28)
radio-button	Text	""			(1734, 199)	(28, 28)
radio-button	Draw	""			(1763, 199)	(28, 28)
radio-button	Add or edit images	""			(1792, 199)	(28, 28)
push-button	Print	""			(1827, 199)	(28, 28)
push-button	Save	""			(1856, 199)	(28, 28)
push-button	Tools	""			(1891, 199)	(28, 28)
section		 .                    † 1			(585, 229)	(1020, 1320)
section		Account number:			(645, 363)	(107, 14)
section		0123456789ab			(645, 380)	(182, 27)
section		Bill to Address:			(645, 436)	(105, 15)
section		ATTN: ##			(645, 454)	(72, 17)
section		########abc#########8-999			(645, 474)	(253, 17)
section		##, ##, dkil89, JP			(645, 494)	(130, 17)
section		Amazon Web Services, Inc. Invoice			(1013, 341)	(428, 26)
section		Email or talk to us about your AWS account or bill, visit aws.amazon.com/contact-us/			(1013, 372)	(526, 13)
section		Submit feedback on your Invoice Experience			(1013, 388)	(277, 13)
section		here			(1295, 388)	(29, 13)
section		Invoice Summary			(1013, 411)	(151, 18)
section		Invoice Number:			(1013, 441)	(104, 13)
section		012345689			(1463, 441)	(67, 13)
section		Invoice Date:			(1013, 460)	(82, 14)
section		January 3 , 2024			(1440, 460)	(98, 14)
section		TOTAL AMOUNT DUE ON January 3 , 2024			(1013, 486)	(323, 17)
section		$10.02			(1486, 486)	(51, 17)
section		This invoice is for the billing period December 1 - December 31 , 2023			(645, 559)	(649, 20)
section		Greetings from Amazon Web Services, we're writing to provide you with an electronic invoice for your use of AWS services. Additional information			(645, 590)	(906, 13)
section		about your bill, individual service charge details, and your account history are available on the Account Activity Page.			(645, 606)	(724, 13)
section		Summary			(651, 644)	(90, 20)
section		AWS Service Charges			(668, 677)	(163, 16)
section		$10.02			(1488, 677)	(52, 16)
section		Charges			(684, 706)	(52, 13)
section		$10.02			(1498, 706)	(42, 13)
section		Credits			(684, 731)	(44, 13)
section		$0.00			(1506, 731)	(34, 13)
section		Tax			(684, 756)	(22, 14)
section		$0.00			(1506, 756)	(34, 14)
section		Total for this invoice			(651, 782)	(157, 17)
section		$10.02			(1488, 782)	(52, 17)
section		Detail			(651, 845)	(54, 20)
section		Amazon Simple Storage Service			(668, 878)	(245, 16)
section		$0.95			(1497, 878)	(42, 16)
section		Charges			(684, 907)	(52, 13)
section		$0.95			(1506, 907)	(34, 13)
section		VAT **			(684, 932)	(42, 13)
section		$0.00			(1506, 932)	(34, 13)
section		AWS Data Transfer			(668, 958)	(146, 17)
section		$0.01			(1497, 958)	(42, 17)
section		Charges			(684, 987)	(52, 13)
section		$0.01			(1506, 987)	(34, 13)
section		VAT **			(684, 1012)	(42, 14)
section		$0.00			(1506, 1012)	(34, 14)
section		AmazonCloudWatch			(668, 1038)	(157, 17)
section		$0.00			(1497, 1038)	(42, 17)
section		Charges			(684, 1067)	(52, 14)
section		$0.00			(1506, 1067)	(34, 14)
menu	Thunderbird Mail	""			(99, 0)	(173, 27)
menu	System	""			(1814, 0)	(106, 27)
push-button	Chromium Web Browser	""			(0, 33)	(70, 64)
push-button	Thunderbird Mail	""			(0, 101)	(70, 64)
push-button	Visual Studio Code	""			(0, 169)	(70, 64)
push-button	VLC media player	""			(0, 237)	(70, 64)
push-button	LibreOffice Writer	""			(0, 305)	(70, 64)
push-button	LibreOffice Calc	""			(0, 373)	(70, 64)
push-button	LibreOffice Impress	""			(0, 441)	(70, 64)
push-button	GNU Image Manipulation Program	""			(0, 509)	(70, 64)
push-button	Files	""			(0, 577)	(70, 64)
push-button	Ubuntu Software	""			(0, 645)	(70, 64)
push-button	Help	""			(0, 713)	(70, 64)
push-button	Firefox	""			(0, 784)	(70, 64)
push-button	Trash	""			(0, 852)	(70, 64)
toggle-button	Show Applications	""			(0, 1010)	(70, 70)
Generating content with GPT model: o4-mini
RESPONSE: We’ve switched back to the Thunderbird draft and confirmed the bill is attached (you can see “aws-bill.pdf” at the bottom). Next, let’s move the focus back into the message body so you can continue writing:

```python
import pyautogui, time

# Click into the message body (just below “Mathias”) to continue editing
pyautogui.click(150, 560)
time.sleep(0.5)
```
