LINEAR AT: tag	name	text	class	description	position (top-left x&y)	size (w&h)
label	Home	Home			(1833, 939)	(40, 17)
push-button	Search tabs	Search tabs			(76, 64)	(28, 41)
push-button	Close	Close			(312, 70)	(28, 28)
push-button	New Tab	New Tab			(348, 64)	(28, 41)
push-button	Reload	Reload			(147, 110)	(34, 34)
entry	Address and search bar	""			(227, 115)	(1565, 24)
push-button	Bookmark this tab	""			(1800, 115)	(24, 24)
push-button	Work	Work			(1845, 110)	(34, 34)
push-button	Chromium	Chromium			(1881, 110)	(39, 34)
document-web	New Tab	""			(70, 151)	(1850, 834)
link	Gmail 	Gmail			(1712, 171)	(35, 24)
static	Gmail	Gmail			(1712, 175)	(35, 15)
link	Search for Images 	Images			(1761, 171)	(43, 24)
static	Images	Images			(1761, 175)	(43, 15)
push-button	Search Labs	""			(1818, 163)	(41, 40)
section		  			(1818, 163)	(41, 40)
push-button	Google apps	""			(1866, 163)	(40, 40)
section		  			(1866, 163)	(40, 40)
combo-box	Search Google or type a URL	""			(622, 413)	(746, 48)
push-button	Search by voice	""			(1289, 413)	(26, 48)
push-button	Search by image	""			(1326, 413)	(26, 48)
link	Web Store	""			(883, 479)	(112, 112)
push-button	More actions for Web Store shortcut	""			(965, 483)	(28, 28)
static	Web Store	Web Store			(909, 559)	(60, 15)
push-button	Add shortcut	Add shortcut			(995, 479)	(112, 112)
static	Add shortcut	Add shortcut			(1013, 559)	(76, 15)
toggle-button	Customize Chromium	""			(1722, 937)	(182, 32)
section		Customize Chromium			(1762, 943)	(126, 20)
static	Customize Chromium	Customize Chromium			(1762, 945)	(126, 15)
menu	Chromium Web Browser	""			(99, 0)	(219, 27)
menu	System	""			(1814, 0)	(106, 27)
label	Please download waiting software updates.	""			(810, 73)	(291, 17)
push-button	Chromium Web Browser	""			(0, 33)	(70, 64)
push-button	Thunderbird Mail	""			(0, 101)	(70, 64)
push-button	Visual Studio Code	""			(0, 169)	(70, 64)
push-button	VLC media player	""			(0, 237)	(70, 64)
push-button	LibreOffice Writer	""			(0, 305)	(70, 64)
push-button	LibreOffice Calc	""			(0, 373)	(70, 64)
push-button	LibreOffice Impress	""			(0, 441)	(70, 64)
push-button	GNU Image Manipulation Program	""			(0, 509)	(70, 64)
push-button	Files	""			(0, 577)	(70, 64)
push-button	Ubuntu Software	""			(0, 645)	(70, 64)
push-button	Help	""			(0, 713)	(70, 64)
push-button	Trash	""			(0, 784)	(70, 64)
toggle-button	Show Applications	""			(0, 915)	(70, 70)
Generating content with GPT model: o4-mini
RESPONSE: Reflection:
The browser’s bookmarks bar isn’t visible, so we first need to show it before we can add a folder. The quickest way is to toggle it with the Ctrl+Shift+B shortcut.

```python
import pyautogui, time
# Activate the browser window (assumes Chromium is frontmost)
pyautogui.hotkey('ctrl', 'shift', 'b')
time.sleep(0.5)
```
LINEAR AT: tag	name	text	class	description	position (top-left x&y)	size (w&h)
label	Home	Home			(1833, 939)	(40, 17)
push-button	Search tabs	Search tabs			(76, 64)	(28, 41)
push-button	Close	Close			(312, 70)	(28, 28)
push-button	New Tab	New Tab			(348, 64)	(28, 41)
push-button	Reload	Reload			(147, 110)	(34, 34)
entry	Address and search bar	""			(227, 115)	(1565, 24)
push-button	Bookmark this tab	""			(1800, 115)	(24, 24)
push-button	Work	Work			(1845, 110)	(34, 34)
push-button	Chromium	Chromium			(1881, 110)	(39, 34)
push-button	Tab groups	""			(76, 150)	(28, 28)
document-web	New Tab	""			(70, 185)	(1850, 800)
link	Gmail 	Gmail			(1712, 205)	(35, 24)
static	Gmail	Gmail			(1712, 209)	(35, 15)
link	Search for Images 	Images			(1761, 205)	(43, 24)
static	Images	Images			(1761, 209)	(43, 15)
push-button	Search Labs	""			(1818, 197)	(41, 40)
section		  			(1818, 197)	(41, 40)
push-button	Google apps	""			(1866, 197)	(40, 40)
section		  			(1866, 197)	(40, 40)
combo-box	Search Google or type a URL	""			(622, 447)	(746, 48)
push-button	Search by voice	""			(1289, 447)	(26, 48)
push-button	Search by image	""			(1326, 447)	(26, 48)
link	Web Store	""			(883, 513)	(112, 112)
push-button	More actions for Web Store shortcut	""			(965, 517)	(28, 28)
static	Web Store	Web Store			(909, 593)	(60, 15)
push-button	Add shortcut	Add shortcut			(995, 513)	(112, 112)
static	Add shortcut	Add shortcut			(1013, 593)	(76, 15)
toggle-button	Customize Chromium	""			(1722, 937)	(182, 32)
section		Customize Chromium			(1762, 943)	(126, 20)
static	Customize Chromium	Customize Chromium			(1762, 945)	(126, 15)
menu	Chromium Web Browser	""			(99, 0)	(219, 27)
menu	System	""			(1814, 0)	(106, 27)
label	Please download waiting software updates.	""			(810, 73)	(291, 17)
push-button	Chromium Web Browser	""			(0, 33)	(70, 64)
push-button	Thunderbird Mail	""			(0, 101)	(70, 64)
push-button	Visual Studio Code	""			(0, 169)	(70, 64)
push-button	VLC media player	""			(0, 237)	(70, 64)
push-button	LibreOffice Writer	""			(0, 305)	(70, 64)
push-button	LibreOffice Calc	""			(0, 373)	(70, 64)
push-button	LibreOffice Impress	""			(0, 441)	(70, 64)
push-button	GNU Image Manipulation Program	""			(0, 509)	(70, 64)
push-button	Files	""			(0, 577)	(70, 64)
push-button	Ubuntu Software	""			(0, 645)	(70, 64)
push-button	Help	""			(0, 713)	(70, 64)
push-button	Trash	""			(0, 784)	(70, 64)
toggle-button	Show Applications	""			(0, 915)	(70, 70)
Generating content with GPT model: o4-mini
RESPONSE: Reflection:
The bookmarks bar has appeared beneath the address bar (you can see the apps grid icon on the left). 

Next Step:
Right-click on an empty spot of the bookmarks bar (to the right of the apps icon) to bring up the context menu so that we can choose “Add folder…”.
LINEAR AT: tag	name	text	class	description	position (top-left x&y)	size (w&h)
label	Home	Home			(1833, 939)	(40, 17)
push-button	Search tabs	Search tabs			(76, 64)	(28, 41)
push-button	Close	Close			(312, 70)	(28, 28)
push-button	New Tab	New Tab			(348, 64)	(28, 41)
push-button	Reload	Reload			(147, 110)	(34, 34)
entry	Address and search bar	""			(227, 115)	(1565, 24)
push-button	Bookmark this tab	""			(1800, 115)	(24, 24)
push-button	Work	Work			(1845, 110)	(34, 34)
push-button	Chromium	Chromium			(1881, 110)	(39, 34)
push-button	Tab groups	""			(76, 150)	(28, 28)
document-web	New Tab	""			(70, 185)	(1850, 800)
link	Gmail 	Gmail			(1712, 205)	(35, 24)
static	Gmail	Gmail			(1712, 209)	(35, 15)
link	Search for Images 	Images			(1761, 205)	(43, 24)
static	Images	Images			(1761, 209)	(43, 15)
push-button	Search Labs	""			(1818, 197)	(41, 40)
section		  			(1818, 197)	(41, 40)
push-button	Google apps	""			(1866, 197)	(40, 40)
section		  			(1866, 197)	(40, 40)
combo-box	Search Google or type a URL	""			(622, 447)	(746, 48)
push-button	Search by voice	""			(1289, 447)	(26, 48)
push-button	Search by image	""			(1326, 447)	(26, 48)
link	Web Store	""			(883, 513)	(112, 112)
push-button	More actions for Web Store shortcut	""			(965, 517)	(28, 28)
static	Web Store	Web Store			(909, 593)	(60, 15)
push-button	Add shortcut	Add shortcut			(995, 513)	(112, 112)
static	Add shortcut	Add shortcut			(1013, 593)	(76, 15)
toggle-button	Customize Chromium	""			(1722, 937)	(182, 32)
section		Customize Chromium			(1762, 943)	(126, 20)
static	Customize Chromium	Customize Chromium			(1762, 945)	(126, 15)
menu	Chromium Web Browser	""			(99, 0)	(219, 27)
menu	System	""			(1814, 0)	(106, 27)
label	Please download waiting software updates.	""			(810, 73)	(291, 17)
push-button	Chromium Web Browser	""			(0, 33)	(70, 64)
push-button	Thunderbird Mail	""			(0, 101)	(70, 64)
push-button	Visual Studio Code	""			(0, 169)	(70, 64)
push-button	VLC media player	""			(0, 237)	(70, 64)
push-button	LibreOffice Writer	""			(0, 305)	(70, 64)
push-button	LibreOffice Calc	""			(0, 373)	(70, 64)
push-button	LibreOffice Impress	""			(0, 441)	(70, 64)
push-button	GNU Image Manipulation Program	""			(0, 509)	(70, 64)
push-button	Files	""			(0, 577)	(70, 64)
push-button	Ubuntu Software	""			(0, 645)	(70, 64)
push-button	Help	""			(0, 713)	(70, 64)
push-button	Trash	""			(0, 784)	(70, 64)
toggle-button	Show Applications	""			(0, 915)	(70, 70)
Generating content with GPT model: o4-mini
RESPONSE: Reflection:
The bookmarks bar is now showing, with the apps grid icon at the left end of it. To add a new folder we need to open the bookmarks context menu by right-clicking on an empty spot of the bar (just to the right of the apps grid).

```python
import pyautogui, time

# Right-click on an empty part of the bookmarks bar (just right of the apps icon)
pyautogui.click(x=200, y=142, button='right')
time.sleep(0.5)
```
LINEAR AT: tag	name	text	class	description	position (top-left x&y)	size (w&h)
label	Home	Home			(1833, 939)	(40, 17)
push-button	Search tabs	Search tabs			(76, 64)	(28, 41)
push-button	Close	Close			(312, 70)	(28, 28)
push-button	New Tab	New Tab			(348, 64)	(28, 41)
push-button	Reload	Reload			(147, 110)	(34, 34)
entry	Address and search bar	""			(227, 115)	(1565, 24)
push-button	Bookmark this tab	""			(1800, 115)	(24, 24)
push-button	Work	Work			(1845, 110)	(34, 34)
push-button	Chromium	Chromium			(1881, 110)	(39, 34)
push-button	Tab groups	""			(76, 150)	(28, 28)
document-web	New Tab	""			(70, 185)	(1850, 800)
link	Gmail 	Gmail			(1712, 205)	(35, 24)
static	Gmail	Gmail			(1712, 209)	(35, 15)
link	Search for Images 	Images			(1761, 205)	(43, 24)
static	Images	Images			(1761, 209)	(43, 15)
push-button	Search Labs	""			(1818, 197)	(41, 40)
section		  			(1818, 197)	(41, 40)
push-button	Google apps	""			(1866, 197)	(40, 40)
section		  			(1866, 197)	(40, 40)
combo-box	Search Google or type a URL	""			(622, 447)	(746, 48)
push-button	Search by voice	""			(1289, 447)	(26, 48)
push-button	Search by image	""			(1326, 447)	(26, 48)
link	Web Store	""			(883, 513)	(112, 112)
push-button	More actions for Web Store shortcut	""			(965, 517)	(28, 28)
static	Web Store	Web Store			(909, 593)	(60, 15)
push-button	Add shortcut	Add shortcut			(995, 513)	(112, 112)
static	Add shortcut	Add shortcut			(1013, 593)	(76, 15)
toggle-button	Customize Chromium	""			(1722, 937)	(182, 32)
section		Customize Chromium			(1762, 943)	(126, 20)
static	Customize Chromium	Customize Chromium			(1762, 945)	(126, 15)
menu-item	Undo Ctrl+Z	Undo Ctrl+Z			(200, 154)	(410, 31)
menu-item	Manage search engines and site search	Manage search engines and site search			(200, 422)	(410, 31)
check-menu-item	Always show full URLs	Always show full URLs			(200, 453)	(410, 31)
check-menu-item	Always show Image Search shortcut	Always show Image Search shortcut			(200, 484)	(410, 31)
menu	Chromium Web Browser	""			(99, 0)	(219, 27)
menu	System	""			(1814, 0)	(106, 27)
push-button	Chromium Web Browser	""			(0, 33)	(70, 64)
push-button	Thunderbird Mail	""			(0, 101)	(70, 64)
push-button	Visual Studio Code	""			(0, 169)	(70, 64)
push-button	VLC media player	""			(0, 237)	(70, 64)
push-button	LibreOffice Writer	""			(0, 305)	(70, 64)
push-button	LibreOffice Calc	""			(0, 373)	(70, 64)
push-button	LibreOffice Impress	""			(0, 441)	(70, 64)
push-button	GNU Image Manipulation Program	""			(0, 509)	(70, 64)
push-button	Files	""			(0, 577)	(70, 64)
push-button	Ubuntu Software	""			(0, 645)	(70, 64)
push-button	Help	""			(0, 713)	(70, 64)
push-button	Trash	""			(0, 784)	(70, 64)
toggle-button	Show Applications	""			(0, 915)	(70, 70)
Generating content with GPT model: o4-mini
RESPONSE: Reflection:
The previous right-click landed on the address bar’s context menu. To open the bookmarks-bar menu, I need to right-click just below the URL bar and to the right of the apps icon (grid) on the bookmarks bar.

```python
import pyautogui, time

# Right-click an empty spot on the bookmarks bar (below URL bar, just right of apps icon)
pyautogui.click(x=150, y=150, button='right')
time.sleep(0.5)
```
LINEAR AT: tag	name	text	class	description	position (top-left x&y)	size (w&h)
label	Home	Home			(1833, 939)	(40, 17)
push-button	Search tabs	Search tabs			(76, 64)	(28, 41)
push-button	Close	Close			(312, 70)	(28, 28)
push-button	New Tab	New Tab			(348, 64)	(28, 41)
push-button	Reload	Reload			(147, 110)	(34, 34)
entry	Address and search bar	""			(227, 115)	(1565, 24)
push-button	Bookmark this tab	""			(1800, 115)	(24, 24)
push-button	Work	Work			(1845, 110)	(34, 34)
push-button	Chromium	Chromium			(1881, 110)	(39, 34)
push-button	Tab groups	""			(76, 150)	(28, 28)
document-web	New Tab	""			(70, 185)	(1850, 800)
link	Gmail 	Gmail			(1712, 205)	(35, 24)
static	Gmail	Gmail			(1712, 209)	(35, 15)
link	Search for Images 	Images			(1761, 205)	(43, 24)
static	Images	Images			(1761, 209)	(43, 15)
push-button	Search Labs	""			(1818, 197)	(41, 40)
section		  			(1818, 197)	(41, 40)
push-button	Google apps	""			(1866, 197)	(40, 40)
section		  			(1866, 197)	(40, 40)
combo-box	Search Google or type a URL	""			(622, 447)	(746, 48)
push-button	Search by voice	""			(1289, 447)	(26, 48)
push-button	Search by image	""			(1326, 447)	(26, 48)
link	Web Store	""			(883, 513)	(112, 112)
push-button	More actions for Web Store shortcut	""			(965, 517)	(28, 28)
static	Web Store	Web Store			(909, 593)	(60, 15)
push-button	Add shortcut	Add shortcut			(995, 513)	(112, 112)
static	Add shortcut	Add shortcut			(1013, 593)	(76, 15)
toggle-button	Customize Chromium	""			(1722, 937)	(182, 32)
section		Customize Chromium			(1762, 943)	(126, 20)
static	Customize Chromium	Customize Chromium			(1762, 945)	(126, 15)
menu	Chromium Web Browser	""			(99, 0)	(219, 27)
menu	System	""			(1814, 0)	(106, 27)
push-button	Chromium Web Browser	""			(0, 33)	(70, 64)
push-button	Thunderbird Mail	""			(0, 101)	(70, 64)
push-button	Visual Studio Code	""			(0, 169)	(70, 64)
push-button	VLC media player	""			(0, 237)	(70, 64)
push-button	LibreOffice Writer	""			(0, 305)	(70, 64)
push-button	LibreOffice Calc	""			(0, 373)	(70, 64)
push-button	LibreOffice Impress	""			(0, 441)	(70, 64)
push-button	GNU Image Manipulation Program	""			(0, 509)	(70, 64)
push-button	Files	""			(0, 577)	(70, 64)
push-button	Ubuntu Software	""			(0, 645)	(70, 64)
push-button	Help	""			(0, 713)	(70, 64)
push-button	Trash	""			(0, 784)	(70, 64)
toggle-button	Show Applications	""			(0, 915)	(70, 70)
Generating content with GPT model: o4-mini
RESPONSE: Reflection:
The context menu we just opened was for the address bar, not for the tab strip. To enable and show the bookmarks bar in Chromium, I need to right-click on the empty area of the tab strip (next to the last open tab) and then select “Always show bookmarks bar.”

```python
import pyautogui, time

# Right-click on the empty part of the tab strip (to the right of the New Tab tab)
pyautogui.click(x=430, y=75, button='right')
time.sleep(0.5)

# Then click the "Always show bookmarks bar" menu item
# It's typically a few items down; approximate its position in the context menu
pyautogui.click(x=430, y=185)
time.sleep(0.5)
```
