LINEAR AT: tag	name	text	class	description	position (top-left x&y)	size (w&h)
label	Home	Home			(1833, 939)	(40, 17)
menu	System	""			(1814, 0)	(106, 27)
label	Please download waiting software updates.	""			(810, 73)	(291, 17)
push-button	Chromium Web Browser	""			(0, 33)	(70, 64)
push-button	Thunderbird Mail	""			(0, 101)	(70, 64)
push-button	Visual Studio Code	""			(0, 169)	(70, 64)
push-button	VLC media player	""			(0, 237)	(70, 64)
push-button	LibreOffice Writer	""			(0, 305)	(70, 64)
push-button	LibreOffice Calc	""			(0, 373)	(70, 64)
push-button	LibreOffice Impress	""			(0, 441)	(70, 64)
push-button	GNU Image Manipulation Program	""			(0, 509)	(70, 64)
push-button	Files	""			(0, 577)	(70, 64)
push-button	Ubuntu Software	""			(0, 645)	(70, 64)
push-button	Help	""			(0, 713)	(70, 64)
push-button	Trash	""			(0, 784)	(70, 64)
toggle-button	Show Applications	""			(0, 915)	(70, 70)
Generating content with GPT model: o4-mini
RESPONSE: Reflection:
The desktop is visible with the application dock on the left. To attach the AWS bill to an email, we first need to open Thunderbird Mail by clicking its icon at roughly (35,133) (center of the “Thunderbird Mail” button at (0,101) size 70×64). 

```python
import pyautogui, time
# Open Thunderbird Mail
pyautogui.click(35, 133)
time.sleep(1)
```
LINEAR AT: tag	name	text	class	description	position (top-left x&y)	size (w&h)
label	Home	Home			(1833, 939)	(40, 17)
push-button	AppMenu	""			(1779, 33)	(35, 30)
push-button	Minimize	""			(1818, 34)	(31, 28)
push-button	Restore Down	""			(1849, 34)	(34, 28)
push-button	Close	""			(1883, 34)	(31, 28)
section	Account Setup	Account Setup			(324, 73)	(250, 33)
push-button	Close Tab	""			(547, 80)	(20, 20)
document-web	Account Setup	""			(70, 106)	(1850, 855)
heading	Set Up Your Existing Email Address	Set Up Your Existing Email Address			(129, 150)	(1732, 42)
paragraph		To use your current email address fill in your credentials.			(133, 200)	(1724, 23)
paragraph		Thunderbird will automatically search for a working and recommended server configuration.			(133, 223)	(1724, 24)
label	Your full name	Your full name			(129, 307)	(425, 14)
entry	Your full name	""			(129, 326)	(425, 34)
image	Your name, as shown to others	""			(528, 335)	(16, 16)
label	Email address	Email address			(129, 383)	(425, 15)
entry	Email address	""			(129, 403)	(425, 34)
image	Your existing email address	""			(528, 412)	(16, 16)
push-button	Get a new email address	Get a new email address			(378, 442)	(176, 17)
label	Password	Password			(129, 461)	(425, 14)
label	Remember password	""			(129, 522)	(161, 20)
check-box	Remember password	""			(129, 524)	(16, 16)
section		Remember password			(151, 525)	(139, 15)
push-button	Cancel	Cancel			(344, 573)	(102, 36)
paragraph		Your credentials will only be stored locally on your computer.			(133, 634)	(417, 22)
image	Initial setup	""			(778, 307)	(300, 300)
push-button	You are currently online.	""			(74, 962)	(20, 23)
label	Done	Done			(104, 965)	(1811, 17)
menu	Thunderbird Mail	""			(99, 0)	(173, 27)
menu	System	""			(1814, 0)	(106, 27)
label	Please download waiting software updates.	""			(810, 73)	(291, 17)
push-button	Chromium Web Browser	""			(0, 33)	(70, 64)
push-button	Thunderbird Mail	""			(0, 101)	(70, 64)
push-button	Visual Studio Code	""			(0, 169)	(70, 64)
push-button	VLC media player	""			(0, 237)	(70, 64)
push-button	LibreOffice Writer	""			(0, 305)	(70, 64)
push-button	LibreOffice Calc	""			(0, 373)	(70, 64)
push-button	LibreOffice Impress	""			(0, 441)	(70, 64)
push-button	GNU Image Manipulation Program	""			(0, 509)	(70, 64)
push-button	Files	""			(0, 577)	(70, 64)
push-button	Ubuntu Software	""			(0, 645)	(70, 64)
push-button	Help	""			(0, 713)	(70, 64)
push-button	Trash	""			(0, 784)	(70, 64)
toggle-button	Show Applications	""			(0, 915)	(70, 70)
Generating content with GPT model: o4-mini
RESPONSE: Reflection: Thunderbird just launched and opened the “Account Setup” tab by default. Since we already have an account configured (or plan to use an existing one), we need to close this setup tab before composing a new message.

```python
import pyautogui, time

# Close the Account Setup tab
pyautogui.click(557, 90)  # click the "Close Tab" button at ~ (547,80)
time.sleep(0.5)
```
LINEAR AT: tag	name	text	class	description	position (top-left x&y)	size (w&h)
label	Home	Home			(1833, 939)	(40, 17)
push-button	Mail (Ctrl+1)	""			(77, 34)	(30, 30)
push-button	Address Book (Ctrl+2)	""			(77, 79)	(30, 30)
push-button	Calendar (Ctrl+3)	""			(77, 124)	(30, 30)
push-button	Tasks (Ctrl+4)	""			(77, 169)	(30, 30)
push-button	Chat (Ctrl+5)	""			(77, 214)	(30, 30)
push-button	Settings	""			(77, 903)	(30, 30)
push-button	Hide Spaces Toolbar	""			(77, 948)	(30, 30)
entry	Search:	""			(508, 34)	(901, 30)
push-button	Search	""			(1383, 34)	(26, 30)
push-button	AppMenu	""			(1779, 34)	(35, 30)
push-button	Minimize	""			(1818, 35)	(31, 28)
push-button	Restore Down	""			(1849, 35)	(34, 28)
push-button	Close	""			(1883, 35)	(31, 28)
push-button	Folder pane options	""			(340, 81)	(30, 30)
toggle-button	Quick Filter	Quick Filter			(960, 75)	(125, 31)
push-button	Message list display options	""			(1091, 75)	(30, 30)
document-web	Welcome to Freedom – Thunderbird	""			(1128, 72)	(792, 889)
link	ESR Channel	ESR Channel			(1144, 104)	(73, 19)
link	Donate	Donate 			(1799, 92)	(105, 42)
heading	Welcome to Freedom	Welcome to Freedom			(1315, 240)	(418, 40)
paragraph		Thunderbird is a gift from thousands of people like you. We hope you'll enjoy the productivity, privacy, and freedom they make possible and we invite you to become part of that gift to others.			(1204, 296)	(640, 86)
link	Participate	Participate			(1304, 430)	(151, 47)
link	Donate	Donate			(1471, 430)	(123, 47)
link	Get Help	Get Help			(1610, 430)	(134, 47)
heading	Free and Open Source	Free and Open Source			(1177, 598)	(315, 26)
paragraph		Thunderbird is now yours forever.			(1177, 628)	(315, 31)
paragraph		Thunderbird is developed openly and distributed freely. Our software license protects your right to use, modify, and share Thunderbird. Our mission is to protect your privacy and freedom.			(1177, 675)	(315, 128)
heading	Powered by Community	Powered by Community			(1556, 598)	(315, 26)
paragraph		You can become part of our story.			(1556, 628)	(315, 31)
paragraph		Anyone can contribute to Thunderbird. By donating, translating, answering questions, suggesting features, reporting bugs, and more, you make Thunderbird better for yourself and the world.			(1556, 675)	(315, 128)
section		Want new features sooner? Learn about . 			(1326, 876)	(396, 21)
link	Thunderbird Release	Thunderbird Release			(1584, 877)	(134, 18)
push-button	You are currently online.	""			(119, 962)	(20, 23)
label	Done	Done			(149, 965)	(1766, 17)
menu	Thunderbird Mail	""			(99, 0)	(173, 27)
menu	System	""			(1814, 0)	(106, 27)
push-button	Chromium Web Browser	""			(0, 33)	(70, 64)
push-button	Thunderbird Mail	""			(0, 101)	(70, 64)
push-button	Visual Studio Code	""			(0, 169)	(70, 64)
push-button	VLC media player	""			(0, 237)	(70, 64)
push-button	LibreOffice Writer	""			(0, 305)	(70, 64)
push-button	LibreOffice Calc	""			(0, 373)	(70, 64)
push-button	LibreOffice Impress	""			(0, 441)	(70, 64)
push-button	GNU Image Manipulation Program	""			(0, 509)	(70, 64)
push-button	Files	""			(0, 577)	(70, 64)
push-button	Ubuntu Software	""			(0, 645)	(70, 64)
push-button	Help	""			(0, 713)	(70, 64)
push-button	Trash	""			(0, 784)	(70, 64)
toggle-button	Show Applications	""			(0, 915)	(70, 70)
Generating content with GPT model: o4-mini
RESPONSE: Reflection: Thunderbird is now in the Mail view. To start attaching the bill, we first need to open a new compose window by clicking the “New Message” button in the upper left of the mail pane.

```python
import pyautogui, time

# Click the "New Message" button
pyautogui.click(190, 125)  # approximate center of the "+ New Message" button
time.sleep(0.5)
```
LINEAR AT: tag	name	text	class	description	position (top-left x&y)	size (w&h)
label	Home	Home			(1833, 939)	(40, 17)
push-button	Mail (Ctrl+1)	""			(77, 34)	(30, 30)
push-button	Address Book (Ctrl+2)	""			(77, 79)	(30, 30)
push-button	Calendar (Ctrl+3)	""			(77, 124)	(30, 30)
push-button	Tasks (Ctrl+4)	""			(77, 169)	(30, 30)
push-button	Chat (Ctrl+5)	""			(77, 214)	(30, 30)
push-button	Settings	""			(77, 903)	(30, 30)
push-button	Hide Spaces Toolbar	""			(77, 948)	(30, 30)
entry	Search:	""			(508, 34)	(901, 30)
push-button	Search	""			(1383, 34)	(26, 30)
push-button	AppMenu	""			(1779, 34)	(35, 30)
push-button	Minimize	""			(1818, 35)	(31, 28)
push-button	Restore Down	""			(1849, 35)	(34, 28)
push-button	Close	""			(1883, 35)	(31, 28)
push-button	Folder pane options	""			(340, 81)	(30, 30)
toggle-button	Quick Filter	Quick Filter			(960, 75)	(125, 31)
push-button	Message list display options	""			(1091, 75)	(30, 30)
document-web	Welcome to Freedom – Thunderbird	""			(1128, 72)	(792, 889)
link	ESR Channel	ESR Channel			(1144, 104)	(73, 19)
link	Donate	Donate 			(1799, 92)	(105, 42)
heading	Welcome to Freedom	Welcome to Freedom			(1315, 240)	(418, 40)
paragraph		Thunderbird is a gift from thousands of people like you. We hope you'll enjoy the productivity, privacy, and freedom they make possible and we invite you to become part of that gift to others.			(1204, 296)	(640, 86)
link	Participate	Participate			(1304, 430)	(151, 47)
link	Donate	Donate			(1471, 430)	(123, 47)
link	Get Help	Get Help			(1610, 430)	(134, 47)
heading	Free and Open Source	Free and Open Source			(1177, 598)	(315, 26)
paragraph		Thunderbird is now yours forever.			(1177, 628)	(315, 31)
paragraph		Thunderbird is developed openly and distributed freely. Our software license protects your right to use, modify, and share Thunderbird. Our mission is to protect your privacy and freedom.			(1177, 675)	(315, 128)
heading	Powered by Community	Powered by Community			(1556, 598)	(315, 26)
paragraph		You can become part of our story.			(1556, 628)	(315, 31)
paragraph		Anyone can contribute to Thunderbird. By donating, translating, answering questions, suggesting features, reporting bugs, and more, you make Thunderbird better for yourself and the world.			(1556, 675)	(315, 128)
section		Want new features sooner? Learn about . 			(1326, 876)	(396, 21)
link	Thunderbird Release	Thunderbird Release			(1584, 877)	(134, 18)
push-button	You are currently online.	""			(119, 962)	(20, 23)
label	Done	Done			(149, 965)	(1766, 17)
menu	Thunderbird Mail	""			(99, 0)	(173, 27)
menu	System	""			(1814, 0)	(106, 27)
push-button	Chromium Web Browser	""			(0, 33)	(70, 64)
push-button	Thunderbird Mail	""			(0, 101)	(70, 64)
push-button	Visual Studio Code	""			(0, 169)	(70, 64)
push-button	VLC media player	""			(0, 237)	(70, 64)
push-button	LibreOffice Writer	""			(0, 305)	(70, 64)
push-button	LibreOffice Calc	""			(0, 373)	(70, 64)
push-button	LibreOffice Impress	""			(0, 441)	(70, 64)
push-button	GNU Image Manipulation Program	""			(0, 509)	(70, 64)
push-button	Files	""			(0, 577)	(70, 64)
push-button	Ubuntu Software	""			(0, 645)	(70, 64)
push-button	Help	""			(0, 713)	(70, 64)
push-button	Trash	""			(0, 784)	(70, 64)
toggle-button	Show Applications	""			(0, 915)	(70, 70)
Generating content with GPT model: o4-mini
RESPONSE: Reflection: The main mail view is still showing, so we need to open the compose window. I’ll trigger “New Message” via the keyboard shortcut (Ctrl+N).

```python
import pyautogui, time

# Open a new message composition window
pyautogui.hotkey('ctrl', 'n')
time.sleep(0.5)
```
LINEAR AT: tag	name	text	class	description	position (top-left x&y)	size (w&h)
label	Home	Home			(1833, 939)	(40, 17)
push-button	Mail (Ctrl+1)	""			(77, 34)	(30, 30)
push-button	Address Book (Ctrl+2)	""			(77, 79)	(30, 30)
push-button	Calendar (Ctrl+3)	""			(77, 124)	(30, 30)
push-button	Tasks (Ctrl+4)	""			(77, 169)	(30, 30)
push-button	Chat (Ctrl+5)	""			(77, 214)	(30, 30)
push-button	Settings	""			(77, 903)	(30, 30)
push-button	Hide Spaces Toolbar	""			(77, 948)	(30, 30)
entry	Search:	""			(508, 34)	(901, 30)
push-button	Search	""			(1383, 34)	(26, 30)
push-button	AppMenu	""			(1779, 34)	(35, 30)
push-button	Minimize	""			(1818, 35)	(31, 28)
push-button	Restore Down	""			(1849, 35)	(34, 28)
push-button	Close	""			(1883, 35)	(31, 28)
push-button	Folder pane options	""			(340, 81)	(30, 30)
toggle-button	Quick Filter	Quick Filter			(960, 75)	(125, 31)
push-button	Message list display options	""			(1091, 75)	(30, 30)
document-web	Welcome to Freedom – Thunderbird	""			(1128, 72)	(792, 889)
link	ESR Channel	ESR Channel			(1144, 104)	(73, 19)
link	Donate	Donate 			(1799, 92)	(105, 42)
heading	Welcome to Freedom	Welcome to Freedom			(1315, 240)	(418, 40)
paragraph		Thunderbird is a gift from thousands of people like you. We hope you'll enjoy the productivity, privacy, and freedom they make possible and we invite you to become part of that gift to others.			(1204, 296)	(640, 86)
link	Participate	Participate			(1304, 430)	(151, 47)
link	Donate	Donate			(1471, 430)	(123, 47)
link	Get Help	Get Help			(1610, 430)	(134, 47)
heading	Free and Open Source	Free and Open Source			(1177, 598)	(315, 26)
paragraph		Thunderbird is now yours forever.			(1177, 628)	(315, 31)
paragraph		Thunderbird is developed openly and distributed freely. Our software license protects your right to use, modify, and share Thunderbird. Our mission is to protect your privacy and freedom.			(1177, 675)	(315, 128)
heading	Powered by Community	Powered by Community			(1556, 598)	(315, 26)
paragraph		You can become part of our story.			(1556, 628)	(315, 31)
paragraph		Anyone can contribute to Thunderbird. By donating, translating, answering questions, suggesting features, reporting bugs, and more, you make Thunderbird better for yourself and the world.			(1556, 675)	(315, 128)
section		Want new features sooner? Learn about . 			(1326, 876)	(396, 21)
link	Thunderbird Release	Thunderbird Release			(1584, 877)	(134, 18)
push-button	You are currently online.	""			(119, 962)	(20, 23)
label	Done	Done			(149, 965)	(1766, 17)
menu	Thunderbird Mail	""			(99, 0)	(173, 27)
menu	System	""			(1814, 0)	(106, 27)
push-button	Chromium Web Browser	""			(0, 33)	(70, 64)
push-button	Thunderbird Mail	""			(0, 101)	(70, 64)
push-button	Visual Studio Code	""			(0, 169)	(70, 64)
push-button	VLC media player	""			(0, 237)	(70, 64)
push-button	LibreOffice Writer	""			(0, 305)	(70, 64)
push-button	LibreOffice Calc	""			(0, 373)	(70, 64)
push-button	LibreOffice Impress	""			(0, 441)	(70, 64)
push-button	GNU Image Manipulation Program	""			(0, 509)	(70, 64)
push-button	Files	""			(0, 577)	(70, 64)
push-button	Ubuntu Software	""			(0, 645)	(70, 64)
push-button	Help	""			(0, 713)	(70, 64)
push-button	Trash	""			(0, 784)	(70, 64)
toggle-button	Show Applications	""			(0, 915)	(70, 70)
Generating content with GPT model: o4-mini
RESPONSE: Reflection: The compose window still hasn’t appeared, so instead of the shortcut I’ll directly click the “+ New Message” button in the mail pane.

```python
import pyautogui, time

# Click the "+ New Message" button
pyautogui.click(190, 125)  # approximate center of the New Message button
time.sleep(0.5)
```
LINEAR AT: tag	name	text	class	description	position (top-left x&y)	size (w&h)
label	Home	Home			(1833, 939)	(40, 17)
push-button	Mail (Ctrl+1)	""			(77, 34)	(30, 30)
push-button	Address Book (Ctrl+2)	""			(77, 79)	(30, 30)
push-button	Calendar (Ctrl+3)	""			(77, 124)	(30, 30)
push-button	Tasks (Ctrl+4)	""			(77, 169)	(30, 30)
push-button	Chat (Ctrl+5)	""			(77, 214)	(30, 30)
push-button	Settings	""			(77, 903)	(30, 30)
push-button	Hide Spaces Toolbar	""			(77, 948)	(30, 30)
entry	Search:	""			(508, 34)	(901, 30)
push-button	Search	""			(1383, 34)	(26, 30)
push-button	AppMenu	""			(1779, 34)	(35, 30)
push-button	Minimize	""			(1818, 35)	(31, 28)
push-button	Restore Down	""			(1849, 35)	(34, 28)
push-button	Close	""			(1883, 35)	(31, 28)
push-button	Folder pane options	""			(340, 81)	(30, 30)
toggle-button	Quick Filter	Quick Filter			(960, 75)	(125, 31)
push-button	Message list display options	""			(1091, 75)	(30, 30)
document-web	Welcome to Freedom – Thunderbird	""			(1128, 72)	(792, 889)
link	ESR Channel	ESR Channel			(1144, 104)	(73, 19)
link	Donate	Donate 			(1799, 92)	(105, 42)
heading	Welcome to Freedom	Welcome to Freedom			(1315, 240)	(418, 40)
paragraph		Thunderbird is a gift from thousands of people like you. We hope you'll enjoy the productivity, privacy, and freedom they make possible and we invite you to become part of that gift to others.			(1204, 296)	(640, 86)
link	Participate	Participate			(1304, 430)	(151, 47)
link	Donate	Donate			(1471, 430)	(123, 47)
link	Get Help	Get Help			(1610, 430)	(134, 47)
heading	Free and Open Source	Free and Open Source			(1177, 598)	(315, 26)
paragraph		Thunderbird is now yours forever.			(1177, 628)	(315, 31)
paragraph		Thunderbird is developed openly and distributed freely. Our software license protects your right to use, modify, and share Thunderbird. Our mission is to protect your privacy and freedom.			(1177, 675)	(315, 128)
heading	Powered by Community	Powered by Community			(1556, 598)	(315, 26)
paragraph		You can become part of our story.			(1556, 628)	(315, 31)
paragraph		Anyone can contribute to Thunderbird. By donating, translating, answering questions, suggesting features, reporting bugs, and more, you make Thunderbird better for yourself and the world.			(1556, 675)	(315, 128)
section		Want new features sooner? Learn about . 			(1326, 876)	(396, 21)
link	Thunderbird Release	Thunderbird Release			(1584, 877)	(134, 18)
push-button	You are currently online.	""			(119, 962)	(20, 23)
label	Done	Done			(149, 965)	(1766, 17)
menu	Thunderbird Mail	""			(99, 0)	(173, 27)
menu	System	""			(1814, 0)	(106, 27)
push-button	Chromium Web Browser	""			(0, 33)	(70, 64)
push-button	Thunderbird Mail	""			(0, 101)	(70, 64)
push-button	Visual Studio Code	""			(0, 169)	(70, 64)
push-button	VLC media player	""			(0, 237)	(70, 64)
push-button	LibreOffice Writer	""			(0, 305)	(70, 64)
push-button	LibreOffice Calc	""			(0, 373)	(70, 64)
push-button	LibreOffice Impress	""			(0, 441)	(70, 64)
push-button	GNU Image Manipulation Program	""			(0, 509)	(70, 64)
push-button	Files	""			(0, 577)	(70, 64)
push-button	Ubuntu Software	""			(0, 645)	(70, 64)
push-button	Help	""			(0, 713)	(70, 64)
push-button	Trash	""			(0, 784)	(70, 64)
toggle-button	Show Applications	""			(0, 915)	(70, 70)
Generating content with GPT model: o4-mini
RESPONSE: Reflection: The Thunderbird main window is still visible—no compose window opened yet. To begin attaching the PDF, I need to click the “+ New Message” button in the left pane to open the compose window.

```python
import pyautogui, time

# Click the "+ New Message" button to open a compose window
pyautogui.click(242, 153)  # approximate center of the "+ New Message" button
time.sleep(0.5)
```
LINEAR AT: tag	name	text	class	description	position (top-left x&y)	size (w&h)
label	Home	Home			(1833, 939)	(40, 17)
push-button	Mail (Ctrl+1)	""			(77, 34)	(30, 30)
push-button	Address Book (Ctrl+2)	""			(77, 79)	(30, 30)
push-button	Calendar (Ctrl+3)	""			(77, 124)	(30, 30)
push-button	Tasks (Ctrl+4)	""			(77, 169)	(30, 30)
push-button	Chat (Ctrl+5)	""			(77, 214)	(30, 30)
push-button	Settings	""			(77, 903)	(30, 30)
push-button	Hide Spaces Toolbar	""			(77, 948)	(30, 30)
entry	Search:	""			(508, 34)	(901, 30)
push-button	Search	""			(1383, 34)	(26, 30)
push-button	AppMenu	""			(1779, 34)	(35, 30)
push-button	Minimize	""			(1818, 35)	(31, 28)
push-button	Restore Down	""			(1849, 35)	(34, 28)
push-button	Close	""			(1883, 35)	(31, 28)
push-button	Folder pane options	""			(340, 81)	(30, 30)
toggle-button	Quick Filter	Quick Filter			(960, 75)	(125, 31)
push-button	Message list display options	""			(1091, 75)	(30, 30)
document-web	Welcome to Freedom – Thunderbird	""			(1128, 72)	(792, 889)
link	ESR Channel	ESR Channel			(1144, 104)	(73, 19)
link	Donate	Donate 			(1799, 92)	(105, 42)
heading	Welcome to Freedom	Welcome to Freedom			(1315, 240)	(418, 40)
paragraph		Thunderbird is a gift from thousands of people like you. We hope you'll enjoy the productivity, privacy, and freedom they make possible and we invite you to become part of that gift to others.			(1204, 296)	(640, 86)
link	Participate	Participate			(1304, 430)	(151, 47)
link	Donate	Donate			(1471, 430)	(123, 47)
link	Get Help	Get Help			(1610, 430)	(134, 47)
heading	Free and Open Source	Free and Open Source			(1177, 598)	(315, 26)
paragraph		Thunderbird is now yours forever.			(1177, 628)	(315, 31)
paragraph		Thunderbird is developed openly and distributed freely. Our software license protects your right to use, modify, and share Thunderbird. Our mission is to protect your privacy and freedom.			(1177, 675)	(315, 128)
heading	Powered by Community	Powered by Community			(1556, 598)	(315, 26)
paragraph		You can become part of our story.			(1556, 628)	(315, 31)
paragraph		Anyone can contribute to Thunderbird. By donating, translating, answering questions, suggesting features, reporting bugs, and more, you make Thunderbird better for yourself and the world.			(1556, 675)	(315, 128)
section		Want new features sooner? Learn about . 			(1326, 876)	(396, 21)
link	Thunderbird Release	Thunderbird Release			(1584, 877)	(134, 18)
push-button	You are currently online.	""			(119, 962)	(20, 23)
label	Done	Done			(149, 965)	(1766, 17)
menu	Thunderbird Mail	""			(99, 0)	(173, 27)
menu	System	""			(1814, 0)	(106, 27)
push-button	Chromium Web Browser	""			(0, 33)	(70, 64)
push-button	Thunderbird Mail	""			(0, 101)	(70, 64)
push-button	Visual Studio Code	""			(0, 169)	(70, 64)
push-button	VLC media player	""			(0, 237)	(70, 64)
push-button	LibreOffice Writer	""			(0, 305)	(70, 64)
push-button	LibreOffice Calc	""			(0, 373)	(70, 64)
push-button	LibreOffice Impress	""			(0, 441)	(70, 64)
push-button	GNU Image Manipulation Program	""			(0, 509)	(70, 64)
push-button	Files	""			(0, 577)	(70, 64)
push-button	Ubuntu Software	""			(0, 645)	(70, 64)
push-button	Help	""			(0, 713)	(70, 64)
push-button	Trash	""			(0, 784)	(70, 64)
toggle-button	Show Applications	""			(0, 915)	(70, 70)
Generating content with GPT model: o4-mini
RESPONSE: Reflection: To attach the AWS bill I first need to open a compose window. The next step is to click the “+ New Message” button in the mail pane to bring up the new‐message editor.

```python
import pyautogui, time

# Click the "+ New Message" button to open a compose window
pyautogui.click(250, 150)  # approximate center of the "+ New Message" button
time.sleep(0.5)
```
LINEAR AT: tag	name	text	class	description	position (top-left x&y)	size (w&h)
label	Home	Home			(1833, 939)	(40, 17)
push-button	Mail (Ctrl+1)	""			(77, 34)	(30, 30)
push-button	Address Book (Ctrl+2)	""			(77, 79)	(30, 30)
push-button	Calendar (Ctrl+3)	""			(77, 124)	(30, 30)
push-button	Tasks (Ctrl+4)	""			(77, 169)	(30, 30)
push-button	Chat (Ctrl+5)	""			(77, 214)	(30, 30)
push-button	Settings	""			(77, 903)	(30, 30)
push-button	Hide Spaces Toolbar	""			(77, 948)	(30, 30)
entry	Search:	""			(508, 34)	(901, 30)
push-button	Search	""			(1383, 34)	(26, 30)
push-button	AppMenu	""			(1779, 34)	(35, 30)
push-button	Minimize	""			(1818, 35)	(31, 28)
push-button	Restore Down	""			(1849, 35)	(34, 28)
push-button	Close	""			(1883, 35)	(31, 28)
push-button	Folder pane options	""			(340, 81)	(30, 30)
toggle-button	Quick Filter	Quick Filter			(960, 75)	(125, 31)
push-button	Message list display options	""			(1091, 75)	(30, 30)
document-web	Welcome to Freedom – Thunderbird	""			(1128, 72)	(792, 889)
link	ESR Channel	ESR Channel			(1144, 104)	(73, 19)
link	Donate	Donate 			(1799, 92)	(105, 42)
heading	Welcome to Freedom	Welcome to Freedom			(1315, 240)	(418, 40)
paragraph		Thunderbird is a gift from thousands of people like you. We hope you'll enjoy the productivity, privacy, and freedom they make possible and we invite you to become part of that gift to others.			(1204, 296)	(640, 86)
link	Participate	Participate			(1304, 430)	(151, 47)
link	Donate	Donate			(1471, 430)	(123, 47)
link	Get Help	Get Help			(1610, 430)	(134, 47)
heading	Free and Open Source	Free and Open Source			(1177, 598)	(315, 26)
paragraph		Thunderbird is now yours forever.			(1177, 628)	(315, 31)
paragraph		Thunderbird is developed openly and distributed freely. Our software license protects your right to use, modify, and share Thunderbird. Our mission is to protect your privacy and freedom.			(1177, 675)	(315, 128)
heading	Powered by Community	Powered by Community			(1556, 598)	(315, 26)
paragraph		You can become part of our story.			(1556, 628)	(315, 31)
paragraph		Anyone can contribute to Thunderbird. By donating, translating, answering questions, suggesting features, reporting bugs, and more, you make Thunderbird better for yourself and the world.			(1556, 675)	(315, 128)
section		Want new features sooner? Learn about . 			(1326, 876)	(396, 21)
link	Thunderbird Release	Thunderbird Release			(1584, 877)	(134, 18)
push-button	You are currently online.	""			(119, 962)	(20, 23)
label	Done	Done			(149, 965)	(1766, 17)
menu	Thunderbird Mail	""			(99, 0)	(173, 27)
menu	System	""			(1814, 0)	(106, 27)
push-button	Chromium Web Browser	""			(0, 33)	(70, 64)
push-button	Thunderbird Mail	""			(0, 101)	(70, 64)
push-button	Visual Studio Code	""			(0, 169)	(70, 64)
push-button	VLC media player	""			(0, 237)	(70, 64)
push-button	LibreOffice Writer	""			(0, 305)	(70, 64)
push-button	LibreOffice Calc	""			(0, 373)	(70, 64)
push-button	LibreOffice Impress	""			(0, 441)	(70, 64)
push-button	GNU Image Manipulation Program	""			(0, 509)	(70, 64)
push-button	Files	""			(0, 577)	(70, 64)
push-button	Ubuntu Software	""			(0, 645)	(70, 64)
push-button	Help	""			(0, 713)	(70, 64)
push-button	Trash	""			(0, 784)	(70, 64)
toggle-button	Show Applications	""			(0, 915)	(70, 70)
Generating content with GPT model: o4-mini
RESPONSE: Reflection: The main Thunderbird view is still displayed. To attach the PDF I first need to open a compose window by clicking the “New Message” button in the left pane.

```python
import pyautogui, time

# Open a new compose window
pyautogui.click(220, 150)  # approximate center of the "New Message" button
time.sleep(0.5)
```
LINEAR AT: tag	name	text	class	description	position (top-left x&y)	size (w&h)
label	Home	Home			(1833, 939)	(40, 17)
push-button	Mail (Ctrl+1)	""			(77, 34)	(30, 30)
push-button	Address Book (Ctrl+2)	""			(77, 79)	(30, 30)
push-button	Calendar (Ctrl+3)	""			(77, 124)	(30, 30)
push-button	Tasks (Ctrl+4)	""			(77, 169)	(30, 30)
push-button	Chat (Ctrl+5)	""			(77, 214)	(30, 30)
push-button	Settings	""			(77, 903)	(30, 30)
push-button	Hide Spaces Toolbar	""			(77, 948)	(30, 30)
entry	Search:	""			(508, 34)	(901, 30)
push-button	Search	""			(1383, 34)	(26, 30)
push-button	AppMenu	""			(1779, 34)	(35, 30)
push-button	Minimize	""			(1818, 35)	(31, 28)
push-button	Restore Down	""			(1849, 35)	(34, 28)
push-button	Close	""			(1883, 35)	(31, 28)
push-button	Folder pane options	""			(340, 81)	(30, 30)
toggle-button	Quick Filter	Quick Filter			(960, 75)	(125, 31)
push-button	Message list display options	""			(1091, 75)	(30, 30)
document-web	Welcome to Freedom – Thunderbird	""			(1128, 72)	(792, 889)
link	ESR Channel	ESR Channel			(1144, 104)	(73, 19)
link	Donate	Donate 			(1799, 92)	(105, 42)
heading	Welcome to Freedom	Welcome to Freedom			(1315, 240)	(418, 40)
paragraph		Thunderbird is a gift from thousands of people like you. We hope you'll enjoy the productivity, privacy, and freedom they make possible and we invite you to become part of that gift to others.			(1204, 296)	(640, 86)
link	Participate	Participate			(1304, 430)	(151, 47)
link	Donate	Donate			(1471, 430)	(123, 47)
link	Get Help	Get Help			(1610, 430)	(134, 47)
heading	Free and Open Source	Free and Open Source			(1177, 598)	(315, 26)
paragraph		Thunderbird is now yours forever.			(1177, 628)	(315, 31)
paragraph		Thunderbird is developed openly and distributed freely. Our software license protects your right to use, modify, and share Thunderbird. Our mission is to protect your privacy and freedom.			(1177, 675)	(315, 128)
heading	Powered by Community	Powered by Community			(1556, 598)	(315, 26)
paragraph		You can become part of our story.			(1556, 628)	(315, 31)
paragraph		Anyone can contribute to Thunderbird. By donating, translating, answering questions, suggesting features, reporting bugs, and more, you make Thunderbird better for yourself and the world.			(1556, 675)	(315, 128)
section		Want new features sooner? Learn about . 			(1326, 876)	(396, 21)
link	Thunderbird Release	Thunderbird Release			(1584, 877)	(134, 18)
push-button	You are currently online.	""			(119, 962)	(20, 23)
label	Done	Done			(149, 965)	(1766, 17)
menu	Thunderbird Mail	""			(99, 0)	(173, 27)
menu	System	""			(1814, 0)	(106, 27)
push-button	Chromium Web Browser	""			(0, 33)	(70, 64)
push-button	Thunderbird Mail	""			(0, 101)	(70, 64)
push-button	Visual Studio Code	""			(0, 169)	(70, 64)
push-button	VLC media player	""			(0, 237)	(70, 64)
push-button	LibreOffice Writer	""			(0, 305)	(70, 64)
push-button	LibreOffice Calc	""			(0, 373)	(70, 64)
push-button	LibreOffice Impress	""			(0, 441)	(70, 64)
push-button	GNU Image Manipulation Program	""			(0, 509)	(70, 64)
push-button	Files	""			(0, 577)	(70, 64)
push-button	Ubuntu Software	""			(0, 645)	(70, 64)
push-button	Help	""			(0, 713)	(70, 64)
push-button	Trash	""			(0, 784)	(70, 64)
toggle-button	Show Applications	""			(0, 915)	(70, 70)
Generating content with GPT model: o4-mini
RESPONSE: Reflection: The Thunderbird main view is still shown and no compose window is open yet. To attach the PDF, I first need to open a new message compose window by clicking the “+ New Message” button in the left pane.

```python
import pyautogui, time

# Open a new compose window
pyautogui.click(235, 155)  # click on "+ New Message"
time.sleep(0.5)
```
LINEAR AT: tag	name	text	class	description	position (top-left x&y)	size (w&h)
label	Home	Home			(1833, 939)	(40, 17)
push-button	Mail (Ctrl+1)	""			(77, 34)	(30, 30)
push-button	Address Book (Ctrl+2)	""			(77, 79)	(30, 30)
push-button	Calendar (Ctrl+3)	""			(77, 124)	(30, 30)
push-button	Tasks (Ctrl+4)	""			(77, 169)	(30, 30)
push-button	Chat (Ctrl+5)	""			(77, 214)	(30, 30)
push-button	Settings	""			(77, 903)	(30, 30)
push-button	Hide Spaces Toolbar	""			(77, 948)	(30, 30)
entry	Search:	""			(508, 34)	(901, 30)
push-button	Search	""			(1383, 34)	(26, 30)
push-button	AppMenu	""			(1779, 34)	(35, 30)
push-button	Minimize	""			(1818, 35)	(31, 28)
push-button	Restore Down	""			(1849, 35)	(34, 28)
push-button	Close	""			(1883, 35)	(31, 28)
push-button	Folder pane options	""			(340, 81)	(30, 30)
toggle-button	Quick Filter	Quick Filter			(960, 75)	(125, 31)
push-button	Message list display options	""			(1091, 75)	(30, 30)
document-web	Welcome to Freedom – Thunderbird	""			(1128, 72)	(792, 889)
link	ESR Channel	ESR Channel			(1144, 104)	(73, 19)
link	Donate	Donate 			(1799, 92)	(105, 42)
heading	Welcome to Freedom	Welcome to Freedom			(1315, 240)	(418, 40)
paragraph		Thunderbird is a gift from thousands of people like you. We hope you'll enjoy the productivity, privacy, and freedom they make possible and we invite you to become part of that gift to others.			(1204, 296)	(640, 86)
link	Participate	Participate			(1304, 430)	(151, 47)
link	Donate	Donate			(1471, 430)	(123, 47)
link	Get Help	Get Help			(1610, 430)	(134, 47)
heading	Free and Open Source	Free and Open Source			(1177, 598)	(315, 26)
paragraph		Thunderbird is now yours forever.			(1177, 628)	(315, 31)
paragraph		Thunderbird is developed openly and distributed freely. Our software license protects your right to use, modify, and share Thunderbird. Our mission is to protect your privacy and freedom.			(1177, 675)	(315, 128)
heading	Powered by Community	Powered by Community			(1556, 598)	(315, 26)
paragraph		You can become part of our story.			(1556, 628)	(315, 31)
paragraph		Anyone can contribute to Thunderbird. By donating, translating, answering questions, suggesting features, reporting bugs, and more, you make Thunderbird better for yourself and the world.			(1556, 675)	(315, 128)
section		Want new features sooner? Learn about . 			(1326, 876)	(396, 21)
link	Thunderbird Release	Thunderbird Release			(1584, 877)	(134, 18)
push-button	You are currently online.	""			(119, 962)	(20, 23)
label	Done	Done			(149, 965)	(1766, 17)
menu	Thunderbird Mail	""			(99, 0)	(173, 27)
menu	System	""			(1814, 0)	(106, 27)
push-button	Chromium Web Browser	""			(0, 33)	(70, 64)
push-button	Thunderbird Mail	""			(0, 101)	(70, 64)
push-button	Visual Studio Code	""			(0, 169)	(70, 64)
push-button	VLC media player	""			(0, 237)	(70, 64)
push-button	LibreOffice Writer	""			(0, 305)	(70, 64)
push-button	LibreOffice Calc	""			(0, 373)	(70, 64)
push-button	LibreOffice Impress	""			(0, 441)	(70, 64)
push-button	GNU Image Manipulation Program	""			(0, 509)	(70, 64)
push-button	Files	""			(0, 577)	(70, 64)
push-button	Ubuntu Software	""			(0, 645)	(70, 64)
push-button	Help	""			(0, 713)	(70, 64)
push-button	Trash	""			(0, 784)	(70, 64)
toggle-button	Show Applications	""			(0, 915)	(70, 70)
Generating content with GPT model: o4-mini
RESPONSE: Reflection: The main Thunderbird window is still displayed and no compose window is open. To attach the PDF I first need to open a new message. The next step is to click the “+ New Message” button.

```python
import pyautogui, time

# Click the "+ New Message" button to open the compose window
pyautogui.click(235, 150)  # approximate center of the "+ New Message" button
time.sleep(0.5)
```
LINEAR AT: tag	name	text	class	description	position (top-left x&y)	size (w&h)
label	Home	Home			(1833, 939)	(40, 17)
push-button	Mail (Ctrl+1)	""			(77, 34)	(30, 30)
push-button	Address Book (Ctrl+2)	""			(77, 79)	(30, 30)
push-button	Calendar (Ctrl+3)	""			(77, 124)	(30, 30)
push-button	Tasks (Ctrl+4)	""			(77, 169)	(30, 30)
push-button	Chat (Ctrl+5)	""			(77, 214)	(30, 30)
push-button	Settings	""			(77, 903)	(30, 30)
push-button	Hide Spaces Toolbar	""			(77, 948)	(30, 30)
entry	Search:	""			(508, 34)	(901, 30)
push-button	Search	""			(1383, 34)	(26, 30)
push-button	AppMenu	""			(1779, 34)	(35, 30)
push-button	Minimize	""			(1818, 35)	(31, 28)
push-button	Restore Down	""			(1849, 35)	(34, 28)
push-button	Close	""			(1883, 35)	(31, 28)
push-button	Folder pane options	""			(340, 81)	(30, 30)
toggle-button	Quick Filter	Quick Filter			(960, 75)	(125, 31)
push-button	Message list display options	""			(1091, 75)	(30, 30)
document-web	Welcome to Freedom – Thunderbird	""			(1128, 72)	(792, 889)
link	ESR Channel	ESR Channel			(1144, 104)	(73, 19)
link	Donate	Donate 			(1799, 92)	(105, 42)
heading	Welcome to Freedom	Welcome to Freedom			(1315, 240)	(418, 40)
paragraph		Thunderbird is a gift from thousands of people like you. We hope you'll enjoy the productivity, privacy, and freedom they make possible and we invite you to become part of that gift to others.			(1204, 296)	(640, 86)
link	Participate	Participate			(1304, 430)	(151, 47)
link	Donate	Donate			(1471, 430)	(123, 47)
link	Get Help	Get Help			(1610, 430)	(134, 47)
heading	Free and Open Source	Free and Open Source			(1177, 598)	(315, 26)
paragraph		Thunderbird is now yours forever.			(1177, 628)	(315, 31)
paragraph		Thunderbird is developed openly and distributed freely. Our software license protects your right to use, modify, and share Thunderbird. Our mission is to protect your privacy and freedom.			(1177, 675)	(315, 128)
heading	Powered by Community	Powered by Community			(1556, 598)	(315, 26)
paragraph		You can become part of our story.			(1556, 628)	(315, 31)
paragraph		Anyone can contribute to Thunderbird. By donating, translating, answering questions, suggesting features, reporting bugs, and more, you make Thunderbird better for yourself and the world.			(1556, 675)	(315, 128)
section		Want new features sooner? Learn about . 			(1326, 876)	(396, 21)
link	Thunderbird Release	Thunderbird Release			(1584, 877)	(134, 18)
push-button	You are currently online.	""			(119, 962)	(20, 23)
label	Done	Done			(149, 965)	(1766, 17)
menu	Thunderbird Mail	""			(99, 0)	(173, 27)
menu	System	""			(1814, 0)	(106, 27)
push-button	Chromium Web Browser	""			(0, 33)	(70, 64)
push-button	Thunderbird Mail	""			(0, 101)	(70, 64)
push-button	Visual Studio Code	""			(0, 169)	(70, 64)
push-button	VLC media player	""			(0, 237)	(70, 64)
push-button	LibreOffice Writer	""			(0, 305)	(70, 64)
push-button	LibreOffice Calc	""			(0, 373)	(70, 64)
push-button	LibreOffice Impress	""			(0, 441)	(70, 64)
push-button	GNU Image Manipulation Program	""			(0, 509)	(70, 64)
push-button	Files	""			(0, 577)	(70, 64)
push-button	Ubuntu Software	""			(0, 645)	(70, 64)
push-button	Help	""			(0, 713)	(70, 64)
push-button	Trash	""			(0, 784)	(70, 64)
toggle-button	Show Applications	""			(0, 915)	(70, 70)
Generating content with GPT model: o4-mini
RESPONSE: Reflection: We need a compose window to attach the PDF. The next step is to open a new message by clicking the “+ New Message” button in the Thunderbird toolbar.

```python
import pyautogui, time

# Open a new compose window
pyautogui.click(235, 150)  # click the "+ New Message" button
time.sleep(0.5)
```
LINEAR AT: tag	name	text	class	description	position (top-left x&y)	size (w&h)
label	Home	Home			(1833, 939)	(40, 17)
push-button	Mail (Ctrl+1)	""			(77, 34)	(30, 30)
push-button	Address Book (Ctrl+2)	""			(77, 79)	(30, 30)
push-button	Calendar (Ctrl+3)	""			(77, 124)	(30, 30)
push-button	Tasks (Ctrl+4)	""			(77, 169)	(30, 30)
push-button	Chat (Ctrl+5)	""			(77, 214)	(30, 30)
push-button	Settings	""			(77, 903)	(30, 30)
push-button	Hide Spaces Toolbar	""			(77, 948)	(30, 30)
entry	Search:	""			(508, 34)	(901, 30)
push-button	Search	""			(1383, 34)	(26, 30)
push-button	AppMenu	""			(1779, 34)	(35, 30)
push-button	Minimize	""			(1818, 35)	(31, 28)
push-button	Restore Down	""			(1849, 35)	(34, 28)
push-button	Close	""			(1883, 35)	(31, 28)
push-button	Folder pane options	""			(340, 81)	(30, 30)
toggle-button	Quick Filter	Quick Filter			(960, 75)	(125, 31)
push-button	Message list display options	""			(1091, 75)	(30, 30)
document-web	Welcome to Freedom – Thunderbird	""			(1128, 72)	(792, 889)
link	ESR Channel	ESR Channel			(1144, 104)	(73, 19)
link	Donate	Donate 			(1799, 92)	(105, 42)
heading	Welcome to Freedom	Welcome to Freedom			(1315, 240)	(418, 40)
paragraph		Thunderbird is a gift from thousands of people like you. We hope you'll enjoy the productivity, privacy, and freedom they make possible and we invite you to become part of that gift to others.			(1204, 296)	(640, 86)
link	Participate	Participate			(1304, 430)	(151, 47)
link	Donate	Donate			(1471, 430)	(123, 47)
link	Get Help	Get Help			(1610, 430)	(134, 47)
heading	Free and Open Source	Free and Open Source			(1177, 598)	(315, 26)
paragraph		Thunderbird is now yours forever.			(1177, 628)	(315, 31)
paragraph		Thunderbird is developed openly and distributed freely. Our software license protects your right to use, modify, and share Thunderbird. Our mission is to protect your privacy and freedom.			(1177, 675)	(315, 128)
heading	Powered by Community	Powered by Community			(1556, 598)	(315, 26)
paragraph		You can become part of our story.			(1556, 628)	(315, 31)
paragraph		Anyone can contribute to Thunderbird. By donating, translating, answering questions, suggesting features, reporting bugs, and more, you make Thunderbird better for yourself and the world.			(1556, 675)	(315, 128)
section		Want new features sooner? Learn about . 			(1326, 876)	(396, 21)
link	Thunderbird Release	Thunderbird Release			(1584, 877)	(134, 18)
push-button	You are currently online.	""			(119, 962)	(20, 23)
label	Done	Done			(149, 965)	(1766, 17)
menu	Thunderbird Mail	""			(99, 0)	(173, 27)
menu	System	""			(1814, 0)	(106, 27)
push-button	Chromium Web Browser	""			(0, 33)	(70, 64)
push-button	Thunderbird Mail	""			(0, 101)	(70, 64)
push-button	Visual Studio Code	""			(0, 169)	(70, 64)
push-button	VLC media player	""			(0, 237)	(70, 64)
push-button	LibreOffice Writer	""			(0, 305)	(70, 64)
push-button	LibreOffice Calc	""			(0, 373)	(70, 64)
push-button	LibreOffice Impress	""			(0, 441)	(70, 64)
push-button	GNU Image Manipulation Program	""			(0, 509)	(70, 64)
push-button	Files	""			(0, 577)	(70, 64)
push-button	Ubuntu Software	""			(0, 645)	(70, 64)
push-button	Help	""			(0, 713)	(70, 64)
push-button	Trash	""			(0, 784)	(70, 64)
toggle-button	Show Applications	""			(0, 915)	(70, 70)
Generating content with GPT model: o4-mini
RESPONSE: Reflection: The main Thunderbird window is still displayed and no compose dialog is open yet.  
Next step: Click the “+ New Message” button to open a new message compose window.
LINEAR AT: tag	name	text	class	description	position (top-left x&y)	size (w&h)
label	Home	Home			(1833, 939)	(40, 17)
push-button	Mail (Ctrl+1)	""			(77, 34)	(30, 30)
push-button	Address Book (Ctrl+2)	""			(77, 79)	(30, 30)
push-button	Calendar (Ctrl+3)	""			(77, 124)	(30, 30)
push-button	Tasks (Ctrl+4)	""			(77, 169)	(30, 30)
push-button	Chat (Ctrl+5)	""			(77, 214)	(30, 30)
push-button	Settings	""			(77, 903)	(30, 30)
push-button	Hide Spaces Toolbar	""			(77, 948)	(30, 30)
entry	Search:	""			(508, 34)	(901, 30)
push-button	Search	""			(1383, 34)	(26, 30)
push-button	AppMenu	""			(1779, 34)	(35, 30)
push-button	Minimize	""			(1818, 35)	(31, 28)
push-button	Restore Down	""			(1849, 35)	(34, 28)
push-button	Close	""			(1883, 35)	(31, 28)
push-button	Folder pane options	""			(340, 81)	(30, 30)
toggle-button	Quick Filter	Quick Filter			(960, 75)	(125, 31)
push-button	Message list display options	""			(1091, 75)	(30, 30)
document-web	Welcome to Freedom – Thunderbird	""			(1128, 72)	(792, 889)
link	ESR Channel	ESR Channel			(1144, 104)	(73, 19)
link	Donate	Donate 			(1799, 92)	(105, 42)
heading	Welcome to Freedom	Welcome to Freedom			(1315, 240)	(418, 40)
paragraph		Thunderbird is a gift from thousands of people like you. We hope you'll enjoy the productivity, privacy, and freedom they make possible and we invite you to become part of that gift to others.			(1204, 296)	(640, 86)
link	Participate	Participate			(1304, 430)	(151, 47)
link	Donate	Donate			(1471, 430)	(123, 47)
link	Get Help	Get Help			(1610, 430)	(134, 47)
heading	Free and Open Source	Free and Open Source			(1177, 598)	(315, 26)
paragraph		Thunderbird is now yours forever.			(1177, 628)	(315, 31)
paragraph		Thunderbird is developed openly and distributed freely. Our software license protects your right to use, modify, and share Thunderbird. Our mission is to protect your privacy and freedom.			(1177, 675)	(315, 128)
heading	Powered by Community	Powered by Community			(1556, 598)	(315, 26)
paragraph		You can become part of our story.			(1556, 628)	(315, 31)
paragraph		Anyone can contribute to Thunderbird. By donating, translating, answering questions, suggesting features, reporting bugs, and more, you make Thunderbird better for yourself and the world.			(1556, 675)	(315, 128)
section		Want new features sooner? Learn about . 			(1326, 876)	(396, 21)
link	Thunderbird Release	Thunderbird Release			(1584, 877)	(134, 18)
push-button	You are currently online.	""			(119, 962)	(20, 23)
label	Done	Done			(149, 965)	(1766, 17)
menu	Thunderbird Mail	""			(99, 0)	(173, 27)
menu	System	""			(1814, 0)	(106, 27)
push-button	Chromium Web Browser	""			(0, 33)	(70, 64)
push-button	Thunderbird Mail	""			(0, 101)	(70, 64)
push-button	Visual Studio Code	""			(0, 169)	(70, 64)
push-button	VLC media player	""			(0, 237)	(70, 64)
push-button	LibreOffice Writer	""			(0, 305)	(70, 64)
push-button	LibreOffice Calc	""			(0, 373)	(70, 64)
push-button	LibreOffice Impress	""			(0, 441)	(70, 64)
push-button	GNU Image Manipulation Program	""			(0, 509)	(70, 64)
push-button	Files	""			(0, 577)	(70, 64)
push-button	Ubuntu Software	""			(0, 645)	(70, 64)
push-button	Help	""			(0, 713)	(70, 64)
push-button	Trash	""			(0, 784)	(70, 64)
toggle-button	Show Applications	""			(0, 915)	(70, 70)
Generating content with GPT model: o4-mini
RESPONSE: Reflection: The main Thunderbird view is still showing the welcome page and no compose window is open yet. To attach the AWS bill PDF, we first need to open a new message compose window.

```python
import pyautogui, time

# Click the "+ New Message" button to open the compose window
pyautogui.click(235, 150)  # approximate center of the "+ New Message" button
time.sleep(0.5)
```
LINEAR AT: tag	name	text	class	description	position (top-left x&y)	size (w&h)
label	Home	Home			(1833, 939)	(40, 17)
push-button	Mail (Ctrl+1)	""			(77, 34)	(30, 30)
push-button	Address Book (Ctrl+2)	""			(77, 79)	(30, 30)
push-button	Calendar (Ctrl+3)	""			(77, 124)	(30, 30)
push-button	Tasks (Ctrl+4)	""			(77, 169)	(30, 30)
push-button	Chat (Ctrl+5)	""			(77, 214)	(30, 30)
push-button	Settings	""			(77, 903)	(30, 30)
push-button	Hide Spaces Toolbar	""			(77, 948)	(30, 30)
entry	Search:	""			(508, 34)	(901, 30)
push-button	Search	""			(1383, 34)	(26, 30)
push-button	AppMenu	""			(1779, 34)	(35, 30)
push-button	Minimize	""			(1818, 35)	(31, 28)
push-button	Restore Down	""			(1849, 35)	(34, 28)
push-button	Close	""			(1883, 35)	(31, 28)
push-button	Folder pane options	""			(340, 81)	(30, 30)
toggle-button	Quick Filter	Quick Filter			(960, 75)	(125, 31)
push-button	Message list display options	""			(1091, 75)	(30, 30)
document-web	Welcome to Freedom – Thunderbird	""			(1128, 72)	(792, 889)
link	ESR Channel	ESR Channel			(1144, 104)	(73, 19)
link	Donate	Donate 			(1799, 92)	(105, 42)
heading	Welcome to Freedom	Welcome to Freedom			(1315, 240)	(418, 40)
paragraph		Thunderbird is a gift from thousands of people like you. We hope you'll enjoy the productivity, privacy, and freedom they make possible and we invite you to become part of that gift to others.			(1204, 296)	(640, 86)
link	Participate	Participate			(1304, 430)	(151, 47)
link	Donate	Donate			(1471, 430)	(123, 47)
link	Get Help	Get Help			(1610, 430)	(134, 47)
heading	Free and Open Source	Free and Open Source			(1177, 598)	(315, 26)
paragraph		Thunderbird is now yours forever.			(1177, 628)	(315, 31)
paragraph		Thunderbird is developed openly and distributed freely. Our software license protects your right to use, modify, and share Thunderbird. Our mission is to protect your privacy and freedom.			(1177, 675)	(315, 128)
heading	Powered by Community	Powered by Community			(1556, 598)	(315, 26)
paragraph		You can become part of our story.			(1556, 628)	(315, 31)
paragraph		Anyone can contribute to Thunderbird. By donating, translating, answering questions, suggesting features, reporting bugs, and more, you make Thunderbird better for yourself and the world.			(1556, 675)	(315, 128)
section		Want new features sooner? Learn about . 			(1326, 876)	(396, 21)
link	Thunderbird Release	Thunderbird Release			(1584, 877)	(134, 18)
push-button	You are currently online.	""			(119, 962)	(20, 23)
label	Done	Done			(149, 965)	(1766, 17)
menu	Thunderbird Mail	""			(99, 0)	(173, 27)
menu	System	""			(1814, 0)	(106, 27)
push-button	Chromium Web Browser	""			(0, 33)	(70, 64)
push-button	Thunderbird Mail	""			(0, 101)	(70, 64)
push-button	Visual Studio Code	""			(0, 169)	(70, 64)
push-button	VLC media player	""			(0, 237)	(70, 64)
push-button	LibreOffice Writer	""			(0, 305)	(70, 64)
push-button	LibreOffice Calc	""			(0, 373)	(70, 64)
push-button	LibreOffice Impress	""			(0, 441)	(70, 64)
push-button	GNU Image Manipulation Program	""			(0, 509)	(70, 64)
push-button	Files	""			(0, 577)	(70, 64)
push-button	Ubuntu Software	""			(0, 645)	(70, 64)
push-button	Help	""			(0, 713)	(70, 64)
push-button	Trash	""			(0, 784)	(70, 64)
toggle-button	Show Applications	""			(0, 915)	(70, 70)
Generating content with GPT model: o4-mini
RESPONSE: Reflection: We’re still on the main Thunderbird welcome screen and no compose window is open. To attach the PDF, we first need to open a new message.

```python
import pyautogui, time

# Click the "+ New Message" button to open the compose window
pyautogui.click(235, 150)
time.sleep(0.5)
```
LINEAR AT: tag	name	text	class	description	position (top-left x&y)	size (w&h)
label	Home	Home			(1833, 939)	(40, 17)
push-button	Mail (Ctrl+1)	""			(77, 34)	(30, 30)
push-button	Address Book (Ctrl+2)	""			(77, 79)	(30, 30)
push-button	Calendar (Ctrl+3)	""			(77, 124)	(30, 30)
push-button	Tasks (Ctrl+4)	""			(77, 169)	(30, 30)
push-button	Chat (Ctrl+5)	""			(77, 214)	(30, 30)
push-button	Settings	""			(77, 903)	(30, 30)
push-button	Hide Spaces Toolbar	""			(77, 948)	(30, 30)
entry	Search:	""			(508, 34)	(901, 30)
push-button	Search	""			(1383, 34)	(26, 30)
push-button	AppMenu	""			(1779, 34)	(35, 30)
push-button	Minimize	""			(1818, 35)	(31, 28)
push-button	Restore Down	""			(1849, 35)	(34, 28)
push-button	Close	""			(1883, 35)	(31, 28)
push-button	Folder pane options	""			(340, 81)	(30, 30)
toggle-button	Quick Filter	Quick Filter			(960, 75)	(125, 31)
push-button	Message list display options	""			(1091, 75)	(30, 30)
document-web	Welcome to Freedom – Thunderbird	""			(1128, 72)	(792, 889)
link	ESR Channel	ESR Channel			(1144, 104)	(73, 19)
link	Donate	Donate 			(1799, 92)	(105, 42)
heading	Welcome to Freedom	Welcome to Freedom			(1315, 240)	(418, 40)
paragraph		Thunderbird is a gift from thousands of people like you. We hope you'll enjoy the productivity, privacy, and freedom they make possible and we invite you to become part of that gift to others.			(1204, 296)	(640, 86)
link	Participate	Participate			(1304, 430)	(151, 47)
link	Donate	Donate			(1471, 430)	(123, 47)
link	Get Help	Get Help			(1610, 430)	(134, 47)
heading	Free and Open Source	Free and Open Source			(1177, 598)	(315, 26)
paragraph		Thunderbird is now yours forever.			(1177, 628)	(315, 31)
paragraph		Thunderbird is developed openly and distributed freely. Our software license protects your right to use, modify, and share Thunderbird. Our mission is to protect your privacy and freedom.			(1177, 675)	(315, 128)
heading	Powered by Community	Powered by Community			(1556, 598)	(315, 26)
paragraph		You can become part of our story.			(1556, 628)	(315, 31)
paragraph		Anyone can contribute to Thunderbird. By donating, translating, answering questions, suggesting features, reporting bugs, and more, you make Thunderbird better for yourself and the world.			(1556, 675)	(315, 128)
section		Want new features sooner? Learn about . 			(1326, 876)	(396, 21)
link	Thunderbird Release	Thunderbird Release			(1584, 877)	(134, 18)
push-button	You are currently online.	""			(119, 962)	(20, 23)
label	Done	Done			(149, 965)	(1766, 17)
menu	Thunderbird Mail	""			(99, 0)	(173, 27)
menu	System	""			(1814, 0)	(106, 27)
push-button	Chromium Web Browser	""			(0, 33)	(70, 64)
push-button	Thunderbird Mail	""			(0, 101)	(70, 64)
push-button	Visual Studio Code	""			(0, 169)	(70, 64)
push-button	VLC media player	""			(0, 237)	(70, 64)
push-button	LibreOffice Writer	""			(0, 305)	(70, 64)
push-button	LibreOffice Calc	""			(0, 373)	(70, 64)
push-button	LibreOffice Impress	""			(0, 441)	(70, 64)
push-button	GNU Image Manipulation Program	""			(0, 509)	(70, 64)
push-button	Files	""			(0, 577)	(70, 64)
push-button	Ubuntu Software	""			(0, 645)	(70, 64)
push-button	Help	""			(0, 713)	(70, 64)
push-button	Trash	""			(0, 784)	(70, 64)
toggle-button	Show Applications	""			(0, 915)	(70, 70)
Generating content with GPT model: o4-mini
RESPONSE: Reflection: The Thunderbird main window is still showing the welcome view and no compose window is open yet.  
Next step: Click the “+ New Message” button in the top-left pane to open a new email compose window.
