LINEAR AT: tag	name	text	class	description	position (top-left x&y)	size (w&h)
label	Home	Home			(1833, 939)	(40, 17)
menu	System	""			(1814, 0)	(106, 27)
push-button	Chromium Web Browser	""			(0, 33)	(70, 64)
push-button	Thunderbird Mail	""			(0, 101)	(70, 64)
push-button	Visual Studio Code	""			(0, 169)	(70, 64)
push-button	VLC media player	""			(0, 237)	(70, 64)
push-button	LibreOffice Writer	""			(0, 305)	(70, 64)
push-button	LibreOffice Calc	""			(0, 373)	(70, 64)
push-button	LibreOffice Impress	""			(0, 441)	(70, 64)
push-button	GNU Image Manipulation Program	""			(0, 509)	(70, 64)
push-button	Files	""			(0, 577)	(70, 64)
push-button	Ubuntu Software	""			(0, 645)	(70, 64)
push-button	Help	""			(0, 713)	(70, 64)
push-button	Trash	""			(0, 784)	(70, 64)
toggle-button	Show Applications	""			(0, 915)	(70, 70)
Generating content with GPT model: o4-mini
RESPONSE: Reflection: To read emails in the Important local folder, we first need to open Thunderbird Mail. The Thunderbird icon is at position (0, 101) with size (70×64), so we’ll click its center around (35, 133) and wait briefly for it to launch.

```python
import pyautogui, time

# Open Thunderbird Mail
pyautogui.click(35, 133)
time.sleep(2)
```
LINEAR AT: tag	name	text	class	description	position (top-left x&y)	size (w&h)
label	Home	Home			(1833, 939)	(40, 17)
push-button	AppMenu	""			(1779, 33)	(35, 30)
push-button	Minimize	""			(1818, 34)	(31, 28)
push-button	Restore Down	""			(1849, 34)	(34, 28)
push-button	Close	""			(1883, 34)	(31, 28)
section	Account Setup	Account Setup			(324, 73)	(250, 33)
push-button	Close Tab	""			(547, 80)	(20, 20)
document-web	Welcome to Freedom – Thunderbird	""			(1128, 106)	(792, 855)
link	ESR Channel	ESR Channel			(1144, 138)	(73, 19)
link	Donate	Donate 			(1799, 126)	(105, 42)
heading	Welcome to Freedom	Welcome to Freedom			(1315, 274)	(418, 40)
paragraph		Thunderbird is a gift from thousands of people like you. We hope you'll enjoy the productivity, privacy, and freedom they make possible and we invite you to become part of that gift to others.			(1204, 330)	(640, 86)
link	Participate	Participate			(1304, 464)	(151, 47)
link	Donate	Donate			(1471, 464)	(123, 47)
link	Get Help	Get Help			(1610, 464)	(134, 47)
heading	Free and Open Source	Free and Open Source			(1177, 632)	(315, 26)
paragraph		Thunderbird is now yours forever.			(1177, 662)	(315, 31)
paragraph		Thunderbird is developed openly and distributed freely. Our software license protects your right to use, modify, and share Thunderbird. Our mission is to protect your privacy and freedom.			(1177, 709)	(315, 128)
heading	Powered by Community	Powered by Community			(1556, 632)	(315, 26)
paragraph		You can become part of our story.			(1556, 662)	(315, 31)
paragraph		Anyone can contribute to Thunderbird. By donating, translating, answering questions, suggesting features, reporting bugs, and more, you make Thunderbird better for yourself and the world.			(1556, 709)	(315, 128)
section		Want new features sooner? Learn about . 			(1326, 910)	(396, 21)
link	Thunderbird Release	Thunderbird Release			(1584, 911)	(134, 18)
document-web	Account Setup	""			(70, 106)	(1850, 855)
heading	Set Up Your Existing Email Address	Set Up Your Existing Email Address			(129, 150)	(1732, 42)
paragraph		To use your current email address fill in your credentials.			(133, 200)	(1724, 23)
paragraph		Thunderbird will automatically search for a working and recommended server configuration.			(133, 223)	(1724, 24)
label	Your full name	Your full name			(129, 307)	(425, 14)
entry	Your full name	""			(129, 326)	(425, 34)
image	Your name, as shown to others	""			(528, 335)	(16, 16)
label	Email address	Email address			(129, 383)	(425, 15)
entry	Email address	""			(129, 403)	(425, 34)
image	Your existing email address	""			(528, 412)	(16, 16)
push-button	Get a new email address	Get a new email address			(378, 442)	(176, 17)
label	Password	Password			(129, 461)	(425, 14)
label	Remember password	""			(129, 522)	(161, 20)
check-box	Remember password	""			(129, 524)	(16, 16)
section		Remember password			(151, 525)	(139, 15)
push-button	Cancel	Cancel			(344, 573)	(102, 36)
paragraph		Your credentials will only be stored locally on your computer.			(133, 634)	(417, 22)
image	Initial setup	""			(778, 307)	(300, 300)
push-button	You are currently online.	""			(74, 962)	(20, 23)
label	Done	Done			(104, 965)	(1811, 17)
menu	Thunderbird Mail	""			(99, 0)	(173, 27)
menu	System	""			(1814, 0)	(106, 27)
push-button	Chromium Web Browser	""			(0, 33)	(70, 64)
push-button	Thunderbird Mail	""			(0, 101)	(70, 64)
push-button	Visual Studio Code	""			(0, 169)	(70, 64)
push-button	VLC media player	""			(0, 237)	(70, 64)
push-button	LibreOffice Writer	""			(0, 305)	(70, 64)
push-button	LibreOffice Calc	""			(0, 373)	(70, 64)
push-button	LibreOffice Impress	""			(0, 441)	(70, 64)
push-button	GNU Image Manipulation Program	""			(0, 509)	(70, 64)
push-button	Files	""			(0, 577)	(70, 64)
push-button	Ubuntu Software	""			(0, 645)	(70, 64)
push-button	Help	""			(0, 713)	(70, 64)
push-button	Trash	""			(0, 784)	(70, 64)
toggle-button	Show Applications	""			(0, 915)	(70, 70)
Generating content with GPT model: o4-mini
RESPONSE: Reflection: We don’t need to set up a new online account—in order to access the Local Folders (including “Important”), we should close the Account Setup wizard. I’ll click the “Cancel” button.

```python
import pyautogui, time

# Close the Account Setup wizard by clicking "Cancel"
pyautogui.click(395, 591)
time.sleep(1)
```
LINEAR AT: tag	name	text	class	description	position (top-left x&y)	size (w&h)
label	Home	Home			(1833, 939)	(40, 17)
push-button	AppMenu	""			(1779, 33)	(35, 30)
push-button	Minimize	""			(1818, 34)	(31, 28)
push-button	Restore Down	""			(1849, 34)	(34, 28)
push-button	Close	""			(1883, 34)	(31, 28)
section	Account Setup	Account Setup			(324, 73)	(250, 33)
push-button	Close Tab	""			(547, 80)	(20, 20)
document-web	Welcome to Freedom – Thunderbird	""			(1128, 106)	(792, 855)
link	ESR Channel	ESR Channel			(1144, 138)	(73, 19)
link	Donate	Donate 			(1799, 126)	(105, 42)
heading	Welcome to Freedom	Welcome to Freedom			(1315, 274)	(418, 40)
paragraph		Thunderbird is a gift from thousands of people like you. We hope you'll enjoy the productivity, privacy, and freedom they make possible and we invite you to become part of that gift to others.			(1204, 330)	(640, 86)
link	Participate	Participate			(1304, 464)	(151, 47)
link	Donate	Donate			(1471, 464)	(123, 47)
link	Get Help	Get Help			(1610, 464)	(134, 47)
heading	Free and Open Source	Free and Open Source			(1177, 632)	(315, 26)
paragraph		Thunderbird is now yours forever.			(1177, 662)	(315, 31)
paragraph		Thunderbird is developed openly and distributed freely. Our software license protects your right to use, modify, and share Thunderbird. Our mission is to protect your privacy and freedom.			(1177, 709)	(315, 128)
heading	Powered by Community	Powered by Community			(1556, 632)	(315, 26)
paragraph		You can become part of our story.			(1556, 662)	(315, 31)
paragraph		Anyone can contribute to Thunderbird. By donating, translating, answering questions, suggesting features, reporting bugs, and more, you make Thunderbird better for yourself and the world.			(1556, 709)	(315, 128)
section		Want new features sooner? Learn about . 			(1326, 910)	(396, 21)
link	Thunderbird Release	Thunderbird Release			(1584, 911)	(134, 18)
document-web	Account Setup	""			(70, 106)	(1850, 855)
heading	No Email Account Configured	""			(760, 417)	(470, 32)
section		No Email Account Configured			(804, 417)	(307, 32)
paragraph		Are you sure you want to cancel the setup process? Thunderbird can still be used without an email account, but many features will not be available.			(767, 467)	(474, 75)
label	Use Thunderbird without an email account	""			(767, 557)	(478, 30)
check-box	Use Thunderbird without an email account	""			(767, 564)	(16, 16)
section		Use Thunderbird without an email account			(789, 557)	(310, 30)
push-button	Exit Setup	Exit Setup			(982, 609)	(102, 35)
push-button	Continue Setup	Continue Setup			(1092, 609)	(139, 35)
push-button	You are currently online.	""			(74, 962)	(20, 23)
label	Done	Done			(104, 965)	(1811, 17)
menu	Thunderbird Mail	""			(99, 0)	(173, 27)
menu	System	""			(1814, 0)	(106, 27)
push-button	Chromium Web Browser	""			(0, 33)	(70, 64)
push-button	Thunderbird Mail	""			(0, 101)	(70, 64)
push-button	Visual Studio Code	""			(0, 169)	(70, 64)
push-button	VLC media player	""			(0, 237)	(70, 64)
push-button	LibreOffice Writer	""			(0, 305)	(70, 64)
push-button	LibreOffice Calc	""			(0, 373)	(70, 64)
push-button	LibreOffice Impress	""			(0, 441)	(70, 64)
push-button	GNU Image Manipulation Program	""			(0, 509)	(70, 64)
push-button	Files	""			(0, 577)	(70, 64)
push-button	Ubuntu Software	""			(0, 645)	(70, 64)
push-button	Help	""			(0, 713)	(70, 64)
push-button	Trash	""			(0, 784)	(70, 64)
toggle-button	Show Applications	""			(0, 915)	(70, 70)
Generating content with GPT model: o4-mini
RESPONSE: Reflection: To access the Local Folders (including “Important”) without configuring an online account, I need to check “Use Thunderbird without an email account” and then click “Exit Setup.”

```python
import pyautogui, time

# Check "Use Thunderbird without an email account"
pyautogui.click(775, 572)
time.sleep(0.5)

# Click "Exit Setup"
pyautogui.click(1033, 626)
time.sleep(1)
```
LINEAR AT: tag	name	text	class	description	position (top-left x&y)	size (w&h)
label	Home	Home			(1833, 939)	(40, 17)
push-button	Mail (Ctrl+1)	""			(77, 34)	(30, 30)
push-button	Address Book (Ctrl+2)	""			(77, 79)	(30, 30)
push-button	Calendar (Ctrl+3)	""			(77, 124)	(30, 30)
push-button	Tasks (Ctrl+4)	""			(77, 169)	(30, 30)
push-button	Chat (Ctrl+5)	""			(77, 214)	(30, 30)
push-button	Settings	""			(77, 903)	(30, 30)
push-button	Hide Spaces Toolbar	""			(77, 948)	(30, 30)
entry	Search:	""			(508, 34)	(901, 30)
push-button	Search	""			(1383, 34)	(26, 30)
push-button	AppMenu	""			(1779, 34)	(35, 30)
push-button	Minimize	""			(1818, 35)	(31, 28)
push-button	Restore Down	""			(1849, 35)	(34, 28)
push-button	Close	""			(1883, 35)	(31, 28)
push-button	Folder pane options	""			(340, 81)	(30, 30)
toggle-button	Quick Filter	Quick Filter			(960, 75)	(125, 31)
push-button	Message list display options	""			(1091, 75)	(30, 30)
document-web	Welcome to Freedom – Thunderbird	""			(1128, 72)	(792, 889)
link	ESR Channel	ESR Channel			(1144, 104)	(73, 19)
link	Donate	Donate 			(1799, 92)	(105, 42)
heading	Welcome to Freedom	Welcome to Freedom			(1315, 240)	(418, 40)
paragraph		Thunderbird is a gift from thousands of people like you. We hope you'll enjoy the productivity, privacy, and freedom they make possible and we invite you to become part of that gift to others.			(1204, 296)	(640, 86)
link	Participate	Participate			(1304, 430)	(151, 47)
link	Donate	Donate			(1471, 430)	(123, 47)
link	Get Help	Get Help			(1610, 430)	(134, 47)
heading	Free and Open Source	Free and Open Source			(1177, 598)	(315, 26)
paragraph		Thunderbird is now yours forever.			(1177, 628)	(315, 31)
paragraph		Thunderbird is developed openly and distributed freely. Our software license protects your right to use, modify, and share Thunderbird. Our mission is to protect your privacy and freedom.			(1177, 675)	(315, 128)
heading	Powered by Community	Powered by Community			(1556, 598)	(315, 26)
paragraph		You can become part of our story.			(1556, 628)	(315, 31)
paragraph		Anyone can contribute to Thunderbird. By donating, translating, answering questions, suggesting features, reporting bugs, and more, you make Thunderbird better for yourself and the world.			(1556, 675)	(315, 128)
section		Want new features sooner? Learn about . 			(1326, 876)	(396, 21)
link	Thunderbird Release	Thunderbird Release			(1584, 877)	(134, 18)
push-button	You are currently online.	""			(119, 962)	(20, 23)
label	Done	Done			(149, 965)	(1766, 17)
menu	Thunderbird Mail	""			(99, 0)	(173, 27)
menu	System	""			(1814, 0)	(106, 27)
push-button	Chromium Web Browser	""			(0, 33)	(70, 64)
push-button	Thunderbird Mail	""			(0, 101)	(70, 64)
push-button	Visual Studio Code	""			(0, 169)	(70, 64)
push-button	VLC media player	""			(0, 237)	(70, 64)
push-button	LibreOffice Writer	""			(0, 305)	(70, 64)
push-button	LibreOffice Calc	""			(0, 373)	(70, 64)
push-button	LibreOffice Impress	""			(0, 441)	(70, 64)
push-button	GNU Image Manipulation Program	""			(0, 509)	(70, 64)
push-button	Files	""			(0, 577)	(70, 64)
push-button	Ubuntu Software	""			(0, 645)	(70, 64)
push-button	Help	""			(0, 713)	(70, 64)
push-button	Trash	""			(0, 784)	(70, 64)
toggle-button	Show Applications	""			(0, 915)	(70, 70)
Generating content with GPT model: o4-mini
RESPONSE: Reflection: The folder pane is currently hidden. I’ll click the “Folder pane options” button at (340, 81) to reveal the folder tree so I can select “Local Folders → Important.”

```python
import pyautogui, time

# Reveal the folder pane by clicking its options button
pyautogui.click(340, 81)
time.sleep(1)
```
LINEAR AT: tag	name	text	class	description	position (top-left x&y)	size (w&h)
label	Home	Home			(1833, 939)	(40, 17)
push-button	Mail (Ctrl+1)	""			(77, 34)	(30, 30)
push-button	Address Book (Ctrl+2)	""			(77, 79)	(30, 30)
push-button	Calendar (Ctrl+3)	""			(77, 124)	(30, 30)
push-button	Tasks (Ctrl+4)	""			(77, 169)	(30, 30)
push-button	Chat (Ctrl+5)	""			(77, 214)	(30, 30)
push-button	Settings	""			(77, 903)	(30, 30)
push-button	Hide Spaces Toolbar	""			(77, 948)	(30, 30)
entry	Search:	""			(508, 34)	(901, 30)
push-button	Search	""			(1383, 34)	(26, 30)
push-button	AppMenu	""			(1779, 34)	(35, 30)
push-button	Minimize	""			(1818, 35)	(31, 28)
push-button	Restore Down	""			(1849, 35)	(34, 28)
push-button	Close	""			(1883, 35)	(31, 28)
push-button	Folder pane options	""			(340, 81)	(30, 30)
toggle-button	Quick Filter	Quick Filter			(960, 75)	(125, 31)
push-button	Message list display options	""			(1091, 75)	(30, 30)
document-web	Welcome to Freedom – Thunderbird	""			(1128, 72)	(792, 889)
link	ESR Channel	ESR Channel			(1144, 104)	(73, 19)
link	Donate	Donate 			(1799, 92)	(105, 42)
heading	Welcome to Freedom	Welcome to Freedom			(1315, 240)	(418, 40)
paragraph		Thunderbird is a gift from thousands of people like you. We hope you'll enjoy the productivity, privacy, and freedom they make possible and we invite you to become part of that gift to others.			(1204, 296)	(640, 86)
link	Participate	Participate			(1304, 430)	(151, 47)
link	Donate	Donate			(1471, 430)	(123, 47)
link	Get Help	Get Help			(1610, 430)	(134, 47)
heading	Free and Open Source	Free and Open Source			(1177, 598)	(315, 26)
paragraph		Thunderbird is now yours forever.			(1177, 628)	(315, 31)
paragraph		Thunderbird is developed openly and distributed freely. Our software license protects your right to use, modify, and share Thunderbird. Our mission is to protect your privacy and freedom.			(1177, 675)	(315, 128)
heading	Powered by Community	Powered by Community			(1556, 598)	(315, 26)
paragraph		You can become part of our story.			(1556, 628)	(315, 31)
paragraph		Anyone can contribute to Thunderbird. By donating, translating, answering questions, suggesting features, reporting bugs, and more, you make Thunderbird better for yourself and the world.			(1556, 675)	(315, 128)
section		Want new features sooner? Learn about . 			(1326, 876)	(396, 21)
link	Thunderbird Release	Thunderbird Release			(1584, 877)	(134, 18)
push-button	You are currently online.	""			(119, 962)	(20, 23)
label	Done	Done			(149, 965)	(1766, 17)
menu	Thunderbird Mail	""			(99, 0)	(173, 27)
menu	System	""			(1814, 0)	(106, 27)
push-button	Chromium Web Browser	""			(0, 33)	(70, 64)
push-button	Thunderbird Mail	""			(0, 101)	(70, 64)
push-button	Visual Studio Code	""			(0, 169)	(70, 64)
push-button	VLC media player	""			(0, 237)	(70, 64)
push-button	LibreOffice Writer	""			(0, 305)	(70, 64)
push-button	LibreOffice Calc	""			(0, 373)	(70, 64)
push-button	LibreOffice Impress	""			(0, 441)	(70, 64)
push-button	GNU Image Manipulation Program	""			(0, 509)	(70, 64)
push-button	Files	""			(0, 577)	(70, 64)
push-button	Ubuntu Software	""			(0, 645)	(70, 64)
push-button	Help	""			(0, 713)	(70, 64)
push-button	Trash	""			(0, 784)	(70, 64)
toggle-button	Show Applications	""			(0, 915)	(70, 70)
Generating content with GPT model: o4-mini
RESPONSE: Reflection: The folder pane is still hidden. To reveal the folders list (so I can click “Local Folders → Important”), I need to drag the collapsed splitter to the right.

```python
import pyautogui, time

# Expand the folder pane: drag the vertical splitter at about x=77 to the right
pyautogui.moveTo(77, 300, duration=0.2)
time.sleep(0.3)
pyautogui.dragTo(300, 300, duration=0.5)  # expand pane
time.sleep(1)
```
LINEAR AT: tag	name	text	class	description	position (top-left x&y)	size (w&h)
label	Home	Home			(1833, 939)	(40, 17)
push-button	Mail (Ctrl+1)	""			(77, 34)	(30, 30)
push-button	Address Book (Ctrl+2)	""			(77, 79)	(30, 30)
push-button	Calendar (Ctrl+3)	""			(77, 124)	(30, 30)
push-button	Tasks (Ctrl+4)	""			(77, 169)	(30, 30)
push-button	Chat (Ctrl+5)	""			(77, 214)	(30, 30)
push-button	Settings	""			(77, 903)	(30, 30)
push-button	Hide Spaces Toolbar	""			(77, 948)	(30, 30)
entry	Search:	""			(508, 34)	(901, 30)
push-button	Search	""			(1383, 34)	(26, 30)
push-button	AppMenu	""			(1779, 34)	(35, 30)
push-button	Minimize	""			(1818, 35)	(31, 28)
push-button	Restore Down	""			(1849, 35)	(34, 28)
push-button	Close	""			(1883, 35)	(31, 28)
push-button	Folder pane options	""			(340, 81)	(30, 30)
toggle-button	Quick Filter	Quick Filter			(960, 75)	(125, 31)
push-button	Message list display options	""			(1091, 75)	(30, 30)
document-web	Welcome to Freedom – Thunderbird	""			(1128, 72)	(792, 889)
link	ESR Channel	ESR Channel			(1144, 104)	(73, 19)
link	Donate	Donate 			(1799, 92)	(105, 42)
heading	Welcome to Freedom	Welcome to Freedom			(1315, 240)	(418, 40)
paragraph		Thunderbird is a gift from thousands of people like you. We hope you'll enjoy the productivity, privacy, and freedom they make possible and we invite you to become part of that gift to others.			(1204, 296)	(640, 86)
link	Participate	Participate			(1304, 430)	(151, 47)
link	Donate	Donate			(1471, 430)	(123, 47)
link	Get Help	Get Help			(1610, 430)	(134, 47)
heading	Free and Open Source	Free and Open Source			(1177, 598)	(315, 26)
paragraph		Thunderbird is now yours forever.			(1177, 628)	(315, 31)
paragraph		Thunderbird is developed openly and distributed freely. Our software license protects your right to use, modify, and share Thunderbird. Our mission is to protect your privacy and freedom.			(1177, 675)	(315, 128)
heading	Powered by Community	Powered by Community			(1556, 598)	(315, 26)
paragraph		You can become part of our story.			(1556, 628)	(315, 31)
paragraph		Anyone can contribute to Thunderbird. By donating, translating, answering questions, suggesting features, reporting bugs, and more, you make Thunderbird better for yourself and the world.			(1556, 675)	(315, 128)
section		Want new features sooner? Learn about . 			(1326, 876)	(396, 21)
link	Thunderbird Release	Thunderbird Release			(1584, 877)	(134, 18)
push-button	You are currently online.	""			(119, 962)	(20, 23)
label	Done	Done			(149, 965)	(1766, 17)
menu	Thunderbird Mail	""			(99, 0)	(173, 27)
menu	System	""			(1814, 0)	(106, 27)
push-button	Chromium Web Browser	""			(0, 33)	(70, 64)
push-button	Thunderbird Mail	""			(0, 101)	(70, 64)
push-button	Visual Studio Code	""			(0, 169)	(70, 64)
push-button	VLC media player	""			(0, 237)	(70, 64)
push-button	LibreOffice Writer	""			(0, 305)	(70, 64)
push-button	LibreOffice Calc	""			(0, 373)	(70, 64)
push-button	LibreOffice Impress	""			(0, 441)	(70, 64)
push-button	GNU Image Manipulation Program	""			(0, 509)	(70, 64)
push-button	Files	""			(0, 577)	(70, 64)
push-button	Ubuntu Software	""			(0, 645)	(70, 64)
push-button	Help	""			(0, 713)	(70, 64)
push-button	Trash	""			(0, 784)	(70, 64)
toggle-button	Show Applications	""			(0, 915)	(70, 70)
Generating content with GPT model: o4-mini
RESPONSE: Reflection: The folder pane is still hidden. Thunderbird uses F8 to toggle the folder pane display. I’ll simulate pressing F8 to show the Local Folders tree.

```python
import pyautogui, time

# Toggle the folder pane visible
pyautogui.press('f8')
time.sleep(1)
```
LINEAR AT: tag	name	text	class	description	position (top-left x&y)	size (w&h)
label	Home	Home			(1833, 939)	(40, 17)
push-button	Mail (Ctrl+1)	""			(77, 34)	(30, 30)
push-button	Address Book (Ctrl+2)	""			(77, 79)	(30, 30)
push-button	Calendar (Ctrl+3)	""			(77, 124)	(30, 30)
push-button	Tasks (Ctrl+4)	""			(77, 169)	(30, 30)
push-button	Chat (Ctrl+5)	""			(77, 214)	(30, 30)
push-button	Settings	""			(77, 903)	(30, 30)
push-button	Hide Spaces Toolbar	""			(77, 948)	(30, 30)
entry	Search:	""			(508, 34)	(901, 30)
push-button	Search	""			(1383, 34)	(26, 30)
push-button	AppMenu	""			(1779, 34)	(35, 30)
push-button	Minimize	""			(1818, 35)	(31, 28)
push-button	Restore Down	""			(1849, 35)	(34, 28)
push-button	Close	""			(1883, 35)	(31, 28)
push-button	Folder pane options	""			(340, 81)	(30, 30)
toggle-button	Quick Filter	Quick Filter			(1753, 75)	(125, 31)
push-button	Message list display options	""			(1884, 75)	(30, 30)
push-button	You are currently online.	""			(119, 962)	(20, 23)
label	Done	Done			(149, 965)	(1766, 17)
menu	Thunderbird Mail	""			(99, 0)	(173, 27)
menu	System	""			(1814, 0)	(106, 27)
push-button	Chromium Web Browser	""			(0, 33)	(70, 64)
push-button	Thunderbird Mail	""			(0, 101)	(70, 64)
push-button	Visual Studio Code	""			(0, 169)	(70, 64)
push-button	VLC media player	""			(0, 237)	(70, 64)
push-button	LibreOffice Writer	""			(0, 305)	(70, 64)
push-button	LibreOffice Calc	""			(0, 373)	(70, 64)
push-button	LibreOffice Impress	""			(0, 441)	(70, 64)
push-button	GNU Image Manipulation Program	""			(0, 509)	(70, 64)
push-button	Files	""			(0, 577)	(70, 64)
push-button	Ubuntu Software	""			(0, 645)	(70, 64)
push-button	Help	""			(0, 713)	(70, 64)
push-button	Trash	""			(0, 784)	(70, 64)
toggle-button	Show Applications	""			(0, 915)	(70, 70)
Generating content with GPT model: o4-mini
RESPONSE: I can see the folder pane is still hidden, so before we can pick “Local Folders → Important,” we need to turn it back on. My next step will be to click the “Folder pane options” button at (340, 81) and enable the folder pane.
LINEAR AT: tag	name	text	class	description	position (top-left x&y)	size (w&h)
label	Home	Home			(1833, 939)	(40, 17)
push-button	Mail (Ctrl+1)	""			(77, 34)	(30, 30)
push-button	Address Book (Ctrl+2)	""			(77, 79)	(30, 30)
push-button	Calendar (Ctrl+3)	""			(77, 124)	(30, 30)
push-button	Tasks (Ctrl+4)	""			(77, 169)	(30, 30)
push-button	Chat (Ctrl+5)	""			(77, 214)	(30, 30)
push-button	Settings	""			(77, 903)	(30, 30)
push-button	Hide Spaces Toolbar	""			(77, 948)	(30, 30)
entry	Search:	""			(508, 34)	(901, 30)
push-button	Search	""			(1383, 34)	(26, 30)
push-button	AppMenu	""			(1779, 34)	(35, 30)
push-button	Minimize	""			(1818, 35)	(31, 28)
push-button	Restore Down	""			(1849, 35)	(34, 28)
push-button	Close	""			(1883, 35)	(31, 28)
push-button	Folder pane options	""			(340, 81)	(30, 30)
toggle-button	Quick Filter	Quick Filter			(1753, 75)	(125, 31)
push-button	Message list display options	""			(1884, 75)	(30, 30)
push-button	You are currently online.	""			(119, 962)	(20, 23)
label	Done	Done			(149, 965)	(1766, 17)
menu	Thunderbird Mail	""			(99, 0)	(173, 27)
menu	System	""			(1814, 0)	(106, 27)
push-button	Chromium Web Browser	""			(0, 33)	(70, 64)
push-button	Thunderbird Mail	""			(0, 101)	(70, 64)
push-button	Visual Studio Code	""			(0, 169)	(70, 64)
push-button	VLC media player	""			(0, 237)	(70, 64)
push-button	LibreOffice Writer	""			(0, 305)	(70, 64)
push-button	LibreOffice Calc	""			(0, 373)	(70, 64)
push-button	LibreOffice Impress	""			(0, 441)	(70, 64)
push-button	GNU Image Manipulation Program	""			(0, 509)	(70, 64)
push-button	Files	""			(0, 577)	(70, 64)
push-button	Ubuntu Software	""			(0, 645)	(70, 64)
push-button	Help	""			(0, 713)	(70, 64)
push-button	Trash	""			(0, 784)	(70, 64)
toggle-button	Show Applications	""			(0, 915)	(70, 70)
Generating content with GPT model: o4-mini
RESPONSE: Reflection: To reveal the folder list so I can select “Local Folders → Important,” I need to click the “Folder pane options” button (at roughly 340,81) and enable the folder pane.

```python
import pyautogui, time

# Click the "Folder pane options" button to open its menu
pyautogui.click(355, 96)
time.sleep(0.5)
```
LINEAR AT: tag	name	text	class	description	position (top-left x&y)	size (w&h)
label	Home	Home			(1833, 939)	(40, 17)
push-button	Mail (Ctrl+1)	""			(77, 34)	(30, 30)
push-button	Address Book (Ctrl+2)	""			(77, 79)	(30, 30)
push-button	Calendar (Ctrl+3)	""			(77, 124)	(30, 30)
push-button	Tasks (Ctrl+4)	""			(77, 169)	(30, 30)
push-button	Chat (Ctrl+5)	""			(77, 214)	(30, 30)
push-button	Settings	""			(77, 903)	(30, 30)
push-button	Hide Spaces Toolbar	""			(77, 948)	(30, 30)
entry	Search:	""			(508, 34)	(901, 30)
push-button	Search	""			(1383, 34)	(26, 30)
push-button	AppMenu	""			(1779, 34)	(35, 30)
push-button	Minimize	""			(1818, 35)	(31, 28)
push-button	Restore Down	""			(1849, 35)	(34, 28)
push-button	Close	""			(1883, 35)	(31, 28)
push-button	Folder pane options	""			(340, 81)	(30, 30)
toggle-button	Quick Filter	Quick Filter			(1753, 75)	(125, 31)
push-button	Message list display options	""			(1884, 75)	(30, 30)
menu	Folder Modes	""			(345, 116)	(218, 25)
check-menu-item	Show “Get Messages”	""			(345, 150)	(218, 25)
check-menu-item	Show “New Message”	""			(345, 175)	(218, 25)
check-menu-item	Show Total Message Count	""			(345, 209)	(218, 25)
check-menu-item	Show Folder Size	""			(345, 234)	(218, 25)
check-menu-item	Hide Local Folders	""			(345, 259)	(218, 25)
menu-item	Hide Folder Pane Header	""			(345, 293)	(218, 25)
push-button	You are currently online.	""			(119, 962)	(20, 23)
label	Done	Done			(149, 965)	(1766, 17)
menu	Thunderbird Mail	""			(99, 0)	(173, 27)
menu	System	""			(1814, 0)	(106, 27)
push-button	Chromium Web Browser	""			(0, 33)	(70, 64)
push-button	Thunderbird Mail	""			(0, 101)	(70, 64)
push-button	Visual Studio Code	""			(0, 169)	(70, 64)
push-button	VLC media player	""			(0, 237)	(70, 64)
push-button	LibreOffice Writer	""			(0, 305)	(70, 64)
push-button	LibreOffice Calc	""			(0, 373)	(70, 64)
push-button	LibreOffice Impress	""			(0, 441)	(70, 64)
push-button	GNU Image Manipulation Program	""			(0, 509)	(70, 64)
push-button	Files	""			(0, 577)	(70, 64)
push-button	Ubuntu Software	""			(0, 645)	(70, 64)
push-button	Help	""			(0, 713)	(70, 64)
push-button	Trash	""			(0, 784)	(70, 64)
toggle-button	Show Applications	""			(0, 915)	(70, 70)
Generating content with GPT model: o4-mini
RESPONSE: Reflection: The “Hide Local Folders” item is currently checked, keeping the folder pane hidden. I need to click it (around the center of that menu item at ~454,272) to uncheck and reveal Local Folders.

```python
import pyautogui, time

# Click "Hide Local Folders" to unhide the folder pane
pyautogui.click(454, 272)
time.sleep(0.5)
```
LINEAR AT: tag	name	text	class	description	position (top-left x&y)	size (w&h)
label	Home	Home			(1833, 939)	(40, 17)
push-button	Mail (Ctrl+1)	""			(77, 34)	(30, 30)
push-button	Address Book (Ctrl+2)	""			(77, 79)	(30, 30)
push-button	Calendar (Ctrl+3)	""			(77, 124)	(30, 30)
push-button	Tasks (Ctrl+4)	""			(77, 169)	(30, 30)
push-button	Chat (Ctrl+5)	""			(77, 214)	(30, 30)
push-button	Settings	""			(77, 903)	(30, 30)
push-button	Hide Spaces Toolbar	""			(77, 948)	(30, 30)
entry	Search:	""			(508, 34)	(901, 30)
push-button	Search	""			(1383, 34)	(26, 30)
push-button	AppMenu	""			(1779, 34)	(35, 30)
push-button	Minimize	""			(1818, 35)	(31, 28)
push-button	Restore Down	""			(1849, 35)	(34, 28)
push-button	Close	""			(1883, 35)	(31, 28)
push-button	Folder pane options	""			(340, 81)	(30, 30)
toggle-button	Quick Filter	Quick Filter			(1753, 75)	(125, 31)
push-button	Message list display options	""			(1884, 75)	(30, 30)
menu	Folder Modes	""			(345, 116)	(218, 25)
check-menu-item	Show “Get Messages”	""			(345, 150)	(218, 25)
check-menu-item	Show “New Message”	""			(345, 175)	(218, 25)
check-menu-item	Show Total Message Count	""			(345, 209)	(218, 25)
check-menu-item	Show Folder Size	""			(345, 234)	(218, 25)
check-menu-item	Hide Local Folders	""			(345, 259)	(218, 25)
menu-item	Hide Folder Pane Header	""			(345, 293)	(218, 25)
push-button	You are currently online.	""			(119, 962)	(20, 23)
label	Done	Done			(149, 965)	(1766, 17)
menu	Thunderbird Mail	""			(99, 0)	(173, 27)
menu	System	""			(1814, 0)	(106, 27)
push-button	Chromium Web Browser	""			(0, 33)	(70, 64)
push-button	Thunderbird Mail	""			(0, 101)	(70, 64)
push-button	Visual Studio Code	""			(0, 169)	(70, 64)
push-button	VLC media player	""			(0, 237)	(70, 64)
push-button	LibreOffice Writer	""			(0, 305)	(70, 64)
push-button	LibreOffice Calc	""			(0, 373)	(70, 64)
push-button	LibreOffice Impress	""			(0, 441)	(70, 64)
push-button	GNU Image Manipulation Program	""			(0, 509)	(70, 64)
push-button	Files	""			(0, 577)	(70, 64)
push-button	Ubuntu Software	""			(0, 645)	(70, 64)
push-button	Help	""			(0, 713)	(70, 64)
push-button	Trash	""			(0, 784)	(70, 64)
toggle-button	Show Applications	""			(0, 915)	(70, 70)
Generating content with GPT model: o4-mini
RESPONSE: Reflection: The “Folder Modes” menu is still open over the message pane. Before clicking on “Local Folders” I need to dismiss it. I’ll press Esc to close the menu so I can see and select the Local Folders tree.

```python
import pyautogui, time

# Dismiss the Folder Modes menu
pyautogui.press('esc')
time.sleep(0.5)
```
LINEAR AT: tag	name	text	class	description	position (top-left x&y)	size (w&h)
label	Home	Home			(1833, 939)	(40, 17)
push-button	Mail (Ctrl+1)	""			(77, 34)	(30, 30)
push-button	Address Book (Ctrl+2)	""			(77, 79)	(30, 30)
push-button	Calendar (Ctrl+3)	""			(77, 124)	(30, 30)
push-button	Tasks (Ctrl+4)	""			(77, 169)	(30, 30)
push-button	Chat (Ctrl+5)	""			(77, 214)	(30, 30)
push-button	Settings	""			(77, 903)	(30, 30)
push-button	Hide Spaces Toolbar	""			(77, 948)	(30, 30)
entry	Search:	""			(508, 34)	(901, 30)
push-button	Search	""			(1383, 34)	(26, 30)
push-button	AppMenu	""			(1779, 34)	(35, 30)
push-button	Minimize	""			(1818, 35)	(31, 28)
push-button	Restore Down	""			(1849, 35)	(34, 28)
push-button	Close	""			(1883, 35)	(31, 28)
push-button	Folder pane options	""			(340, 81)	(30, 30)
toggle-button	Quick Filter	Quick Filter			(1753, 75)	(125, 31)
push-button	Message list display options	""			(1884, 75)	(30, 30)
push-button	You are currently online.	""			(119, 962)	(20, 23)
label	Done	Done			(149, 965)	(1766, 17)
menu	Thunderbird Mail	""			(99, 0)	(173, 27)
menu	System	""			(1814, 0)	(106, 27)
push-button	Chromium Web Browser	""			(0, 33)	(70, 64)
push-button	Thunderbird Mail	""			(0, 101)	(70, 64)
push-button	Visual Studio Code	""			(0, 169)	(70, 64)
push-button	VLC media player	""			(0, 237)	(70, 64)
push-button	LibreOffice Writer	""			(0, 305)	(70, 64)
push-button	LibreOffice Calc	""			(0, 373)	(70, 64)
push-button	LibreOffice Impress	""			(0, 441)	(70, 64)
push-button	GNU Image Manipulation Program	""			(0, 509)	(70, 64)
push-button	Files	""			(0, 577)	(70, 64)
push-button	Ubuntu Software	""			(0, 645)	(70, 64)
push-button	Help	""			(0, 713)	(70, 64)
push-button	Trash	""			(0, 784)	(70, 64)
toggle-button	Show Applications	""			(0, 915)	(70, 70)
Generating content with GPT model: o4-mini
RESPONSE: Reflection: Now that the Local Folders pane is unhidden, I need to click on “Local Folders” in the folder pane to expand it (and reveal the Important sub-folder).

```python
import pyautogui, time

# Click on "Local Folders" in the folder pane to expand it
pyautogui.click(200, 150)
time.sleep(0.5)
```
LINEAR AT: tag	name	text	class	description	position (top-left x&y)	size (w&h)
label	Home	Home			(1833, 939)	(40, 17)
push-button	Mail (Ctrl+1)	""			(77, 34)	(30, 30)
push-button	Address Book (Ctrl+2)	""			(77, 79)	(30, 30)
push-button	Calendar (Ctrl+3)	""			(77, 124)	(30, 30)
push-button	Tasks (Ctrl+4)	""			(77, 169)	(30, 30)
push-button	Chat (Ctrl+5)	""			(77, 214)	(30, 30)
push-button	Settings	""			(77, 903)	(30, 30)
push-button	Hide Spaces Toolbar	""			(77, 948)	(30, 30)
entry	Search:	""			(508, 34)	(901, 30)
push-button	Search	""			(1383, 34)	(26, 30)
push-button	AppMenu	""			(1779, 34)	(35, 30)
push-button	Minimize	""			(1818, 35)	(31, 28)
push-button	Restore Down	""			(1849, 35)	(34, 28)
push-button	Close	""			(1883, 35)	(31, 28)
push-button	Folder pane options	""			(340, 81)	(30, 30)
toggle-button	Quick Filter	Quick Filter			(1753, 75)	(125, 31)
push-button	Message list display options	""			(1884, 75)	(30, 30)
push-button	You are currently online.	""			(119, 962)	(20, 23)
label	Done	Done			(149, 965)	(1766, 17)
menu	Thunderbird Mail	""			(99, 0)	(173, 27)
menu	System	""			(1814, 0)	(106, 27)
push-button	Chromium Web Browser	""			(0, 33)	(70, 64)
push-button	Thunderbird Mail	""			(0, 101)	(70, 64)
push-button	Visual Studio Code	""			(0, 169)	(70, 64)
push-button	VLC media player	""			(0, 237)	(70, 64)
push-button	LibreOffice Writer	""			(0, 305)	(70, 64)
push-button	LibreOffice Calc	""			(0, 373)	(70, 64)
push-button	LibreOffice Impress	""			(0, 441)	(70, 64)
push-button	GNU Image Manipulation Program	""			(0, 509)	(70, 64)
push-button	Files	""			(0, 577)	(70, 64)
push-button	Ubuntu Software	""			(0, 645)	(70, 64)
push-button	Help	""			(0, 713)	(70, 64)
push-button	Trash	""			(0, 784)	(70, 64)
toggle-button	Show Applications	""			(0, 915)	(70, 70)
Generating content with GPT model: o4-mini
RESPONSE: Reflection: Now that the Local Folders tree is expanded, I need to open the “Important” folder so its messages appear in the message list.

```python
import pyautogui, time

# Click on the "Important" folder in the Local Folders pane
pyautogui.click(150, 200)
time.sleep(0.5)
```
LINEAR AT: tag	name	text	class	description	position (top-left x&y)	size (w&h)
label	Home	Home			(1833, 939)	(40, 17)
push-button	Mail (Ctrl+1)	""			(77, 34)	(30, 30)
push-button	Address Book (Ctrl+2)	""			(77, 79)	(30, 30)
push-button	Calendar (Ctrl+3)	""			(77, 124)	(30, 30)
push-button	Tasks (Ctrl+4)	""			(77, 169)	(30, 30)
push-button	Chat (Ctrl+5)	""			(77, 214)	(30, 30)
push-button	Settings	""			(77, 903)	(30, 30)
push-button	Hide Spaces Toolbar	""			(77, 948)	(30, 30)
entry	Search:	""			(508, 34)	(901, 30)
push-button	Search	""			(1383, 34)	(26, 30)
push-button	AppMenu	""			(1779, 34)	(35, 30)
push-button	Minimize	""			(1818, 35)	(31, 28)
push-button	Restore Down	""			(1849, 35)	(34, 28)
push-button	Close	""			(1883, 35)	(31, 28)
push-button	Folder pane options	""			(340, 81)	(30, 30)
toggle-button	Quick Filter	Quick Filter			(1753, 75)	(125, 31)
push-button	Message list display options	""			(1884, 75)	(30, 30)
push-button	You are currently online.	""			(119, 962)	(20, 23)
label	Done	Done			(149, 965)	(1766, 17)
menu	Thunderbird Mail	""			(99, 0)	(173, 27)
menu	System	""			(1814, 0)	(106, 27)
push-button	Chromium Web Browser	""			(0, 33)	(70, 64)
push-button	Thunderbird Mail	""			(0, 101)	(70, 64)
push-button	Visual Studio Code	""			(0, 169)	(70, 64)
push-button	VLC media player	""			(0, 237)	(70, 64)
push-button	LibreOffice Writer	""			(0, 305)	(70, 64)
push-button	LibreOffice Calc	""			(0, 373)	(70, 64)
push-button	LibreOffice Impress	""			(0, 441)	(70, 64)
push-button	GNU Image Manipulation Program	""			(0, 509)	(70, 64)
push-button	Files	""			(0, 577)	(70, 64)
push-button	Ubuntu Software	""			(0, 645)	(70, 64)
push-button	Help	""			(0, 713)	(70, 64)
push-button	Trash	""			(0, 784)	(70, 64)
toggle-button	Show Applications	""			(0, 915)	(70, 70)
Generating content with GPT model: o4-mini
RESPONSE: Reflection: The Important folder is open but I haven’t yet selected any message to read. I need to click the first email in the list (around where the first row would appear) and open it so I can read its contents.

```python
import pyautogui, time

# Select and open the first message in the Important folder
pyautogui.click(450, 180)  # click the first message row
time.sleep(0.5)
pyautogui.press('enter')   # open it in a new window
time.sleep(1.0)
```
LINEAR AT: tag	name	text	class	description	position (top-left x&y)	size (w&h)
label	Home	Home			(1833, 939)	(40, 17)
push-button	Mail (Ctrl+1)	""			(77, 34)	(30, 30)
push-button	Address Book (Ctrl+2)	""			(77, 79)	(30, 30)
push-button	Calendar (Ctrl+3)	""			(77, 124)	(30, 30)
push-button	Tasks (Ctrl+4)	""			(77, 169)	(30, 30)
push-button	Chat (Ctrl+5)	""			(77, 214)	(30, 30)
push-button	Settings	""			(77, 903)	(30, 30)
push-button	Hide Spaces Toolbar	""			(77, 948)	(30, 30)
entry	Search:	""			(508, 34)	(901, 30)
push-button	Search	""			(1383, 34)	(26, 30)
push-button	AppMenu	""			(1779, 34)	(35, 30)
push-button	Minimize	""			(1818, 35)	(31, 28)
push-button	Restore Down	""			(1849, 35)	(34, 28)
push-button	Close	""			(1883, 35)	(31, 28)
push-button	Folder pane options	""			(340, 81)	(30, 30)
toggle-button	Quick Filter	Quick Filter			(1753, 75)	(125, 31)
push-button	Message list display options	""			(1884, 75)	(30, 30)
push-button	You are currently online.	""			(119, 962)	(20, 23)
label	Done	Done			(149, 965)	(1766, 17)
menu	Thunderbird Mail	""			(99, 0)	(173, 27)
menu	System	""			(1814, 0)	(106, 27)
push-button	Chromium Web Browser	""			(0, 33)	(70, 64)
push-button	Thunderbird Mail	""			(0, 101)	(70, 64)
push-button	Visual Studio Code	""			(0, 169)	(70, 64)
push-button	VLC media player	""			(0, 237)	(70, 64)
push-button	LibreOffice Writer	""			(0, 305)	(70, 64)
push-button	LibreOffice Calc	""			(0, 373)	(70, 64)
push-button	LibreOffice Impress	""			(0, 441)	(70, 64)
push-button	GNU Image Manipulation Program	""			(0, 509)	(70, 64)
push-button	Files	""			(0, 577)	(70, 64)
push-button	Ubuntu Software	""			(0, 645)	(70, 64)
push-button	Help	""			(0, 713)	(70, 64)
push-button	Trash	""			(0, 784)	(70, 64)
toggle-button	Show Applications	""			(0, 915)	(70, 70)
Generating content with GPT model: o4-mini
RESPONSE: Reflection: The message list is empty because the folder pane (showing account and folders) is collapsed to just icons. I need to expand it to reveal the folder tree so I can select the Important folder and see its messages.

```python
import pyautogui, time

# Click the expand arrow at the bottom left to open the folder pane
pyautogui.click(145, 945)
time.sleep(0.5)
```
LINEAR AT: tag	name	text	class	description	position (top-left x&y)	size (w&h)
label	Home	Home			(1833, 939)	(40, 17)
push-button	Mail (Ctrl+1)	""			(77, 34)	(30, 30)
push-button	Address Book (Ctrl+2)	""			(77, 79)	(30, 30)
push-button	Calendar (Ctrl+3)	""			(77, 124)	(30, 30)
push-button	Tasks (Ctrl+4)	""			(77, 169)	(30, 30)
push-button	Chat (Ctrl+5)	""			(77, 214)	(30, 30)
push-button	Settings	""			(77, 903)	(30, 30)
push-button	Hide Spaces Toolbar	""			(77, 948)	(30, 30)
entry	Search:	""			(508, 34)	(901, 30)
push-button	Search	""			(1383, 34)	(26, 30)
push-button	AppMenu	""			(1779, 34)	(35, 30)
push-button	Minimize	""			(1818, 35)	(31, 28)
push-button	Restore Down	""			(1849, 35)	(34, 28)
push-button	Close	""			(1883, 35)	(31, 28)
push-button	Folder pane options	""			(340, 81)	(30, 30)
toggle-button	Quick Filter	Quick Filter			(1753, 75)	(125, 31)
push-button	Message list display options	""			(1884, 75)	(30, 30)
push-button	You are currently online.	""			(119, 962)	(20, 23)
label	Done	Done			(149, 965)	(1766, 17)
menu	Thunderbird Mail	""			(99, 0)	(173, 27)
menu	System	""			(1814, 0)	(106, 27)
push-button	Chromium Web Browser	""			(0, 33)	(70, 64)
push-button	Thunderbird Mail	""			(0, 101)	(70, 64)
push-button	Visual Studio Code	""			(0, 169)	(70, 64)
push-button	VLC media player	""			(0, 237)	(70, 64)
push-button	LibreOffice Writer	""			(0, 305)	(70, 64)
push-button	LibreOffice Calc	""			(0, 373)	(70, 64)
push-button	LibreOffice Impress	""			(0, 441)	(70, 64)
push-button	GNU Image Manipulation Program	""			(0, 509)	(70, 64)
push-button	Files	""			(0, 577)	(70, 64)
push-button	Ubuntu Software	""			(0, 645)	(70, 64)
push-button	Help	""			(0, 713)	(70, 64)
push-button	Trash	""			(0, 784)	(70, 64)
toggle-button	Show Applications	""			(0, 915)	(70, 70)
Generating content with GPT model: o4-mini
RESPONSE: Reflection: The folder list pane is currently collapsed to icons only. I need to click the expand-arrow at the bottom-left to open the full folder tree so I can select the “Important” folder.

```python
import pyautogui, time

# Click the expand arrow at bottom-left to open the folder list pane
pyautogui.click(100, 960)
time.sleep(0.5)
```
