LINEAR AT: tag	name	text	class	description	position (top-left x&y)	size (w&h)
label	Home	Home			(1833, 939)	(40, 17)
push-button	Search tabs	Search tabs			(76, 64)	(28, 41)
push-button	Close	Close			(312, 70)	(28, 28)
push-button	New Tab	New Tab			(348, 64)	(28, 41)
push-button	Reload	Reload			(147, 110)	(34, 34)
entry	Address and search bar	""			(227, 115)	(1565, 24)
push-button	Bookmark this tab	""			(1800, 115)	(24, 24)
push-button	Work	Work			(1845, 110)	(34, 34)
push-button	Chromium	Chromium			(1881, 110)	(39, 34)
document-web	New Tab	""			(70, 151)	(1850, 834)
link	Gmail 	Gmail			(1712, 171)	(35, 24)
static	Gmail	Gmail			(1712, 175)	(35, 15)
link	Search for Images 	Images			(1761, 171)	(43, 24)
static	Images	Images			(1761, 175)	(43, 15)
push-button	Search Labs	""			(1818, 163)	(41, 40)
section		  			(1818, 163)	(41, 40)
push-button	Google apps	""			(1866, 163)	(40, 40)
section		  			(1866, 163)	(40, 40)
combo-box	Search Google or type a URL	""			(622, 413)	(746, 48)
push-button	Search by voice	""			(1289, 413)	(26, 48)
push-button	Search by image	""			(1326, 413)	(26, 48)
link	Web Store	""			(883, 479)	(112, 112)
push-button	More actions for Web Store shortcut	""			(965, 483)	(28, 28)
static	Web Store	Web Store			(909, 559)	(60, 15)
push-button	Add shortcut	Add shortcut			(995, 479)	(112, 112)
static	Add shortcut	Add shortcut			(1013, 559)	(76, 15)
toggle-button	Customize Chromium	""			(1722, 937)	(182, 32)
section		Customize Chromium			(1762, 943)	(126, 20)
static	Customize Chromium	Customize Chromium			(1762, 945)	(126, 15)
menu	Chromium Web Browser	""			(99, 0)	(219, 27)
menu	System	""			(1814, 0)	(106, 27)
label	Please download waiting software updates.	""			(810, 73)	(291, 17)
push-button	Chromium Web Browser	""			(0, 33)	(70, 64)
push-button	Thunderbird Mail	""			(0, 101)	(70, 64)
push-button	Visual Studio Code	""			(0, 169)	(70, 64)
push-button	VLC media player	""			(0, 237)	(70, 64)
push-button	LibreOffice Writer	""			(0, 305)	(70, 64)
push-button	LibreOffice Calc	""			(0, 373)	(70, 64)
push-button	LibreOffice Impress	""			(0, 441)	(70, 64)
push-button	GNU Image Manipulation Program	""			(0, 509)	(70, 64)
push-button	Files	""			(0, 577)	(70, 64)
push-button	Ubuntu Software	""			(0, 645)	(70, 64)
push-button	Help	""			(0, 713)	(70, 64)
push-button	Trash	""			(0, 784)	(70, 64)
toggle-button	Show Applications	""			(0, 915)	(70, 70)
Generating content with GPT model: o4-mini
RESPONSE: Current screenshot shows a new tab with the address bar and no visible bookmarks bar. To create a new folder on the bookmarks bar, first I need to open the Bookmark Manager so I can add a folder. 

```python
import pyautogui, time

# Open Chrome's Bookmark Manager
pyautogui.hotkey('ctrl', 'shift', 'o')
time.sleep(0.5)
```
LINEAR AT: tag	name	text	class	description	position (top-left x&y)	size (w&h)
label	Home	Home			(1833, 939)	(40, 17)
push-button	Search tabs	Search tabs			(76, 64)	(28, 41)
push-button	Close	Close			(312, 70)	(28, 28)
push-button	New Tab	New Tab			(348, 64)	(28, 41)
push-button	Back	Back			(70, 110)	(39, 34)
push-button	Reload	Reload			(147, 110)	(34, 34)
push-button	Chromium	""			(195, 115)	(105, 24)
entry	Address and search bar	chrome://bookmarks			(308, 115)	(1484, 24)
push-button	Bookmark this tab	""			(1800, 115)	(24, 24)
push-button	Work	Work			(1845, 110)	(34, 34)
push-button	Chromium	Chromium			(1881, 110)	(39, 34)
document-web	Bookmarks	""			(70, 151)	(1850, 834)
heading	Bookmarks	Bookmarks			(137, 166)	(648, 26)
static	Bookmarks	Bookmarks			(137, 166)	(115, 26)
entry	Search bookmarks	""			(818, 167)	(653, 24)
push-button	Organize	""			(1872, 163)	(32, 32)
tree-item	Bookmarks bar	""			(71, 215)	(252, 40)
section		Bookmarks bar			(139, 228)	(174, 14)
static	Bookmarks bar	Bookmarks bar			(145, 227)	(96, 16)
tree-item	Other bookmarks	""			(71, 255)	(252, 40)
section		Other bookmarks			(139, 268)	(174, 14)
static	Other bookmarks	Other bookmarks			(145, 267)	(109, 16)
section		To bookmark pages, click the star in the address bar			(341, 207)	(1579, 778)
static	To bookmark pages, click the star in the address bar	To bookmark pages, click the star in the address bar			(960, 587)	(326, 17)
menu	Chromium Web Browser	""			(99, 0)	(219, 27)
menu	System	""			(1814, 0)	(106, 27)
label	Please download waiting software updates.	""			(810, 73)	(291, 17)
push-button	Chromium Web Browser	""			(0, 33)	(70, 64)
push-button	Thunderbird Mail	""			(0, 101)	(70, 64)
push-button	Visual Studio Code	""			(0, 169)	(70, 64)
push-button	VLC media player	""			(0, 237)	(70, 64)
push-button	LibreOffice Writer	""			(0, 305)	(70, 64)
push-button	LibreOffice Calc	""			(0, 373)	(70, 64)
push-button	LibreOffice Impress	""			(0, 441)	(70, 64)
push-button	GNU Image Manipulation Program	""			(0, 509)	(70, 64)
push-button	Files	""			(0, 577)	(70, 64)
push-button	Ubuntu Software	""			(0, 645)	(70, 64)
push-button	Help	""			(0, 713)	(70, 64)
push-button	Trash	""			(0, 784)	(70, 64)
toggle-button	Show Applications	""			(0, 915)	(70, 70)
Generating content with GPT model: o4-mini
RESPONSE: The bookmarks manager is open with “Bookmarks bar” selected. To create a new folder under it, we first need to open the organize menu. 

```python
import pyautogui, time

# Click the "Organize" (three-dot) button to open the menu
pyautogui.click(1888, 179)
time.sleep(0.5)
```
LINEAR AT: tag	name	text	class	description	position (top-left x&y)	size (w&h)
label	Home	Home			(1833, 939)	(40, 17)
push-button	Search tabs	Search tabs			(76, 64)	(28, 41)
push-button	Close	Close			(312, 70)	(28, 28)
push-button	New Tab	New Tab			(348, 64)	(28, 41)
push-button	Back	Back			(70, 110)	(39, 34)
push-button	Reload	Reload			(147, 110)	(34, 34)
push-button	Chromium	""			(195, 115)	(105, 24)
entry	Address and search bar	chrome://bookmarks			(308, 115)	(1484, 24)
push-button	Bookmark this tab	""			(1800, 115)	(24, 24)
push-button	Work	Work			(1845, 110)	(34, 34)
push-button	Chromium	Chromium			(1881, 110)	(39, 34)
document-web	Bookmarks	""			(70, 151)	(1850, 834)
menu-item	Add new bookmark	Add new bookmark			(1744, 224)	(160, 37)
menu-item	Add new folder	Add new folder			(1744, 260)	(160, 37)
menu-item	Import bookmarks	Import bookmarks			(1744, 313)	(160, 37)
menu-item	Export bookmarks	Export bookmarks			(1744, 349)	(160, 37)
menu-item	Help center	Help center			(1744, 402)	(160, 37)
menu	Chromium Web Browser	""			(99, 0)	(219, 27)
menu	System	""			(1814, 0)	(106, 27)
push-button	Chromium Web Browser	""			(0, 33)	(70, 64)
push-button	Thunderbird Mail	""			(0, 101)	(70, 64)
push-button	Visual Studio Code	""			(0, 169)	(70, 64)
push-button	VLC media player	""			(0, 237)	(70, 64)
push-button	LibreOffice Writer	""			(0, 305)	(70, 64)
push-button	LibreOffice Calc	""			(0, 373)	(70, 64)
push-button	LibreOffice Impress	""			(0, 441)	(70, 64)
push-button	GNU Image Manipulation Program	""			(0, 509)	(70, 64)
push-button	Files	""			(0, 577)	(70, 64)
push-button	Ubuntu Software	""			(0, 645)	(70, 64)
push-button	Help	""			(0, 713)	(70, 64)
push-button	Trash	""			(0, 784)	(70, 64)
toggle-button	Show Applications	""			(0, 915)	(70, 70)
Generating content with GPT model: o4-mini
RESPONSE: The next step is to click “Add new folder” in the organize menu:

```python
import pyautogui, time

# Click "Add new folder" in the dropdown
pyautogui.click(1824, 278)
time.sleep(0.5)
```
LINEAR AT: tag	name	text	class	description	position (top-left x&y)	size (w&h)
label	Home	Home			(1833, 939)	(40, 17)
push-button	Search tabs	Search tabs			(76, 64)	(28, 41)
push-button	Close	Close			(312, 70)	(28, 28)
push-button	New Tab	New Tab			(348, 64)	(28, 41)
push-button	Back	Back			(70, 110)	(39, 34)
push-button	Reload	Reload			(147, 110)	(34, 34)
push-button	Chromium	""			(195, 115)	(105, 24)
entry	Address and search bar	chrome://bookmarks			(308, 115)	(1484, 24)
push-button	Bookmark this tab	""			(1800, 115)	(24, 24)
push-button	Work	Work			(1845, 110)	(34, 34)
push-button	Chromium	Chromium			(1881, 110)	(39, 34)
document-web	Bookmarks	""			(70, 151)	(1850, 834)
heading	Add folder	""			(739, 469)	(512, 51)
section		Add folder			(739, 469)	(512, 51)
static	Add folder	Add folder			(759, 487)	(70, 18)
entry	Name	""			(769, 554)	(452, 16)
push-button	Cancel	Cancel			(1086, 615)	(75, 36)
static	Cancel	Cancel			(1103, 625)	(41, 15)
push-button	Save	Save			(1168, 615)	(67, 36)
static	Save	Save			(1187, 625)	(29, 15)
menu	Chromium Web Browser	""			(99, 0)	(219, 27)
menu	System	""			(1814, 0)	(106, 27)
push-button	Chromium Web Browser	""			(0, 33)	(70, 64)
push-button	Thunderbird Mail	""			(0, 101)	(70, 64)
push-button	Visual Studio Code	""			(0, 169)	(70, 64)
push-button	VLC media player	""			(0, 237)	(70, 64)
push-button	LibreOffice Writer	""			(0, 305)	(70, 64)
push-button	LibreOffice Calc	""			(0, 373)	(70, 64)
push-button	LibreOffice Impress	""			(0, 441)	(70, 64)
push-button	GNU Image Manipulation Program	""			(0, 509)	(70, 64)
push-button	Files	""			(0, 577)	(70, 64)
push-button	Ubuntu Software	""			(0, 645)	(70, 64)
push-button	Help	""			(0, 713)	(70, 64)
push-button	Trash	""			(0, 784)	(70, 64)
toggle-button	Show Applications	""			(0, 915)	(70, 70)
Generating content with GPT model: o4-mini
RESPONSE: The “Add folder” dialog is open. Now I’ll click the Name field, enter “Favorites”, and then click Save.

```python
import pyautogui, time

# Focus the Name input field
pyautogui.click(995, 562)
time.sleep(0.5)

# Type the folder name
pyautogui.write('Favorites', interval=0.1)
time.sleep(0.5)

# Click the Save button
pyautogui.click(1200, 633)
time.sleep(0.5)
```
LINEAR AT: tag	name	text	class	description	position (top-left x&y)	size (w&h)
label	Home	Home			(1833, 939)	(40, 17)
push-button	Search tabs	Search tabs			(76, 64)	(28, 41)
push-button	Close	Close			(312, 70)	(28, 28)
push-button	New Tab	New Tab			(348, 64)	(28, 41)
push-button	Back	Back			(70, 110)	(39, 34)
push-button	Reload	Reload			(147, 110)	(34, 34)
push-button	Chromium	""			(195, 115)	(105, 24)
entry	Address and search bar	chrome://bookmarks			(308, 115)	(1484, 24)
push-button	Bookmark this tab	""			(1800, 115)	(24, 24)
push-button	Work	Work			(1845, 110)	(34, 34)
push-button	Chromium	Chromium			(1881, 110)	(39, 34)
document-web	Bookmarks	""			(70, 151)	(1850, 834)
heading	Bookmarks	Bookmarks			(137, 166)	(648, 26)
static	Bookmarks	Bookmarks			(137, 166)	(115, 26)
entry	Search bookmarks	""			(818, 167)	(653, 24)
push-button	Organize	""			(1872, 163)	(32, 32)
tree-item	Bookmarks bar	""			(71, 215)	(252, 40)
section		Bookmarks bar			(139, 228)	(174, 14)
static	Bookmarks bar	Bookmarks bar			(145, 227)	(96, 16)
tree-item	Other bookmarks	""			(71, 255)	(252, 40)
section		Other bookmarks			(139, 268)	(174, 14)
static	Other bookmarks	Other bookmarks			(145, 267)	(109, 16)
table-cell	Favorites	""			(683, 248)	(876, 21)
section		Favorites			(703, 248)	(53, 21)
static	Favorites	Favorites			(703, 250)	(53, 16)
table-cell	More actions for Favorites	""			(1559, 243)	(44, 32)
push-button	More actions for Favorites	""			(1559, 243)	(32, 32)
menu	Chromium Web Browser	""			(99, 0)	(219, 27)
menu	System	""			(1814, 0)	(106, 27)
push-button	Chromium Web Browser	""			(0, 33)	(70, 64)
push-button	Thunderbird Mail	""			(0, 101)	(70, 64)
push-button	Visual Studio Code	""			(0, 169)	(70, 64)
push-button	VLC media player	""			(0, 237)	(70, 64)
push-button	LibreOffice Writer	""			(0, 305)	(70, 64)
push-button	LibreOffice Calc	""			(0, 373)	(70, 64)
push-button	LibreOffice Impress	""			(0, 441)	(70, 64)
push-button	GNU Image Manipulation Program	""			(0, 509)	(70, 64)
push-button	Files	""			(0, 577)	(70, 64)
push-button	Ubuntu Software	""			(0, 645)	(70, 64)
push-button	Help	""			(0, 713)	(70, 64)
push-button	Trash	""			(0, 784)	(70, 64)
toggle-button	Show Applications	""			(0, 915)	(70, 70)
Generating content with GPT model: o4-mini
RESPONSE: The “Favorites” folder now appears under the Bookmarks bar, so the creation is complete.

```DONE```
