LINEAR AT: tag	name	text	class	description	position (top-left x&y)	size (w&h)
label	Home	Home			(1833, 939)	(40, 17)
menu	File	""			(134, 105)	(38, 25)
menu	Edit	""			(172, 105)	(40, 25)
menu	View	""			(212, 105)	(47, 25)
menu	Insert	""			(259, 105)	(53, 25)
menu	Format	""			(312, 105)	(62, 25)
menu	Options	""			(374, 105)	(67, 25)
menu	Tools	""			(441, 105)	(50, 25)
menu	Help	""			(491, 105)	(45, 25)
push-button	Send	""			(138, 137)	(65, 24)
push-button	Spelling	""			(294, 137)	(108, 24)
push-button	Save	""			(404, 137)	(85, 24)
toggle-button	Contacts	""			(491, 137)	(91, 24)
push-button	Attach	""			(891, 137)	(99, 24)
label	From	From			(239, 182)	(34, 17)
combo-box	From	""			(283, 176)	(552, 30)
menu-item	Mathias Gadenzi <mathias.gadenzi@gmail.com>	""			(139, 109)	(563, 28)
push-button	Cc	Cc			(859, 180)	(23, 21)
push-button	Bcc	Bcc			(894, 180)	(31, 21)
push-button	Other addressing fields to show	""			(937, 180)	(20, 20)
label	To	To			(257, 219)	(16, 17)
label	assistant@outlook.com	assistant@outlook.com			(293, 218)	(157, 19)
entry	To with one address, use left arrow key to focus on it.	""			(460, 215)	(521, 25)
label	Subject	Subject			(224, 257)	(49, 17)
entry	Subject	New-month AWS Bill			(283, 249)	(703, 30)
combo-box	Choose a paragraph format	""			(139, 288)	(103, 24)
menu-item	Paragraph	""			(139, 134)	(93, 25)
combo-box	Choose a font	""			(246, 288)	(130, 24)
menu-item	Variable Width	""			(139, 5)	(199, 25)
push-button	Set font size	""			(415, 288)	(24, 24)
push-button	Smaller font size	""			(441, 288)	(24, 24)
push-button	Larger font size	""			(467, 288)	(24, 24)
toggle-button	Bold	""			(496, 288)	(24, 24)
toggle-button	Italic	""			(522, 288)	(24, 24)
toggle-button	Underline	""			(548, 288)	(24, 24)
push-button	Remove Text Styling	""			(577, 288)	(24, 24)
toggle-button	Apply or remove bulleted list	""			(606, 288)	(24, 24)
toggle-button	Apply or remove numbered list	""			(632, 288)	(24, 24)
push-button	Outdent text (move left)	""			(658, 288)	(24, 24)
push-button	Indent text (move right)	""			(684, 288)	(24, 24)
push-button	Choose text alignment	""			(713, 288)	(35, 24)
push-button	Insert a Link, Anchor, Image, Horizontal Line, or Table	""			(750, 288)	(35, 24)
push-button	Insert a smiley face	""			(787, 288)	(35, 24)
document-web	Message body	""			(134, 318)	(860, 563)
paragraph		
			(142, 326)	(844, 19)
menu	Thunderbird Mail	""			(99, 0)	(173, 27)
menu	System	""			(1814, 0)	(106, 27)
label	Please download waiting software updates.	""			(810, 73)	(291, 17)
push-button	Chromium Web Browser	""			(0, 33)	(70, 64)
push-button	Thunderbird Mail	""			(0, 101)	(70, 64)
push-button	Visual Studio Code	""			(0, 169)	(70, 64)
push-button	VLC media player	""			(0, 237)	(70, 64)
push-button	LibreOffice Writer	""			(0, 305)	(70, 64)
push-button	LibreOffice Calc	""			(0, 373)	(70, 64)
push-button	LibreOffice Impress	""			(0, 441)	(70, 64)
push-button	GNU Image Manipulation Program	""			(0, 509)	(70, 64)
push-button	Files	""			(0, 577)	(70, 64)
push-button	Ubuntu Software	""			(0, 645)	(70, 64)
push-button	Help	""			(0, 713)	(70, 64)
push-button	Trash	""			(0, 784)	(70, 64)
toggle-button	Show Applications	""			(0, 915)	(70, 70)
Generating content with GPT model: o4-mini
RESPONSE: The next step is to click the “Attach” button in the toolbar to open the file‐picker dialog.

```python
import pyautogui, time

# Click the "Attach" button (centered at approx. 940,149)
pyautogui.moveTo(940, 149, duration=0.3)
pyautogui.click()
time.sleep(0.5)
```
LINEAR AT: tag	name	text	class	description	position (top-left x&y)	size (w&h)
label	Home	Home			(1833, 939)	(40, 17)
menu	File	""			(134, 105)	(38, 25)
menu	Edit	""			(172, 105)	(40, 25)
menu	View	""			(212, 105)	(47, 25)
menu	Insert	""			(259, 105)	(53, 25)
menu	Format	""			(312, 105)	(62, 25)
menu	Options	""			(374, 105)	(67, 25)
menu	Tools	""			(441, 105)	(50, 25)
menu	Help	""			(491, 105)	(45, 25)
push-button	Send	""			(138, 137)	(65, 24)
push-button	Spelling	""			(294, 137)	(108, 24)
push-button	Save	""			(404, 137)	(85, 24)
toggle-button	Contacts	""			(491, 137)	(91, 24)
push-button	Attach	""			(891, 137)	(99, 24)
label	From	From			(239, 182)	(34, 17)
combo-box	From	""			(283, 176)	(552, 30)
menu-item	Mathias Gadenzi <mathias.gadenzi@gmail.com>	""			(139, 109)	(563, 28)
push-button	Cc	Cc			(859, 180)	(23, 21)
push-button	Bcc	Bcc			(894, 180)	(31, 21)
push-button	Other addressing fields to show	""			(937, 180)	(20, 20)
label	To	To			(257, 219)	(16, 17)
label	assistant@outlook.com	assistant@outlook.com			(293, 218)	(157, 19)
entry	To with one address, use left arrow key to focus on it.	""			(460, 215)	(521, 25)
label	Subject	Subject			(224, 257)	(49, 17)
entry	Subject	New-month AWS Bill			(283, 249)	(703, 30)
combo-box	Choose a paragraph format	""			(139, 288)	(103, 24)
menu-item	Paragraph	""			(139, 134)	(93, 25)
combo-box	Choose a font	""			(246, 288)	(130, 24)
menu-item	Variable Width	""			(139, 5)	(199, 25)
push-button	Set font size	""			(415, 288)	(24, 24)
push-button	Smaller font size	""			(441, 288)	(24, 24)
push-button	Larger font size	""			(467, 288)	(24, 24)
toggle-button	Bold	""			(496, 288)	(24, 24)
toggle-button	Italic	""			(522, 288)	(24, 24)
toggle-button	Underline	""			(548, 288)	(24, 24)
push-button	Remove Text Styling	""			(577, 288)	(24, 24)
toggle-button	Apply or remove bulleted list	""			(606, 288)	(24, 24)
toggle-button	Apply or remove numbered list	""			(632, 288)	(24, 24)
push-button	Outdent text (move left)	""			(658, 288)	(24, 24)
push-button	Indent text (move right)	""			(684, 288)	(24, 24)
push-button	Choose text alignment	""			(713, 288)	(35, 24)
push-button	Insert a Link, Anchor, Image, Horizontal Line, or Table	""			(750, 288)	(35, 24)
push-button	Insert a smiley face	""			(787, 288)	(35, 24)
document-web	Message body	""			(134, 318)	(860, 563)
paragraph		
			(142, 326)	(844, 19)
label	Attach File(s)	Attach File(s)			(612, 41)	(119, 17)
push-button	Cancel	""			(76, 27)	(78, 46)
label	Recent	Recent			(108, 78)	(109, 36)
label	Home	Home			(108, 116)	(109, 36)
label	Desktop	Desktop			(108, 154)	(109, 36)
label	Documents	Documents			(108, 192)	(109, 36)
label	Downloads	Downloads			(108, 230)	(109, 36)
label	Music	Music			(108, 268)	(109, 36)
label	Pictures	Pictures			(108, 306)	(109, 36)
label	Videos	Videos			(108, 344)	(109, 36)
icon	Add	""			(84, 391)	(24, 36)
label	Other Locations	Other Locations			(108, 391)	(109, 36)
table-cell	screenshot.png	screenshot.png			(262, 100)	(383, 22)
table-cell	server/screenshots	server/screenshots			(645, 100)	(387, 22)
table-cell	869.6 kB	869.6 kB			(1036, 100)	(68, 22)
table-cell	Image	Image			(1108, 100)	(53, 22)
table-cell	05‎∶38	05‎∶38			(1165, 100)	(82, 22)
table-cell	Downloads	Downloads			(262, 124)	(383, 21)
table-cell	Home	Home			(645, 124)	(387, 21)
table-cell	Yesterday	Yesterday			(1165, 124)	(82, 21)
table-cell	main.py	main.py			(262, 147)	(383, 21)
table-cell	server	server			(645, 147)	(387, 21)
table-cell	70.0 kB	70.0 kB			(1036, 147)	(68, 21)
table-cell	Text	Text			(1108, 147)	(53, 21)
table-cell	Yesterday	Yesterday			(1165, 147)	(82, 21)
combo-box	All Files	""			(1175, 945)	(92, 34)
menu	Thunderbird Mail	""			(99, 0)	(173, 27)
menu	System	""			(1814, 0)	(106, 27)
label	Please download waiting software updates.	""			(810, 73)	(291, 17)
push-button	Chromium Web Browser	""			(0, 33)	(70, 64)
push-button	Thunderbird Mail	""			(0, 101)	(70, 64)
push-button	Visual Studio Code	""			(0, 169)	(70, 64)
push-button	VLC media player	""			(0, 237)	(70, 64)
push-button	LibreOffice Writer	""			(0, 305)	(70, 64)
push-button	LibreOffice Calc	""			(0, 373)	(70, 64)
push-button	LibreOffice Impress	""			(0, 441)	(70, 64)
push-button	GNU Image Manipulation Program	""			(0, 509)	(70, 64)
push-button	Files	""			(0, 577)	(70, 64)
push-button	Ubuntu Software	""			(0, 645)	(70, 64)
push-button	Help	""			(0, 713)	(70, 64)
push-button	Trash	""			(0, 784)	(70, 64)
toggle-button	Show Applications	""			(0, 915)	(70, 70)
Generating content with GPT model: o4-mini
RESPONSE: Here’s the next step—click “Home” in the file‐picker sidebar to navigate to your home directory:

```python
import pyautogui, time

# Click the "Home" entry in the sidebar (approx. center of the label at 108,116 size 109x36)
pyautogui.moveTo(160, 134, duration=0.3)
pyautogui.click()
time.sleep(0.5)
```
LINEAR AT: tag	name	text	class	description	position (top-left x&y)	size (w&h)
label	Home	Home			(1833, 939)	(40, 17)
menu	File	""			(134, 105)	(38, 25)
menu	Edit	""			(172, 105)	(40, 25)
menu	View	""			(212, 105)	(47, 25)
menu	Insert	""			(259, 105)	(53, 25)
menu	Format	""			(312, 105)	(62, 25)
menu	Options	""			(374, 105)	(67, 25)
menu	Tools	""			(441, 105)	(50, 25)
menu	Help	""			(491, 105)	(45, 25)
push-button	Send	""			(138, 137)	(65, 24)
push-button	Spelling	""			(294, 137)	(108, 24)
push-button	Save	""			(404, 137)	(85, 24)
toggle-button	Contacts	""			(491, 137)	(91, 24)
push-button	Attach	""			(891, 137)	(99, 24)
label	From	From			(239, 182)	(34, 17)
combo-box	From	""			(283, 176)	(552, 30)
menu-item	Mathias Gadenzi <mathias.gadenzi@gmail.com>	""			(139, 109)	(563, 28)
push-button	Cc	Cc			(859, 180)	(23, 21)
push-button	Bcc	Bcc			(894, 180)	(31, 21)
push-button	Other addressing fields to show	""			(937, 180)	(20, 20)
label	To	To			(257, 219)	(16, 17)
label	assistant@outlook.com	assistant@outlook.com			(293, 218)	(157, 19)
entry	To with one address, use left arrow key to focus on it.	""			(460, 215)	(521, 25)
label	Subject	Subject			(224, 257)	(49, 17)
entry	Subject	New-month AWS Bill			(283, 249)	(703, 30)
combo-box	Choose a paragraph format	""			(139, 288)	(103, 24)
menu-item	Paragraph	""			(139, 134)	(93, 25)
combo-box	Choose a font	""			(246, 288)	(130, 24)
menu-item	Variable Width	""			(139, 5)	(199, 25)
push-button	Set font size	""			(415, 288)	(24, 24)
push-button	Smaller font size	""			(441, 288)	(24, 24)
push-button	Larger font size	""			(467, 288)	(24, 24)
toggle-button	Bold	""			(496, 288)	(24, 24)
toggle-button	Italic	""			(522, 288)	(24, 24)
toggle-button	Underline	""			(548, 288)	(24, 24)
push-button	Remove Text Styling	""			(577, 288)	(24, 24)
toggle-button	Apply or remove bulleted list	""			(606, 288)	(24, 24)
toggle-button	Apply or remove numbered list	""			(632, 288)	(24, 24)
push-button	Outdent text (move left)	""			(658, 288)	(24, 24)
push-button	Indent text (move right)	""			(684, 288)	(24, 24)
push-button	Choose text alignment	""			(713, 288)	(35, 24)
push-button	Insert a Link, Anchor, Image, Horizontal Line, or Table	""			(750, 288)	(35, 24)
push-button	Insert a smiley face	""			(787, 288)	(35, 24)
document-web	Message body	""			(134, 318)	(860, 563)
paragraph		
			(142, 326)	(844, 19)
push-button	Open	""			(1189, 27)	(78, 46)
label	Attach File(s)	Attach File(s)			(612, 41)	(119, 17)
push-button	Cancel	""			(76, 27)	(78, 46)
label	Recent	Recent			(108, 78)	(109, 36)
label	Home	Home			(108, 116)	(109, 36)
label	Desktop	Desktop			(108, 154)	(109, 36)
label	Documents	Documents			(108, 192)	(109, 36)
label	Downloads	Downloads			(108, 230)	(109, 36)
label	Music	Music			(108, 268)	(109, 36)
label	Pictures	Pictures			(108, 306)	(109, 36)
label	Videos	Videos			(108, 344)	(109, 36)
icon	Add	""			(84, 391)	(24, 36)
label	Other Locations	Other Locations			(108, 391)	(109, 36)
toggle-button	user	""			(264, 80)	(70, 34)
push-button	Up Path	""			(238, 80)	(26, 34)
table-cell	Desktop	Desktop			(262, 147)	(771, 21)
table-cell	7 Aug 2025	7 Aug 2025			(1182, 147)	(93, 21)
table-cell	Documents	Documents			(262, 170)	(771, 21)
table-cell	4 Apr 2024	4 Apr 2024			(1182, 170)	(93, 21)
table-cell	Downloads	Downloads			(262, 193)	(771, 21)
table-cell	11 Jul 2024	11 Jul 2024			(1182, 193)	(93, 21)
table-cell	Music	Music			(262, 216)	(771, 21)
table-cell	4 Apr 2024	4 Apr 2024			(1182, 216)	(93, 21)
table-cell	Pictures	Pictures			(262, 239)	(771, 21)
table-cell	4 Apr 2024	4 Apr 2024			(1182, 239)	(93, 21)
table-cell	Public	Public			(262, 262)	(771, 21)
table-cell	4 Apr 2024	4 Apr 2024			(1182, 262)	(93, 21)
table-cell	server	server			(262, 285)	(771, 21)
table-cell	5 Aug 2025	5 Aug 2025			(1182, 285)	(93, 21)
table-cell	snap	snap			(262, 308)	(771, 21)
table-cell	4 Apr 2024	4 Apr 2024			(1182, 308)	(93, 21)
table-cell	Templates	Templates			(262, 331)	(771, 21)
table-cell	4 Apr 2024	4 Apr 2024			(1182, 331)	(93, 21)
table-cell	Videos	Videos			(262, 354)	(771, 21)
table-cell	4 Apr 2024	4 Apr 2024			(1182, 354)	(93, 21)
table-cell	aws-bill.pdf	aws-bill.pdf			(262, 377)	(771, 22)
table-cell	23.4 kB	23.4 kB			(1033, 377)	(60, 22)
table-cell	Document	Document			(1097, 377)	(81, 22)
table-cell	05‎∶38	05‎∶38			(1182, 377)	(93, 22)
table-cell	thunderbird-profile.tar.xz	thunderbird-profile.tar.xz			(262, 401)	(771, 22)
table-cell	97.0 kB	97.0 kB			(1033, 401)	(60, 22)
table-cell	Archive	Archive			(1097, 401)	(81, 22)
table-cell	05‎∶38	05‎∶38			(1182, 401)	(93, 22)
combo-box	All Files	""			(1175, 945)	(92, 34)
menu	Thunderbird Mail	""			(99, 0)	(173, 27)
menu	System	""			(1814, 0)	(106, 27)
push-button	Chromium Web Browser	""			(0, 33)	(70, 64)
push-button	Thunderbird Mail	""			(0, 101)	(70, 64)
push-button	Visual Studio Code	""			(0, 169)	(70, 64)
push-button	VLC media player	""			(0, 237)	(70, 64)
push-button	LibreOffice Writer	""			(0, 305)	(70, 64)
push-button	LibreOffice Calc	""			(0, 373)	(70, 64)
push-button	LibreOffice Impress	""			(0, 441)	(70, 64)
push-button	GNU Image Manipulation Program	""			(0, 509)	(70, 64)
push-button	Files	""			(0, 577)	(70, 64)
push-button	Ubuntu Software	""			(0, 645)	(70, 64)
push-button	Help	""			(0, 713)	(70, 64)
push-button	Trash	""			(0, 784)	(70, 64)
toggle-button	Show Applications	""			(0, 915)	(70, 70)
Generating content with GPT model: o4-mini
RESPONSE: The next step is to click on “aws-bill.pdf” in the file list to select it:

```python
import pyautogui, time

# Click the aws-bill.pdf row (approx. at x=400, y=388)
pyautogui.moveTo(400, 388, duration=0.3)
pyautogui.click()
time.sleep(0.5)
```
LINEAR AT: tag	name	text	class	description	position (top-left x&y)	size (w&h)
label	Home	Home			(1833, 939)	(40, 17)
menu	File	""			(134, 105)	(38, 25)
menu	Edit	""			(172, 105)	(40, 25)
menu	View	""			(212, 105)	(47, 25)
menu	Insert	""			(259, 105)	(53, 25)
menu	Format	""			(312, 105)	(62, 25)
menu	Options	""			(374, 105)	(67, 25)
menu	Tools	""			(441, 105)	(50, 25)
menu	Help	""			(491, 105)	(45, 25)
push-button	Send	""			(138, 137)	(65, 24)
push-button	Spelling	""			(294, 137)	(108, 24)
push-button	Save	""			(404, 137)	(85, 24)
toggle-button	Contacts	""			(491, 137)	(91, 24)
push-button	Attach	""			(891, 137)	(99, 24)
label	From	From			(239, 182)	(34, 17)
combo-box	From	""			(283, 176)	(552, 30)
menu-item	Mathias Gadenzi <mathias.gadenzi@gmail.com>	""			(139, 109)	(563, 28)
push-button	Cc	Cc			(859, 180)	(23, 21)
push-button	Bcc	Bcc			(894, 180)	(31, 21)
push-button	Other addressing fields to show	""			(937, 180)	(20, 20)
label	To	To			(257, 219)	(16, 17)
label	assistant@outlook.com	assistant@outlook.com			(293, 218)	(157, 19)
entry	To with one address, use left arrow key to focus on it.	""			(460, 215)	(521, 25)
label	Subject	Subject			(224, 257)	(49, 17)
entry	Subject	New-month AWS Bill			(283, 249)	(703, 30)
combo-box	Choose a paragraph format	""			(139, 288)	(103, 24)
menu-item	Paragraph	""			(139, 134)	(93, 25)
combo-box	Choose a font	""			(246, 288)	(130, 24)
menu-item	Variable Width	""			(139, 5)	(199, 25)
push-button	Set font size	""			(415, 288)	(24, 24)
push-button	Smaller font size	""			(441, 288)	(24, 24)
push-button	Larger font size	""			(467, 288)	(24, 24)
toggle-button	Bold	""			(496, 288)	(24, 24)
toggle-button	Italic	""			(522, 288)	(24, 24)
toggle-button	Underline	""			(548, 288)	(24, 24)
push-button	Remove Text Styling	""			(577, 288)	(24, 24)
toggle-button	Apply or remove bulleted list	""			(606, 288)	(24, 24)
toggle-button	Apply or remove numbered list	""			(632, 288)	(24, 24)
push-button	Outdent text (move left)	""			(658, 288)	(24, 24)
push-button	Indent text (move right)	""			(684, 288)	(24, 24)
push-button	Choose text alignment	""			(713, 288)	(35, 24)
push-button	Insert a Link, Anchor, Image, Horizontal Line, or Table	""			(750, 288)	(35, 24)
push-button	Insert a smiley face	""			(787, 288)	(35, 24)
document-web	Message body	""			(134, 318)	(860, 563)
paragraph		
			(142, 326)	(844, 19)
push-button	Open	""			(1189, 27)	(78, 46)
label	Attach File(s)	Attach File(s)			(612, 41)	(119, 17)
push-button	Cancel	""			(76, 27)	(78, 46)
label	Recent	Recent			(108, 78)	(109, 36)
label	Home	Home			(108, 116)	(109, 36)
label	Desktop	Desktop			(108, 154)	(109, 36)
label	Documents	Documents			(108, 192)	(109, 36)
label	Downloads	Downloads			(108, 230)	(109, 36)
label	Music	Music			(108, 268)	(109, 36)
label	Pictures	Pictures			(108, 306)	(109, 36)
label	Videos	Videos			(108, 344)	(109, 36)
icon	Add	""			(84, 391)	(24, 36)
label	Other Locations	Other Locations			(108, 391)	(109, 36)
toggle-button	user	""			(264, 80)	(70, 34)
push-button	Up Path	""			(238, 80)	(26, 34)
table-cell	Desktop	Desktop			(262, 147)	(771, 21)
table-cell	7 Aug 2025	7 Aug 2025			(1182, 147)	(93, 21)
table-cell	Documents	Documents			(262, 170)	(771, 21)
table-cell	4 Apr 2024	4 Apr 2024			(1182, 170)	(93, 21)
table-cell	Downloads	Downloads			(262, 193)	(771, 21)
table-cell	11 Jul 2024	11 Jul 2024			(1182, 193)	(93, 21)
table-cell	Music	Music			(262, 216)	(771, 21)
table-cell	4 Apr 2024	4 Apr 2024			(1182, 216)	(93, 21)
table-cell	Pictures	Pictures			(262, 239)	(771, 21)
table-cell	4 Apr 2024	4 Apr 2024			(1182, 239)	(93, 21)
table-cell	Public	Public			(262, 262)	(771, 21)
table-cell	4 Apr 2024	4 Apr 2024			(1182, 262)	(93, 21)
table-cell	server	server			(262, 285)	(771, 21)
table-cell	5 Aug 2025	5 Aug 2025			(1182, 285)	(93, 21)
table-cell	snap	snap			(262, 308)	(771, 21)
table-cell	4 Apr 2024	4 Apr 2024			(1182, 308)	(93, 21)
table-cell	Templates	Templates			(262, 331)	(771, 21)
table-cell	4 Apr 2024	4 Apr 2024			(1182, 331)	(93, 21)
table-cell	Videos	Videos			(262, 354)	(771, 21)
table-cell	4 Apr 2024	4 Apr 2024			(1182, 354)	(93, 21)
table-cell	aws-bill.pdf	aws-bill.pdf			(262, 377)	(771, 22)
table-cell	23.4 kB	23.4 kB			(1033, 377)	(60, 22)
table-cell	Document	Document			(1097, 377)	(81, 22)
table-cell	05‎∶38	05‎∶38			(1182, 377)	(93, 22)
table-cell	thunderbird-profile.tar.xz	thunderbird-profile.tar.xz			(262, 401)	(771, 22)
table-cell	97.0 kB	97.0 kB			(1033, 401)	(60, 22)
table-cell	Archive	Archive			(1097, 401)	(81, 22)
table-cell	05‎∶38	05‎∶38			(1182, 401)	(93, 22)
combo-box	All Files	""			(1175, 945)	(92, 34)
menu	Thunderbird Mail	""			(99, 0)	(173, 27)
menu	System	""			(1814, 0)	(106, 27)
push-button	Chromium Web Browser	""			(0, 33)	(70, 64)
push-button	Thunderbird Mail	""			(0, 101)	(70, 64)
push-button	Visual Studio Code	""			(0, 169)	(70, 64)
push-button	VLC media player	""			(0, 237)	(70, 64)
push-button	LibreOffice Writer	""			(0, 305)	(70, 64)
push-button	LibreOffice Calc	""			(0, 373)	(70, 64)
push-button	LibreOffice Impress	""			(0, 441)	(70, 64)
push-button	GNU Image Manipulation Program	""			(0, 509)	(70, 64)
push-button	Files	""			(0, 577)	(70, 64)
push-button	Ubuntu Software	""			(0, 645)	(70, 64)
push-button	Help	""			(0, 713)	(70, 64)
push-button	Trash	""			(0, 784)	(70, 64)
toggle-button	Show Applications	""			(0, 915)	(70, 70)
Generating content with GPT model: o4-mini
RESPONSE: The next step is to click the “Open” button to confirm attaching the selected aws-bill.pdf:

```python
import pyautogui, time

# Click the "Open" button (approximate center at x=1228, y=50)
pyautogui.moveTo(1228, 50, duration=0.3)
pyautogui.click()
time.sleep(0.5)
```
LINEAR AT: tag	name	text	class	description	position (top-left x&y)	size (w&h)
label	Home	Home			(1833, 939)	(40, 17)
menu	File	""			(134, 105)	(38, 25)
menu	Edit	""			(172, 105)	(40, 25)
menu	View	""			(212, 105)	(47, 25)
menu	Insert	""			(259, 105)	(53, 25)
menu	Format	""			(312, 105)	(62, 25)
menu	Options	""			(374, 105)	(67, 25)
menu	Tools	""			(441, 105)	(50, 25)
menu	Help	""			(491, 105)	(45, 25)
push-button	Send	""			(138, 137)	(65, 24)
push-button	Spelling	""			(294, 137)	(108, 24)
push-button	Save	""			(404, 137)	(85, 24)
toggle-button	Contacts	""			(491, 137)	(91, 24)
push-button	Attach	""			(891, 137)	(99, 24)
label	From	From			(239, 182)	(34, 17)
combo-box	From	""			(283, 176)	(552, 30)
menu-item	Mathias Gadenzi <mathias.gadenzi@gmail.com>	""			(139, 109)	(563, 28)
push-button	Cc	Cc			(859, 180)	(23, 21)
push-button	Bcc	Bcc			(894, 180)	(31, 21)
push-button	Other addressing fields to show	""			(937, 180)	(20, 20)
label	To	To			(257, 219)	(16, 17)
label	assistant@outlook.com	assistant@outlook.com			(293, 218)	(157, 19)
entry	To with one address, use left arrow key to focus on it.	""			(460, 215)	(521, 25)
label	Subject	Subject			(224, 257)	(49, 17)
entry	Subject	New-month AWS Bill			(283, 249)	(703, 30)
combo-box	Choose a paragraph format	""			(139, 288)	(103, 24)
menu-item	Paragraph	""			(139, 134)	(93, 25)
combo-box	Choose a font	""			(246, 288)	(130, 24)
menu-item	Variable Width	""			(139, 5)	(199, 25)
document-web	Message body	""			(134, 318)	(860, 503)
paragraph		
			(142, 326)	(844, 19)
push-button	1 Attachment 22.8 KB	""			(134, 821)	(860, 31)
section		1 Attachment			(158, 827)	(91, 17)
list-item	aws-bill .pdf 22.8 KB	""			(135, 854)	(175, 25)
section		aws-bill			(163, 858)	(50, 17)
section		.pdf			(213, 858)	(27, 17)
menu	Thunderbird Mail	""			(99, 0)	(173, 27)
menu	System	""			(1814, 0)	(106, 27)
push-button	Chromium Web Browser	""			(0, 33)	(70, 64)
push-button	Thunderbird Mail	""			(0, 101)	(70, 64)
push-button	Visual Studio Code	""			(0, 169)	(70, 64)
push-button	VLC media player	""			(0, 237)	(70, 64)
push-button	LibreOffice Writer	""			(0, 305)	(70, 64)
push-button	LibreOffice Calc	""			(0, 373)	(70, 64)
push-button	LibreOffice Impress	""			(0, 441)	(70, 64)
push-button	GNU Image Manipulation Program	""			(0, 509)	(70, 64)
push-button	Files	""			(0, 577)	(70, 64)
push-button	Ubuntu Software	""			(0, 645)	(70, 64)
push-button	Help	""			(0, 713)	(70, 64)
push-button	Trash	""			(0, 784)	(70, 64)
toggle-button	Show Applications	""			(0, 915)	(70, 70)
Generating content with GPT model: o4-mini
RESPONSE: We’ve successfully attached aws-bill.pdf (it’s listed at the bottom). Next, place the cursor in the message body so you can continue composing:

```python
import pyautogui, time

# Click into the empty message body (approx. at x=350, y=450)
pyautogui.moveTo(350, 450, duration=0.3)
pyautogui.click()
time.sleep(0.5)
```
LINEAR AT: tag	name	text	class	description	position (top-left x&y)	size (w&h)
label	Home	Home			(1833, 939)	(40, 17)
menu	File	""			(134, 105)	(38, 25)
menu	Edit	""			(172, 105)	(40, 25)
menu	View	""			(212, 105)	(47, 25)
menu	Insert	""			(259, 105)	(53, 25)
menu	Format	""			(312, 105)	(62, 25)
menu	Options	""			(374, 105)	(67, 25)
menu	Tools	""			(441, 105)	(50, 25)
menu	Help	""			(491, 105)	(45, 25)
push-button	Send	""			(138, 137)	(65, 24)
push-button	Spelling	""			(294, 137)	(108, 24)
push-button	Save	""			(404, 137)	(85, 24)
toggle-button	Contacts	""			(491, 137)	(91, 24)
push-button	Attach	""			(891, 137)	(99, 24)
label	From	From			(239, 182)	(34, 17)
combo-box	From	""			(283, 176)	(552, 30)
menu-item	Mathias Gadenzi <mathias.gadenzi@gmail.com>	""			(139, 109)	(563, 28)
push-button	Cc	Cc			(859, 180)	(23, 21)
push-button	Bcc	Bcc			(894, 180)	(31, 21)
push-button	Other addressing fields to show	""			(937, 180)	(20, 20)
label	To	To			(257, 219)	(16, 17)
label	assistant@outlook.com	assistant@outlook.com			(293, 218)	(157, 19)
entry	To with one address, use left arrow key to focus on it.	""			(460, 215)	(521, 25)
label	Subject	Subject			(224, 257)	(49, 17)
entry	Subject	New-month AWS Bill			(283, 249)	(703, 30)
combo-box	Choose a paragraph format	""			(139, 288)	(103, 24)
menu-item	Paragraph	""			(139, 134)	(93, 25)
combo-box	Choose a font	""			(246, 288)	(130, 24)
menu-item	Variable Width	""			(139, 5)	(199, 25)
push-button	Set font size	""			(415, 288)	(24, 24)
push-button	Smaller font size	""			(441, 288)	(24, 24)
push-button	Larger font size	""			(467, 288)	(24, 24)
toggle-button	Bold	""			(496, 288)	(24, 24)
toggle-button	Italic	""			(522, 288)	(24, 24)
toggle-button	Underline	""			(548, 288)	(24, 24)
push-button	Remove Text Styling	""			(577, 288)	(24, 24)
toggle-button	Apply or remove bulleted list	""			(606, 288)	(24, 24)
toggle-button	Apply or remove numbered list	""			(632, 288)	(24, 24)
push-button	Outdent text (move left)	""			(658, 288)	(24, 24)
push-button	Indent text (move right)	""			(684, 288)	(24, 24)
push-button	Choose text alignment	""			(713, 288)	(35, 24)
push-button	Insert a Link, Anchor, Image, Horizontal Line, or Table	""			(750, 288)	(35, 24)
push-button	Insert a smiley face	""			(787, 288)	(35, 24)
document-web	Message body	""			(134, 318)	(860, 503)
paragraph		
			(142, 326)	(844, 19)
push-button	1 Attachment 22.8 KB	""			(134, 821)	(860, 31)
section		1 Attachment			(158, 827)	(91, 17)
list-item	aws-bill .pdf 22.8 KB	""			(135, 854)	(175, 25)
section		aws-bill			(163, 858)	(50, 17)
section		.pdf			(213, 858)	(27, 17)
menu	Thunderbird Mail	""			(99, 0)	(173, 27)
menu	System	""			(1814, 0)	(106, 27)
push-button	Chromium Web Browser	""			(0, 33)	(70, 64)
push-button	Thunderbird Mail	""			(0, 101)	(70, 64)
push-button	Visual Studio Code	""			(0, 169)	(70, 64)
push-button	VLC media player	""			(0, 237)	(70, 64)
push-button	LibreOffice Writer	""			(0, 305)	(70, 64)
push-button	LibreOffice Calc	""			(0, 373)	(70, 64)
push-button	LibreOffice Impress	""			(0, 441)	(70, 64)
push-button	GNU Image Manipulation Program	""			(0, 509)	(70, 64)
push-button	Files	""			(0, 577)	(70, 64)
push-button	Ubuntu Software	""			(0, 645)	(70, 64)
push-button	Help	""			(0, 713)	(70, 64)
push-button	Trash	""			(0, 784)	(70, 64)
toggle-button	Show Applications	""			(0, 915)	(70, 70)
Generating content with GPT model: o4-mini
RESPONSE: We need to start typing the body of the email now that the cursor is in the message area. For example:

```python
import pyautogui, time

# Type the message body
pyautogui.write("Hello,\n\nPlease find attached the AWS bill for this month. Let me know if you have any questions.\n\nBest regards,\nMathias", interval=0.05)
time.sleep(0.5)
```
LINEAR AT: tag	name	text	class	description	position (top-left x&y)	size (w&h)
label	Home	Home			(1833, 939)	(40, 17)
menu	File	""			(134, 105)	(38, 25)
menu	Edit	""			(172, 105)	(40, 25)
menu	View	""			(212, 105)	(47, 25)
menu	Insert	""			(259, 105)	(53, 25)
menu	Format	""			(312, 105)	(62, 25)
menu	Options	""			(374, 105)	(67, 25)
menu	Tools	""			(441, 105)	(50, 25)
menu	Help	""			(491, 105)	(45, 25)
push-button	Send	""			(138, 137)	(65, 24)
push-button	Spelling	""			(294, 137)	(108, 24)
push-button	Save	""			(404, 137)	(85, 24)
toggle-button	Contacts	""			(491, 137)	(91, 24)
push-button	Attach	""			(891, 137)	(99, 24)
label	From	From			(239, 182)	(34, 17)
combo-box	From	""			(283, 176)	(552, 30)
menu-item	Mathias Gadenzi <mathias.gadenzi@gmail.com>	""			(139, 109)	(563, 28)
push-button	Cc	Cc			(859, 180)	(23, 21)
push-button	Bcc	Bcc			(894, 180)	(31, 21)
push-button	Other addressing fields to show	""			(937, 180)	(20, 20)
label	To	To			(257, 219)	(16, 17)
label	assistant@outlook.com	assistant@outlook.com			(293, 218)	(157, 19)
entry	To with one address, use left arrow key to focus on it.	""			(460, 215)	(521, 25)
label	Subject	Subject			(224, 257)	(49, 17)
entry	Subject	New-month AWS Bill			(283, 249)	(703, 30)
combo-box	Choose a paragraph format	""			(139, 288)	(103, 24)
menu-item	Paragraph	""			(139, 134)	(93, 25)
combo-box	Choose a font	""			(246, 288)	(130, 24)
menu-item	Variable Width	""			(139, 5)	(199, 25)
push-button	Set font size	""			(415, 288)	(24, 24)
push-button	Smaller font size	""			(441, 288)	(24, 24)
push-button	Larger font size	""			(467, 288)	(24, 24)
toggle-button	Bold	""			(496, 288)	(24, 24)
toggle-button	Italic	""			(522, 288)	(24, 24)
toggle-button	Underline	""			(548, 288)	(24, 24)
push-button	Remove Text Styling	""			(577, 288)	(24, 24)
toggle-button	Apply or remove bulleted list	""			(606, 288)	(24, 24)
toggle-button	Apply or remove numbered list	""			(632, 288)	(24, 24)
push-button	Outdent text (move left)	""			(658, 288)	(24, 24)
push-button	Indent text (move right)	""			(684, 288)	(24, 24)
push-button	Choose text alignment	""			(713, 288)	(35, 24)
push-button	Insert a Link, Anchor, Image, Horizontal Line, or Table	""			(750, 288)	(35, 24)
push-button	Insert a smiley face	""			(787, 288)	(35, 24)
document-web	Message body	""			(134, 318)	(860, 503)
paragraph		Hello,			(142, 326)	(844, 19)
paragraph		
			(142, 361)	(844, 19)
paragraph		Please find attached the AWS bill for this month. Let me know if you have any questions.			(142, 396)	(844, 19)
paragraph		
			(142, 431)	(844, 19)
paragraph		Best regards,			(142, 466)	(844, 19)
paragraph		Mathias
			(142, 501)	(844, 19)
push-button	1 Attachment 22.8 KB	""			(134, 821)	(860, 31)
section		1 Attachment			(158, 827)	(91, 17)
list-item	aws-bill .pdf 22.8 KB	""			(135, 854)	(175, 25)
section		aws-bill			(163, 858)	(50, 17)
section		.pdf			(213, 858)	(27, 17)
menu	Thunderbird Mail	""			(99, 0)	(173, 27)
menu	System	""			(1814, 0)	(106, 27)
push-button	Chromium Web Browser	""			(0, 33)	(70, 64)
push-button	Thunderbird Mail	""			(0, 101)	(70, 64)
push-button	Visual Studio Code	""			(0, 169)	(70, 64)
push-button	VLC media player	""			(0, 237)	(70, 64)
push-button	LibreOffice Writer	""			(0, 305)	(70, 64)
push-button	LibreOffice Calc	""			(0, 373)	(70, 64)
push-button	LibreOffice Impress	""			(0, 441)	(70, 64)
push-button	GNU Image Manipulation Program	""			(0, 509)	(70, 64)
push-button	Files	""			(0, 577)	(70, 64)
push-button	Ubuntu Software	""			(0, 645)	(70, 64)
push-button	Help	""			(0, 713)	(70, 64)
push-button	Trash	""			(0, 784)	(70, 64)
toggle-button	Show Applications	""			(0, 915)	(70, 70)
Generating content with GPT model: o4-mini
RESPONSE: We should save the current draft so you don’t lose your progress before continuing:

```python
import pyautogui, time

# Click the "Save" button to save the draft (approx. center at x=447, y=149)
pyautogui.moveTo(447, 149, duration=0.3)
pyautogui.click()
time.sleep(0.5)
```
LINEAR AT: tag	name	text	class	description	position (top-left x&y)	size (w&h)
label	Home	Home			(1833, 939)	(40, 17)
menu	File	""			(134, 105)	(38, 25)
menu	Edit	""			(172, 105)	(40, 25)
menu	View	""			(212, 105)	(47, 25)
menu	Insert	""			(259, 105)	(53, 25)
menu	Format	""			(312, 105)	(62, 25)
menu	Options	""			(374, 105)	(67, 25)
menu	Tools	""			(441, 105)	(50, 25)
menu	Help	""			(491, 105)	(45, 25)
push-button	Send	""			(138, 137)	(65, 24)
push-button	Spelling	""			(294, 137)	(108, 24)
push-button	Save	""			(404, 137)	(85, 24)
toggle-button	Contacts	""			(491, 137)	(91, 24)
push-button	Attach	""			(891, 137)	(99, 24)
label	From	From			(239, 182)	(34, 17)
combo-box	From	""			(283, 176)	(552, 30)
menu-item	Mathias Gadenzi <mathias.gadenzi@gmail.com>	""			(139, 109)	(563, 28)
push-button	Cc	Cc			(859, 180)	(23, 21)
push-button	Bcc	Bcc			(894, 180)	(31, 21)
push-button	Other addressing fields to show	""			(937, 180)	(20, 20)
label	To	To			(257, 219)	(16, 17)
label	assistant@outlook.com	assistant@outlook.com			(293, 218)	(157, 19)
entry	To with one address, use left arrow key to focus on it.	""			(460, 215)	(521, 25)
label	Subject	Subject			(224, 257)	(49, 17)
entry	Subject	New-month AWS Bill			(283, 249)	(703, 30)
combo-box	Choose a paragraph format	""			(139, 288)	(103, 24)
menu-item	Paragraph	""			(139, 134)	(93, 25)
combo-box	Choose a font	""			(246, 288)	(130, 24)
menu-item	Variable Width	""			(139, 5)	(199, 25)
push-button	Set font size	""			(415, 288)	(24, 24)
push-button	Smaller font size	""			(441, 288)	(24, 24)
push-button	Larger font size	""			(467, 288)	(24, 24)
toggle-button	Bold	""			(496, 288)	(24, 24)
toggle-button	Italic	""			(522, 288)	(24, 24)
toggle-button	Underline	""			(548, 288)	(24, 24)
push-button	Remove Text Styling	""			(577, 288)	(24, 24)
toggle-button	Apply or remove bulleted list	""			(606, 288)	(24, 24)
toggle-button	Apply or remove numbered list	""			(632, 288)	(24, 24)
push-button	Outdent text (move left)	""			(658, 288)	(24, 24)
push-button	Indent text (move right)	""			(684, 288)	(24, 24)
push-button	Choose text alignment	""			(713, 288)	(35, 24)
push-button	Insert a Link, Anchor, Image, Horizontal Line, or Table	""			(750, 288)	(35, 24)
push-button	Insert a smiley face	""			(787, 288)	(35, 24)
document-web	Message body	""			(134, 318)	(860, 503)
paragraph		Hello,			(142, 326)	(844, 19)
paragraph		
			(142, 361)	(844, 19)
paragraph		Please find attached the AWS bill for this month. Let me know if you have any questions.			(142, 396)	(844, 19)
paragraph		
			(142, 431)	(844, 19)
paragraph		Best regards,			(142, 466)	(844, 19)
paragraph		Mathias
			(142, 501)	(844, 19)
push-button	1 Attachment 22.8 KB	""			(134, 821)	(860, 31)
section		1 Attachment			(158, 827)	(91, 17)
list-item	aws-bill .pdf 22.8 KB	""			(135, 854)	(175, 25)
section		aws-bill			(163, 858)	(50, 17)
section		.pdf			(213, 858)	(27, 17)
menu	Thunderbird Mail	""			(99, 0)	(173, 27)
menu	System	""			(1814, 0)	(106, 27)
push-button	Chromium Web Browser	""			(0, 33)	(70, 64)
push-button	Thunderbird Mail	""			(0, 101)	(70, 64)
push-button	Visual Studio Code	""			(0, 169)	(70, 64)
push-button	VLC media player	""			(0, 237)	(70, 64)
push-button	LibreOffice Writer	""			(0, 305)	(70, 64)
push-button	LibreOffice Calc	""			(0, 373)	(70, 64)
push-button	LibreOffice Impress	""			(0, 441)	(70, 64)
push-button	GNU Image Manipulation Program	""			(0, 509)	(70, 64)
push-button	Files	""			(0, 577)	(70, 64)
push-button	Ubuntu Software	""			(0, 645)	(70, 64)
push-button	Help	""			(0, 713)	(70, 64)
push-button	Trash	""			(0, 784)	(70, 64)
toggle-button	Show Applications	""			(0, 915)	(70, 70)
Generating content with GPT model: o4-mini
RESPONSE: We’ve now saved the draft. Before finalizing the content, let’s open the attached PDF to review it:

```python
import pyautogui, time

# 1. Launch a terminal via its icon (approx. at x=30, y=750)
pyautogui.moveTo(30, 750, duration=0.3)
pyautogui.click()
time.sleep(1.0)

# 2. In the terminal, open the bill
pyautogui.write('xdg-open ~/aws-bill.pdf', interval=0.05)
pyautogui.press('enter')
time.sleep(1.0)
```
LINEAR AT: tag	name	text	class	description	position (top-left x&y)	size (w&h)
label	Home	Home			(1833, 939)	(40, 17)
push-button	Back	""			(76, 27)	(35, 46)
toggle-button	Menu	""			(861, 27)	(36, 46)
toggle-button	Find	""			(819, 27)	(36, 46)
toggle-button	Menu	""			(777, 27)	(36, 46)
text	Search	g-open ~/aws-bill.pdf			(341, 80)	(418, 34)
icon	edit-clear-symbolic	""			(734, 89)	(16, 16)
document-web	Search results for “g-open ~/aws-bill.pdf”	""			(70, 121)	(960, 536)
section		  »			(80, 127)	(940, 17)
link	Ubuntu Desktop Guide	Ubuntu Desktop Guide			(80, 127)	(156, 17)
heading	Search results for “g-open ~/aws-bill.pdf”	Search results for “g-open ~/aws-bill.pdf”			(80, 161)	(940, 42)
paragraph		No matching help pages found.			(80, 210)	(940, 23)
menu	File	""			(134, 105)	(38, 25)
menu	Edit	""			(172, 105)	(40, 25)
menu	View	""			(212, 105)	(47, 25)
menu	Insert	""			(259, 105)	(53, 25)
menu	Format	""			(312, 105)	(62, 25)
menu	Options	""			(374, 105)	(67, 25)
menu	Tools	""			(441, 105)	(50, 25)
menu	Help	""			(491, 105)	(45, 25)
push-button	Send	""			(138, 137)	(65, 24)
push-button	Spelling	""			(294, 137)	(108, 24)
push-button	Save	""			(404, 137)	(85, 24)
toggle-button	Contacts	""			(491, 137)	(91, 24)
push-button	Attach	""			(891, 137)	(99, 24)
label	From	From			(239, 182)	(34, 17)
combo-box	From	""			(283, 176)	(552, 30)
menu-item	Mathias Gadenzi <mathias.gadenzi@gmail.com>	""			(139, 109)	(563, 28)
push-button	Cc	Cc			(859, 180)	(23, 21)
push-button	Bcc	Bcc			(894, 180)	(31, 21)
push-button	Other addressing fields to show	""			(937, 180)	(20, 20)
label	To	To			(257, 219)	(16, 17)
label	assistant@outlook.com	assistant@outlook.com			(293, 218)	(157, 19)
entry	To with one address, use left arrow key to focus on it.	""			(460, 215)	(521, 25)
label	Subject	Subject			(224, 257)	(49, 17)
entry	Subject	New-month AWS Bill			(283, 249)	(703, 30)
combo-box	Choose a paragraph format	""			(139, 288)	(103, 24)
menu-item	Paragraph	""			(139, 134)	(93, 25)
combo-box	Choose a font	""			(246, 288)	(130, 24)
menu-item	Variable Width	""			(139, 5)	(199, 25)
push-button	Set font size	""			(415, 288)	(24, 24)
push-button	Smaller font size	""			(441, 288)	(24, 24)
push-button	Larger font size	""			(467, 288)	(24, 24)
toggle-button	Bold	""			(496, 288)	(24, 24)
toggle-button	Italic	""			(522, 288)	(24, 24)
toggle-button	Underline	""			(548, 288)	(24, 24)
push-button	Remove Text Styling	""			(577, 288)	(24, 24)
toggle-button	Apply or remove bulleted list	""			(606, 288)	(24, 24)
toggle-button	Apply or remove numbered list	""			(632, 288)	(24, 24)
push-button	Outdent text (move left)	""			(658, 288)	(24, 24)
push-button	Indent text (move right)	""			(684, 288)	(24, 24)
push-button	Choose text alignment	""			(713, 288)	(35, 24)
push-button	Insert a Link, Anchor, Image, Horizontal Line, or Table	""			(750, 288)	(35, 24)
push-button	Insert a smiley face	""			(787, 288)	(35, 24)
document-web	Message body	""			(134, 318)	(860, 503)
paragraph		Hello,			(142, 326)	(844, 19)
paragraph		
			(142, 361)	(844, 19)
paragraph		Please find attached the AWS bill for this month. Let me know if you have any questions.			(142, 396)	(844, 19)
paragraph		
			(142, 431)	(844, 19)
paragraph		Best regards,			(142, 466)	(844, 19)
paragraph		Mathias
			(142, 501)	(844, 19)
push-button	1 Attachment 22.8 KB	""			(134, 821)	(860, 31)
section		1 Attachment			(158, 827)	(91, 17)
list-item	aws-bill .pdf 22.8 KB	""			(135, 854)	(175, 25)
section		aws-bill			(163, 858)	(50, 17)
section		.pdf			(213, 858)	(27, 17)
menu	Help	""			(99, 0)	(89, 27)
menu	System	""			(1814, 0)	(106, 27)
push-button	Chromium Web Browser	""			(0, 33)	(70, 64)
push-button	Thunderbird Mail	""			(0, 101)	(70, 64)
push-button	Visual Studio Code	""			(0, 169)	(70, 64)
push-button	VLC media player	""			(0, 237)	(70, 64)
push-button	LibreOffice Writer	""			(0, 305)	(70, 64)
push-button	LibreOffice Calc	""			(0, 373)	(70, 64)
push-button	LibreOffice Impress	""			(0, 441)	(70, 64)
push-button	GNU Image Manipulation Program	""			(0, 509)	(70, 64)
push-button	Files	""			(0, 577)	(70, 64)
push-button	Ubuntu Software	""			(0, 645)	(70, 64)
push-button	Help	""			(0, 713)	(70, 64)
push-button	Trash	""			(0, 784)	(70, 64)
toggle-button	Show Applications	""			(0, 915)	(70, 70)
Generating content with GPT model: o4-mini
RESPONSE: We opened the Help window instead of a terminal by clicking the Help icon. Let’s close this Help window so we can retry opening the PDF in a real terminal.

```python
import pyautogui, time

# Click the close button on the Help window (approx. at x=912, y=28)
pyautogui.moveTo(912, 28, duration=0.3)
pyautogui.click()
time.sleep(0.5)
```
LINEAR AT: tag	name	text	class	description	position (top-left x&y)	size (w&h)
label	Home	Home			(1833, 939)	(40, 17)
push-button	Back	""			(76, 27)	(35, 46)
toggle-button	Menu	""			(861, 27)	(36, 46)
toggle-button	Find	""			(819, 27)	(36, 46)
toggle-button	Menu	""			(777, 27)	(36, 46)
text	Search	g-open ~/aws-bill.pdf			(341, 80)	(418, 34)
icon	edit-clear-symbolic	""			(734, 89)	(16, 16)
document-web	Search results for “g-open ~/aws-bill.pdf”	""			(70, 121)	(960, 536)
section		  »			(80, 127)	(940, 17)
link	Ubuntu Desktop Guide	Ubuntu Desktop Guide			(80, 127)	(156, 17)
heading	Search results for “g-open ~/aws-bill.pdf”	Search results for “g-open ~/aws-bill.pdf”			(80, 161)	(940, 42)
paragraph		No matching help pages found.			(80, 210)	(940, 23)
menu	File	""			(134, 105)	(38, 25)
menu	Edit	""			(172, 105)	(40, 25)
menu	View	""			(212, 105)	(47, 25)
menu	Insert	""			(259, 105)	(53, 25)
menu	Format	""			(312, 105)	(62, 25)
menu	Options	""			(374, 105)	(67, 25)
menu	Tools	""			(441, 105)	(50, 25)
menu	Help	""			(491, 105)	(45, 25)
push-button	Send	""			(138, 137)	(65, 24)
push-button	Spelling	""			(294, 137)	(108, 24)
push-button	Save	""			(404, 137)	(85, 24)
toggle-button	Contacts	""			(491, 137)	(91, 24)
push-button	Attach	""			(891, 137)	(99, 24)
label	From	From			(239, 182)	(34, 17)
combo-box	From	""			(283, 176)	(552, 30)
menu-item	Mathias Gadenzi <mathias.gadenzi@gmail.com>	""			(139, 109)	(563, 28)
push-button	Cc	Cc			(859, 180)	(23, 21)
push-button	Bcc	Bcc			(894, 180)	(31, 21)
push-button	Other addressing fields to show	""			(937, 180)	(20, 20)
label	To	To			(257, 219)	(16, 17)
label	assistant@outlook.com	assistant@outlook.com			(293, 218)	(157, 19)
entry	To with one address, use left arrow key to focus on it.	""			(460, 215)	(521, 25)
label	Subject	Subject			(224, 257)	(49, 17)
entry	Subject	New-month AWS Bill			(283, 249)	(703, 30)
combo-box	Choose a paragraph format	""			(139, 288)	(103, 24)
menu-item	Paragraph	""			(139, 134)	(93, 25)
combo-box	Choose a font	""			(246, 288)	(130, 24)
menu-item	Variable Width	""			(139, 5)	(199, 25)
push-button	Set font size	""			(415, 288)	(24, 24)
push-button	Smaller font size	""			(441, 288)	(24, 24)
push-button	Larger font size	""			(467, 288)	(24, 24)
toggle-button	Bold	""			(496, 288)	(24, 24)
toggle-button	Italic	""			(522, 288)	(24, 24)
toggle-button	Underline	""			(548, 288)	(24, 24)
push-button	Remove Text Styling	""			(577, 288)	(24, 24)
toggle-button	Apply or remove bulleted list	""			(606, 288)	(24, 24)
toggle-button	Apply or remove numbered list	""			(632, 288)	(24, 24)
push-button	Outdent text (move left)	""			(658, 288)	(24, 24)
push-button	Indent text (move right)	""			(684, 288)	(24, 24)
push-button	Choose text alignment	""			(713, 288)	(35, 24)
push-button	Insert a Link, Anchor, Image, Horizontal Line, or Table	""			(750, 288)	(35, 24)
push-button	Insert a smiley face	""			(787, 288)	(35, 24)
document-web	Message body	""			(134, 318)	(860, 503)
paragraph		Hello,			(142, 326)	(844, 19)
paragraph		
			(142, 361)	(844, 19)
paragraph		Please find attached the AWS bill for this month. Let me know if you have any questions.			(142, 396)	(844, 19)
paragraph		
			(142, 431)	(844, 19)
paragraph		Best regards,			(142, 466)	(844, 19)
paragraph		Mathias
			(142, 501)	(844, 19)
push-button	1 Attachment 22.8 KB	""			(134, 821)	(860, 31)
section		1 Attachment			(158, 827)	(91, 17)
list-item	aws-bill .pdf 22.8 KB	""			(135, 854)	(175, 25)
section		aws-bill			(163, 858)	(50, 17)
section		.pdf			(213, 858)	(27, 17)
menu	Help	""			(99, 0)	(89, 27)
menu	System	""			(1814, 0)	(106, 27)
push-button	Chromium Web Browser	""			(0, 33)	(70, 64)
push-button	Thunderbird Mail	""			(0, 101)	(70, 64)
push-button	Visual Studio Code	""			(0, 169)	(70, 64)
push-button	VLC media player	""			(0, 237)	(70, 64)
push-button	LibreOffice Writer	""			(0, 305)	(70, 64)
push-button	LibreOffice Calc	""			(0, 373)	(70, 64)
push-button	LibreOffice Impress	""			(0, 441)	(70, 64)
push-button	GNU Image Manipulation Program	""			(0, 509)	(70, 64)
push-button	Files	""			(0, 577)	(70, 64)
push-button	Ubuntu Software	""			(0, 645)	(70, 64)
push-button	Help	""			(0, 713)	(70, 64)
push-button	Trash	""			(0, 784)	(70, 64)
toggle-button	Show Applications	""			(0, 915)	(70, 70)
Generating content with GPT model: o4-mini
RESPONSE: I’ll open the attached PDF directly from the compose window so we can review it. Next, I’ll double-click the “aws-bill.pdf” in the attachments area (around x=200, y=866) to launch it in the PDF viewer.
LINEAR AT: tag	name	text	class	description	position (top-left x&y)	size (w&h)
label	Home	Home			(1833, 939)	(40, 17)
push-button	Back	""			(76, 27)	(35, 46)
toggle-button	Menu	""			(861, 27)	(36, 46)
toggle-button	Find	""			(819, 27)	(36, 46)
toggle-button	Menu	""			(777, 27)	(36, 46)
text	Search	g-open ~/aws-bill.pdf			(341, 80)	(418, 34)
icon	edit-clear-symbolic	""			(734, 89)	(16, 16)
document-web	Search results for “g-open ~/aws-bill.pdf”	""			(70, 121)	(960, 536)
section		  »			(80, 127)	(940, 17)
link	Ubuntu Desktop Guide	Ubuntu Desktop Guide			(80, 127)	(156, 17)
heading	Search results for “g-open ~/aws-bill.pdf”	Search results for “g-open ~/aws-bill.pdf”			(80, 161)	(940, 42)
paragraph		No matching help pages found.			(80, 210)	(940, 23)
menu	File	""			(134, 105)	(38, 25)
menu	Edit	""			(172, 105)	(40, 25)
menu	View	""			(212, 105)	(47, 25)
menu	Insert	""			(259, 105)	(53, 25)
menu	Format	""			(312, 105)	(62, 25)
menu	Options	""			(374, 105)	(67, 25)
menu	Tools	""			(441, 105)	(50, 25)
menu	Help	""			(491, 105)	(45, 25)
push-button	Send	""			(138, 137)	(65, 24)
push-button	Spelling	""			(294, 137)	(108, 24)
push-button	Save	""			(404, 137)	(85, 24)
toggle-button	Contacts	""			(491, 137)	(91, 24)
push-button	Attach	""			(891, 137)	(99, 24)
label	From	From			(239, 182)	(34, 17)
combo-box	From	""			(283, 176)	(552, 30)
menu-item	Mathias Gadenzi <mathias.gadenzi@gmail.com>	""			(139, 109)	(563, 28)
push-button	Cc	Cc			(859, 180)	(23, 21)
push-button	Bcc	Bcc			(894, 180)	(31, 21)
push-button	Other addressing fields to show	""			(937, 180)	(20, 20)
label	To	To			(257, 219)	(16, 17)
label	assistant@outlook.com	assistant@outlook.com			(293, 218)	(157, 19)
entry	To with one address, use left arrow key to focus on it.	""			(460, 215)	(521, 25)
label	Subject	Subject			(224, 257)	(49, 17)
entry	Subject	New-month AWS Bill			(283, 249)	(703, 30)
combo-box	Choose a paragraph format	""			(139, 288)	(103, 24)
menu-item	Paragraph	""			(139, 134)	(93, 25)
combo-box	Choose a font	""			(246, 288)	(130, 24)
menu-item	Variable Width	""			(139, 5)	(199, 25)
push-button	Set font size	""			(415, 288)	(24, 24)
push-button	Smaller font size	""			(441, 288)	(24, 24)
push-button	Larger font size	""			(467, 288)	(24, 24)
toggle-button	Bold	""			(496, 288)	(24, 24)
toggle-button	Italic	""			(522, 288)	(24, 24)
toggle-button	Underline	""			(548, 288)	(24, 24)
push-button	Remove Text Styling	""			(577, 288)	(24, 24)
toggle-button	Apply or remove bulleted list	""			(606, 288)	(24, 24)
toggle-button	Apply or remove numbered list	""			(632, 288)	(24, 24)
push-button	Outdent text (move left)	""			(658, 288)	(24, 24)
push-button	Indent text (move right)	""			(684, 288)	(24, 24)
push-button	Choose text alignment	""			(713, 288)	(35, 24)
push-button	Insert a Link, Anchor, Image, Horizontal Line, or Table	""			(750, 288)	(35, 24)
push-button	Insert a smiley face	""			(787, 288)	(35, 24)
document-web	Message body	""			(134, 318)	(860, 503)
paragraph		Hello,			(142, 326)	(844, 19)
paragraph		
			(142, 361)	(844, 19)
paragraph		Please find attached the AWS bill for this month. Let me know if you have any questions.			(142, 396)	(844, 19)
paragraph		
			(142, 431)	(844, 19)
paragraph		Best regards,			(142, 466)	(844, 19)
paragraph		Mathias
			(142, 501)	(844, 19)
push-button	1 Attachment 22.8 KB	""			(134, 821)	(860, 31)
section		1 Attachment			(158, 827)	(91, 17)
list-item	aws-bill .pdf 22.8 KB	""			(135, 854)	(175, 25)
section		aws-bill			(163, 858)	(50, 17)
section		.pdf			(213, 858)	(27, 17)
menu	Help	""			(99, 0)	(89, 27)
menu	System	""			(1814, 0)	(106, 27)
push-button	Chromium Web Browser	""			(0, 33)	(70, 64)
push-button	Thunderbird Mail	""			(0, 101)	(70, 64)
push-button	Visual Studio Code	""			(0, 169)	(70, 64)
push-button	VLC media player	""			(0, 237)	(70, 64)
push-button	LibreOffice Writer	""			(0, 305)	(70, 64)
push-button	LibreOffice Calc	""			(0, 373)	(70, 64)
push-button	LibreOffice Impress	""			(0, 441)	(70, 64)
push-button	GNU Image Manipulation Program	""			(0, 509)	(70, 64)
push-button	Files	""			(0, 577)	(70, 64)
push-button	Ubuntu Software	""			(0, 645)	(70, 64)
push-button	Help	""			(0, 713)	(70, 64)
push-button	Trash	""			(0, 784)	(70, 64)
toggle-button	Show Applications	""			(0, 915)	(70, 70)
Generating content with GPT model: o4-mini
RESPONSE: We’ve got the Ubuntu Help window overlaying the mail composer. Let’s close it so we can return to the draft and open the PDF attachment:

```python
import pyautogui, time

# Click the close button on the Help window (approx. at x=912, y=28)
pyautogui.moveTo(912, 28, duration=0.3)
pyautogui.click()
time.sleep(0.5)
```
LINEAR AT: tag	name	text	class	description	position (top-left x&y)	size (w&h)
label	Home	Home			(1833, 939)	(40, 17)
push-button	Back	""			(76, 27)	(35, 46)
toggle-button	Menu	""			(861, 27)	(36, 46)
toggle-button	Find	""			(819, 27)	(36, 46)
toggle-button	Menu	""			(777, 27)	(36, 46)
text	Search	g-open ~/aws-bill.pdf			(341, 80)	(418, 34)
icon	edit-clear-symbolic	""			(734, 89)	(16, 16)
document-web	Search results for “g-open ~/aws-bill.pdf”	""			(70, 121)	(960, 536)
section		  »			(80, 127)	(940, 17)
link	Ubuntu Desktop Guide	Ubuntu Desktop Guide			(80, 127)	(156, 17)
heading	Search results for “g-open ~/aws-bill.pdf”	Search results for “g-open ~/aws-bill.pdf”			(80, 161)	(940, 42)
paragraph		No matching help pages found.			(80, 210)	(940, 23)
menu	File	""			(134, 105)	(38, 25)
menu	Edit	""			(172, 105)	(40, 25)
menu	View	""			(212, 105)	(47, 25)
menu	Insert	""			(259, 105)	(53, 25)
menu	Format	""			(312, 105)	(62, 25)
menu	Options	""			(374, 105)	(67, 25)
menu	Tools	""			(441, 105)	(50, 25)
menu	Help	""			(491, 105)	(45, 25)
push-button	Send	""			(138, 137)	(65, 24)
push-button	Spelling	""			(294, 137)	(108, 24)
push-button	Save	""			(404, 137)	(85, 24)
toggle-button	Contacts	""			(491, 137)	(91, 24)
push-button	Attach	""			(891, 137)	(99, 24)
label	From	From			(239, 182)	(34, 17)
combo-box	From	""			(283, 176)	(552, 30)
menu-item	Mathias Gadenzi <mathias.gadenzi@gmail.com>	""			(139, 109)	(563, 28)
push-button	Cc	Cc			(859, 180)	(23, 21)
push-button	Bcc	Bcc			(894, 180)	(31, 21)
push-button	Other addressing fields to show	""			(937, 180)	(20, 20)
label	To	To			(257, 219)	(16, 17)
label	assistant@outlook.com	assistant@outlook.com			(293, 218)	(157, 19)
entry	To with one address, use left arrow key to focus on it.	""			(460, 215)	(521, 25)
label	Subject	Subject			(224, 257)	(49, 17)
entry	Subject	New-month AWS Bill			(283, 249)	(703, 30)
combo-box	Choose a paragraph format	""			(139, 288)	(103, 24)
menu-item	Paragraph	""			(139, 134)	(93, 25)
combo-box	Choose a font	""			(246, 288)	(130, 24)
menu-item	Variable Width	""			(139, 5)	(199, 25)
push-button	Set font size	""			(415, 288)	(24, 24)
push-button	Smaller font size	""			(441, 288)	(24, 24)
push-button	Larger font size	""			(467, 288)	(24, 24)
toggle-button	Bold	""			(496, 288)	(24, 24)
toggle-button	Italic	""			(522, 288)	(24, 24)
toggle-button	Underline	""			(548, 288)	(24, 24)
push-button	Remove Text Styling	""			(577, 288)	(24, 24)
toggle-button	Apply or remove bulleted list	""			(606, 288)	(24, 24)
toggle-button	Apply or remove numbered list	""			(632, 288)	(24, 24)
push-button	Outdent text (move left)	""			(658, 288)	(24, 24)
push-button	Indent text (move right)	""			(684, 288)	(24, 24)
push-button	Choose text alignment	""			(713, 288)	(35, 24)
push-button	Insert a Link, Anchor, Image, Horizontal Line, or Table	""			(750, 288)	(35, 24)
push-button	Insert a smiley face	""			(787, 288)	(35, 24)
document-web	Message body	""			(134, 318)	(860, 503)
paragraph		Hello,			(142, 326)	(844, 19)
paragraph		
			(142, 361)	(844, 19)
paragraph		Please find attached the AWS bill for this month. Let me know if you have any questions.			(142, 396)	(844, 19)
paragraph		
			(142, 431)	(844, 19)
paragraph		Best regards,			(142, 466)	(844, 19)
paragraph		Mathias
			(142, 501)	(844, 19)
push-button	1 Attachment 22.8 KB	""			(134, 821)	(860, 31)
section		1 Attachment			(158, 827)	(91, 17)
list-item	aws-bill .pdf 22.8 KB	""			(135, 854)	(175, 25)
section		aws-bill			(163, 858)	(50, 17)
section		.pdf			(213, 858)	(27, 17)
menu	Help	""			(99, 0)	(89, 27)
menu	System	""			(1814, 0)	(106, 27)
push-button	Chromium Web Browser	""			(0, 33)	(70, 64)
push-button	Thunderbird Mail	""			(0, 101)	(70, 64)
push-button	Visual Studio Code	""			(0, 169)	(70, 64)
push-button	VLC media player	""			(0, 237)	(70, 64)
push-button	LibreOffice Writer	""			(0, 305)	(70, 64)
push-button	LibreOffice Calc	""			(0, 373)	(70, 64)
push-button	LibreOffice Impress	""			(0, 441)	(70, 64)
push-button	GNU Image Manipulation Program	""			(0, 509)	(70, 64)
push-button	Files	""			(0, 577)	(70, 64)
push-button	Ubuntu Software	""			(0, 645)	(70, 64)
push-button	Help	""			(0, 713)	(70, 64)
push-button	Trash	""			(0, 784)	(70, 64)
toggle-button	Show Applications	""			(0, 915)	(70, 70)
Generating content with GPT model: o4-mini
RESPONSE: We still have the Ubuntu Help window in front of our mail composer. Next, I’ll bring Thunderbird back into focus by clicking its icon in the dock.

```python
import pyautogui, time

# Click the Thunderbird Mail icon in the dock (center at approx. x=35, y=133)
pyautogui.moveTo(35, 133, duration=0.3)
pyautogui.click()
time.sleep(0.5)
```
LINEAR AT: tag	name	text	class	description	position (top-left x&y)	size (w&h)
label	Home	Home			(1833, 939)	(40, 17)
push-button	Back	""			(76, 27)	(35, 46)
toggle-button	Menu	""			(861, 27)	(36, 46)
toggle-button	Find	""			(819, 27)	(36, 46)
toggle-button	Menu	""			(777, 27)	(36, 46)
text	Search	g-open ~/aws-bill.pdf			(341, 80)	(418, 34)
icon	edit-clear-symbolic	""			(734, 89)	(16, 16)
document-web	Search results for “g-open ~/aws-bill.pdf”	""			(70, 121)	(960, 536)
section		  »			(80, 127)	(940, 17)
link	Ubuntu Desktop Guide	Ubuntu Desktop Guide			(80, 127)	(156, 17)
heading	Search results for “g-open ~/aws-bill.pdf”	Search results for “g-open ~/aws-bill.pdf”			(80, 161)	(940, 42)
paragraph		No matching help pages found.			(80, 210)	(940, 23)
menu	File	""			(134, 105)	(38, 25)
menu	Edit	""			(172, 105)	(40, 25)
menu	View	""			(212, 105)	(47, 25)
menu	Insert	""			(259, 105)	(53, 25)
menu	Format	""			(312, 105)	(62, 25)
menu	Options	""			(374, 105)	(67, 25)
menu	Tools	""			(441, 105)	(50, 25)
menu	Help	""			(491, 105)	(45, 25)
push-button	Send	""			(138, 137)	(65, 24)
push-button	Spelling	""			(294, 137)	(108, 24)
push-button	Save	""			(404, 137)	(85, 24)
toggle-button	Contacts	""			(491, 137)	(91, 24)
push-button	Attach	""			(891, 137)	(99, 24)
label	From	From			(239, 182)	(34, 17)
combo-box	From	""			(283, 176)	(552, 30)
menu-item	Mathias Gadenzi <mathias.gadenzi@gmail.com>	""			(139, 109)	(563, 28)
push-button	Cc	Cc			(859, 180)	(23, 21)
push-button	Bcc	Bcc			(894, 180)	(31, 21)
push-button	Other addressing fields to show	""			(937, 180)	(20, 20)
label	To	To			(257, 219)	(16, 17)
label	assistant@outlook.com	assistant@outlook.com			(293, 218)	(157, 19)
entry	To with one address, use left arrow key to focus on it.	""			(460, 215)	(521, 25)
label	Subject	Subject			(224, 257)	(49, 17)
entry	Subject	New-month AWS Bill			(283, 249)	(703, 30)
combo-box	Choose a paragraph format	""			(139, 288)	(103, 24)
menu-item	Paragraph	""			(139, 134)	(93, 25)
combo-box	Choose a font	""			(246, 288)	(130, 24)
menu-item	Variable Width	""			(139, 5)	(199, 25)
push-button	Set font size	""			(415, 288)	(24, 24)
push-button	Smaller font size	""			(441, 288)	(24, 24)
push-button	Larger font size	""			(467, 288)	(24, 24)
toggle-button	Bold	""			(496, 288)	(24, 24)
toggle-button	Italic	""			(522, 288)	(24, 24)
toggle-button	Underline	""			(548, 288)	(24, 24)
push-button	Remove Text Styling	""			(577, 288)	(24, 24)
toggle-button	Apply or remove bulleted list	""			(606, 288)	(24, 24)
toggle-button	Apply or remove numbered list	""			(632, 288)	(24, 24)
push-button	Outdent text (move left)	""			(658, 288)	(24, 24)
push-button	Indent text (move right)	""			(684, 288)	(24, 24)
push-button	Choose text alignment	""			(713, 288)	(35, 24)
push-button	Insert a Link, Anchor, Image, Horizontal Line, or Table	""			(750, 288)	(35, 24)
push-button	Insert a smiley face	""			(787, 288)	(35, 24)
document-web	Message body	""			(134, 318)	(860, 503)
paragraph		Hello,			(142, 326)	(844, 19)
paragraph		
			(142, 361)	(844, 19)
paragraph		Please find attached the AWS bill for this month. Let me know if you have any questions.			(142, 396)	(844, 19)
paragraph		
			(142, 431)	(844, 19)
paragraph		Best regards,			(142, 466)	(844, 19)
paragraph		Mathias
			(142, 501)	(844, 19)
push-button	1 Attachment 22.8 KB	""			(134, 821)	(860, 31)
section		1 Attachment			(158, 827)	(91, 17)
list-item	aws-bill .pdf 22.8 KB	""			(135, 854)	(175, 25)
section		aws-bill			(163, 858)	(50, 17)
section		.pdf			(213, 858)	(27, 17)
menu	Thunderbird Mail	""			(99, 0)	(173, 27)
menu	System	""			(1814, 0)	(106, 27)
push-button	Chromium Web Browser	""			(0, 33)	(70, 64)
push-button	Thunderbird Mail	""			(0, 101)	(70, 64)
push-button	Visual Studio Code	""			(0, 169)	(70, 64)
push-button	VLC media player	""			(0, 237)	(70, 64)
push-button	LibreOffice Writer	""			(0, 305)	(70, 64)
push-button	LibreOffice Calc	""			(0, 373)	(70, 64)
push-button	LibreOffice Impress	""			(0, 441)	(70, 64)
push-button	GNU Image Manipulation Program	""			(0, 509)	(70, 64)
push-button	Files	""			(0, 577)	(70, 64)
push-button	Ubuntu Software	""			(0, 645)	(70, 64)
push-button	Help	""			(0, 713)	(70, 64)
push-button	Trash	""			(0, 784)	(70, 64)
toggle-button	Show Applications	""			(0, 915)	(70, 70)
Generating content with GPT model: o4-mini
RESPONSE: Here’s how I’ll open the attached PDF for review by double-clicking it in the attachments pane:

```python
import pyautogui, time

# Double-click the aws-bill.pdf attachment (center around x=222, y=866)
pyautogui.moveTo(222, 866, duration=0.3)
pyautogui.doubleClick()
time.sleep(0.5)
```
LINEAR AT: tag	name	text	class	description	position (top-left x&y)	size (w&h)
label	Home	Home			(1833, 939)	(40, 17)
label	WOO7Vg9-​.​html.​part	WOO7Vg9-​.​html.​part			(1793, 819)	(120, 34)
push-button	Back	""			(76, 27)	(35, 46)
toggle-button	Menu	""			(861, 27)	(36, 46)
toggle-button	Find	""			(819, 27)	(36, 46)
toggle-button	Menu	""			(777, 27)	(36, 46)
text	Search	g-open ~/aws-bill.pdf			(341, 80)	(418, 34)
icon	edit-clear-symbolic	""			(734, 89)	(16, 16)
document-web	Search results for “g-open ~/aws-bill.pdf”	""			(70, 121)	(960, 536)
section		  »			(80, 127)	(940, 17)
link	Ubuntu Desktop Guide	Ubuntu Desktop Guide			(80, 127)	(156, 17)
heading	Search results for “g-open ~/aws-bill.pdf”	Search results for “g-open ~/aws-bill.pdf”			(80, 161)	(940, 42)
paragraph		No matching help pages found.			(80, 210)	(940, 23)
menu	File	""			(134, 105)	(38, 25)
menu	Edit	""			(172, 105)	(40, 25)
menu	View	""			(212, 105)	(47, 25)
menu	Insert	""			(259, 105)	(53, 25)
menu	Format	""			(312, 105)	(62, 25)
menu	Options	""			(374, 105)	(67, 25)
menu	Tools	""			(441, 105)	(50, 25)
menu	Help	""			(491, 105)	(45, 25)
push-button	Send	""			(138, 137)	(65, 24)
push-button	Spelling	""			(294, 137)	(108, 24)
push-button	Save	""			(404, 137)	(85, 24)
toggle-button	Contacts	""			(491, 137)	(91, 24)
push-button	Attach	""			(891, 137)	(99, 24)
label	From	From			(239, 182)	(34, 17)
combo-box	From	""			(283, 176)	(552, 30)
menu-item	Mathias Gadenzi <mathias.gadenzi@gmail.com>	""			(139, 109)	(563, 28)
push-button	Cc	Cc			(859, 180)	(23, 21)
push-button	Bcc	Bcc			(894, 180)	(31, 21)
push-button	Other addressing fields to show	""			(937, 180)	(20, 20)
label	To	To			(257, 219)	(16, 17)
label	assistant@outlook.com	assistant@outlook.com			(293, 218)	(157, 19)
entry	To with one address, use left arrow key to focus on it.	""			(460, 215)	(521, 25)
label	Subject	Subject			(224, 257)	(49, 17)
entry	Subject	New-month AWS Bill			(283, 249)	(703, 30)
combo-box	Choose a paragraph format	""			(139, 288)	(103, 24)
menu-item	Paragraph	""			(139, 134)	(93, 25)
combo-box	Choose a font	""			(246, 288)	(130, 24)
menu-item	Variable Width	""			(139, 5)	(199, 25)
document-web	Message body	""			(134, 318)	(860, 503)
paragraph		Hello,			(142, 326)	(844, 19)
paragraph		
			(142, 361)	(844, 19)
paragraph		Please find attached the AWS bill for this month. Let me know if you have any questions.			(142, 396)	(844, 19)
paragraph		
			(142, 431)	(844, 19)
paragraph		Best regards,			(142, 466)	(844, 19)
paragraph		Mathias
			(142, 501)	(844, 19)
push-button	1 Attachment 22.8 KB	""			(134, 821)	(860, 31)
section		1 Attachment			(158, 827)	(91, 17)
list-item	aws-bill .pdf 22.8 KB	""			(135, 854)	(175, 25)
section		aws-bill			(163, 858)	(50, 17)
section		.pdf			(213, 858)	(27, 17)
label	You have chosen to open:	You have chosen to open:			(328, 342)	(470, 17)
label	aws-bill.pdf	aws-bill.pdf			(358, 370)	(430, 17)
label	which is:	which is:			(358, 396)	(56, 17)
entry		HTML document (22.8 KB)			(419, 396)	(369, 17)
label	from:	from:			(358, 416)	(36, 17)
label	/home/user	/home/user			(399, 416)	(389, 17)
label	What should Thunderbird do with this file?	What should Thunderbird do with this file?			(328, 465)	(470, 17)
radio-button	Open with	""			(341, 486)	(89, 29)
menu-item	Firefox Web Browser (default)	""			(318, 337)	(337, 25)
radio-button	Save File	""			(341, 519)	(443, 24)
check-box	Do this automatically for files like this from now on.	""			(341, 554)	(364, 24)
label	Settings can be changed in Thunderbird’s Preferences.	Settings can be changed in Thunderbird’s Preferences.			(328, 603)	(470, 17)
push-button	Cancel	""			(603, 638)	(93, 27)
push-button	OK	""			(706, 638)	(92, 27)
menu	Thunderbird Mail	""			(99, 0)	(173, 27)
menu	System	""			(1814, 0)	(106, 27)
push-button	Chromium Web Browser	""			(0, 33)	(70, 64)
push-button	Thunderbird Mail	""			(0, 101)	(70, 64)
push-button	Visual Studio Code	""			(0, 169)	(70, 64)
push-button	VLC media player	""			(0, 237)	(70, 64)
push-button	LibreOffice Writer	""			(0, 305)	(70, 64)
push-button	LibreOffice Calc	""			(0, 373)	(70, 64)
push-button	LibreOffice Impress	""			(0, 441)	(70, 64)
push-button	GNU Image Manipulation Program	""			(0, 509)	(70, 64)
push-button	Files	""			(0, 577)	(70, 64)
push-button	Ubuntu Software	""			(0, 645)	(70, 64)
push-button	Help	""			(0, 713)	(70, 64)
push-button	Trash	""			(0, 784)	(70, 64)
toggle-button	Show Applications	""			(0, 915)	(70, 70)
Generating content with GPT model: o4-mini
RESPONSE: We’re now in Thunderbird’s “Opening aws-bill.pdf” dialog, and “Save File” is selected. To open the PDF for review, I’ll switch to “Open with” and then click OK.

```python
import pyautogui, time

# Select “Open with” radio button (around x=350, y=500)
pyautogui.moveTo(350, 500, duration=0.3)
pyautogui.click()
time.sleep(0.5)

# Click the OK button to confirm (around x=752, y=651)
pyautogui.moveTo(752, 651, duration=0.3)
pyautogui.click()
time.sleep(0.5)
```
LINEAR AT: tag	name	text	class	description	position (top-left x&y)	size (w&h)
label	Home	Home			(1833, 939)	(40, 17)
push-button	Back	""			(76, 27)	(35, 46)
toggle-button	Menu	""			(861, 27)	(36, 46)
toggle-button	Find	""			(819, 27)	(36, 46)
toggle-button	Menu	""			(777, 27)	(36, 46)
text	Search	g-open ~/aws-bill.pdf			(341, 80)	(418, 34)
icon	edit-clear-symbolic	""			(734, 89)	(16, 16)
document-web	Search results for “g-open ~/aws-bill.pdf”	""			(70, 121)	(960, 536)
section		  »			(80, 127)	(940, 17)
link	Ubuntu Desktop Guide	Ubuntu Desktop Guide			(80, 127)	(156, 17)
heading	Search results for “g-open ~/aws-bill.pdf”	Search results for “g-open ~/aws-bill.pdf”			(80, 161)	(940, 42)
paragraph		No matching help pages found.			(80, 210)	(940, 23)
menu	File	""			(134, 105)	(38, 25)
menu	Edit	""			(172, 105)	(40, 25)
menu	View	""			(212, 105)	(47, 25)
menu	Insert	""			(259, 105)	(53, 25)
menu	Format	""			(312, 105)	(62, 25)
menu	Options	""			(374, 105)	(67, 25)
menu	Tools	""			(441, 105)	(50, 25)
menu	Help	""			(491, 105)	(45, 25)
push-button	Send	""			(138, 137)	(65, 24)
push-button	Spelling	""			(294, 137)	(108, 24)
push-button	Save	""			(404, 137)	(85, 24)
toggle-button	Contacts	""			(491, 137)	(91, 24)
push-button	Attach	""			(891, 137)	(99, 24)
label	From	From			(239, 182)	(34, 17)
combo-box	From	""			(283, 176)	(552, 30)
menu-item	Mathias Gadenzi <mathias.gadenzi@gmail.com>	""			(139, 109)	(563, 28)
push-button	Cc	Cc			(859, 180)	(23, 21)
push-button	Bcc	Bcc			(894, 180)	(31, 21)
push-button	Other addressing fields to show	""			(937, 180)	(20, 20)
label	To	To			(257, 219)	(16, 17)
label	assistant@outlook.com	assistant@outlook.com			(293, 218)	(157, 19)
entry	To with one address, use left arrow key to focus on it.	""			(460, 215)	(521, 25)
label	Subject	Subject			(224, 257)	(49, 17)
entry	Subject	New-month AWS Bill			(283, 249)	(703, 30)
combo-box	Choose a paragraph format	""			(139, 288)	(103, 24)
menu-item	Paragraph	""			(139, 134)	(93, 25)
combo-box	Choose a font	""			(246, 288)	(130, 24)
menu-item	Variable Width	""			(139, 5)	(199, 25)
document-web	Message body	""			(134, 318)	(860, 503)
paragraph		Hello,			(142, 326)	(844, 19)
paragraph		
			(142, 361)	(844, 19)
paragraph		Please find attached the AWS bill for this month. Let me know if you have any questions.			(142, 396)	(844, 19)
paragraph		
			(142, 431)	(844, 19)
paragraph		Best regards,			(142, 466)	(844, 19)
paragraph		Mathias
			(142, 501)	(844, 19)
push-button	1 Attachment 22.8 KB	""			(134, 821)	(860, 31)
section		1 Attachment			(158, 827)	(91, 17)
list-item	aws-bill .pdf 22.8 KB	""			(135, 854)	(175, 25)
section		aws-bill			(163, 858)	(50, 17)
section		.pdf			(213, 858)	(27, 17)
menu	Thunderbird Mail	""			(99, 0)	(173, 27)
menu	System	""			(1814, 0)	(106, 27)
push-button	Chromium Web Browser	""			(0, 33)	(70, 64)
push-button	Thunderbird Mail	""			(0, 101)	(70, 64)
push-button	Visual Studio Code	""			(0, 169)	(70, 64)
push-button	VLC media player	""			(0, 237)	(70, 64)
push-button	LibreOffice Writer	""			(0, 305)	(70, 64)
push-button	LibreOffice Calc	""			(0, 373)	(70, 64)
push-button	LibreOffice Impress	""			(0, 441)	(70, 64)
push-button	GNU Image Manipulation Program	""			(0, 509)	(70, 64)
push-button	Files	""			(0, 577)	(70, 64)
push-button	Ubuntu Software	""			(0, 645)	(70, 64)
push-button	Help	""			(0, 713)	(70, 64)
push-button	Trash	""			(0, 784)	(70, 64)
toggle-button	Show Applications	""			(0, 915)	(70, 70)
Generating content with GPT model: o4-mini
RESPONSE: I’ve confirmed that the “Opening aws-bill.pdf” dialog has closed and the PDF should now be opened in Firefox (the default “Open with” target). Next I’ll switch focus to that newly opened window so you can review the bill.

```python
import pyautogui, time

# Use Alt+Tab to switch to the most recently opened window (the PDF in Firefox)
pyautogui.keyDown('alt')
pyautogui.press('tab')
pyautogui.keyUp('alt')
time.sleep(0.5)
```
