LINEAR AT: tag	name	text	class	description	position (top-left x&y)	size (w&h)
label	Home	Home			(1833, 939)	(40, 17)
menu	System	""			(1814, 0)	(106, 27)
label	Please download waiting software updates.	""			(810, 73)	(291, 17)
push-button	Chromium Web Browser	""			(0, 33)	(70, 64)
push-button	Thunderbird Mail	""			(0, 101)	(70, 64)
push-button	Visual Studio Code	""			(0, 169)	(70, 64)
push-button	VLC media player	""			(0, 237)	(70, 64)
push-button	LibreOffice Writer	""			(0, 305)	(70, 64)
push-button	LibreOffice Calc	""			(0, 373)	(70, 64)
push-button	LibreOffice Impress	""			(0, 441)	(70, 64)
push-button	GNU Image Manipulation Program	""			(0, 509)	(70, 64)
push-button	Files	""			(0, 577)	(70, 64)
push-button	Ubuntu Software	""			(0, 645)	(70, 64)
push-button	Help	""			(0, 713)	(70, 64)
push-button	Trash	""			(0, 784)	(70, 64)
toggle-button	Show Applications	""			(0, 915)	(70, 70)
Generating content with GPT model: o4-mini
RESPONSE: Reflection: The desktop is showing the GNOME launcher on the left, including the Thunderbird Mail icon. To start reading emails in the Important local folder, we first need to open Thunderbird Mail.

```python
import pyautogui, time

# Click the Thunderbird Mail icon on the launcher
pyautogui.click(35, 133)
time.sleep(2)
```
LINEAR AT: tag	name	text	class	description	position (top-left x&y)	size (w&h)
label	Home	Home			(1833, 939)	(40, 17)
push-button	AppMenu	""			(1779, 33)	(35, 30)
push-button	Minimize	""			(1818, 34)	(31, 28)
push-button	Restore Down	""			(1849, 34)	(34, 28)
push-button	Close	""			(1883, 34)	(31, 28)
section	Account Setup	Account Setup			(324, 73)	(250, 33)
push-button	Close Tab	""			(547, 80)	(20, 20)
document-web	Welcome to Freedom – Thunderbird	""			(1128, 106)	(792, 855)
link	ESR Channel	ESR Channel			(1144, 138)	(73, 19)
link	Donate	Donate 			(1799, 126)	(105, 42)
heading	Welcome to Freedom	Welcome to Freedom			(1315, 274)	(418, 40)
paragraph		Thunderbird is a gift from thousands of people like you. We hope you'll enjoy the productivity, privacy, and freedom they make possible and we invite you to become part of that gift to others.			(1204, 330)	(640, 86)
link	Participate	Participate			(1304, 464)	(151, 47)
link	Donate	Donate			(1471, 464)	(123, 47)
link	Get Help	Get Help			(1610, 464)	(134, 47)
heading	Free and Open Source	Free and Open Source			(1177, 632)	(315, 26)
paragraph		Thunderbird is now yours forever.			(1177, 662)	(315, 31)
paragraph		Thunderbird is developed openly and distributed freely. Our software license protects your right to use, modify, and share Thunderbird. Our mission is to protect your privacy and freedom.			(1177, 709)	(315, 128)
heading	Powered by Community	Powered by Community			(1556, 632)	(315, 26)
paragraph		You can become part of our story.			(1556, 662)	(315, 31)
paragraph		Anyone can contribute to Thunderbird. By donating, translating, answering questions, suggesting features, reporting bugs, and more, you make Thunderbird better for yourself and the world.			(1556, 709)	(315, 128)
section		Want new features sooner? Learn about . 			(1326, 910)	(396, 21)
link	Thunderbird Release	Thunderbird Release			(1584, 911)	(134, 18)
document-web	Account Setup	""			(70, 106)	(1850, 855)
heading	Set Up Your Existing Email Address	Set Up Your Existing Email Address			(129, 150)	(1732, 42)
paragraph		To use your current email address fill in your credentials.			(133, 200)	(1724, 23)
paragraph		Thunderbird will automatically search for a working and recommended server configuration.			(133, 223)	(1724, 24)
label	Your full name	Your full name			(129, 307)	(425, 14)
entry	Your full name	""			(129, 326)	(425, 34)
image	Your name, as shown to others	""			(528, 335)	(16, 16)
label	Email address	Email address			(129, 383)	(425, 15)
entry	Email address	""			(129, 403)	(425, 34)
image	Your existing email address	""			(528, 412)	(16, 16)
push-button	Get a new email address	Get a new email address			(378, 442)	(176, 17)
label	Password	Password			(129, 461)	(425, 14)
label	Remember password	""			(129, 522)	(161, 20)
check-box	Remember password	""			(129, 524)	(16, 16)
section		Remember password			(151, 525)	(139, 15)
push-button	Cancel	Cancel			(344, 573)	(102, 36)
paragraph		Your credentials will only be stored locally on your computer.			(133, 634)	(417, 22)
image	Initial setup	""			(778, 307)	(300, 300)
push-button	You are currently online.	""			(74, 962)	(20, 23)
label	Done	Done			(104, 965)	(1811, 17)
menu	Thunderbird Mail	""			(99, 0)	(173, 27)
menu	System	""			(1814, 0)	(106, 27)
label	Please download waiting software updates.	""			(810, 73)	(291, 17)
push-button	Chromium Web Browser	""			(0, 33)	(70, 64)
push-button	Thunderbird Mail	""			(0, 101)	(70, 64)
push-button	Visual Studio Code	""			(0, 169)	(70, 64)
push-button	VLC media player	""			(0, 237)	(70, 64)
push-button	LibreOffice Writer	""			(0, 305)	(70, 64)
push-button	LibreOffice Calc	""			(0, 373)	(70, 64)
push-button	LibreOffice Impress	""			(0, 441)	(70, 64)
push-button	GNU Image Manipulation Program	""			(0, 509)	(70, 64)
push-button	Files	""			(0, 577)	(70, 64)
push-button	Ubuntu Software	""			(0, 645)	(70, 64)
push-button	Help	""			(0, 713)	(70, 64)
push-button	Trash	""			(0, 784)	(70, 64)
toggle-button	Show Applications	""			(0, 915)	(70, 70)
Generating content with GPT model: o4-mini
RESPONSE: Reflection: Thunderbird Mail is open on the “Set Up Your Existing Email Address” pane, which blocks access to my local folders. To proceed, I need to close this setup dialog (click “Cancel”) so I can view and open the “Important” folder.

```python
import pyautogui, time

# Click the "Cancel" button to close the account setup dialog
pyautogui.click(395, 591)
time.sleep(1)
```
LINEAR AT: tag	name	text	class	description	position (top-left x&y)	size (w&h)
label	Home	Home			(1833, 939)	(40, 17)
push-button	AppMenu	""			(1779, 33)	(35, 30)
push-button	Minimize	""			(1818, 34)	(31, 28)
push-button	Restore Down	""			(1849, 34)	(34, 28)
push-button	Close	""			(1883, 34)	(31, 28)
section	Account Setup	Account Setup			(324, 73)	(250, 33)
push-button	Close Tab	""			(547, 80)	(20, 20)
document-web	Welcome to Freedom – Thunderbird	""			(1128, 106)	(792, 855)
link	ESR Channel	ESR Channel			(1144, 138)	(73, 19)
link	Donate	Donate 			(1799, 126)	(105, 42)
heading	Welcome to Freedom	Welcome to Freedom			(1315, 274)	(418, 40)
paragraph		Thunderbird is a gift from thousands of people like you. We hope you'll enjoy the productivity, privacy, and freedom they make possible and we invite you to become part of that gift to others.			(1204, 330)	(640, 86)
link	Participate	Participate			(1304, 464)	(151, 47)
link	Donate	Donate			(1471, 464)	(123, 47)
link	Get Help	Get Help			(1610, 464)	(134, 47)
heading	Free and Open Source	Free and Open Source			(1177, 632)	(315, 26)
paragraph		Thunderbird is now yours forever.			(1177, 662)	(315, 31)
paragraph		Thunderbird is developed openly and distributed freely. Our software license protects your right to use, modify, and share Thunderbird. Our mission is to protect your privacy and freedom.			(1177, 709)	(315, 128)
heading	Powered by Community	Powered by Community			(1556, 632)	(315, 26)
paragraph		You can become part of our story.			(1556, 662)	(315, 31)
paragraph		Anyone can contribute to Thunderbird. By donating, translating, answering questions, suggesting features, reporting bugs, and more, you make Thunderbird better for yourself and the world.			(1556, 709)	(315, 128)
section		Want new features sooner? Learn about . 			(1326, 910)	(396, 21)
link	Thunderbird Release	Thunderbird Release			(1584, 911)	(134, 18)
document-web	Account Setup	""			(70, 106)	(1850, 855)
heading	No Email Account Configured	""			(760, 417)	(470, 32)
section		No Email Account Configured			(804, 417)	(307, 32)
paragraph		Are you sure you want to cancel the setup process? Thunderbird can still be used without an email account, but many features will not be available.			(767, 467)	(474, 75)
label	Use Thunderbird without an email account	""			(767, 557)	(478, 30)
check-box	Use Thunderbird without an email account	""			(767, 564)	(16, 16)
section		Use Thunderbird without an email account			(789, 557)	(310, 30)
push-button	Exit Setup	Exit Setup			(982, 609)	(102, 35)
push-button	Continue Setup	Continue Setup			(1092, 609)	(139, 35)
push-button	You are currently online.	""			(74, 962)	(20, 23)
label	Done	Done			(104, 965)	(1811, 17)
menu	Thunderbird Mail	""			(99, 0)	(173, 27)
menu	System	""			(1814, 0)	(106, 27)
push-button	Chromium Web Browser	""			(0, 33)	(70, 64)
push-button	Thunderbird Mail	""			(0, 101)	(70, 64)
push-button	Visual Studio Code	""			(0, 169)	(70, 64)
push-button	VLC media player	""			(0, 237)	(70, 64)
push-button	LibreOffice Writer	""			(0, 305)	(70, 64)
push-button	LibreOffice Calc	""			(0, 373)	(70, 64)
push-button	LibreOffice Impress	""			(0, 441)	(70, 64)
push-button	GNU Image Manipulation Program	""			(0, 509)	(70, 64)
push-button	Files	""			(0, 577)	(70, 64)
push-button	Ubuntu Software	""			(0, 645)	(70, 64)
push-button	Help	""			(0, 713)	(70, 64)
push-button	Trash	""			(0, 784)	(70, 64)
toggle-button	Show Applications	""			(0, 915)	(70, 70)
Generating content with GPT model: o4-mini
RESPONSE: Reflection: To access the local “Important” folder, I need to exit out of the account-setup confirmation by choosing to use Thunderbird without an email account. I will check the “Use Thunderbird without an email account” box and then click “Exit Setup.”

```python
import pyautogui, time

# Check "Use Thunderbird without an email account"
pyautogui.click(780, 574)
time.sleep(0.5)

# Click "Exit Setup" to close the dialog
pyautogui.click(1033, 626)
time.sleep(1)
```
LINEAR AT: tag	name	text	class	description	position (top-left x&y)	size (w&h)
label	Home	Home			(1833, 939)	(40, 17)
push-button	Mail (Ctrl+1)	""			(77, 34)	(30, 30)
push-button	Address Book (Ctrl+2)	""			(77, 79)	(30, 30)
push-button	Calendar (Ctrl+3)	""			(77, 124)	(30, 30)
push-button	Tasks (Ctrl+4)	""			(77, 169)	(30, 30)
push-button	Chat (Ctrl+5)	""			(77, 214)	(30, 30)
push-button	Settings	""			(77, 903)	(30, 30)
push-button	Hide Spaces Toolbar	""			(77, 948)	(30, 30)
entry	Search:	""			(508, 34)	(901, 30)
push-button	Search	""			(1383, 34)	(26, 30)
push-button	AppMenu	""			(1779, 34)	(35, 30)
push-button	Minimize	""			(1818, 35)	(31, 28)
push-button	Restore Down	""			(1849, 35)	(34, 28)
push-button	Close	""			(1883, 35)	(31, 28)
push-button	Folder pane options	""			(340, 81)	(30, 30)
toggle-button	Quick Filter	Quick Filter			(960, 75)	(125, 31)
push-button	Message list display options	""			(1091, 75)	(30, 30)
document-web	Welcome to Freedom – Thunderbird	""			(1128, 72)	(792, 889)
link	ESR Channel	ESR Channel			(1144, 104)	(73, 19)
link	Donate	Donate 			(1799, 92)	(105, 42)
heading	Welcome to Freedom	Welcome to Freedom			(1315, 240)	(418, 40)
paragraph		Thunderbird is a gift from thousands of people like you. We hope you'll enjoy the productivity, privacy, and freedom they make possible and we invite you to become part of that gift to others.			(1204, 296)	(640, 86)
link	Participate	Participate			(1304, 430)	(151, 47)
link	Donate	Donate			(1471, 430)	(123, 47)
link	Get Help	Get Help			(1610, 430)	(134, 47)
heading	Free and Open Source	Free and Open Source			(1177, 598)	(315, 26)
paragraph		Thunderbird is now yours forever.			(1177, 628)	(315, 31)
paragraph		Thunderbird is developed openly and distributed freely. Our software license protects your right to use, modify, and share Thunderbird. Our mission is to protect your privacy and freedom.			(1177, 675)	(315, 128)
heading	Powered by Community	Powered by Community			(1556, 598)	(315, 26)
paragraph		You can become part of our story.			(1556, 628)	(315, 31)
paragraph		Anyone can contribute to Thunderbird. By donating, translating, answering questions, suggesting features, reporting bugs, and more, you make Thunderbird better for yourself and the world.			(1556, 675)	(315, 128)
section		Want new features sooner? Learn about . 			(1326, 876)	(396, 21)
link	Thunderbird Release	Thunderbird Release			(1584, 877)	(134, 18)
push-button	You are currently online.	""			(119, 962)	(20, 23)
label	Done	Done			(149, 965)	(1766, 17)
menu	Thunderbird Mail	""			(99, 0)	(173, 27)
menu	System	""			(1814, 0)	(106, 27)
push-button	Chromium Web Browser	""			(0, 33)	(70, 64)
push-button	Thunderbird Mail	""			(0, 101)	(70, 64)
push-button	Visual Studio Code	""			(0, 169)	(70, 64)
push-button	VLC media player	""			(0, 237)	(70, 64)
push-button	LibreOffice Writer	""			(0, 305)	(70, 64)
push-button	LibreOffice Calc	""			(0, 373)	(70, 64)
push-button	LibreOffice Impress	""			(0, 441)	(70, 64)
push-button	GNU Image Manipulation Program	""			(0, 509)	(70, 64)
push-button	Files	""			(0, 577)	(70, 64)
push-button	Ubuntu Software	""			(0, 645)	(70, 64)
push-button	Help	""			(0, 713)	(70, 64)
push-button	Trash	""			(0, 784)	(70, 64)
toggle-button	Show Applications	""			(0, 915)	(70, 70)
Generating content with GPT model: o4-mini
RESPONSE: Reflection: Thunderbird is showing the blank mail pane because no folders are visible. I need to enable “Local Folders” by clicking the Folder‐pane‐options button in the upper‐left, then I can expand Local Folders and select the “Important” folder.

```python
import pyautogui, time

# Click the Folder pane options button to show Local Folders
pyautogui.click(355, 96)
time.sleep(0.5)
```
LINEAR AT: tag	name	text	class	description	position (top-left x&y)	size (w&h)
label	Home	Home			(1833, 939)	(40, 17)
push-button	Mail (Ctrl+1)	""			(77, 34)	(30, 30)
push-button	Address Book (Ctrl+2)	""			(77, 79)	(30, 30)
push-button	Calendar (Ctrl+3)	""			(77, 124)	(30, 30)
push-button	Tasks (Ctrl+4)	""			(77, 169)	(30, 30)
push-button	Chat (Ctrl+5)	""			(77, 214)	(30, 30)
push-button	Settings	""			(77, 903)	(30, 30)
push-button	Hide Spaces Toolbar	""			(77, 948)	(30, 30)
entry	Search:	""			(508, 34)	(901, 30)
push-button	Search	""			(1383, 34)	(26, 30)
push-button	AppMenu	""			(1779, 34)	(35, 30)
push-button	Minimize	""			(1818, 35)	(31, 28)
push-button	Restore Down	""			(1849, 35)	(34, 28)
push-button	Close	""			(1883, 35)	(31, 28)
push-button	Folder pane options	""			(340, 81)	(30, 30)
toggle-button	Quick Filter	Quick Filter			(960, 75)	(125, 31)
push-button	Message list display options	""			(1091, 75)	(30, 30)
document-web	Welcome to Freedom – Thunderbird	""			(1128, 72)	(792, 889)
link	ESR Channel	ESR Channel			(1144, 104)	(73, 19)
link	Donate	Donate 			(1799, 92)	(105, 42)
heading	Welcome to Freedom	Welcome to Freedom			(1315, 240)	(418, 40)
paragraph		Thunderbird is a gift from thousands of people like you. We hope you'll enjoy the productivity, privacy, and freedom they make possible and we invite you to become part of that gift to others.			(1204, 296)	(640, 86)
link	Participate	Participate			(1304, 430)	(151, 47)
link	Donate	Donate			(1471, 430)	(123, 47)
link	Get Help	Get Help			(1610, 430)	(134, 47)
heading	Free and Open Source	Free and Open Source			(1177, 598)	(315, 26)
paragraph		Thunderbird is now yours forever.			(1177, 628)	(315, 31)
paragraph		Thunderbird is developed openly and distributed freely. Our software license protects your right to use, modify, and share Thunderbird. Our mission is to protect your privacy and freedom.			(1177, 675)	(315, 128)
heading	Powered by Community	Powered by Community			(1556, 598)	(315, 26)
paragraph		You can become part of our story.			(1556, 628)	(315, 31)
paragraph		Anyone can contribute to Thunderbird. By donating, translating, answering questions, suggesting features, reporting bugs, and more, you make Thunderbird better for yourself and the world.			(1556, 675)	(315, 128)
section		Want new features sooner? Learn about . 			(1326, 876)	(396, 21)
link	Thunderbird Release	Thunderbird Release			(1584, 877)	(134, 18)
menu	Folder Modes	""			(345, 116)	(218, 25)
check-menu-item	Show “Get Messages”	""			(345, 150)	(218, 25)
check-menu-item	Show “New Message”	""			(345, 175)	(218, 25)
check-menu-item	Show Total Message Count	""			(345, 209)	(218, 25)
check-menu-item	Show Folder Size	""			(345, 234)	(218, 25)
check-menu-item	Hide Local Folders	""			(345, 259)	(218, 25)
menu-item	Hide Folder Pane Header	""			(345, 293)	(218, 25)
push-button	You are currently online.	""			(119, 962)	(20, 23)
label	Done	Done			(149, 965)	(1766, 17)
menu	Thunderbird Mail	""			(99, 0)	(173, 27)
menu	System	""			(1814, 0)	(106, 27)
push-button	Chromium Web Browser	""			(0, 33)	(70, 64)
push-button	Thunderbird Mail	""			(0, 101)	(70, 64)
push-button	Visual Studio Code	""			(0, 169)	(70, 64)
push-button	VLC media player	""			(0, 237)	(70, 64)
push-button	LibreOffice Writer	""			(0, 305)	(70, 64)
push-button	LibreOffice Calc	""			(0, 373)	(70, 64)
push-button	LibreOffice Impress	""			(0, 441)	(70, 64)
push-button	GNU Image Manipulation Program	""			(0, 509)	(70, 64)
push-button	Files	""			(0, 577)	(70, 64)
push-button	Ubuntu Software	""			(0, 645)	(70, 64)
push-button	Help	""			(0, 713)	(70, 64)
push-button	Trash	""			(0, 784)	(70, 64)
toggle-button	Show Applications	""			(0, 915)	(70, 70)
Generating content with GPT model: o4-mini
RESPONSE: Reflection: The Folder‐pane menu is open showing “Hide Local Folders.” To reveal my local folders I must toggle that off. I will click the “Hide Local Folders” menu item.

```python
import pyautogui, time

# Click the "Hide Local Folders" menu item to unhide Local Folders
pyautogui.click(445, 271)
time.sleep(1)
```
LINEAR AT: tag	name	text	class	description	position (top-left x&y)	size (w&h)
label	Home	Home			(1833, 939)	(40, 17)
push-button	Mail (Ctrl+1)	""			(77, 34)	(30, 30)
push-button	Address Book (Ctrl+2)	""			(77, 79)	(30, 30)
push-button	Calendar (Ctrl+3)	""			(77, 124)	(30, 30)
push-button	Tasks (Ctrl+4)	""			(77, 169)	(30, 30)
push-button	Chat (Ctrl+5)	""			(77, 214)	(30, 30)
push-button	Settings	""			(77, 903)	(30, 30)
push-button	Hide Spaces Toolbar	""			(77, 948)	(30, 30)
entry	Search:	""			(508, 34)	(901, 30)
push-button	Search	""			(1383, 34)	(26, 30)
push-button	AppMenu	""			(1779, 34)	(35, 30)
push-button	Minimize	""			(1818, 35)	(31, 28)
push-button	Restore Down	""			(1849, 35)	(34, 28)
push-button	Close	""			(1883, 35)	(31, 28)
push-button	Folder pane options	""			(340, 81)	(30, 30)
toggle-button	Quick Filter	Quick Filter			(960, 75)	(125, 31)
push-button	Message list display options	""			(1091, 75)	(30, 30)
document-web	Welcome to Freedom – Thunderbird	""			(1128, 72)	(792, 889)
link	ESR Channel	ESR Channel			(1144, 104)	(73, 19)
link	Donate	Donate 			(1799, 92)	(105, 42)
heading	Welcome to Freedom	Welcome to Freedom			(1315, 240)	(418, 40)
paragraph		Thunderbird is a gift from thousands of people like you. We hope you'll enjoy the productivity, privacy, and freedom they make possible and we invite you to become part of that gift to others.			(1204, 296)	(640, 86)
link	Participate	Participate			(1304, 430)	(151, 47)
link	Donate	Donate			(1471, 430)	(123, 47)
link	Get Help	Get Help			(1610, 430)	(134, 47)
heading	Free and Open Source	Free and Open Source			(1177, 598)	(315, 26)
paragraph		Thunderbird is now yours forever.			(1177, 628)	(315, 31)
paragraph		Thunderbird is developed openly and distributed freely. Our software license protects your right to use, modify, and share Thunderbird. Our mission is to protect your privacy and freedom.			(1177, 675)	(315, 128)
heading	Powered by Community	Powered by Community			(1556, 598)	(315, 26)
paragraph		You can become part of our story.			(1556, 628)	(315, 31)
paragraph		Anyone can contribute to Thunderbird. By donating, translating, answering questions, suggesting features, reporting bugs, and more, you make Thunderbird better for yourself and the world.			(1556, 675)	(315, 128)
section		Want new features sooner? Learn about . 			(1326, 876)	(396, 21)
link	Thunderbird Release	Thunderbird Release			(1584, 877)	(134, 18)
menu	Folder Modes	""			(345, 116)	(218, 25)
check-menu-item	Show “Get Messages”	""			(345, 150)	(218, 25)
check-menu-item	Show “New Message”	""			(345, 175)	(218, 25)
check-menu-item	Show Total Message Count	""			(345, 209)	(218, 25)
check-menu-item	Show Folder Size	""			(345, 234)	(218, 25)
check-menu-item	Hide Local Folders	""			(345, 259)	(218, 25)
menu-item	Hide Folder Pane Header	""			(345, 293)	(218, 25)
push-button	You are currently online.	""			(119, 962)	(20, 23)
label	Done	Done			(149, 965)	(1766, 17)
menu	Thunderbird Mail	""			(99, 0)	(173, 27)
menu	System	""			(1814, 0)	(106, 27)
push-button	Chromium Web Browser	""			(0, 33)	(70, 64)
push-button	Thunderbird Mail	""			(0, 101)	(70, 64)
push-button	Visual Studio Code	""			(0, 169)	(70, 64)
push-button	VLC media player	""			(0, 237)	(70, 64)
push-button	LibreOffice Writer	""			(0, 305)	(70, 64)
push-button	LibreOffice Calc	""			(0, 373)	(70, 64)
push-button	LibreOffice Impress	""			(0, 441)	(70, 64)
push-button	GNU Image Manipulation Program	""			(0, 509)	(70, 64)
push-button	Files	""			(0, 577)	(70, 64)
push-button	Ubuntu Software	""			(0, 645)	(70, 64)
push-button	Help	""			(0, 713)	(70, 64)
push-button	Trash	""			(0, 784)	(70, 64)
toggle-button	Show Applications	""			(0, 915)	(70, 70)
Generating content with GPT model: o4-mini
RESPONSE: Reflection: The “Folder Modes” menu is still open. To proceed, I need to dismiss this menu (so I can see the folder pane) before expanding the newly revealed Local Folders and selecting “Important.”

```python
import pyautogui, time

# Dismiss the open Folder Modes menu
pyautogui.press('esc')
time.sleep(0.5)
```
LINEAR AT: tag	name	text	class	description	position (top-left x&y)	size (w&h)
label	Home	Home			(1833, 939)	(40, 17)
push-button	Mail (Ctrl+1)	""			(77, 34)	(30, 30)
push-button	Address Book (Ctrl+2)	""			(77, 79)	(30, 30)
push-button	Calendar (Ctrl+3)	""			(77, 124)	(30, 30)
push-button	Tasks (Ctrl+4)	""			(77, 169)	(30, 30)
push-button	Chat (Ctrl+5)	""			(77, 214)	(30, 30)
push-button	Settings	""			(77, 903)	(30, 30)
push-button	Hide Spaces Toolbar	""			(77, 948)	(30, 30)
entry	Search:	""			(508, 34)	(901, 30)
push-button	Search	""			(1383, 34)	(26, 30)
push-button	AppMenu	""			(1779, 34)	(35, 30)
push-button	Minimize	""			(1818, 35)	(31, 28)
push-button	Restore Down	""			(1849, 35)	(34, 28)
push-button	Close	""			(1883, 35)	(31, 28)
push-button	Folder pane options	""			(340, 81)	(30, 30)
toggle-button	Quick Filter	Quick Filter			(960, 75)	(125, 31)
push-button	Message list display options	""			(1091, 75)	(30, 30)
document-web	Welcome to Freedom – Thunderbird	""			(1128, 72)	(792, 889)
link	ESR Channel	ESR Channel			(1144, 104)	(73, 19)
link	Donate	Donate 			(1799, 92)	(105, 42)
heading	Welcome to Freedom	Welcome to Freedom			(1315, 240)	(418, 40)
paragraph		Thunderbird is a gift from thousands of people like you. We hope you'll enjoy the productivity, privacy, and freedom they make possible and we invite you to become part of that gift to others.			(1204, 296)	(640, 86)
link	Participate	Participate			(1304, 430)	(151, 47)
link	Donate	Donate			(1471, 430)	(123, 47)
link	Get Help	Get Help			(1610, 430)	(134, 47)
heading	Free and Open Source	Free and Open Source			(1177, 598)	(315, 26)
paragraph		Thunderbird is now yours forever.			(1177, 628)	(315, 31)
paragraph		Thunderbird is developed openly and distributed freely. Our software license protects your right to use, modify, and share Thunderbird. Our mission is to protect your privacy and freedom.			(1177, 675)	(315, 128)
heading	Powered by Community	Powered by Community			(1556, 598)	(315, 26)
paragraph		You can become part of our story.			(1556, 628)	(315, 31)
paragraph		Anyone can contribute to Thunderbird. By donating, translating, answering questions, suggesting features, reporting bugs, and more, you make Thunderbird better for yourself and the world.			(1556, 675)	(315, 128)
section		Want new features sooner? Learn about . 			(1326, 876)	(396, 21)
link	Thunderbird Release	Thunderbird Release			(1584, 877)	(134, 18)
push-button	You are currently online.	""			(119, 962)	(20, 23)
label	Done	Done			(149, 965)	(1766, 17)
menu	Thunderbird Mail	""			(99, 0)	(173, 27)
menu	System	""			(1814, 0)	(106, 27)
push-button	Chromium Web Browser	""			(0, 33)	(70, 64)
push-button	Thunderbird Mail	""			(0, 101)	(70, 64)
push-button	Visual Studio Code	""			(0, 169)	(70, 64)
push-button	VLC media player	""			(0, 237)	(70, 64)
push-button	LibreOffice Writer	""			(0, 305)	(70, 64)
push-button	LibreOffice Calc	""			(0, 373)	(70, 64)
push-button	LibreOffice Impress	""			(0, 441)	(70, 64)
push-button	GNU Image Manipulation Program	""			(0, 509)	(70, 64)
push-button	Files	""			(0, 577)	(70, 64)
push-button	Ubuntu Software	""			(0, 645)	(70, 64)
push-button	Help	""			(0, 713)	(70, 64)
push-button	Trash	""			(0, 784)	(70, 64)
toggle-button	Show Applications	""			(0, 915)	(70, 70)
Generating content with GPT model: o4-mini
RESPONSE: Reflection: The Folder Modes menu has been dismissed, but the local folders are still hidden. To unhide them, I need to reopen the Folder pane options menu.

```python
import pyautogui, time

# Reopen the Folder pane options menu
pyautogui.click(340, 81)
time.sleep(0.5)
```
LINEAR AT: tag	name	text	class	description	position (top-left x&y)	size (w&h)
label	Home	Home			(1833, 939)	(40, 17)
push-button	Mail (Ctrl+1)	""			(77, 34)	(30, 30)
push-button	Address Book (Ctrl+2)	""			(77, 79)	(30, 30)
push-button	Calendar (Ctrl+3)	""			(77, 124)	(30, 30)
push-button	Tasks (Ctrl+4)	""			(77, 169)	(30, 30)
push-button	Chat (Ctrl+5)	""			(77, 214)	(30, 30)
push-button	Settings	""			(77, 903)	(30, 30)
push-button	Hide Spaces Toolbar	""			(77, 948)	(30, 30)
entry	Search:	""			(508, 34)	(901, 30)
push-button	Search	""			(1383, 34)	(26, 30)
push-button	AppMenu	""			(1779, 34)	(35, 30)
push-button	Minimize	""			(1818, 35)	(31, 28)
push-button	Restore Down	""			(1849, 35)	(34, 28)
push-button	Close	""			(1883, 35)	(31, 28)
push-button	Folder pane options	""			(340, 81)	(30, 30)
toggle-button	Quick Filter	Quick Filter			(960, 75)	(125, 31)
push-button	Message list display options	""			(1091, 75)	(30, 30)
document-web	Welcome to Freedom – Thunderbird	""			(1128, 72)	(792, 889)
link	ESR Channel	ESR Channel			(1144, 104)	(73, 19)
link	Donate	Donate 			(1799, 92)	(105, 42)
heading	Welcome to Freedom	Welcome to Freedom			(1315, 240)	(418, 40)
paragraph		Thunderbird is a gift from thousands of people like you. We hope you'll enjoy the productivity, privacy, and freedom they make possible and we invite you to become part of that gift to others.			(1204, 296)	(640, 86)
link	Participate	Participate			(1304, 430)	(151, 47)
link	Donate	Donate			(1471, 430)	(123, 47)
link	Get Help	Get Help			(1610, 430)	(134, 47)
heading	Free and Open Source	Free and Open Source			(1177, 598)	(315, 26)
paragraph		Thunderbird is now yours forever.			(1177, 628)	(315, 31)
paragraph		Thunderbird is developed openly and distributed freely. Our software license protects your right to use, modify, and share Thunderbird. Our mission is to protect your privacy and freedom.			(1177, 675)	(315, 128)
heading	Powered by Community	Powered by Community			(1556, 598)	(315, 26)
paragraph		You can become part of our story.			(1556, 628)	(315, 31)
paragraph		Anyone can contribute to Thunderbird. By donating, translating, answering questions, suggesting features, reporting bugs, and more, you make Thunderbird better for yourself and the world.			(1556, 675)	(315, 128)
section		Want new features sooner? Learn about . 			(1326, 876)	(396, 21)
link	Thunderbird Release	Thunderbird Release			(1584, 877)	(134, 18)
push-button	You are currently online.	""			(119, 962)	(20, 23)
label	Done	Done			(149, 965)	(1766, 17)
menu	Thunderbird Mail	""			(99, 0)	(173, 27)
menu	System	""			(1814, 0)	(106, 27)
push-button	Chromium Web Browser	""			(0, 33)	(70, 64)
push-button	Thunderbird Mail	""			(0, 101)	(70, 64)
push-button	Visual Studio Code	""			(0, 169)	(70, 64)
push-button	VLC media player	""			(0, 237)	(70, 64)
push-button	LibreOffice Writer	""			(0, 305)	(70, 64)
push-button	LibreOffice Calc	""			(0, 373)	(70, 64)
push-button	LibreOffice Impress	""			(0, 441)	(70, 64)
push-button	GNU Image Manipulation Program	""			(0, 509)	(70, 64)
push-button	Files	""			(0, 577)	(70, 64)
push-button	Ubuntu Software	""			(0, 645)	(70, 64)
push-button	Help	""			(0, 713)	(70, 64)
push-button	Trash	""			(0, 784)	(70, 64)
toggle-button	Show Applications	""			(0, 915)	(70, 70)
Generating content with GPT model: o4-mini
RESPONSE: Reflection: The Folder pane options menu is open. To reveal the Local Folders tree, I need to toggle off “Hide Local Folders” by clicking that menu item.

```python
import pyautogui, time

# Click "Hide Local Folders" to uncheck it and unhide Local Folders
pyautogui.click(454, 271)
time.sleep(0.5)
```
LINEAR AT: tag	name	text	class	description	position (top-left x&y)	size (w&h)
label	Home	Home			(1833, 939)	(40, 17)
push-button	Mail (Ctrl+1)	""			(77, 34)	(30, 30)
push-button	Address Book (Ctrl+2)	""			(77, 79)	(30, 30)
push-button	Calendar (Ctrl+3)	""			(77, 124)	(30, 30)
push-button	Tasks (Ctrl+4)	""			(77, 169)	(30, 30)
push-button	Chat (Ctrl+5)	""			(77, 214)	(30, 30)
push-button	Settings	""			(77, 903)	(30, 30)
push-button	Hide Spaces Toolbar	""			(77, 948)	(30, 30)
entry	Search:	""			(508, 34)	(901, 30)
push-button	Search	""			(1383, 34)	(26, 30)
push-button	AppMenu	""			(1779, 34)	(35, 30)
push-button	Minimize	""			(1818, 35)	(31, 28)
push-button	Restore Down	""			(1849, 35)	(34, 28)
push-button	Close	""			(1883, 35)	(31, 28)
push-button	Folder pane options	""			(340, 81)	(30, 30)
toggle-button	Quick Filter	Quick Filter			(960, 75)	(125, 31)
push-button	Message list display options	""			(1091, 75)	(30, 30)
document-web	Welcome to Freedom – Thunderbird	""			(1128, 72)	(792, 889)
link	ESR Channel	ESR Channel			(1144, 104)	(73, 19)
link	Donate	Donate 			(1799, 92)	(105, 42)
heading	Welcome to Freedom	Welcome to Freedom			(1315, 240)	(418, 40)
paragraph		Thunderbird is a gift from thousands of people like you. We hope you'll enjoy the productivity, privacy, and freedom they make possible and we invite you to become part of that gift to others.			(1204, 296)	(640, 86)
link	Participate	Participate			(1304, 430)	(151, 47)
link	Donate	Donate			(1471, 430)	(123, 47)
link	Get Help	Get Help			(1610, 430)	(134, 47)
heading	Free and Open Source	Free and Open Source			(1177, 598)	(315, 26)
paragraph		Thunderbird is now yours forever.			(1177, 628)	(315, 31)
paragraph		Thunderbird is developed openly and distributed freely. Our software license protects your right to use, modify, and share Thunderbird. Our mission is to protect your privacy and freedom.			(1177, 675)	(315, 128)
heading	Powered by Community	Powered by Community			(1556, 598)	(315, 26)
paragraph		You can become part of our story.			(1556, 628)	(315, 31)
paragraph		Anyone can contribute to Thunderbird. By donating, translating, answering questions, suggesting features, reporting bugs, and more, you make Thunderbird better for yourself and the world.			(1556, 675)	(315, 128)
section		Want new features sooner? Learn about . 			(1326, 876)	(396, 21)
link	Thunderbird Release	Thunderbird Release			(1584, 877)	(134, 18)
push-button	You are currently online.	""			(119, 962)	(20, 23)
label	Done	Done			(149, 965)	(1766, 17)
menu	Thunderbird Mail	""			(99, 0)	(173, 27)
menu	System	""			(1814, 0)	(106, 27)
push-button	Chromium Web Browser	""			(0, 33)	(70, 64)
push-button	Thunderbird Mail	""			(0, 101)	(70, 64)
push-button	Visual Studio Code	""			(0, 169)	(70, 64)
push-button	VLC media player	""			(0, 237)	(70, 64)
push-button	LibreOffice Writer	""			(0, 305)	(70, 64)
push-button	LibreOffice Calc	""			(0, 373)	(70, 64)
push-button	LibreOffice Impress	""			(0, 441)	(70, 64)
push-button	GNU Image Manipulation Program	""			(0, 509)	(70, 64)
push-button	Files	""			(0, 577)	(70, 64)
push-button	Ubuntu Software	""			(0, 645)	(70, 64)
push-button	Help	""			(0, 713)	(70, 64)
push-button	Trash	""			(0, 784)	(70, 64)
toggle-button	Show Applications	""			(0, 915)	(70, 70)
Generating content with GPT model: o4-mini
RESPONSE: Reflection: The folder pane is still collapsed, so even though “Hide Local Folders” is unchecked, I can’t see any folders. I need to expand the folder pane by clicking the little arrow at the bottom-left of the window to reveal the Local Folders tree.
LINEAR AT: tag	name	text	class	description	position (top-left x&y)	size (w&h)
label	Home	Home			(1833, 939)	(40, 17)
push-button	Mail (Ctrl+1)	""			(77, 34)	(30, 30)
push-button	Address Book (Ctrl+2)	""			(77, 79)	(30, 30)
push-button	Calendar (Ctrl+3)	""			(77, 124)	(30, 30)
push-button	Tasks (Ctrl+4)	""			(77, 169)	(30, 30)
push-button	Chat (Ctrl+5)	""			(77, 214)	(30, 30)
push-button	Settings	""			(77, 903)	(30, 30)
push-button	Hide Spaces Toolbar	""			(77, 948)	(30, 30)
entry	Search:	""			(508, 34)	(901, 30)
push-button	Search	""			(1383, 34)	(26, 30)
push-button	AppMenu	""			(1779, 34)	(35, 30)
push-button	Minimize	""			(1818, 35)	(31, 28)
push-button	Restore Down	""			(1849, 35)	(34, 28)
push-button	Close	""			(1883, 35)	(31, 28)
push-button	Folder pane options	""			(340, 81)	(30, 30)
toggle-button	Quick Filter	Quick Filter			(960, 75)	(125, 31)
push-button	Message list display options	""			(1091, 75)	(30, 30)
document-web	Welcome to Freedom – Thunderbird	""			(1128, 72)	(792, 889)
link	ESR Channel	ESR Channel			(1144, 104)	(73, 19)
link	Donate	Donate 			(1799, 92)	(105, 42)
heading	Welcome to Freedom	Welcome to Freedom			(1315, 240)	(418, 40)
paragraph		Thunderbird is a gift from thousands of people like you. We hope you'll enjoy the productivity, privacy, and freedom they make possible and we invite you to become part of that gift to others.			(1204, 296)	(640, 86)
link	Participate	Participate			(1304, 430)	(151, 47)
link	Donate	Donate			(1471, 430)	(123, 47)
link	Get Help	Get Help			(1610, 430)	(134, 47)
heading	Free and Open Source	Free and Open Source			(1177, 598)	(315, 26)
paragraph		Thunderbird is now yours forever.			(1177, 628)	(315, 31)
paragraph		Thunderbird is developed openly and distributed freely. Our software license protects your right to use, modify, and share Thunderbird. Our mission is to protect your privacy and freedom.			(1177, 675)	(315, 128)
heading	Powered by Community	Powered by Community			(1556, 598)	(315, 26)
paragraph		You can become part of our story.			(1556, 628)	(315, 31)
paragraph		Anyone can contribute to Thunderbird. By donating, translating, answering questions, suggesting features, reporting bugs, and more, you make Thunderbird better for yourself and the world.			(1556, 675)	(315, 128)
section		Want new features sooner? Learn about . 			(1326, 876)	(396, 21)
link	Thunderbird Release	Thunderbird Release			(1584, 877)	(134, 18)
push-button	You are currently online.	""			(119, 962)	(20, 23)
label	Done	Done			(149, 965)	(1766, 17)
menu	Thunderbird Mail	""			(99, 0)	(173, 27)
menu	System	""			(1814, 0)	(106, 27)
push-button	Chromium Web Browser	""			(0, 33)	(70, 64)
push-button	Thunderbird Mail	""			(0, 101)	(70, 64)
push-button	Visual Studio Code	""			(0, 169)	(70, 64)
push-button	VLC media player	""			(0, 237)	(70, 64)
push-button	LibreOffice Writer	""			(0, 305)	(70, 64)
push-button	LibreOffice Calc	""			(0, 373)	(70, 64)
push-button	LibreOffice Impress	""			(0, 441)	(70, 64)
push-button	GNU Image Manipulation Program	""			(0, 509)	(70, 64)
push-button	Files	""			(0, 577)	(70, 64)
push-button	Ubuntu Software	""			(0, 645)	(70, 64)
push-button	Help	""			(0, 713)	(70, 64)
push-button	Trash	""			(0, 784)	(70, 64)
toggle-button	Show Applications	""			(0, 915)	(70, 70)
Generating content with GPT model: o4-mini
RESPONSE: Reflection: The Local Folders pane is still collapsed, so I need to expand it by clicking the little arrow at the bottom-left of the Thunderbird window to reveal the folder list.

```python
import pyautogui, time

# Expand the folder pane
pyautogui.click(68, 962)
time.sleep(0.5)
```
LINEAR AT: tag	name	text	class	description	position (top-left x&y)	size (w&h)
label	Home	Home			(1833, 939)	(40, 17)
push-button	Mail (Ctrl+1)	""			(77, 34)	(30, 30)
push-button	Address Book (Ctrl+2)	""			(77, 79)	(30, 30)
push-button	Calendar (Ctrl+3)	""			(77, 124)	(30, 30)
push-button	Tasks (Ctrl+4)	""			(77, 169)	(30, 30)
push-button	Chat (Ctrl+5)	""			(77, 214)	(30, 30)
push-button	Settings	""			(77, 903)	(30, 30)
push-button	Hide Spaces Toolbar	""			(77, 948)	(30, 30)
entry	Search:	""			(508, 34)	(901, 30)
push-button	Search	""			(1383, 34)	(26, 30)
push-button	AppMenu	""			(1779, 34)	(35, 30)
push-button	Minimize	""			(1818, 35)	(31, 28)
push-button	Restore Down	""			(1849, 35)	(34, 28)
push-button	Close	""			(1883, 35)	(31, 28)
push-button	Folder pane options	""			(340, 81)	(30, 30)
toggle-button	Quick Filter	Quick Filter			(960, 75)	(125, 31)
push-button	Message list display options	""			(1091, 75)	(30, 30)
document-web	Welcome to Freedom – Thunderbird	""			(1128, 72)	(792, 889)
link	ESR Channel	ESR Channel			(1144, 104)	(73, 19)
link	Donate	Donate 			(1799, 92)	(105, 42)
heading	Welcome to Freedom	Welcome to Freedom			(1315, 240)	(418, 40)
paragraph		Thunderbird is a gift from thousands of people like you. We hope you'll enjoy the productivity, privacy, and freedom they make possible and we invite you to become part of that gift to others.			(1204, 296)	(640, 86)
link	Participate	Participate			(1304, 430)	(151, 47)
link	Donate	Donate			(1471, 430)	(123, 47)
link	Get Help	Get Help			(1610, 430)	(134, 47)
heading	Free and Open Source	Free and Open Source			(1177, 598)	(315, 26)
paragraph		Thunderbird is now yours forever.			(1177, 628)	(315, 31)
paragraph		Thunderbird is developed openly and distributed freely. Our software license protects your right to use, modify, and share Thunderbird. Our mission is to protect your privacy and freedom.			(1177, 675)	(315, 128)
heading	Powered by Community	Powered by Community			(1556, 598)	(315, 26)
paragraph		You can become part of our story.			(1556, 628)	(315, 31)
paragraph		Anyone can contribute to Thunderbird. By donating, translating, answering questions, suggesting features, reporting bugs, and more, you make Thunderbird better for yourself and the world.			(1556, 675)	(315, 128)
section		Want new features sooner? Learn about . 			(1326, 876)	(396, 21)
link	Thunderbird Release	Thunderbird Release			(1584, 877)	(134, 18)
push-button	You are currently online.	""			(119, 962)	(20, 23)
label	Done	Done			(149, 965)	(1766, 17)
menu	System	""			(1814, 0)	(106, 27)
push-button	Chromium Web Browser	""			(0, 33)	(70, 64)
push-button	Thunderbird Mail	""			(0, 101)	(70, 64)
push-button	Visual Studio Code	""			(0, 169)	(70, 64)
push-button	VLC media player	""			(0, 237)	(70, 64)
push-button	LibreOffice Writer	""			(0, 305)	(70, 64)
push-button	LibreOffice Calc	""			(0, 373)	(70, 64)
push-button	LibreOffice Impress	""			(0, 441)	(70, 64)
push-button	GNU Image Manipulation Program	""			(0, 509)	(70, 64)
push-button	Files	""			(0, 577)	(70, 64)
push-button	Ubuntu Software	""			(0, 645)	(70, 64)
push-button	Help	""			(0, 713)	(70, 64)
push-button	Trash	""			(0, 784)	(70, 64)
toggle-button	Show Applications	""			(0, 915)	(70, 70)
Generating content with GPT model: o4-mini
RESPONSE: Reflection: I accidentally opened the Applications overview. To get back into Thunderbird, I need to click its icon in the dock.  

```python
import pyautogui, time

# Click the Thunderbird Mail icon to return to the mail view
pyautogui.click(35, 133)
time.sleep(0.5)
```
LINEAR AT: tag	name	text	class	description	position (top-left x&y)	size (w&h)
label	Home	Home			(1833, 939)	(40, 17)
push-button	Mail (Ctrl+1)	""			(77, 34)	(30, 30)
push-button	Address Book (Ctrl+2)	""			(77, 79)	(30, 30)
push-button	Calendar (Ctrl+3)	""			(77, 124)	(30, 30)
push-button	Tasks (Ctrl+4)	""			(77, 169)	(30, 30)
push-button	Chat (Ctrl+5)	""			(77, 214)	(30, 30)
push-button	Settings	""			(77, 903)	(30, 30)
push-button	Hide Spaces Toolbar	""			(77, 948)	(30, 30)
entry	Search:	""			(508, 34)	(901, 30)
push-button	Search	""			(1383, 34)	(26, 30)
push-button	AppMenu	""			(1779, 34)	(35, 30)
push-button	Minimize	""			(1818, 35)	(31, 28)
push-button	Restore Down	""			(1849, 35)	(34, 28)
push-button	Close	""			(1883, 35)	(31, 28)
push-button	Folder pane options	""			(340, 81)	(30, 30)
toggle-button	Quick Filter	Quick Filter			(960, 75)	(125, 31)
push-button	Message list display options	""			(1091, 75)	(30, 30)
document-web	Welcome to Freedom – Thunderbird	""			(1128, 72)	(792, 889)
link	ESR Channel	ESR Channel			(1144, 104)	(73, 19)
link	Donate	Donate 			(1799, 92)	(105, 42)
heading	Welcome to Freedom	Welcome to Freedom			(1315, 240)	(418, 40)
paragraph		Thunderbird is a gift from thousands of people like you. We hope you'll enjoy the productivity, privacy, and freedom they make possible and we invite you to become part of that gift to others.			(1204, 296)	(640, 86)
link	Participate	Participate			(1304, 430)	(151, 47)
link	Donate	Donate			(1471, 430)	(123, 47)
link	Get Help	Get Help			(1610, 430)	(134, 47)
heading	Free and Open Source	Free and Open Source			(1177, 598)	(315, 26)
paragraph		Thunderbird is now yours forever.			(1177, 628)	(315, 31)
paragraph		Thunderbird is developed openly and distributed freely. Our software license protects your right to use, modify, and share Thunderbird. Our mission is to protect your privacy and freedom.			(1177, 675)	(315, 128)
heading	Powered by Community	Powered by Community			(1556, 598)	(315, 26)
paragraph		You can become part of our story.			(1556, 628)	(315, 31)
paragraph		Anyone can contribute to Thunderbird. By donating, translating, answering questions, suggesting features, reporting bugs, and more, you make Thunderbird better for yourself and the world.			(1556, 675)	(315, 128)
section		Want new features sooner? Learn about . 			(1326, 876)	(396, 21)
link	Thunderbird Release	Thunderbird Release			(1584, 877)	(134, 18)
push-button	You are currently online.	""			(119, 962)	(20, 23)
label	Done	Done			(149, 965)	(1766, 17)
menu	Thunderbird Mail	""			(99, 0)	(173, 27)
menu	System	""			(1814, 0)	(106, 27)
push-button	Chromium Web Browser	""			(0, 33)	(70, 64)
push-button	Thunderbird Mail	""			(0, 101)	(70, 64)
push-button	Visual Studio Code	""			(0, 169)	(70, 64)
push-button	VLC media player	""			(0, 237)	(70, 64)
push-button	LibreOffice Writer	""			(0, 305)	(70, 64)
push-button	LibreOffice Calc	""			(0, 373)	(70, 64)
push-button	LibreOffice Impress	""			(0, 441)	(70, 64)
push-button	GNU Image Manipulation Program	""			(0, 509)	(70, 64)
push-button	Files	""			(0, 577)	(70, 64)
push-button	Ubuntu Software	""			(0, 645)	(70, 64)
push-button	Help	""			(0, 713)	(70, 64)
push-button	Trash	""			(0, 784)	(70, 64)
toggle-button	Show Applications	""			(0, 915)	(70, 70)
Generating content with GPT model: o4-mini
RESPONSE: Reflection: To reveal the Local Folders tree, I need to open the Folder Pane options menu.

```python
import pyautogui, time

# Open the folder pane options menu
pyautogui.click(340, 81)
time.sleep(0.5)
```
LINEAR AT: tag	name	text	class	description	position (top-left x&y)	size (w&h)
label	Home	Home			(1833, 939)	(40, 17)
push-button	Mail (Ctrl+1)	""			(77, 34)	(30, 30)
push-button	Address Book (Ctrl+2)	""			(77, 79)	(30, 30)
push-button	Calendar (Ctrl+3)	""			(77, 124)	(30, 30)
push-button	Tasks (Ctrl+4)	""			(77, 169)	(30, 30)
push-button	Chat (Ctrl+5)	""			(77, 214)	(30, 30)
push-button	Settings	""			(77, 903)	(30, 30)
push-button	Hide Spaces Toolbar	""			(77, 948)	(30, 30)
entry	Search:	""			(508, 34)	(901, 30)
push-button	Search	""			(1383, 34)	(26, 30)
push-button	AppMenu	""			(1779, 34)	(35, 30)
push-button	Minimize	""			(1818, 35)	(31, 28)
push-button	Restore Down	""			(1849, 35)	(34, 28)
push-button	Close	""			(1883, 35)	(31, 28)
push-button	Folder pane options	""			(340, 81)	(30, 30)
toggle-button	Quick Filter	Quick Filter			(960, 75)	(125, 31)
push-button	Message list display options	""			(1091, 75)	(30, 30)
document-web	Welcome to Freedom – Thunderbird	""			(1128, 72)	(792, 889)
link	ESR Channel	ESR Channel			(1144, 104)	(73, 19)
link	Donate	Donate 			(1799, 92)	(105, 42)
heading	Welcome to Freedom	Welcome to Freedom			(1315, 240)	(418, 40)
paragraph		Thunderbird is a gift from thousands of people like you. We hope you'll enjoy the productivity, privacy, and freedom they make possible and we invite you to become part of that gift to others.			(1204, 296)	(640, 86)
link	Participate	Participate			(1304, 430)	(151, 47)
link	Donate	Donate			(1471, 430)	(123, 47)
link	Get Help	Get Help			(1610, 430)	(134, 47)
heading	Free and Open Source	Free and Open Source			(1177, 598)	(315, 26)
paragraph		Thunderbird is now yours forever.			(1177, 628)	(315, 31)
paragraph		Thunderbird is developed openly and distributed freely. Our software license protects your right to use, modify, and share Thunderbird. Our mission is to protect your privacy and freedom.			(1177, 675)	(315, 128)
heading	Powered by Community	Powered by Community			(1556, 598)	(315, 26)
paragraph		You can become part of our story.			(1556, 628)	(315, 31)
paragraph		Anyone can contribute to Thunderbird. By donating, translating, answering questions, suggesting features, reporting bugs, and more, you make Thunderbird better for yourself and the world.			(1556, 675)	(315, 128)
section		Want new features sooner? Learn about . 			(1326, 876)	(396, 21)
link	Thunderbird Release	Thunderbird Release			(1584, 877)	(134, 18)
push-button	You are currently online.	""			(119, 962)	(20, 23)
label	Done	Done			(149, 965)	(1766, 17)
menu	Thunderbird Mail	""			(99, 0)	(173, 27)
menu	System	""			(1814, 0)	(106, 27)
push-button	Chromium Web Browser	""			(0, 33)	(70, 64)
push-button	Thunderbird Mail	""			(0, 101)	(70, 64)
push-button	Visual Studio Code	""			(0, 169)	(70, 64)
push-button	VLC media player	""			(0, 237)	(70, 64)
push-button	LibreOffice Writer	""			(0, 305)	(70, 64)
push-button	LibreOffice Calc	""			(0, 373)	(70, 64)
push-button	LibreOffice Impress	""			(0, 441)	(70, 64)
push-button	GNU Image Manipulation Program	""			(0, 509)	(70, 64)
push-button	Files	""			(0, 577)	(70, 64)
push-button	Ubuntu Software	""			(0, 645)	(70, 64)
push-button	Help	""			(0, 713)	(70, 64)
push-button	Trash	""			(0, 784)	(70, 64)
toggle-button	Show Applications	""			(0, 915)	(70, 70)
Generating content with GPT model: o4-mini
RESPONSE: Reflection: Opening the Folder Pane options didn’t actually expand the folder list. To reveal Local Folders I need to click the little expand arrow at the bottom of the folder pane.

```python
import pyautogui, time

# Expand the folder pane by clicking the arrow at bottom-left
pyautogui.click(68, 962)
time.sleep(0.5)
```
LINEAR AT: tag	name	text	class	description	position (top-left x&y)	size (w&h)
label	Home	Home			(1833, 939)	(40, 17)
push-button	Mail (Ctrl+1)	""			(77, 34)	(30, 30)
push-button	Address Book (Ctrl+2)	""			(77, 79)	(30, 30)
push-button	Calendar (Ctrl+3)	""			(77, 124)	(30, 30)
push-button	Tasks (Ctrl+4)	""			(77, 169)	(30, 30)
push-button	Chat (Ctrl+5)	""			(77, 214)	(30, 30)
push-button	Settings	""			(77, 903)	(30, 30)
push-button	Hide Spaces Toolbar	""			(77, 948)	(30, 30)
entry	Search:	""			(508, 34)	(901, 30)
push-button	Search	""			(1383, 34)	(26, 30)
push-button	AppMenu	""			(1779, 34)	(35, 30)
push-button	Minimize	""			(1818, 35)	(31, 28)
push-button	Restore Down	""			(1849, 35)	(34, 28)
push-button	Close	""			(1883, 35)	(31, 28)
push-button	Folder pane options	""			(340, 81)	(30, 30)
toggle-button	Quick Filter	Quick Filter			(960, 75)	(125, 31)
push-button	Message list display options	""			(1091, 75)	(30, 30)
document-web	Welcome to Freedom – Thunderbird	""			(1128, 72)	(792, 889)
link	ESR Channel	ESR Channel			(1144, 104)	(73, 19)
link	Donate	Donate 			(1799, 92)	(105, 42)
heading	Welcome to Freedom	Welcome to Freedom			(1315, 240)	(418, 40)
paragraph		Thunderbird is a gift from thousands of people like you. We hope you'll enjoy the productivity, privacy, and freedom they make possible and we invite you to become part of that gift to others.			(1204, 296)	(640, 86)
link	Participate	Participate			(1304, 430)	(151, 47)
link	Donate	Donate			(1471, 430)	(123, 47)
link	Get Help	Get Help			(1610, 430)	(134, 47)
heading	Free and Open Source	Free and Open Source			(1177, 598)	(315, 26)
paragraph		Thunderbird is now yours forever.			(1177, 628)	(315, 31)
paragraph		Thunderbird is developed openly and distributed freely. Our software license protects your right to use, modify, and share Thunderbird. Our mission is to protect your privacy and freedom.			(1177, 675)	(315, 128)
heading	Powered by Community	Powered by Community			(1556, 598)	(315, 26)
paragraph		You can become part of our story.			(1556, 628)	(315, 31)
paragraph		Anyone can contribute to Thunderbird. By donating, translating, answering questions, suggesting features, reporting bugs, and more, you make Thunderbird better for yourself and the world.			(1556, 675)	(315, 128)
section		Want new features sooner? Learn about . 			(1326, 876)	(396, 21)
link	Thunderbird Release	Thunderbird Release			(1584, 877)	(134, 18)
push-button	You are currently online.	""			(119, 962)	(20, 23)
label	Done	Done			(149, 965)	(1766, 17)
menu	System	""			(1814, 0)	(106, 27)
push-button	Chromium Web Browser	""			(0, 33)	(70, 64)
push-button	Thunderbird Mail	""			(0, 101)	(70, 64)
push-button	Visual Studio Code	""			(0, 169)	(70, 64)
push-button	VLC media player	""			(0, 237)	(70, 64)
push-button	LibreOffice Writer	""			(0, 305)	(70, 64)
push-button	LibreOffice Calc	""			(0, 373)	(70, 64)
push-button	LibreOffice Impress	""			(0, 441)	(70, 64)
push-button	GNU Image Manipulation Program	""			(0, 509)	(70, 64)
push-button	Files	""			(0, 577)	(70, 64)
push-button	Ubuntu Software	""			(0, 645)	(70, 64)
push-button	Help	""			(0, 713)	(70, 64)
push-button	Trash	""			(0, 784)	(70, 64)
toggle-button	Show Applications	""			(0, 915)	(70, 70)
Generating content with GPT model: o4-mini
RESPONSE: Reflection: The Activities overview is open again, but I need to return to Thunderbird Mail to continue. I’ll click the Thunderbird icon in the dock at (35,133).

```python
import pyautogui, time

# Click the Thunderbird Mail icon to bring it back into focus
pyautogui.click(35, 133)
time.sleep(0.5)
```
LINEAR AT: tag	name	text	class	description	position (top-left x&y)	size (w&h)
label	Home	Home			(1833, 939)	(40, 17)
push-button	Mail (Ctrl+1)	""			(77, 34)	(30, 30)
push-button	Address Book (Ctrl+2)	""			(77, 79)	(30, 30)
push-button	Calendar (Ctrl+3)	""			(77, 124)	(30, 30)
push-button	Tasks (Ctrl+4)	""			(77, 169)	(30, 30)
push-button	Chat (Ctrl+5)	""			(77, 214)	(30, 30)
push-button	Settings	""			(77, 903)	(30, 30)
push-button	Hide Spaces Toolbar	""			(77, 948)	(30, 30)
entry	Search:	""			(508, 34)	(901, 30)
push-button	Search	""			(1383, 34)	(26, 30)
push-button	AppMenu	""			(1779, 34)	(35, 30)
push-button	Minimize	""			(1818, 35)	(31, 28)
push-button	Restore Down	""			(1849, 35)	(34, 28)
push-button	Close	""			(1883, 35)	(31, 28)
push-button	Folder pane options	""			(340, 81)	(30, 30)
toggle-button	Quick Filter	Quick Filter			(960, 75)	(125, 31)
push-button	Message list display options	""			(1091, 75)	(30, 30)
document-web	Welcome to Freedom – Thunderbird	""			(1128, 72)	(792, 889)
link	ESR Channel	ESR Channel			(1144, 104)	(73, 19)
link	Donate	Donate 			(1799, 92)	(105, 42)
heading	Welcome to Freedom	Welcome to Freedom			(1315, 240)	(418, 40)
paragraph		Thunderbird is a gift from thousands of people like you. We hope you'll enjoy the productivity, privacy, and freedom they make possible and we invite you to become part of that gift to others.			(1204, 296)	(640, 86)
link	Participate	Participate			(1304, 430)	(151, 47)
link	Donate	Donate			(1471, 430)	(123, 47)
link	Get Help	Get Help			(1610, 430)	(134, 47)
heading	Free and Open Source	Free and Open Source			(1177, 598)	(315, 26)
paragraph		Thunderbird is now yours forever.			(1177, 628)	(315, 31)
paragraph		Thunderbird is developed openly and distributed freely. Our software license protects your right to use, modify, and share Thunderbird. Our mission is to protect your privacy and freedom.			(1177, 675)	(315, 128)
heading	Powered by Community	Powered by Community			(1556, 598)	(315, 26)
paragraph		You can become part of our story.			(1556, 628)	(315, 31)
paragraph		Anyone can contribute to Thunderbird. By donating, translating, answering questions, suggesting features, reporting bugs, and more, you make Thunderbird better for yourself and the world.			(1556, 675)	(315, 128)
section		Want new features sooner? Learn about . 			(1326, 876)	(396, 21)
link	Thunderbird Release	Thunderbird Release			(1584, 877)	(134, 18)
push-button	You are currently online.	""			(119, 962)	(20, 23)
label	Done	Done			(149, 965)	(1766, 17)
menu	Thunderbird Mail	""			(99, 0)	(173, 27)
menu	System	""			(1814, 0)	(106, 27)
push-button	Chromium Web Browser	""			(0, 33)	(70, 64)
push-button	Thunderbird Mail	""			(0, 101)	(70, 64)
push-button	Visual Studio Code	""			(0, 169)	(70, 64)
push-button	VLC media player	""			(0, 237)	(70, 64)
push-button	LibreOffice Writer	""			(0, 305)	(70, 64)
push-button	LibreOffice Calc	""			(0, 373)	(70, 64)
push-button	LibreOffice Impress	""			(0, 441)	(70, 64)
push-button	GNU Image Manipulation Program	""			(0, 509)	(70, 64)
push-button	Files	""			(0, 577)	(70, 64)
push-button	Ubuntu Software	""			(0, 645)	(70, 64)
push-button	Help	""			(0, 713)	(70, 64)
push-button	Trash	""			(0, 784)	(70, 64)
toggle-button	Show Applications	""			(0, 915)	(70, 70)
Generating content with GPT model: o4-mini
RESPONSE: Reflection: The folder pane is still hidden. First I’ll switch to the Mail view to ensure folders are available, by clicking the Mail button in the toolbar.

```python
import pyautogui, time

# Switch to Mail view
pyautogui.click(77, 34)
time.sleep(0.5)
```
