LINEAR AT: tag	name	text	class	description	position (top-left x&y)	size (w&h)
label	Home	Home			(1833, 939)	(40, 17)
label	04 CHIN9505 EBook Purchasing info 2021 Jan.​docx	04 CHIN9505 EBook Purchasing info 2021 Jan.​docx			(1793, 819)	(120, 34)
menu	LibreOffice Writer	""			(99, 0)	(180, 27)
menu	System	""			(1814, 0)	(106, 27)
label	Please download waiting software updates.	""			(810, 73)	(291, 17)
push-button	Chromium Web Browser	""			(0, 33)	(70, 64)
push-button	Thunderbird Mail	""			(0, 101)	(70, 64)
push-button	Visual Studio Code	""			(0, 169)	(70, 64)
push-button	VLC media player	""			(0, 237)	(70, 64)
push-button	LibreOffice Writer	""			(0, 305)	(70, 64)
push-button	LibreOffice Calc	""			(0, 373)	(70, 64)
push-button	LibreOffice Impress	""			(0, 441)	(70, 64)
push-button	GNU Image Manipulation Program	""			(0, 509)	(70, 64)
push-button	Files	""			(0, 577)	(70, 64)
push-button	Ubuntu Software	""			(0, 645)	(70, 64)
push-button	Help	""			(0, 713)	(70, 64)
push-button	Trash	""			(0, 784)	(70, 64)
toggle-button	Show Applications	""			(0, 915)	(70, 70)
menu	File	""			(70, 64)	(40, 25)
menu	Edit	""			(110, 64)	(43, 25)
menu	View	""			(153, 64)	(49, 25)
menu	Insert	""			(202, 64)	(55, 25)
menu	Format	""			(257, 64)	(66, 25)
menu	Styles	""			(323, 64)	(56, 25)
menu	Table	""			(379, 64)	(53, 25)
menu	Form	""			(432, 64)	(52, 25)
menu	Tools	""			(484, 64)	(52, 25)
menu	Window	""			(536, 64)	(70, 25)
menu	Help	""			(606, 64)	(47, 25)
menu	File	File			(70, 64)	(40, 21)
menu	Edit	Edit			(110, 64)	(43, 21)
menu	View	View			(153, 64)	(50, 21)
menu	Insert	Insert			(203, 64)	(56, 21)
menu	Format	Format			(259, 64)	(66, 21)
menu	Styles	Styles			(325, 64)	(56, 21)
menu	Table	Table			(381, 64)	(53, 21)
menu	Form	Form			(434, 64)	(52, 21)
menu	Tools	Tools			(486, 64)	(53, 21)
menu	Window	Window			(539, 64)	(73, 21)
menu	Help	Help			(612, 64)	(48, 21)
document-text	04 CHIN9505 EBook Purchasing info 2021 Jan - LibreOffice Document	""			(70, 246)	(1792, 693)
paragraph		Please find the E-book purchase option for your reference:  			(260, 445)	(1412, 33)
paragraph		How to use BLCUP eBook for PC 			(260, 478)	(1412, 64)
paragraph		Make payment for this eBook online. 			(260, 542)	(1412, 65)
paragraph		Enter User center (Your BLCUP ID. 			(260, 607)	(1412, 64)
paragraph		Download and install Windows eBook Reader (flipviewer) on your PC.			(260, 671)	(1412, 65)
paragraph		Enter User center (Your BLCUP ID.			(260, 736)	(1412, 65)
paragraph		Download eBook and input Subscription ID online to open the OPZ file.			(260, 801)	(1412, 64)
paragraph		Support Contact: service blcup.com			(260, 865)	(1412, 65)
paragraph		This product is protected by copyright. 			(260, 930)	(1412, 9)
scroll-bar	Vertical scroll bar	""			(1862, 222)	(12, 717)
toggle-button	Menu	""			(1874, 171)	(36, 34)
text		Help us make LibreOffice even better!			(111, 178)	(1611, 26)
push-button	Get involved	""			(1728, 170)	(117, 34)
text		Your donations support our worldwide community.			(111, 218)	(1645, 26)
push-button	Donate	""			(1762, 210)	(83, 34)
push-button	New	""			(74, 66)	(44, 35)
push-button	Open	""			(118, 66)	(44, 35)
push-button	Save	""			(162, 66)	(44, 35)
push-button	Export Directly as PDF	""			(214, 66)	(33, 35)
push-button	Print	""			(247, 66)	(33, 35)
toggle-button	Print Preview	""			(280, 66)	(33, 35)
push-button	Clone	""			(439, 66)	(33, 35)
toggle-button	Find and Replace	""			(576, 66)	(33, 35)
push-button	Spelling	""			(609, 66)	(33, 35)
toggle-button	Formatting Marks	""			(642, 66)	(33, 35)
push-button	Table	""			(683, 66)	(44, 35)
push-button	Image	""			(727, 66)	(33, 35)
push-button	Chart	""			(760, 66)	(33, 35)
push-button	Text Box	""			(793, 66)	(33, 35)
push-button	Page Break	""			(834, 66)	(33, 35)
push-button	Field	""			(867, 66)	(44, 35)
push-button	Symbol	""			(911, 66)	(44, 35)
toggle-button	Hyperlink	""			(963, 66)	(33, 35)
push-button	Footnote	""			(996, 66)	(33, 35)
push-button	Endnote	""			(1029, 66)	(33, 35)
push-button	Bookmark	""			(1062, 66)	(33, 35)
push-button	Cross-reference	""			(1095, 66)	(33, 35)
push-button	Comment	""			(1136, 66)	(33, 35)
toggle-button	Track Changes Functions	""			(1169, 66)	(33, 35)
push-button	Line	""			(1210, 66)	(33, 35)
push-button	Basic Shapes	""			(1243, 66)	(44, 35)
toggle-button	Draw Functions	""			(1287, 66)	(33, 35)
text		Normal (Web)			(74, 130)	(166, 34)
push-button	Update	""			(276, 105)	(33, 35)
push-button	New	""			(309, 105)	(33, 35)
text		Calibri			(350, 130)	(185, 34)
text		12 pt			(579, 130)	(65, 34)
toggle-button	Bold	""			(688, 105)	(33, 35)
toggle-button	Italic	""			(721, 105)	(33, 35)
push-button	Underline	""			(754, 105)	(44, 35)
toggle-button	Strikethrough	""			(798, 105)	(33, 35)
toggle-button	Superscript	""			(839, 105)	(33, 35)
toggle-button	Subscript	""			(872, 105)	(33, 35)
push-button	Clear	""			(913, 105)	(33, 35)
push-button	Font Color	""			(954, 105)	(44, 35)
push-button	Character Highlighting Color	""			(998, 105)	(44, 35)
toggle-button	Left	""			(1050, 105)	(33, 35)
toggle-button	Center	""			(1083, 105)	(33, 35)
toggle-button	Right	""			(1116, 105)	(33, 35)
toggle-button	Justified	""			(1149, 105)	(33, 35)
push-button	Unordered List	""			(1190, 105)	(44, 35)
push-button	Ordered List	""			(1234, 105)	(44, 35)
push-button	No List	""			(1278, 105)	(33, 35)
push-button	Increase	""			(1319, 105)	(33, 35)
push-button	Decrease	""			(1352, 105)	(33, 35)
push-button	Line Spacing	""			(1393, 105)	(44, 35)
push-button	Increase	""			(1437, 105)	(33, 35)
push-button	Decrease	""			(1470, 105)	(33, 35)
label		Page 1 of 1			(105, 941)	(258, 18)
label		71 words, 424 characters			(369, 941)	(342, 18)
label		Default Page Style			(717, 941)	(306, 18)
label		English (USA)			(1029, 941)	(276, 18)
label		173%			(1876, 941)	(38, 18)
Generating content with GPT model: o4-mini
RESPONSE: Here’s what I’ll do next: open the Paragraph dialog so we can define left-and right-aligned tab stops. 

```python
import pyautogui, time

# 1) Click the "Format" menu
pyautogui.click(259, 64)
time.sleep(0.5)

# 2) Click the "Paragraph..." entry in the dropdown
pyautogui.click(265, 180)
time.sleep(0.5)
```
LINEAR AT: tag	name	text	class	description	position (top-left x&y)	size (w&h)
label	Home	Home			(1833, 939)	(40, 17)
label	04 CHIN9505 EBook Purchasing info 2021 Jan.​docx	04 CHIN9505 EBook Purchasing info 2021 Jan.​docx			(1793, 819)	(120, 34)
menu	LibreOffice Writer	""			(99, 0)	(180, 27)
menu	System	""			(1814, 0)	(106, 27)
label	Please download waiting software updates.	""			(810, 73)	(291, 17)
push-button	Chromium Web Browser	""			(0, 33)	(70, 64)
push-button	Thunderbird Mail	""			(0, 101)	(70, 64)
push-button	Visual Studio Code	""			(0, 169)	(70, 64)
push-button	VLC media player	""			(0, 237)	(70, 64)
push-button	LibreOffice Writer	""			(0, 305)	(70, 64)
push-button	LibreOffice Calc	""			(0, 373)	(70, 64)
push-button	LibreOffice Impress	""			(0, 441)	(70, 64)
push-button	GNU Image Manipulation Program	""			(0, 509)	(70, 64)
push-button	Files	""			(0, 577)	(70, 64)
push-button	Ubuntu Software	""			(0, 645)	(70, 64)
push-button	Help	""			(0, 713)	(70, 64)
push-button	Trash	""			(0, 784)	(70, 64)
toggle-button	Show Applications	""			(0, 915)	(70, 70)
menu	File	""			(70, 64)	(40, 25)
menu	Edit	""			(110, 64)	(43, 25)
menu	View	""			(153, 64)	(49, 25)
menu	Insert	""			(202, 64)	(55, 25)
menu	Format	""			(257, 64)	(66, 25)
menu	Styles	""			(323, 64)	(56, 25)
menu	Table	""			(379, 64)	(53, 25)
menu	Form	""			(432, 64)	(52, 25)
menu	Tools	""			(484, 64)	(52, 25)
menu	Window	""			(536, 64)	(70, 25)
menu	Help	""			(606, 64)	(47, 25)
menu	File	File			(70, 64)	(40, 21)
menu	Edit	Edit			(110, 64)	(43, 21)
menu	View	View			(153, 64)	(50, 21)
menu	Insert	Insert			(203, 64)	(56, 21)
menu	Format	Format			(259, 64)	(66, 21)
menu	Styles	Styles			(325, 64)	(56, 21)
menu	Table	Table			(381, 64)	(53, 21)
menu	Form	Form			(434, 64)	(52, 21)
menu	Tools	Tools			(486, 64)	(53, 21)
menu	Window	Window			(539, 64)	(73, 21)
menu	Help	Help			(612, 64)	(48, 21)
document-text	04 CHIN9505 EBook Purchasing info 2021 Jan - LibreOffice Document	""			(70, 246)	(1792, 693)
paragraph		Please find the E-book purchase option for your reference:  			(260, 445)	(1412, 33)
paragraph		How to use BLCUP eBook for PC 			(260, 478)	(1412, 64)
paragraph		Make payment for this eBook online. 			(260, 542)	(1412, 65)
paragraph		Enter User center (Your BLCUP ID. 			(260, 607)	(1412, 64)
paragraph		Download and install Windows eBook Reader (flipviewer) on your PC.			(260, 671)	(1412, 65)
paragraph		Enter User center (Your BLCUP ID.			(260, 736)	(1412, 65)
paragraph		Download eBook and input Subscription ID online to open the OPZ file.			(260, 801)	(1412, 64)
paragraph		Support Contact: service blcup.com			(260, 865)	(1412, 65)
paragraph		This product is protected by copyright. 			(260, 930)	(1412, 9)
scroll-bar	Vertical scroll bar	""			(1862, 222)	(12, 717)
toggle-button	Menu	""			(1874, 171)	(36, 34)
text		Help us make LibreOffice even better!			(111, 178)	(1611, 26)
push-button	Get involved	""			(1728, 170)	(117, 34)
text		Your donations support our worldwide community.			(111, 218)	(1645, 26)
push-button	Donate	""			(1762, 210)	(83, 34)
push-button	New	""			(74, 66)	(44, 35)
push-button	Open	""			(118, 66)	(44, 35)
push-button	Save	""			(162, 66)	(44, 35)
push-button	Export Directly as PDF	""			(214, 66)	(33, 35)
push-button	Print	""			(247, 66)	(33, 35)
toggle-button	Print Preview	""			(280, 66)	(33, 35)
push-button	Clone	""			(439, 66)	(33, 35)
toggle-button	Find and Replace	""			(576, 66)	(33, 35)
push-button	Spelling	""			(609, 66)	(33, 35)
toggle-button	Formatting Marks	""			(642, 66)	(33, 35)
push-button	Table	""			(683, 66)	(44, 35)
push-button	Image	""			(727, 66)	(33, 35)
push-button	Chart	""			(760, 66)	(33, 35)
push-button	Text Box	""			(793, 66)	(33, 35)
push-button	Page Break	""			(834, 66)	(33, 35)
push-button	Field	""			(867, 66)	(44, 35)
push-button	Symbol	""			(911, 66)	(44, 35)
toggle-button	Hyperlink	""			(963, 66)	(33, 35)
push-button	Footnote	""			(996, 66)	(33, 35)
push-button	Endnote	""			(1029, 66)	(33, 35)
push-button	Bookmark	""			(1062, 66)	(33, 35)
push-button	Cross-reference	""			(1095, 66)	(33, 35)
push-button	Comment	""			(1136, 66)	(33, 35)
toggle-button	Track Changes Functions	""			(1169, 66)	(33, 35)
push-button	Line	""			(1210, 66)	(33, 35)
push-button	Basic Shapes	""			(1243, 66)	(44, 35)
toggle-button	Draw Functions	""			(1287, 66)	(33, 35)
text		Normal (Web)			(74, 130)	(166, 34)
push-button	Update	""			(276, 105)	(33, 35)
push-button	New	""			(309, 105)	(33, 35)
text		Calibri			(350, 130)	(185, 34)
text		12 pt			(579, 130)	(65, 34)
toggle-button	Bold	""			(688, 105)	(33, 35)
toggle-button	Italic	""			(721, 105)	(33, 35)
push-button	Underline	""			(754, 105)	(44, 35)
toggle-button	Strikethrough	""			(798, 105)	(33, 35)
toggle-button	Superscript	""			(839, 105)	(33, 35)
toggle-button	Subscript	""			(872, 105)	(33, 35)
push-button	Clear	""			(913, 105)	(33, 35)
push-button	Font Color	""			(954, 105)	(44, 35)
push-button	Character Highlighting Color	""			(998, 105)	(44, 35)
toggle-button	Left	""			(1050, 105)	(33, 35)
toggle-button	Center	""			(1083, 105)	(33, 35)
toggle-button	Right	""			(1116, 105)	(33, 35)
toggle-button	Justified	""			(1149, 105)	(33, 35)
push-button	Unordered List	""			(1190, 105)	(44, 35)
push-button	Ordered List	""			(1234, 105)	(44, 35)
push-button	No List	""			(1278, 105)	(33, 35)
push-button	Increase	""			(1319, 105)	(33, 35)
push-button	Decrease	""			(1352, 105)	(33, 35)
push-button	Line Spacing	""			(1393, 105)	(44, 35)
push-button	Increase	""			(1437, 105)	(33, 35)
push-button	Decrease	""			(1470, 105)	(33, 35)
label		Page 1 of 1			(105, 941)	(258, 18)
label		71 words, 424 characters			(369, 941)	(342, 18)
label		Default Page Style			(717, 941)	(306, 18)
label		English (USA)			(1029, 941)	(276, 18)
label		173%			(1876, 941)	(38, 18)
Generating content with GPT model: o4-mini
RESPONSE: We first need to select the paragraphs we’re going to set tab-stops on:

```python
import pyautogui, time

# Select all text in the document
pyautogui.hotkey('ctrl', 'a')
time.sleep(0.5)
```
LINEAR AT: tag	name	text	class	description	position (top-left x&y)	size (w&h)
label	Home	Home			(1833, 939)	(40, 17)
label	04 CHIN9505 EBook Purchasing info 2021 Jan.​docx	04 CHIN9505 EBook Purchasing info 2021 Jan.​docx			(1793, 819)	(120, 34)
menu	LibreOffice Writer	""			(99, 0)	(180, 27)
menu	System	""			(1814, 0)	(106, 27)
push-button	Chromium Web Browser	""			(0, 33)	(70, 64)
push-button	Thunderbird Mail	""			(0, 101)	(70, 64)
push-button	Visual Studio Code	""			(0, 169)	(70, 64)
push-button	VLC media player	""			(0, 237)	(70, 64)
push-button	LibreOffice Writer	""			(0, 305)	(70, 64)
push-button	LibreOffice Calc	""			(0, 373)	(70, 64)
push-button	LibreOffice Impress	""			(0, 441)	(70, 64)
push-button	GNU Image Manipulation Program	""			(0, 509)	(70, 64)
push-button	Files	""			(0, 577)	(70, 64)
push-button	Ubuntu Software	""			(0, 645)	(70, 64)
push-button	Help	""			(0, 713)	(70, 64)
push-button	Trash	""			(0, 784)	(70, 64)
toggle-button	Show Applications	""			(0, 915)	(70, 70)
menu	File	""			(70, 64)	(40, 25)
menu	Edit	""			(110, 64)	(43, 25)
menu	View	""			(153, 64)	(49, 25)
menu	Insert	""			(202, 64)	(55, 25)
menu	Format	""			(257, 64)	(66, 25)
menu	Styles	""			(323, 64)	(56, 25)
menu	Table	""			(379, 64)	(53, 25)
menu	Form	""			(432, 64)	(52, 25)
menu	Tools	""			(484, 64)	(52, 25)
menu	Window	""			(536, 64)	(70, 25)
menu	Help	""			(606, 64)	(47, 25)
menu	File	File			(70, 64)	(40, 21)
menu	Edit	Edit			(110, 64)	(43, 21)
menu	View	View			(153, 64)	(50, 21)
menu	Insert	Insert			(203, 64)	(56, 21)
menu	Format	Format			(259, 64)	(66, 21)
menu	Styles	Styles			(325, 64)	(56, 21)
menu	Table	Table			(381, 64)	(53, 21)
menu	Form	Form			(434, 64)	(52, 21)
menu	Tools	Tools			(486, 64)	(53, 21)
menu	Window	Window			(539, 64)	(73, 21)
menu	Help	Help			(612, 64)	(48, 21)
document-text	04 CHIN9505 EBook Purchasing info 2021 Jan - LibreOffice Document	""			(70, 246)	(1792, 693)
paragraph		Please find the E-book purchase option for your reference:  			(260, 445)	(1412, 33)
paragraph		How to use BLCUP eBook for PC 			(260, 478)	(1412, 64)
paragraph		Make payment for this eBook online. 			(260, 542)	(1412, 65)
paragraph		Enter User center (Your BLCUP ID. 			(260, 607)	(1412, 64)
paragraph		Download and install Windows eBook Reader (flipviewer) on your PC.			(260, 671)	(1412, 65)
paragraph		Enter User center (Your BLCUP ID.			(260, 736)	(1412, 65)
paragraph		Download eBook and input Subscription ID online to open the OPZ file.			(260, 801)	(1412, 64)
paragraph		Support Contact: service blcup.com			(260, 865)	(1412, 65)
paragraph		This product is protected by copyright. 			(260, 930)	(1412, 9)
scroll-bar	Vertical scroll bar	""			(1862, 222)	(12, 717)
toggle-button	Menu	""			(1874, 171)	(36, 34)
text		Help us make LibreOffice even better!			(111, 178)	(1611, 26)
push-button	Get involved	""			(1728, 170)	(117, 34)
text		Your donations support our worldwide community.			(111, 218)	(1645, 26)
push-button	Donate	""			(1762, 210)	(83, 34)
push-button	New	""			(74, 66)	(44, 35)
push-button	Open	""			(118, 66)	(44, 35)
push-button	Save	""			(162, 66)	(44, 35)
push-button	Export Directly as PDF	""			(214, 66)	(33, 35)
push-button	Print	""			(247, 66)	(33, 35)
toggle-button	Print Preview	""			(280, 66)	(33, 35)
push-button	Cut	""			(321, 66)	(33, 35)
push-button	Copy	""			(354, 66)	(33, 35)
push-button	Clone	""			(439, 66)	(33, 35)
toggle-button	Find and Replace	""			(576, 66)	(33, 35)
push-button	Spelling	""			(609, 66)	(33, 35)
toggle-button	Formatting Marks	""			(642, 66)	(33, 35)
push-button	Table	""			(683, 66)	(44, 35)
push-button	Image	""			(727, 66)	(33, 35)
push-button	Chart	""			(760, 66)	(33, 35)
push-button	Text Box	""			(793, 66)	(33, 35)
push-button	Page Break	""			(834, 66)	(33, 35)
push-button	Field	""			(867, 66)	(44, 35)
push-button	Symbol	""			(911, 66)	(44, 35)
toggle-button	Hyperlink	""			(963, 66)	(33, 35)
push-button	Footnote	""			(996, 66)	(33, 35)
push-button	Endnote	""			(1029, 66)	(33, 35)
push-button	Bookmark	""			(1062, 66)	(33, 35)
push-button	Cross-reference	""			(1095, 66)	(33, 35)
push-button	Comment	""			(1136, 66)	(33, 35)
toggle-button	Track Changes Functions	""			(1169, 66)	(33, 35)
push-button	Line	""			(1210, 66)	(33, 35)
push-button	Basic Shapes	""			(1243, 66)	(44, 35)
toggle-button	Draw Functions	""			(1287, 66)	(33, 35)
text		Normal (Web)			(74, 130)	(166, 34)
push-button	Update	""			(276, 105)	(33, 35)
push-button	New	""			(309, 105)	(33, 35)
text		12 pt			(579, 130)	(65, 34)
toggle-button	Bold	""			(688, 105)	(33, 35)
toggle-button	Italic	""			(721, 105)	(33, 35)
push-button	Underline	""			(754, 105)	(44, 35)
toggle-button	Strikethrough	""			(798, 105)	(33, 35)
toggle-button	Superscript	""			(839, 105)	(33, 35)
toggle-button	Subscript	""			(872, 105)	(33, 35)
push-button	Clear	""			(913, 105)	(33, 35)
push-button	Font Color	""			(954, 105)	(44, 35)
push-button	Character Highlighting Color	""			(998, 105)	(44, 35)
toggle-button	Left	""			(1050, 105)	(33, 35)
toggle-button	Center	""			(1083, 105)	(33, 35)
toggle-button	Right	""			(1116, 105)	(33, 35)
toggle-button	Justified	""			(1149, 105)	(33, 35)
push-button	Unordered List	""			(1190, 105)	(44, 35)
push-button	Ordered List	""			(1234, 105)	(44, 35)
push-button	No List	""			(1278, 105)	(33, 35)
push-button	Increase	""			(1319, 105)	(33, 35)
push-button	Decrease	""			(1352, 105)	(33, 35)
push-button	Line Spacing	""			(1393, 105)	(44, 35)
label		Page 1 of 1			(105, 941)	(248, 18)
label		Selected: 71 words, 424 characters			(359, 941)	(385, 18)
label		Default Page Style			(750, 941)	(295, 18)
label		English (USA)			(1051, 941)	(265, 18)
label		173%			(1876, 941)	(38, 18)
Generating content with GPT model: o4-mini
RESPONSE: I’ll open the Paragraph settings dialog so we can set up left and right tab stops:

```python
import pyautogui, time

# Open the Format menu (Alt+O), then choose Paragraph (P)
pyautogui.hotkey('alt', 'o')
time.sleep(0.5)
pyautogui.press('p')
time.sleep(0.5)
```
LINEAR AT: tag	name	text	class	description	position (top-left x&y)	size (w&h)
label	Home	Home			(1833, 939)	(40, 17)
label	04 CHIN9505 EBook Purchasing info 2021 Jan.​docx	04 CHIN9505 EBook Purchasing info 2021 Jan.​docx			(1793, 819)	(120, 34)
menu	LibreOffice Writer	""			(99, 0)	(180, 27)
menu	System	""			(1814, 0)	(106, 27)
push-button	Chromium Web Browser	""			(0, 33)	(70, 64)
push-button	Thunderbird Mail	""			(0, 101)	(70, 64)
push-button	Visual Studio Code	""			(0, 169)	(70, 64)
push-button	VLC media player	""			(0, 237)	(70, 64)
push-button	LibreOffice Writer	""			(0, 305)	(70, 64)
push-button	LibreOffice Calc	""			(0, 373)	(70, 64)
push-button	LibreOffice Impress	""			(0, 441)	(70, 64)
push-button	GNU Image Manipulation Program	""			(0, 509)	(70, 64)
push-button	Files	""			(0, 577)	(70, 64)
push-button	Ubuntu Software	""			(0, 645)	(70, 64)
push-button	Help	""			(0, 713)	(70, 64)
push-button	Trash	""			(0, 784)	(70, 64)
toggle-button	Show Applications	""			(0, 915)	(70, 70)
menu	File	""			(70, 64)	(40, 25)
menu	Edit	""			(110, 64)	(43, 25)
menu	View	""			(153, 64)	(49, 25)
menu	Insert	""			(202, 64)	(55, 25)
menu	Format	""			(257, 64)	(66, 25)
menu	Styles	""			(323, 64)	(56, 25)
menu	Table	""			(379, 64)	(53, 25)
menu	Form	""			(432, 64)	(52, 25)
menu	Tools	""			(484, 64)	(52, 25)
menu	Window	""			(536, 64)	(70, 25)
menu	Help	""			(606, 64)	(47, 25)
menu	File	File			(70, 64)	(40, 21)
menu	Edit	Edit			(110, 64)	(43, 21)
menu	View	View			(153, 64)	(50, 21)
menu	Insert	Insert			(203, 64)	(56, 21)
menu	Format	Format			(259, 64)	(66, 21)
menu	Styles	Styles			(325, 64)	(56, 21)
menu	Table	Table			(381, 64)	(53, 21)
menu	Form	Form			(434, 64)	(52, 21)
menu	Tools	Tools			(486, 64)	(53, 21)
menu	Window	Window			(539, 64)	(73, 21)
menu	Help	Help			(612, 64)	(48, 21)
document-text	04 CHIN9505 EBook Purchasing info 2021 Jan - LibreOffice Document	""			(70, 246)	(1792, 693)
paragraph		Please find the E-book purchase option for your reference:  			(260, 445)	(1412, 33)
paragraph		How to use BLCUP eBook for PC 			(260, 478)	(1412, 64)
paragraph		Make payment for this eBook online. 			(260, 542)	(1412, 65)
paragraph		Enter User center (Your BLCUP ID. 			(260, 607)	(1412, 64)
paragraph		Download and install Windows eBook Reader (flipviewer) on your PC.			(260, 671)	(1412, 65)
paragraph		Enter User center (Your BLCUP ID.			(260, 736)	(1412, 65)
paragraph		Download eBook and input Subscription ID online to open the OPZ file.			(260, 801)	(1412, 64)
paragraph		Support Contact: service blcup.com			(260, 865)	(1412, 65)
paragraph		This product is protected by copyright. 			(260, 930)	(1412, 9)
scroll-bar	Vertical scroll bar	""			(1862, 222)	(12, 717)
toggle-button	Menu	""			(1874, 171)	(36, 34)
text		Help us make LibreOffice even better!			(111, 178)	(1611, 26)
push-button	Get involved	""			(1728, 170)	(117, 34)
text		Your donations support our worldwide community.			(111, 218)	(1645, 26)
push-button	Donate	""			(1762, 210)	(83, 34)
push-button	New	""			(74, 66)	(44, 35)
push-button	Open	""			(118, 66)	(44, 35)
push-button	Save	""			(162, 66)	(44, 35)
push-button	Export Directly as PDF	""			(214, 66)	(33, 35)
push-button	Print	""			(247, 66)	(33, 35)
toggle-button	Print Preview	""			(280, 66)	(33, 35)
push-button	Cut	""			(321, 66)	(33, 35)
push-button	Copy	""			(354, 66)	(33, 35)
push-button	Clone	""			(439, 66)	(33, 35)
toggle-button	Find and Replace	""			(576, 66)	(33, 35)
push-button	Spelling	""			(609, 66)	(33, 35)
toggle-button	Formatting Marks	""			(642, 66)	(33, 35)
push-button	Table	""			(683, 66)	(44, 35)
push-button	Image	""			(727, 66)	(33, 35)
push-button	Chart	""			(760, 66)	(33, 35)
push-button	Text Box	""			(793, 66)	(33, 35)
push-button	Page Break	""			(834, 66)	(33, 35)
push-button	Field	""			(867, 66)	(44, 35)
push-button	Symbol	""			(911, 66)	(44, 35)
toggle-button	Hyperlink	""			(963, 66)	(33, 35)
push-button	Footnote	""			(996, 66)	(33, 35)
push-button	Endnote	""			(1029, 66)	(33, 35)
push-button	Bookmark	""			(1062, 66)	(33, 35)
push-button	Cross-reference	""			(1095, 66)	(33, 35)
push-button	Comment	""			(1136, 66)	(33, 35)
toggle-button	Track Changes Functions	""			(1169, 66)	(33, 35)
push-button	Line	""			(1210, 66)	(33, 35)
push-button	Basic Shapes	""			(1243, 66)	(44, 35)
toggle-button	Draw Functions	""			(1287, 66)	(33, 35)
text		Normal (Web)			(74, 130)	(166, 34)
push-button	Update	""			(276, 105)	(33, 35)
push-button	New	""			(309, 105)	(33, 35)
text		12 pt			(579, 130)	(65, 34)
toggle-button	Bold	""			(688, 105)	(33, 35)
toggle-button	Italic	""			(721, 105)	(33, 35)
push-button	Underline	""			(754, 105)	(44, 35)
toggle-button	Strikethrough	""			(798, 105)	(33, 35)
toggle-button	Superscript	""			(839, 105)	(33, 35)
toggle-button	Subscript	""			(872, 105)	(33, 35)
push-button	Clear	""			(913, 105)	(33, 35)
push-button	Font Color	""			(954, 105)	(44, 35)
push-button	Character Highlighting Color	""			(998, 105)	(44, 35)
toggle-button	Left	""			(1050, 105)	(33, 35)
toggle-button	Center	""			(1083, 105)	(33, 35)
toggle-button	Right	""			(1116, 105)	(33, 35)
toggle-button	Justified	""			(1149, 105)	(33, 35)
push-button	Unordered List	""			(1190, 105)	(44, 35)
push-button	Ordered List	""			(1234, 105)	(44, 35)
push-button	No List	""			(1278, 105)	(33, 35)
push-button	Increase	""			(1319, 105)	(33, 35)
push-button	Decrease	""			(1352, 105)	(33, 35)
push-button	Line Spacing	""			(1393, 105)	(44, 35)
label		Page 1 of 1			(105, 941)	(248, 18)
label		Selected: 71 words, 424 characters			(359, 941)	(385, 18)
label		Default Page Style			(750, 941)	(295, 18)
label		English (USA)			(1051, 941)	(265, 18)
label		173%			(1876, 941)	(38, 18)
label	Next style:	Next style:			(594, 336)	(85, 34)
label	Name:	Name:			(594, 296)	(85, 34)
label	Style	Style			(582, 273)	(38, 17)
label	11.0 inch + From top 1.0 inch, From bottom 1.0 inch + No header + No footer + No grid + Text direction left-to-right (horizontal) + TRUE + Page Description: Arabic, Portrait, All + Default Page Style + Not page line-spacing	11.0 inch + From top 1.0 inch, From bottom 1.0 inch + No header + No footer + No grid + Text direction left-to-right (horizontal) + TRUE + Page Description: Arabic, Portrait, All + Default Page Style + Not page line-spacing			(594, 485)	(815, 34)
label	Contains	Contains			(582, 462)	(61, 17)
check-box	Left border line	""			(5, 5)	(19, 123)
check-box	Right border line	""			(109, 5)	(19, 123)
check-box	Top border line	""			(5, 5)	(123, 19)
check-box	Bottom border line	""			(5, 109)	(123, 19)
push-button	Help	""			(575, 786)	(86, 34)
push-button	Reset	""			(1060, 786)	(86, 34)
push-button	Apply	""			(1150, 786)	(86, 34)
push-button	Cancel	""			(1240, 786)	(86, 34)
push-button	OK	""			(1330, 786)	(86, 34)
Generating content with GPT model: o4-mini
RESPONSE: I opened the Page Style dialog by mistake. I’ll close it and then open the correct Paragraph dialog:

```python
import pyautogui, time

# 1) Close the Page Style dialog (click “Cancel”)
pyautogui.click(1240, 786)
time.sleep(0.5)

# 2) Open the Format menu (Alt+O)
pyautogui.hotkey('alt', 'o')
time.sleep(0.5)

# 3) Choose Paragraph (P)
pyautogui.press('p')
time.sleep(0.5)
```
LINEAR AT: tag	name	text	class	description	position (top-left x&y)	size (w&h)
label	Home	Home			(1833, 939)	(40, 17)
label	04 CHIN9505 EBook Purchasing info 2021 Jan.​docx	04 CHIN9505 EBook Purchasing info 2021 Jan.​docx			(1793, 819)	(120, 34)
menu	LibreOffice Writer	""			(99, 0)	(180, 27)
menu	System	""			(1814, 0)	(106, 27)
push-button	Chromium Web Browser	""			(0, 33)	(70, 64)
push-button	Thunderbird Mail	""			(0, 101)	(70, 64)
push-button	Visual Studio Code	""			(0, 169)	(70, 64)
push-button	VLC media player	""			(0, 237)	(70, 64)
push-button	LibreOffice Writer	""			(0, 305)	(70, 64)
push-button	LibreOffice Calc	""			(0, 373)	(70, 64)
push-button	LibreOffice Impress	""			(0, 441)	(70, 64)
push-button	GNU Image Manipulation Program	""			(0, 509)	(70, 64)
push-button	Files	""			(0, 577)	(70, 64)
push-button	Ubuntu Software	""			(0, 645)	(70, 64)
push-button	Help	""			(0, 713)	(70, 64)
push-button	Trash	""			(0, 784)	(70, 64)
toggle-button	Show Applications	""			(0, 915)	(70, 70)
menu	File	""			(70, 64)	(40, 25)
menu	Edit	""			(110, 64)	(43, 25)
menu	View	""			(153, 64)	(49, 25)
menu	Insert	""			(202, 64)	(55, 25)
menu	Format	""			(257, 64)	(66, 25)
menu	Styles	""			(323, 64)	(56, 25)
menu	Table	""			(379, 64)	(53, 25)
menu	Form	""			(432, 64)	(52, 25)
menu	Tools	""			(484, 64)	(52, 25)
menu	Window	""			(536, 64)	(70, 25)
menu	Help	""			(606, 64)	(47, 25)
menu	File	File			(70, 64)	(40, 21)
menu	Edit	Edit			(110, 64)	(43, 21)
menu	View	View			(153, 64)	(50, 21)
menu	Insert	Insert			(203, 64)	(56, 21)
menu	Format	Format			(259, 64)	(66, 21)
menu	Styles	Styles			(325, 64)	(56, 21)
menu	Table	Table			(381, 64)	(53, 21)
menu	Form	Form			(434, 64)	(52, 21)
menu	Tools	Tools			(486, 64)	(53, 21)
menu	Window	Window			(539, 64)	(73, 21)
menu	Help	Help			(612, 64)	(48, 21)
document-text	04 CHIN9505 EBook Purchasing info 2021 Jan - LibreOffice Document	""			(70, 246)	(1792, 693)
paragraph		Please find the E-book purchase option for your reference:  			(260, 445)	(1412, 33)
paragraph		How to use BLCUP eBook for PC 			(260, 478)	(1412, 64)
paragraph		Make payment for this eBook online. 			(260, 542)	(1412, 65)
paragraph		Enter User center (Your BLCUP ID. 			(260, 607)	(1412, 64)
paragraph		Download and install Windows eBook Reader (flipviewer) on your PC.			(260, 671)	(1412, 65)
paragraph		Enter User center (Your BLCUP ID.			(260, 736)	(1412, 65)
paragraph		Download eBook and input Subscription ID online to open the OPZ file.			(260, 801)	(1412, 64)
paragraph		Support Contact: service blcup.com			(260, 865)	(1412, 65)
paragraph		This product is protected by copyright. 			(260, 930)	(1412, 9)
scroll-bar	Vertical scroll bar	""			(1862, 222)	(12, 717)
toggle-button	Menu	""			(1874, 171)	(36, 34)
text		Help us make LibreOffice even better!			(111, 178)	(1611, 26)
push-button	Get involved	""			(1728, 170)	(117, 34)
text		Your donations support our worldwide community.			(111, 218)	(1645, 26)
push-button	Donate	""			(1762, 210)	(83, 34)
push-button	New	""			(74, 66)	(44, 35)
push-button	Open	""			(118, 66)	(44, 35)
push-button	Save	""			(162, 66)	(44, 35)
push-button	Export Directly as PDF	""			(214, 66)	(33, 35)
push-button	Print	""			(247, 66)	(33, 35)
toggle-button	Print Preview	""			(280, 66)	(33, 35)
push-button	Cut	""			(321, 66)	(33, 35)
push-button	Copy	""			(354, 66)	(33, 35)
push-button	Clone	""			(439, 66)	(33, 35)
toggle-button	Find and Replace	""			(576, 66)	(33, 35)
push-button	Spelling	""			(609, 66)	(33, 35)
toggle-button	Formatting Marks	""			(642, 66)	(33, 35)
push-button	Table	""			(683, 66)	(44, 35)
push-button	Image	""			(727, 66)	(33, 35)
push-button	Chart	""			(760, 66)	(33, 35)
push-button	Text Box	""			(793, 66)	(33, 35)
push-button	Page Break	""			(834, 66)	(33, 35)
push-button	Field	""			(867, 66)	(44, 35)
push-button	Symbol	""			(911, 66)	(44, 35)
toggle-button	Hyperlink	""			(963, 66)	(33, 35)
push-button	Footnote	""			(996, 66)	(33, 35)
push-button	Endnote	""			(1029, 66)	(33, 35)
push-button	Bookmark	""			(1062, 66)	(33, 35)
push-button	Cross-reference	""			(1095, 66)	(33, 35)
push-button	Comment	""			(1136, 66)	(33, 35)
toggle-button	Track Changes Functions	""			(1169, 66)	(33, 35)
push-button	Line	""			(1210, 66)	(33, 35)
push-button	Basic Shapes	""			(1243, 66)	(44, 35)
toggle-button	Draw Functions	""			(1287, 66)	(33, 35)
text		Normal (Web)			(74, 130)	(166, 34)
push-button	Update	""			(276, 105)	(33, 35)
push-button	New	""			(309, 105)	(33, 35)
text		12 pt			(579, 130)	(65, 34)
toggle-button	Bold	""			(688, 105)	(33, 35)
toggle-button	Italic	""			(721, 105)	(33, 35)
push-button	Underline	""			(754, 105)	(44, 35)
toggle-button	Strikethrough	""			(798, 105)	(33, 35)
toggle-button	Superscript	""			(839, 105)	(33, 35)
toggle-button	Subscript	""			(872, 105)	(33, 35)
push-button	Clear	""			(913, 105)	(33, 35)
push-button	Font Color	""			(954, 105)	(44, 35)
push-button	Character Highlighting Color	""			(998, 105)	(44, 35)
toggle-button	Left	""			(1050, 105)	(33, 35)
toggle-button	Center	""			(1083, 105)	(33, 35)
toggle-button	Right	""			(1116, 105)	(33, 35)
toggle-button	Justified	""			(1149, 105)	(33, 35)
push-button	Unordered List	""			(1190, 105)	(44, 35)
push-button	Ordered List	""			(1234, 105)	(44, 35)
push-button	No List	""			(1278, 105)	(33, 35)
push-button	Increase	""			(1319, 105)	(33, 35)
push-button	Decrease	""			(1352, 105)	(33, 35)
push-button	Line Spacing	""			(1393, 105)	(44, 35)
label		Page 1 of 1			(105, 941)	(248, 18)
label		Selected: 71 words, 424 characters			(359, 941)	(385, 18)
label		Default Page Style			(750, 941)	(295, 18)
label		English (USA)			(1051, 941)	(265, 18)
label		173%			(1876, 941)	(38, 18)
label	Next style:	Next style:			(594, 336)	(85, 34)
label	Name:	Name:			(594, 296)	(85, 34)
label	Style	Style			(582, 273)	(38, 17)
label	11.0 inch + From top 1.0 inch, From bottom 1.0 inch + No header + No footer + No grid + Text direction left-to-right (horizontal) + TRUE + Page Description: Arabic, Portrait, All + Default Page Style + Not page line-spacing	11.0 inch + From top 1.0 inch, From bottom 1.0 inch + No header + No footer + No grid + Text direction left-to-right (horizontal) + TRUE + Page Description: Arabic, Portrait, All + Default Page Style + Not page line-spacing			(594, 485)	(815, 34)
label	Contains	Contains			(582, 462)	(61, 17)
check-box	Left border line	""			(5, 5)	(19, 123)
check-box	Right border line	""			(109, 5)	(19, 123)
check-box	Top border line	""			(5, 5)	(123, 19)
check-box	Bottom border line	""			(5, 109)	(123, 19)
push-button	Help	""			(575, 786)	(86, 34)
push-button	Reset	""			(1060, 786)	(86, 34)
push-button	Apply	""			(1150, 786)	(86, 34)
push-button	Cancel	""			(1240, 786)	(86, 34)
push-button	OK	""			(1330, 786)	(86, 34)
Generating content with GPT model: o4-mini
RESPONSE: I need to switch the little “tab‐stop” selector on the left of the ruler to a right‐aligned tab before placing it. So I’ll click the selector once to get the right-tab symbol:

```python
import pyautogui, time

# click the tab‐stop selector at the left end of the horizontal ruler to switch to RIGHT-tab
pyautogui.click(280, 235)
time.sleep(0.5)
```
LINEAR AT: tag	name	text	class	description	position (top-left x&y)	size (w&h)
label	Home	Home			(1833, 939)	(40, 17)
label	04 CHIN9505 EBook Purchasing info 2021 Jan.​docx	04 CHIN9505 EBook Purchasing info 2021 Jan.​docx			(1793, 819)	(120, 34)
menu	LibreOffice Writer	""			(99, 0)	(180, 27)
menu	System	""			(1814, 0)	(106, 27)
push-button	Chromium Web Browser	""			(0, 33)	(70, 64)
push-button	Thunderbird Mail	""			(0, 101)	(70, 64)
push-button	Visual Studio Code	""			(0, 169)	(70, 64)
push-button	VLC media player	""			(0, 237)	(70, 64)
push-button	LibreOffice Writer	""			(0, 305)	(70, 64)
push-button	LibreOffice Calc	""			(0, 373)	(70, 64)
push-button	LibreOffice Impress	""			(0, 441)	(70, 64)
push-button	GNU Image Manipulation Program	""			(0, 509)	(70, 64)
push-button	Files	""			(0, 577)	(70, 64)
push-button	Ubuntu Software	""			(0, 645)	(70, 64)
push-button	Help	""			(0, 713)	(70, 64)
push-button	Trash	""			(0, 784)	(70, 64)
toggle-button	Show Applications	""			(0, 915)	(70, 70)
menu	File	""			(70, 64)	(40, 25)
menu	Edit	""			(110, 64)	(43, 25)
menu	View	""			(153, 64)	(49, 25)
menu	Insert	""			(202, 64)	(55, 25)
menu	Format	""			(257, 64)	(66, 25)
menu	Styles	""			(323, 64)	(56, 25)
menu	Table	""			(379, 64)	(53, 25)
menu	Form	""			(432, 64)	(52, 25)
menu	Tools	""			(484, 64)	(52, 25)
menu	Window	""			(536, 64)	(70, 25)
menu	Help	""			(606, 64)	(47, 25)
menu	File	File			(70, 64)	(40, 21)
menu	Edit	Edit			(110, 64)	(43, 21)
menu	View	View			(153, 64)	(50, 21)
menu	Insert	Insert			(203, 64)	(56, 21)
menu	Format	Format			(259, 64)	(66, 21)
menu	Styles	Styles			(325, 64)	(56, 21)
menu	Table	Table			(381, 64)	(53, 21)
menu	Form	Form			(434, 64)	(52, 21)
menu	Tools	Tools			(486, 64)	(53, 21)
menu	Window	Window			(539, 64)	(73, 21)
menu	Help	Help			(612, 64)	(48, 21)
document-text	04 CHIN9505 EBook Purchasing info 2021 Jan - LibreOffice Document	""			(70, 246)	(1792, 693)
paragraph		Please find the E-book purchase option for your reference:  			(260, 445)	(1412, 33)
paragraph		How to use BLCUP eBook for PC 			(260, 478)	(1412, 64)
paragraph		Make payment for this eBook online. 			(260, 542)	(1412, 65)
paragraph		Enter User center (Your BLCUP ID. 			(260, 607)	(1412, 64)
paragraph		Download and install Windows eBook Reader (flipviewer) on your PC.			(260, 671)	(1412, 65)
paragraph		Enter User center (Your BLCUP ID.			(260, 736)	(1412, 65)
paragraph		Download eBook and input Subscription ID online to open the OPZ file.			(260, 801)	(1412, 64)
paragraph		Support Contact: service blcup.com			(260, 865)	(1412, 65)
paragraph		This product is protected by copyright. 			(260, 930)	(1412, 9)
scroll-bar	Vertical scroll bar	""			(1862, 222)	(12, 717)
toggle-button	Menu	""			(1874, 171)	(36, 34)
text		Help us make LibreOffice even better!			(111, 178)	(1611, 26)
push-button	Get involved	""			(1728, 170)	(117, 34)
text		Your donations support our worldwide community.			(111, 218)	(1645, 26)
push-button	Donate	""			(1762, 210)	(83, 34)
push-button	New	""			(74, 66)	(44, 35)
push-button	Open	""			(118, 66)	(44, 35)
push-button	Save	""			(162, 66)	(44, 35)
push-button	Export Directly as PDF	""			(214, 66)	(33, 35)
push-button	Print	""			(247, 66)	(33, 35)
toggle-button	Print Preview	""			(280, 66)	(33, 35)
push-button	Cut	""			(321, 66)	(33, 35)
push-button	Copy	""			(354, 66)	(33, 35)
push-button	Clone	""			(439, 66)	(33, 35)
toggle-button	Find and Replace	""			(576, 66)	(33, 35)
push-button	Spelling	""			(609, 66)	(33, 35)
toggle-button	Formatting Marks	""			(642, 66)	(33, 35)
push-button	Table	""			(683, 66)	(44, 35)
push-button	Image	""			(727, 66)	(33, 35)
push-button	Chart	""			(760, 66)	(33, 35)
push-button	Text Box	""			(793, 66)	(33, 35)
push-button	Page Break	""			(834, 66)	(33, 35)
push-button	Field	""			(867, 66)	(44, 35)
push-button	Symbol	""			(911, 66)	(44, 35)
toggle-button	Hyperlink	""			(963, 66)	(33, 35)
push-button	Footnote	""			(996, 66)	(33, 35)
push-button	Endnote	""			(1029, 66)	(33, 35)
push-button	Bookmark	""			(1062, 66)	(33, 35)
push-button	Cross-reference	""			(1095, 66)	(33, 35)
push-button	Comment	""			(1136, 66)	(33, 35)
toggle-button	Track Changes Functions	""			(1169, 66)	(33, 35)
push-button	Line	""			(1210, 66)	(33, 35)
push-button	Basic Shapes	""			(1243, 66)	(44, 35)
toggle-button	Draw Functions	""			(1287, 66)	(33, 35)
text		Normal (Web)			(74, 130)	(166, 34)
push-button	Update	""			(276, 105)	(33, 35)
push-button	New	""			(309, 105)	(33, 35)
text		12 pt			(579, 130)	(65, 34)
toggle-button	Bold	""			(688, 105)	(33, 35)
toggle-button	Italic	""			(721, 105)	(33, 35)
push-button	Underline	""			(754, 105)	(44, 35)
toggle-button	Strikethrough	""			(798, 105)	(33, 35)
toggle-button	Superscript	""			(839, 105)	(33, 35)
toggle-button	Subscript	""			(872, 105)	(33, 35)
push-button	Clear	""			(913, 105)	(33, 35)
push-button	Font Color	""			(954, 105)	(44, 35)
push-button	Character Highlighting Color	""			(998, 105)	(44, 35)
toggle-button	Left	""			(1050, 105)	(33, 35)
toggle-button	Center	""			(1083, 105)	(33, 35)
toggle-button	Right	""			(1116, 105)	(33, 35)
toggle-button	Justified	""			(1149, 105)	(33, 35)
push-button	Unordered List	""			(1190, 105)	(44, 35)
push-button	Ordered List	""			(1234, 105)	(44, 35)
push-button	No List	""			(1278, 105)	(33, 35)
push-button	Increase	""			(1319, 105)	(33, 35)
push-button	Decrease	""			(1352, 105)	(33, 35)
push-button	Line Spacing	""			(1393, 105)	(44, 35)
label		Page 1 of 1			(105, 941)	(248, 18)
label		Selected: 71 words, 424 characters			(359, 941)	(385, 18)
label		Default Page Style			(750, 941)	(295, 18)
label		English (USA)			(1051, 941)	(265, 18)
label		173%			(1876, 941)	(38, 18)
label	Next style:	Next style:			(594, 336)	(85, 34)
label	Name:	Name:			(594, 296)	(85, 34)
label	Style	Style			(582, 273)	(38, 17)
label	11.0 inch + From top 1.0 inch, From bottom 1.0 inch + No header + No footer + No grid + Text direction left-to-right (horizontal) + TRUE + Page Description: Arabic, Portrait, All + Default Page Style + Not page line-spacing	11.0 inch + From top 1.0 inch, From bottom 1.0 inch + No header + No footer + No grid + Text direction left-to-right (horizontal) + TRUE + Page Description: Arabic, Portrait, All + Default Page Style + Not page line-spacing			(594, 485)	(815, 34)
label	Contains	Contains			(582, 462)	(61, 17)
check-box	Left border line	""			(5, 5)	(19, 123)
check-box	Right border line	""			(109, 5)	(19, 123)
check-box	Top border line	""			(5, 5)	(123, 19)
check-box	Bottom border line	""			(5, 109)	(123, 19)
push-button	Help	""			(575, 786)	(86, 34)
push-button	Reset	""			(1060, 786)	(86, 34)
push-button	Apply	""			(1150, 786)	(86, 34)
push-button	Cancel	""			(1240, 786)	(86, 34)
push-button	OK	""			(1330, 786)	(86, 34)
Generating content with GPT model: o4-mini
RESPONSE: I need to dismiss the Page Style dialog before I can interact with the ruler. I’ll click the “Cancel” button:

```python
import pyautogui, time

# Close the Page Style dialog
pyautogui.click(1240, 786)
time.sleep(0.5)
```
LINEAR AT: tag	name	text	class	description	position (top-left x&y)	size (w&h)
label	Home	Home			(1833, 939)	(40, 17)
label	04 CHIN9505 EBook Purchasing info 2021 Jan.​docx	04 CHIN9505 EBook Purchasing info 2021 Jan.​docx			(1793, 819)	(120, 34)
menu	LibreOffice Writer	""			(99, 0)	(180, 27)
menu	System	""			(1814, 0)	(106, 27)
push-button	Chromium Web Browser	""			(0, 33)	(70, 64)
push-button	Thunderbird Mail	""			(0, 101)	(70, 64)
push-button	Visual Studio Code	""			(0, 169)	(70, 64)
push-button	VLC media player	""			(0, 237)	(70, 64)
push-button	LibreOffice Writer	""			(0, 305)	(70, 64)
push-button	LibreOffice Calc	""			(0, 373)	(70, 64)
push-button	LibreOffice Impress	""			(0, 441)	(70, 64)
push-button	GNU Image Manipulation Program	""			(0, 509)	(70, 64)
push-button	Files	""			(0, 577)	(70, 64)
push-button	Ubuntu Software	""			(0, 645)	(70, 64)
push-button	Help	""			(0, 713)	(70, 64)
push-button	Trash	""			(0, 784)	(70, 64)
toggle-button	Show Applications	""			(0, 915)	(70, 70)
menu	File	""			(70, 64)	(40, 25)
menu	Edit	""			(110, 64)	(43, 25)
menu	View	""			(153, 64)	(49, 25)
menu	Insert	""			(202, 64)	(55, 25)
menu	Format	""			(257, 64)	(66, 25)
menu	Styles	""			(323, 64)	(56, 25)
menu	Table	""			(379, 64)	(53, 25)
menu	Form	""			(432, 64)	(52, 25)
menu	Tools	""			(484, 64)	(52, 25)
menu	Window	""			(536, 64)	(70, 25)
menu	Help	""			(606, 64)	(47, 25)
menu	File	File			(70, 64)	(40, 21)
menu	Edit	Edit			(110, 64)	(43, 21)
menu	View	View			(153, 64)	(50, 21)
menu	Insert	Insert			(203, 64)	(56, 21)
menu	Format	Format			(259, 64)	(66, 21)
menu	Styles	Styles			(325, 64)	(56, 21)
menu	Table	Table			(381, 64)	(53, 21)
menu	Form	Form			(434, 64)	(52, 21)
menu	Tools	Tools			(486, 64)	(53, 21)
menu	Window	Window			(539, 64)	(73, 21)
menu	Help	Help			(612, 64)	(48, 21)
document-text	04 CHIN9505 EBook Purchasing info 2021 Jan - LibreOffice Document	""			(70, 246)	(1792, 693)
paragraph		Please find the E-book purchase option for your reference:  			(260, 445)	(1412, 33)
paragraph		How to use BLCUP eBook for PC 			(260, 478)	(1412, 64)
paragraph		Make payment for this eBook online. 			(260, 542)	(1412, 65)
paragraph		Enter User center (Your BLCUP ID. 			(260, 607)	(1412, 64)
paragraph		Download and install Windows eBook Reader (flipviewer) on your PC.			(260, 671)	(1412, 65)
paragraph		Enter User center (Your BLCUP ID.			(260, 736)	(1412, 65)
paragraph		Download eBook and input Subscription ID online to open the OPZ file.			(260, 801)	(1412, 64)
paragraph		Support Contact: service blcup.com			(260, 865)	(1412, 65)
paragraph		This product is protected by copyright. 			(260, 930)	(1412, 9)
scroll-bar	Vertical scroll bar	""			(1862, 222)	(12, 717)
toggle-button	Menu	""			(1874, 171)	(36, 34)
text		Help us make LibreOffice even better!			(111, 178)	(1611, 26)
push-button	Get involved	""			(1728, 170)	(117, 34)
text		Your donations support our worldwide community.			(111, 218)	(1645, 26)
push-button	Donate	""			(1762, 210)	(83, 34)
push-button	New	""			(74, 66)	(44, 35)
push-button	Open	""			(118, 66)	(44, 35)
push-button	Save	""			(162, 66)	(44, 35)
push-button	Export Directly as PDF	""			(214, 66)	(33, 35)
push-button	Print	""			(247, 66)	(33, 35)
toggle-button	Print Preview	""			(280, 66)	(33, 35)
push-button	Cut	""			(321, 66)	(33, 35)
push-button	Copy	""			(354, 66)	(33, 35)
push-button	Clone	""			(439, 66)	(33, 35)
toggle-button	Find and Replace	""			(576, 66)	(33, 35)
push-button	Spelling	""			(609, 66)	(33, 35)
toggle-button	Formatting Marks	""			(642, 66)	(33, 35)
push-button	Table	""			(683, 66)	(44, 35)
push-button	Image	""			(727, 66)	(33, 35)
push-button	Chart	""			(760, 66)	(33, 35)
push-button	Text Box	""			(793, 66)	(33, 35)
push-button	Page Break	""			(834, 66)	(33, 35)
push-button	Field	""			(867, 66)	(44, 35)
push-button	Symbol	""			(911, 66)	(44, 35)
toggle-button	Hyperlink	""			(963, 66)	(33, 35)
push-button	Footnote	""			(996, 66)	(33, 35)
push-button	Endnote	""			(1029, 66)	(33, 35)
push-button	Bookmark	""			(1062, 66)	(33, 35)
push-button	Cross-reference	""			(1095, 66)	(33, 35)
push-button	Comment	""			(1136, 66)	(33, 35)
toggle-button	Track Changes Functions	""			(1169, 66)	(33, 35)
push-button	Line	""			(1210, 66)	(33, 35)
push-button	Basic Shapes	""			(1243, 66)	(44, 35)
toggle-button	Draw Functions	""			(1287, 66)	(33, 35)
text		Normal (Web)			(74, 130)	(166, 34)
push-button	Update	""			(276, 105)	(33, 35)
push-button	New	""			(309, 105)	(33, 35)
text		12 pt			(579, 130)	(65, 34)
toggle-button	Bold	""			(688, 105)	(33, 35)
toggle-button	Italic	""			(721, 105)	(33, 35)
push-button	Underline	""			(754, 105)	(44, 35)
toggle-button	Strikethrough	""			(798, 105)	(33, 35)
toggle-button	Superscript	""			(839, 105)	(33, 35)
toggle-button	Subscript	""			(872, 105)	(33, 35)
push-button	Clear	""			(913, 105)	(33, 35)
push-button	Font Color	""			(954, 105)	(44, 35)
push-button	Character Highlighting Color	""			(998, 105)	(44, 35)
toggle-button	Left	""			(1050, 105)	(33, 35)
toggle-button	Center	""			(1083, 105)	(33, 35)
toggle-button	Right	""			(1116, 105)	(33, 35)
toggle-button	Justified	""			(1149, 105)	(33, 35)
push-button	Unordered List	""			(1190, 105)	(44, 35)
push-button	Ordered List	""			(1234, 105)	(44, 35)
push-button	No List	""			(1278, 105)	(33, 35)
push-button	Increase	""			(1319, 105)	(33, 35)
push-button	Decrease	""			(1352, 105)	(33, 35)
push-button	Line Spacing	""			(1393, 105)	(44, 35)
label		Page 1 of 1			(105, 941)	(248, 18)
label		Selected: 71 words, 424 characters			(359, 941)	(385, 18)
label		Default Page Style			(750, 941)	(295, 18)
label		English (USA)			(1051, 941)	(265, 18)
label		173%			(1876, 941)	(38, 18)
Generating content with GPT model: o4-mini
RESPONSE: I’ve switched the tab-stop selector to the right-tab icon. Now I’ll click on the horizontal ruler at about the 6″ mark (around x=1120) to insert the right-aligned tab stop:

```python
import pyautogui, time

# click on the ruler to set a right-aligned tab stop at ~6"
pyautogui.click(1120, 235)
time.sleep(0.5)
```
LINEAR AT: tag	name	text	class	description	position (top-left x&y)	size (w&h)
label	Home	Home			(1833, 939)	(40, 17)
label	04 CHIN9505 EBook Purchasing info 2021 Jan.​docx	04 CHIN9505 EBook Purchasing info 2021 Jan.​docx			(1793, 819)	(120, 34)
menu	LibreOffice Writer	""			(99, 0)	(180, 27)
menu	System	""			(1814, 0)	(106, 27)
push-button	Chromium Web Browser	""			(0, 33)	(70, 64)
push-button	Thunderbird Mail	""			(0, 101)	(70, 64)
push-button	Visual Studio Code	""			(0, 169)	(70, 64)
push-button	VLC media player	""			(0, 237)	(70, 64)
push-button	LibreOffice Writer	""			(0, 305)	(70, 64)
push-button	LibreOffice Calc	""			(0, 373)	(70, 64)
push-button	LibreOffice Impress	""			(0, 441)	(70, 64)
push-button	GNU Image Manipulation Program	""			(0, 509)	(70, 64)
push-button	Files	""			(0, 577)	(70, 64)
push-button	Ubuntu Software	""			(0, 645)	(70, 64)
push-button	Help	""			(0, 713)	(70, 64)
push-button	Trash	""			(0, 784)	(70, 64)
toggle-button	Show Applications	""			(0, 915)	(70, 70)
menu	File	""			(70, 64)	(40, 25)
menu	Edit	""			(110, 64)	(43, 25)
menu	View	""			(153, 64)	(49, 25)
menu	Insert	""			(202, 64)	(55, 25)
menu	Format	""			(257, 64)	(66, 25)
menu	Styles	""			(323, 64)	(56, 25)
menu	Table	""			(379, 64)	(53, 25)
menu	Form	""			(432, 64)	(52, 25)
menu	Tools	""			(484, 64)	(52, 25)
menu	Window	""			(536, 64)	(70, 25)
menu	Help	""			(606, 64)	(47, 25)
menu	File	File			(70, 89)	(40, 21)
menu	Edit	Edit			(110, 89)	(43, 21)
menu	View	View			(153, 89)	(50, 21)
menu	Insert	Insert			(203, 89)	(56, 21)
menu	Format	Format			(259, 89)	(66, 21)
menu	Styles	Styles			(325, 89)	(56, 21)
menu	Table	Table			(381, 89)	(53, 21)
menu	Form	Form			(434, 89)	(52, 21)
menu	Tools	Tools			(486, 89)	(53, 21)
menu	Window	Window			(539, 89)	(73, 21)
menu	Help	Help			(612, 89)	(48, 21)
document-text	04 CHIN9505 EBook Purchasing info 2021 Jan - LibreOffice Document	""			(70, 271)	(1792, 693)
paragraph		Please find the E-book purchase option for your reference:  			(260, 470)	(1412, 33)
paragraph		How to use BLCUP eBook for PC 			(260, 503)	(1412, 64)
paragraph		Make payment for this eBook online. 			(260, 567)	(1412, 65)
paragraph		Enter User center (Your BLCUP ID. 			(260, 632)	(1412, 64)
paragraph		Download and install Windows eBook Reader (flipviewer) on your PC.			(260, 696)	(1412, 65)
paragraph		Enter User center (Your BLCUP ID.			(260, 761)	(1412, 65)
paragraph		Download eBook and input Subscription ID online to open the OPZ file.			(260, 826)	(1412, 64)
paragraph		Support Contact: service blcup.com			(260, 890)	(1412, 65)
paragraph		This product is protected by copyright. 			(260, 955)	(1412, 9)
scroll-bar	Vertical scroll bar	""			(1862, 247)	(12, 717)
toggle-button	Menu	""			(1874, 171)	(36, 34)
text		Help us make LibreOffice even better!			(111, 178)	(1611, 26)
push-button	Get involved	""			(1728, 170)	(117, 34)
text		Your donations support our worldwide community.			(111, 218)	(1645, 26)
push-button	Donate	""			(1762, 210)	(83, 34)
push-button	New	""			(74, 91)	(44, 35)
push-button	Open	""			(118, 91)	(44, 35)
push-button	Save	""			(162, 91)	(44, 35)
push-button	Export Directly as PDF	""			(214, 91)	(33, 35)
push-button	Print	""			(247, 91)	(33, 35)
toggle-button	Print Preview	""			(280, 91)	(33, 35)
push-button	Cut	""			(321, 91)	(33, 35)
push-button	Copy	""			(354, 91)	(33, 35)
push-button	Clone	""			(439, 91)	(33, 35)
toggle-button	Find and Replace	""			(576, 91)	(33, 35)
push-button	Spelling	""			(609, 91)	(33, 35)
toggle-button	Formatting Marks	""			(642, 91)	(33, 35)
push-button	Table	""			(683, 91)	(44, 35)
push-button	Image	""			(727, 91)	(33, 35)
push-button	Chart	""			(760, 91)	(33, 35)
push-button	Text Box	""			(793, 91)	(33, 35)
push-button	Page Break	""			(834, 91)	(33, 35)
push-button	Field	""			(867, 91)	(44, 35)
push-button	Symbol	""			(911, 91)	(44, 35)
toggle-button	Hyperlink	""			(963, 91)	(33, 35)
push-button	Footnote	""			(996, 91)	(33, 35)
push-button	Endnote	""			(1029, 91)	(33, 35)
push-button	Bookmark	""			(1062, 91)	(33, 35)
push-button	Cross-reference	""			(1095, 91)	(33, 35)
push-button	Comment	""			(1136, 91)	(33, 35)
toggle-button	Track Changes Functions	""			(1169, 91)	(33, 35)
push-button	Line	""			(1210, 91)	(33, 35)
push-button	Basic Shapes	""			(1243, 91)	(44, 35)
toggle-button	Draw Functions	""			(1287, 91)	(33, 35)
text		Normal (Web)			(74, 130)	(166, 34)
push-button	Update	""			(276, 130)	(33, 35)
push-button	New	""			(309, 130)	(33, 35)
text		12 pt			(579, 130)	(65, 34)
toggle-button	Bold	""			(688, 130)	(33, 35)
toggle-button	Italic	""			(721, 130)	(33, 35)
push-button	Underline	""			(754, 130)	(44, 35)
toggle-button	Strikethrough	""			(798, 130)	(33, 35)
toggle-button	Superscript	""			(839, 130)	(33, 35)
toggle-button	Subscript	""			(872, 130)	(33, 35)
push-button	Clear	""			(913, 130)	(33, 35)
push-button	Font Color	""			(954, 130)	(44, 35)
push-button	Character Highlighting Color	""			(998, 130)	(44, 35)
toggle-button	Left	""			(1050, 130)	(33, 35)
toggle-button	Center	""			(1083, 130)	(33, 35)
toggle-button	Right	""			(1116, 130)	(33, 35)
toggle-button	Justified	""			(1149, 130)	(33, 35)
push-button	Unordered List	""			(1190, 130)	(44, 35)
push-button	Ordered List	""			(1234, 130)	(44, 35)
push-button	No List	""			(1278, 130)	(33, 35)
push-button	Increase	""			(1319, 130)	(33, 35)
push-button	Decrease	""			(1352, 130)	(33, 35)
push-button	Line Spacing	""			(1393, 130)	(44, 35)
label		Page 1 of 1			(105, 966)	(248, 18)
label		Selected: 71 words, 424 characters			(359, 966)	(385, 18)
label		Default Page Style			(750, 966)	(295, 18)
label		English (USA)			(1051, 966)	(265, 18)
label		173%			(1876, 966)	(38, 18)
Generating content with GPT model: o4-mini
RESPONSE: I’ve set the right‐aligned tab stop on the ruler. The next thing is to insert a real tab character after the first three words of each paragraph so that the rest of the line jumps to that tab stop. I’ll click just after the third word in the first line and send a Tab keystroke:

```python
import pyautogui, time

# click right after the third word ("the") in the first paragraph
pyautogui.click(450, 480)
time.sleep(0.2)

# insert the tab to push the remainder of the line to the right tab stop
pyautogui.press('tab')
```
LINEAR AT: tag	name	text	class	description	position (top-left x&y)	size (w&h)
label	Home	Home			(1833, 939)	(40, 17)
label	04 CHIN9505 EBook Purchasing info 2021 Jan.​docx	04 CHIN9505 EBook Purchasing info 2021 Jan.​docx			(1793, 819)	(120, 34)
menu	LibreOffice Writer	""			(99, 0)	(180, 27)
menu	System	""			(1814, 0)	(106, 27)
push-button	Chromium Web Browser	""			(0, 33)	(70, 64)
push-button	Thunderbird Mail	""			(0, 101)	(70, 64)
push-button	Visual Studio Code	""			(0, 169)	(70, 64)
push-button	VLC media player	""			(0, 237)	(70, 64)
push-button	LibreOffice Writer	""			(0, 305)	(70, 64)
push-button	LibreOffice Calc	""			(0, 373)	(70, 64)
push-button	LibreOffice Impress	""			(0, 441)	(70, 64)
push-button	GNU Image Manipulation Program	""			(0, 509)	(70, 64)
push-button	Files	""			(0, 577)	(70, 64)
push-button	Ubuntu Software	""			(0, 645)	(70, 64)
push-button	Help	""			(0, 713)	(70, 64)
push-button	Trash	""			(0, 784)	(70, 64)
toggle-button	Show Applications	""			(0, 915)	(70, 70)
menu	File	""			(70, 64)	(40, 25)
menu	Edit	""			(110, 64)	(43, 25)
menu	View	""			(153, 64)	(49, 25)
menu	Insert	""			(202, 64)	(55, 25)
menu	Format	""			(257, 64)	(66, 25)
menu	Styles	""			(323, 64)	(56, 25)
menu	Table	""			(379, 64)	(53, 25)
menu	Form	""			(432, 64)	(52, 25)
menu	Tools	""			(484, 64)	(52, 25)
menu	Window	""			(536, 64)	(70, 25)
menu	Help	""			(606, 64)	(47, 25)
menu	File	File			(70, 89)	(40, 21)
menu	Edit	Edit			(110, 89)	(43, 21)
menu	View	View			(153, 89)	(50, 21)
menu	Insert	Insert			(203, 89)	(56, 21)
menu	Format	Format			(259, 89)	(66, 21)
menu	Styles	Styles			(325, 89)	(56, 21)
menu	Table	Table			(381, 89)	(53, 21)
menu	Form	Form			(434, 89)	(52, 21)
menu	Tools	Tools			(486, 89)	(53, 21)
menu	Window	Window			(539, 89)	(73, 21)
menu	Help	Help			(612, 89)	(48, 21)
document-text	04 CHIN9505 EBook Purchasing info 2021 Jan - LibreOffice Document	""			(70, 271)	(1792, 693)
paragraph		Pl	ease find the E-book purchase option for your reference:  			(260, 470)	(1412, 33)
paragraph		How to use BLCUP eBook for PC 			(260, 503)	(1412, 64)
paragraph		Make payment for this eBook online. 			(260, 567)	(1412, 65)
paragraph		Enter User center (Your BLCUP ID. 			(260, 632)	(1412, 64)
paragraph		Download and install Windows eBook Reader (flipviewer) on your PC.			(260, 696)	(1412, 65)
paragraph		Enter User center (Your BLCUP ID.			(260, 761)	(1412, 65)
paragraph		Download eBook and input Subscription ID online to open the OPZ file.			(260, 826)	(1412, 64)
paragraph		Support Contact: service blcup.com			(260, 890)	(1412, 65)
paragraph		This product is protected by copyright. 			(260, 955)	(1412, 9)
scroll-bar	Vertical scroll bar	""			(1862, 247)	(12, 717)
toggle-button	Menu	""			(1874, 171)	(36, 34)
text		Help us make LibreOffice even better!			(111, 178)	(1611, 26)
push-button	Get involved	""			(1728, 170)	(117, 34)
text		Your donations support our worldwide community.			(111, 218)	(1645, 26)
push-button	Donate	""			(1762, 210)	(83, 34)
push-button	New	""			(74, 91)	(44, 35)
push-button	Open	""			(118, 91)	(44, 35)
push-button	Save	""			(162, 91)	(44, 35)
push-button	Export Directly as PDF	""			(214, 91)	(33, 35)
push-button	Print	""			(247, 91)	(33, 35)
toggle-button	Print Preview	""			(280, 91)	(33, 35)
push-button	Clone	""			(439, 91)	(33, 35)
push-button	Undo	""			(480, 91)	(44, 35)
toggle-button	Find and Replace	""			(576, 91)	(33, 35)
push-button	Spelling	""			(609, 91)	(33, 35)
toggle-button	Formatting Marks	""			(642, 91)	(33, 35)
push-button	Table	""			(683, 91)	(44, 35)
push-button	Image	""			(727, 91)	(33, 35)
push-button	Chart	""			(760, 91)	(33, 35)
push-button	Text Box	""			(793, 91)	(33, 35)
push-button	Page Break	""			(834, 91)	(33, 35)
push-button	Field	""			(867, 91)	(44, 35)
push-button	Symbol	""			(911, 91)	(44, 35)
toggle-button	Hyperlink	""			(963, 91)	(33, 35)
push-button	Footnote	""			(996, 91)	(33, 35)
push-button	Endnote	""			(1029, 91)	(33, 35)
push-button	Bookmark	""			(1062, 91)	(33, 35)
push-button	Cross-reference	""			(1095, 91)	(33, 35)
push-button	Comment	""			(1136, 91)	(33, 35)
toggle-button	Track Changes Functions	""			(1169, 91)	(33, 35)
push-button	Line	""			(1210, 91)	(33, 35)
push-button	Basic Shapes	""			(1243, 91)	(44, 35)
toggle-button	Draw Functions	""			(1287, 91)	(33, 35)
text		Normal (Web)			(74, 130)	(166, 34)
push-button	Update	""			(276, 130)	(33, 35)
push-button	New	""			(309, 130)	(33, 35)
text		Calibri			(350, 130)	(185, 34)
text		12 pt			(579, 130)	(65, 34)
toggle-button	Bold	""			(688, 130)	(33, 35)
toggle-button	Italic	""			(721, 130)	(33, 35)
push-button	Underline	""			(754, 130)	(44, 35)
toggle-button	Strikethrough	""			(798, 130)	(33, 35)
toggle-button	Superscript	""			(839, 130)	(33, 35)
toggle-button	Subscript	""			(872, 130)	(33, 35)
push-button	Clear	""			(913, 130)	(33, 35)
push-button	Font Color	""			(954, 130)	(44, 35)
push-button	Character Highlighting Color	""			(998, 130)	(44, 35)
toggle-button	Left	""			(1050, 130)	(33, 35)
toggle-button	Center	""			(1083, 130)	(33, 35)
toggle-button	Right	""			(1116, 130)	(33, 35)
toggle-button	Justified	""			(1149, 130)	(33, 35)
push-button	Unordered List	""			(1190, 130)	(44, 35)
push-button	Ordered List	""			(1234, 130)	(44, 35)
push-button	No List	""			(1278, 130)	(33, 35)
push-button	Increase	""			(1319, 130)	(33, 35)
push-button	Decrease	""			(1352, 130)	(33, 35)
push-button	Line Spacing	""			(1393, 130)	(44, 35)
push-button	Increase	""			(1437, 130)	(33, 35)
push-button	Decrease	""			(1470, 130)	(33, 35)
label		Page 1 of 1			(105, 966)	(248, 18)
label		72 words, 425 characters			(359, 966)	(385, 18)
label		Default Page Style			(750, 966)	(295, 18)
label		English (USA)			(1051, 966)	(265, 18)
label		173%			(1876, 966)	(38, 18)
Generating content with GPT model: o4-mini
RESPONSE: I mis‐clicked and split “Please” in two. First I’ll undo that, then click just after the third word (“for”) at roughly x=570 and y=480, and insert the tab again:

```python
import pyautogui, time

# undo the bad tab insertion
pyautogui.hotkey('ctrl', 'z')
time.sleep(0.2)

# click right after the third word in the first line
pyautogui.click(570, 480)
time.sleep(0.2)

# insert the tab to push the remainder to the right tab stop
pyautogui.press('tab')
```
LINEAR AT: tag	name	text	class	description	position (top-left x&y)	size (w&h)
label	Home	Home			(1833, 939)	(40, 17)
label	04 CHIN9505 EBook Purchasing info 2021 Jan.​docx	04 CHIN9505 EBook Purchasing info 2021 Jan.​docx			(1793, 819)	(120, 34)
menu	LibreOffice Writer	""			(99, 0)	(180, 27)
menu	System	""			(1814, 0)	(106, 27)
push-button	Chromium Web Browser	""			(0, 33)	(70, 64)
push-button	Thunderbird Mail	""			(0, 101)	(70, 64)
push-button	Visual Studio Code	""			(0, 169)	(70, 64)
push-button	VLC media player	""			(0, 237)	(70, 64)
push-button	LibreOffice Writer	""			(0, 305)	(70, 64)
push-button	LibreOffice Calc	""			(0, 373)	(70, 64)
push-button	LibreOffice Impress	""			(0, 441)	(70, 64)
push-button	GNU Image Manipulation Program	""			(0, 509)	(70, 64)
push-button	Files	""			(0, 577)	(70, 64)
push-button	Ubuntu Software	""			(0, 645)	(70, 64)
push-button	Help	""			(0, 713)	(70, 64)
push-button	Trash	""			(0, 784)	(70, 64)
toggle-button	Show Applications	""			(0, 915)	(70, 70)
menu	File	""			(70, 64)	(40, 25)
menu	Edit	""			(110, 64)	(43, 25)
menu	View	""			(153, 64)	(49, 25)
menu	Insert	""			(202, 64)	(55, 25)
menu	Format	""			(257, 64)	(66, 25)
menu	Styles	""			(323, 64)	(56, 25)
menu	Table	""			(379, 64)	(53, 25)
menu	Form	""			(432, 64)	(52, 25)
menu	Tools	""			(484, 64)	(52, 25)
menu	Window	""			(536, 64)	(70, 25)
menu	Help	""			(606, 64)	(47, 25)
menu	File	File			(70, 89)	(40, 21)
menu	Edit	Edit			(110, 89)	(43, 21)
menu	View	View			(153, 89)	(50, 21)
menu	Insert	Insert			(203, 89)	(56, 21)
menu	Format	Format			(259, 89)	(66, 21)
menu	Styles	Styles			(325, 89)	(56, 21)
menu	Table	Table			(381, 89)	(53, 21)
menu	Form	Form			(434, 89)	(52, 21)
menu	Tools	Tools			(486, 89)	(53, 21)
menu	Window	Window			(539, 89)	(73, 21)
menu	Help	Help			(612, 89)	(48, 21)
document-text	04 CHIN9505 EBook Purchasing info 2021 Jan - LibreOffice Document	""			(70, 271)	(1792, 693)
paragraph		Please find	 the E-book purchase option for your reference:  			(260, 470)	(1412, 33)
paragraph		How to use BLCUP eBook for PC 			(260, 503)	(1412, 64)
paragraph		Make payment for this eBook online. 			(260, 567)	(1412, 65)
paragraph		Enter User center (Your BLCUP ID. 			(260, 632)	(1412, 64)
paragraph		Download and install Windows eBook Reader (flipviewer) on your PC.			(260, 696)	(1412, 65)
paragraph		Enter User center (Your BLCUP ID.			(260, 761)	(1412, 65)
paragraph		Download eBook and input Subscription ID online to open the OPZ file.			(260, 826)	(1412, 64)
paragraph		Support Contact: service blcup.com			(260, 890)	(1412, 65)
paragraph		This product is protected by copyright. 			(260, 955)	(1412, 9)
scroll-bar	Vertical scroll bar	""			(1862, 247)	(12, 717)
toggle-button	Menu	""			(1874, 171)	(36, 34)
text		Help us make LibreOffice even better!			(111, 178)	(1611, 26)
push-button	Get involved	""			(1728, 170)	(117, 34)
text		Your donations support our worldwide community.			(111, 218)	(1645, 26)
push-button	Donate	""			(1762, 210)	(83, 34)
push-button	New	""			(74, 91)	(44, 35)
push-button	Open	""			(118, 91)	(44, 35)
push-button	Save	""			(162, 91)	(44, 35)
push-button	Export Directly as PDF	""			(214, 91)	(33, 35)
push-button	Print	""			(247, 91)	(33, 35)
toggle-button	Print Preview	""			(280, 91)	(33, 35)
push-button	Clone	""			(439, 91)	(33, 35)
push-button	Undo	""			(480, 91)	(44, 35)
toggle-button	Find and Replace	""			(576, 91)	(33, 35)
push-button	Spelling	""			(609, 91)	(33, 35)
toggle-button	Formatting Marks	""			(642, 91)	(33, 35)
push-button	Table	""			(683, 91)	(44, 35)
push-button	Image	""			(727, 91)	(33, 35)
push-button	Chart	""			(760, 91)	(33, 35)
push-button	Text Box	""			(793, 91)	(33, 35)
push-button	Page Break	""			(834, 91)	(33, 35)
push-button	Field	""			(867, 91)	(44, 35)
push-button	Symbol	""			(911, 91)	(44, 35)
toggle-button	Hyperlink	""			(963, 91)	(33, 35)
push-button	Footnote	""			(996, 91)	(33, 35)
push-button	Endnote	""			(1029, 91)	(33, 35)
push-button	Bookmark	""			(1062, 91)	(33, 35)
push-button	Cross-reference	""			(1095, 91)	(33, 35)
push-button	Comment	""			(1136, 91)	(33, 35)
toggle-button	Track Changes Functions	""			(1169, 91)	(33, 35)
push-button	Line	""			(1210, 91)	(33, 35)
push-button	Basic Shapes	""			(1243, 91)	(44, 35)
toggle-button	Draw Functions	""			(1287, 91)	(33, 35)
text		Normal (Web)			(74, 130)	(166, 34)
push-button	Update	""			(276, 130)	(33, 35)
push-button	New	""			(309, 130)	(33, 35)
text		Calibri			(350, 130)	(185, 34)
text		12 pt			(579, 130)	(65, 34)
toggle-button	Bold	""			(688, 130)	(33, 35)
toggle-button	Italic	""			(721, 130)	(33, 35)
push-button	Underline	""			(754, 130)	(44, 35)
toggle-button	Strikethrough	""			(798, 130)	(33, 35)
toggle-button	Superscript	""			(839, 130)	(33, 35)
toggle-button	Subscript	""			(872, 130)	(33, 35)
push-button	Clear	""			(913, 130)	(33, 35)
push-button	Font Color	""			(954, 130)	(44, 35)
push-button	Character Highlighting Color	""			(998, 130)	(44, 35)
toggle-button	Left	""			(1050, 130)	(33, 35)
toggle-button	Center	""			(1083, 130)	(33, 35)
toggle-button	Right	""			(1116, 130)	(33, 35)
toggle-button	Justified	""			(1149, 130)	(33, 35)
push-button	Unordered List	""			(1190, 130)	(44, 35)
push-button	Ordered List	""			(1234, 130)	(44, 35)
push-button	No List	""			(1278, 130)	(33, 35)
push-button	Increase	""			(1319, 130)	(33, 35)
push-button	Decrease	""			(1352, 130)	(33, 35)
push-button	Line Spacing	""			(1393, 130)	(44, 35)
push-button	Increase	""			(1437, 130)	(33, 35)
push-button	Decrease	""			(1470, 130)	(33, 35)
label		Page 1 of 1			(105, 966)	(248, 18)
label		71 words, 425 characters			(359, 966)	(385, 18)
label		Default Page Style			(750, 966)	(295, 18)
label		English (USA)			(1051, 966)	(265, 18)
label		173%			(1876, 966)	(38, 18)
Generating content with GPT model: o4-mini
RESPONSE: We now have the first line correctly split. The next step is to do exactly the same on line 2—click just after the 3rd word (“use”) in the “How to use BLCUP eBook for PC” line and hit Tab:

```python
import pyautogui, time

# click just after the third word on line 2
pyautogui.click(430, 505)
time.sleep(0.2)

# insert tab so the remainder right‐aligns at the custom tab stop
pyautogui.press('tab')
```
LINEAR AT: tag	name	text	class	description	position (top-left x&y)	size (w&h)
label	Home	Home			(1833, 939)	(40, 17)
label	04 CHIN9505 EBook Purchasing info 2021 Jan.​docx	04 CHIN9505 EBook Purchasing info 2021 Jan.​docx			(1793, 819)	(120, 34)
menu	LibreOffice Writer	""			(99, 0)	(180, 27)
menu	System	""			(1814, 0)	(106, 27)
push-button	Chromium Web Browser	""			(0, 33)	(70, 64)
push-button	Thunderbird Mail	""			(0, 101)	(70, 64)
push-button	Visual Studio Code	""			(0, 169)	(70, 64)
push-button	VLC media player	""			(0, 237)	(70, 64)
push-button	LibreOffice Writer	""			(0, 305)	(70, 64)
push-button	LibreOffice Calc	""			(0, 373)	(70, 64)
push-button	LibreOffice Impress	""			(0, 441)	(70, 64)
push-button	GNU Image Manipulation Program	""			(0, 509)	(70, 64)
push-button	Files	""			(0, 577)	(70, 64)
push-button	Ubuntu Software	""			(0, 645)	(70, 64)
push-button	Help	""			(0, 713)	(70, 64)
push-button	Trash	""			(0, 784)	(70, 64)
toggle-button	Show Applications	""			(0, 915)	(70, 70)
menu	File	""			(70, 64)	(40, 25)
menu	Edit	""			(110, 64)	(43, 25)
menu	View	""			(153, 64)	(49, 25)
menu	Insert	""			(202, 64)	(55, 25)
menu	Format	""			(257, 64)	(66, 25)
menu	Styles	""			(323, 64)	(56, 25)
menu	Table	""			(379, 64)	(53, 25)
menu	Form	""			(432, 64)	(52, 25)
menu	Tools	""			(484, 64)	(52, 25)
menu	Window	""			(536, 64)	(70, 25)
menu	Help	""			(606, 64)	(47, 25)
menu	File	File			(70, 89)	(40, 21)
menu	Edit	Edit			(110, 89)	(43, 21)
menu	View	View			(153, 89)	(50, 21)
menu	Insert	Insert			(203, 89)	(56, 21)
menu	Format	Format			(259, 89)	(66, 21)
menu	Styles	Styles			(325, 89)	(56, 21)
menu	Table	Table			(381, 89)	(53, 21)
menu	Form	Form			(434, 89)	(52, 21)
menu	Tools	Tools			(486, 89)	(53, 21)
menu	Window	Window			(539, 89)	(73, 21)
menu	Help	Help			(612, 89)	(48, 21)
document-text	04 CHIN9505 EBook Purchasing info 2021 Jan - LibreOffice Document	""			(70, 271)	(1792, 693)
paragraph		Please find	 the E-book purchase option for your reference:  			(260, 470)	(1412, 33)
paragraph			How to use BLCUP eBook for PC 			(260, 503)	(1412, 64)
paragraph		Make payment for this eBook online. 			(260, 567)	(1412, 65)
paragraph		Enter User center (Your BLCUP ID. 			(260, 632)	(1412, 64)
paragraph		Download and install Windows eBook Reader (flipviewer) on your PC.			(260, 696)	(1412, 65)
paragraph		Enter User center (Your BLCUP ID.			(260, 761)	(1412, 65)
paragraph		Download eBook and input Subscription ID online to open the OPZ file.			(260, 826)	(1412, 64)
paragraph		Support Contact: service blcup.com			(260, 890)	(1412, 65)
paragraph		This product is protected by copyright. 			(260, 955)	(1412, 9)
scroll-bar	Vertical scroll bar	""			(1862, 247)	(12, 717)
toggle-button	Menu	""			(1874, 171)	(36, 34)
text		Help us make LibreOffice even better!			(111, 178)	(1611, 26)
push-button	Get involved	""			(1728, 170)	(117, 34)
text		Your donations support our worldwide community.			(111, 218)	(1645, 26)
push-button	Donate	""			(1762, 210)	(83, 34)
push-button	New	""			(74, 91)	(44, 35)
push-button	Open	""			(118, 91)	(44, 35)
push-button	Save	""			(162, 91)	(44, 35)
push-button	Export Directly as PDF	""			(214, 91)	(33, 35)
push-button	Print	""			(247, 91)	(33, 35)
toggle-button	Print Preview	""			(280, 91)	(33, 35)
push-button	Clone	""			(439, 91)	(33, 35)
push-button	Undo	""			(480, 91)	(44, 35)
toggle-button	Find and Replace	""			(576, 91)	(33, 35)
push-button	Spelling	""			(609, 91)	(33, 35)
toggle-button	Formatting Marks	""			(642, 91)	(33, 35)
push-button	Table	""			(683, 91)	(44, 35)
push-button	Image	""			(727, 91)	(33, 35)
push-button	Chart	""			(760, 91)	(33, 35)
push-button	Text Box	""			(793, 91)	(33, 35)
push-button	Page Break	""			(834, 91)	(33, 35)
push-button	Field	""			(867, 91)	(44, 35)
push-button	Symbol	""			(911, 91)	(44, 35)
toggle-button	Hyperlink	""			(963, 91)	(33, 35)
push-button	Footnote	""			(996, 91)	(33, 35)
push-button	Endnote	""			(1029, 91)	(33, 35)
push-button	Bookmark	""			(1062, 91)	(33, 35)
push-button	Cross-reference	""			(1095, 91)	(33, 35)
push-button	Comment	""			(1136, 91)	(33, 35)
toggle-button	Track Changes Functions	""			(1169, 91)	(33, 35)
push-button	Line	""			(1210, 91)	(33, 35)
push-button	Basic Shapes	""			(1243, 91)	(44, 35)
toggle-button	Draw Functions	""			(1287, 91)	(33, 35)
text		Normal (Web)			(74, 130)	(166, 34)
push-button	Update	""			(276, 130)	(33, 35)
push-button	New	""			(309, 130)	(33, 35)
text		Calibri			(350, 130)	(185, 34)
text		12 pt			(579, 130)	(65, 34)
toggle-button	Bold	""			(688, 130)	(33, 35)
toggle-button	Italic	""			(721, 130)	(33, 35)
push-button	Underline	""			(754, 130)	(44, 35)
toggle-button	Strikethrough	""			(798, 130)	(33, 35)
toggle-button	Superscript	""			(839, 130)	(33, 35)
toggle-button	Subscript	""			(872, 130)	(33, 35)
push-button	Clear	""			(913, 130)	(33, 35)
push-button	Font Color	""			(954, 130)	(44, 35)
push-button	Character Highlighting Color	""			(998, 130)	(44, 35)
toggle-button	Left	""			(1050, 130)	(33, 35)
toggle-button	Center	""			(1083, 130)	(33, 35)
toggle-button	Right	""			(1116, 130)	(33, 35)
toggle-button	Justified	""			(1149, 130)	(33, 35)
push-button	Unordered List	""			(1190, 130)	(44, 35)
push-button	Ordered List	""			(1234, 130)	(44, 35)
push-button	No List	""			(1278, 130)	(33, 35)
push-button	Increase	""			(1319, 130)	(33, 35)
push-button	Decrease	""			(1352, 130)	(33, 35)
push-button	Line Spacing	""			(1393, 130)	(44, 35)
push-button	Increase	""			(1437, 130)	(33, 35)
push-button	Decrease	""			(1470, 130)	(33, 35)
label		Page 1 of 1			(105, 966)	(248, 18)
label		71 words, 426 characters			(359, 966)	(385, 18)
label		Default Page Style			(750, 966)	(295, 18)
label		English (USA)			(1051, 966)	(265, 18)
label		173%			(1876, 966)	(38, 18)
Generating content with GPT model: o4-mini
RESPONSE: Here, I’ll click just after the third word (“use”) on the second line and insert the tab:

```python
import pyautogui, time

# click right after "use" on the second line
pyautogui.click(520, 505)
time.sleep(0.2)

# insert the tab so the remainder right-aligns
pyautogui.press('tab')
```
LINEAR AT: tag	name	text	class	description	position (top-left x&y)	size (w&h)
label	Home	Home			(1833, 939)	(40, 17)
label	04 CHIN9505 EBook Purchasing info 2021 Jan.​docx	04 CHIN9505 EBook Purchasing info 2021 Jan.​docx			(1793, 819)	(120, 34)
menu	LibreOffice Writer	""			(99, 0)	(180, 27)
menu	System	""			(1814, 0)	(106, 27)
push-button	Chromium Web Browser	""			(0, 33)	(70, 64)
push-button	Thunderbird Mail	""			(0, 101)	(70, 64)
push-button	Visual Studio Code	""			(0, 169)	(70, 64)
push-button	VLC media player	""			(0, 237)	(70, 64)
push-button	LibreOffice Writer	""			(0, 305)	(70, 64)
push-button	LibreOffice Calc	""			(0, 373)	(70, 64)
push-button	LibreOffice Impress	""			(0, 441)	(70, 64)
push-button	GNU Image Manipulation Program	""			(0, 509)	(70, 64)
push-button	Files	""			(0, 577)	(70, 64)
push-button	Ubuntu Software	""			(0, 645)	(70, 64)
push-button	Help	""			(0, 713)	(70, 64)
push-button	Trash	""			(0, 784)	(70, 64)
toggle-button	Show Applications	""			(0, 915)	(70, 70)
menu	File	""			(70, 64)	(40, 25)
menu	Edit	""			(110, 64)	(43, 25)
menu	View	""			(153, 64)	(49, 25)
menu	Insert	""			(202, 64)	(55, 25)
menu	Format	""			(257, 64)	(66, 25)
menu	Styles	""			(323, 64)	(56, 25)
menu	Table	""			(379, 64)	(53, 25)
menu	Form	""			(432, 64)	(52, 25)
menu	Tools	""			(484, 64)	(52, 25)
menu	Window	""			(536, 64)	(70, 25)
menu	Help	""			(606, 64)	(47, 25)
menu	File	File			(70, 89)	(40, 21)
menu	Edit	Edit			(110, 89)	(43, 21)
menu	View	View			(153, 89)	(50, 21)
menu	Insert	Insert			(203, 89)	(56, 21)
menu	Format	Format			(259, 89)	(66, 21)
menu	Styles	Styles			(325, 89)	(56, 21)
menu	Table	Table			(381, 89)	(53, 21)
menu	Form	Form			(434, 89)	(52, 21)
menu	Tools	Tools			(486, 89)	(53, 21)
menu	Window	Window			(539, 89)	(73, 21)
menu	Help	Help			(612, 89)	(48, 21)
document-text	04 CHIN9505 EBook Purchasing info 2021 Jan - LibreOffice Document	""			(70, 271)	(1792, 693)
paragraph		Please find	 the E-book purchase option for your reference:  			(260, 470)	(1412, 33)
paragraph			H	ow to use BLCUP eBook for PC 			(260, 503)	(1412, 64)
paragraph		Make payment for this eBook online. 			(260, 567)	(1412, 65)
paragraph		Enter User center (Your BLCUP ID. 			(260, 632)	(1412, 64)
paragraph		Download and install Windows eBook Reader (flipviewer) on your PC.			(260, 696)	(1412, 65)
paragraph		Enter User center (Your BLCUP ID.			(260, 761)	(1412, 65)
paragraph		Download eBook and input Subscription ID online to open the OPZ file.			(260, 826)	(1412, 64)
paragraph		Support Contact: service blcup.com			(260, 890)	(1412, 65)
paragraph		This product is protected by copyright. 			(260, 955)	(1412, 9)
scroll-bar	Vertical scroll bar	""			(1862, 247)	(12, 717)
toggle-button	Menu	""			(1874, 171)	(36, 34)
text		Help us make LibreOffice even better!			(111, 178)	(1611, 26)
push-button	Get involved	""			(1728, 170)	(117, 34)
text		Your donations support our worldwide community.			(111, 218)	(1645, 26)
push-button	Donate	""			(1762, 210)	(83, 34)
push-button	New	""			(74, 91)	(44, 35)
push-button	Open	""			(118, 91)	(44, 35)
push-button	Save	""			(162, 91)	(44, 35)
push-button	Export Directly as PDF	""			(214, 91)	(33, 35)
push-button	Print	""			(247, 91)	(33, 35)
toggle-button	Print Preview	""			(280, 91)	(33, 35)
push-button	Clone	""			(439, 91)	(33, 35)
push-button	Undo	""			(480, 91)	(44, 35)
toggle-button	Find and Replace	""			(576, 91)	(33, 35)
push-button	Spelling	""			(609, 91)	(33, 35)
toggle-button	Formatting Marks	""			(642, 91)	(33, 35)
push-button	Table	""			(683, 91)	(44, 35)
push-button	Image	""			(727, 91)	(33, 35)
push-button	Chart	""			(760, 91)	(33, 35)
push-button	Text Box	""			(793, 91)	(33, 35)
push-button	Page Break	""			(834, 91)	(33, 35)
push-button	Field	""			(867, 91)	(44, 35)
push-button	Symbol	""			(911, 91)	(44, 35)
toggle-button	Hyperlink	""			(963, 91)	(33, 35)
push-button	Footnote	""			(996, 91)	(33, 35)
push-button	Endnote	""			(1029, 91)	(33, 35)
push-button	Bookmark	""			(1062, 91)	(33, 35)
push-button	Cross-reference	""			(1095, 91)	(33, 35)
push-button	Comment	""			(1136, 91)	(33, 35)
toggle-button	Track Changes Functions	""			(1169, 91)	(33, 35)
push-button	Line	""			(1210, 91)	(33, 35)
push-button	Basic Shapes	""			(1243, 91)	(44, 35)
toggle-button	Draw Functions	""			(1287, 91)	(33, 35)
text		Normal (Web)			(74, 130)	(166, 34)
push-button	Update	""			(276, 130)	(33, 35)
push-button	New	""			(309, 130)	(33, 35)
text		Calibri			(350, 130)	(185, 34)
text		12 pt			(579, 130)	(65, 34)
toggle-button	Bold	""			(688, 130)	(33, 35)
toggle-button	Italic	""			(721, 130)	(33, 35)
push-button	Underline	""			(754, 130)	(44, 35)
toggle-button	Strikethrough	""			(798, 130)	(33, 35)
toggle-button	Superscript	""			(839, 130)	(33, 35)
toggle-button	Subscript	""			(872, 130)	(33, 35)
push-button	Clear	""			(913, 130)	(33, 35)
push-button	Font Color	""			(954, 130)	(44, 35)
push-button	Character Highlighting Color	""			(998, 130)	(44, 35)
toggle-button	Left	""			(1050, 130)	(33, 35)
toggle-button	Center	""			(1083, 130)	(33, 35)
toggle-button	Right	""			(1116, 130)	(33, 35)
toggle-button	Justified	""			(1149, 130)	(33, 35)
push-button	Unordered List	""			(1190, 130)	(44, 35)
push-button	Ordered List	""			(1234, 130)	(44, 35)
push-button	No List	""			(1278, 130)	(33, 35)
push-button	Increase	""			(1319, 130)	(33, 35)
push-button	Decrease	""			(1352, 130)	(33, 35)
push-button	Line Spacing	""			(1393, 130)	(44, 35)
push-button	Increase	""			(1437, 130)	(33, 35)
push-button	Decrease	""			(1470, 130)	(33, 35)
label		Page 1 of 1			(105, 966)	(248, 18)
label		71 words, 426 characters			(359, 966)	(385, 18)
label		Default Page Style			(750, 966)	(295, 18)
label		English (USA)			(1051, 966)	(265, 18)
label		173%			(1876, 966)	(38, 18)
Generating content with GPT model: o4-mini
RESPONSE: I’ve accidentally split the “How to use” line wrong, isolating the “H.” I’ll undo that edit, then click just after the third word (“use”) at approximately (550, 505) and press Tab again:

```python
import pyautogui, time

# undo the bad split on line 2
pyautogui.hotkey('ctrl', 'z')
time.sleep(0.2)

# click just after "use" on the second line
pyautogui.click(550, 505)
time.sleep(0.2)

# insert the tab so the remaining text right-aligns
pyautogui.press('tab')
```
LINEAR AT: tag	name	text	class	description	position (top-left x&y)	size (w&h)
label	Home	Home			(1833, 939)	(40, 17)
label	04 CHIN9505 EBook Purchasing info 2021 Jan.​docx	04 CHIN9505 EBook Purchasing info 2021 Jan.​docx			(1793, 819)	(120, 34)
menu	LibreOffice Writer	""			(99, 0)	(180, 27)
menu	System	""			(1814, 0)	(106, 27)
push-button	Chromium Web Browser	""			(0, 33)	(70, 64)
push-button	Thunderbird Mail	""			(0, 101)	(70, 64)
push-button	Visual Studio Code	""			(0, 169)	(70, 64)
push-button	VLC media player	""			(0, 237)	(70, 64)
push-button	LibreOffice Writer	""			(0, 305)	(70, 64)
push-button	LibreOffice Calc	""			(0, 373)	(70, 64)
push-button	LibreOffice Impress	""			(0, 441)	(70, 64)
push-button	GNU Image Manipulation Program	""			(0, 509)	(70, 64)
push-button	Files	""			(0, 577)	(70, 64)
push-button	Ubuntu Software	""			(0, 645)	(70, 64)
push-button	Help	""			(0, 713)	(70, 64)
push-button	Trash	""			(0, 784)	(70, 64)
toggle-button	Show Applications	""			(0, 915)	(70, 70)
menu	File	""			(70, 64)	(40, 25)
menu	Edit	""			(110, 64)	(43, 25)
menu	View	""			(153, 64)	(49, 25)
menu	Insert	""			(202, 64)	(55, 25)
menu	Format	""			(257, 64)	(66, 25)
menu	Styles	""			(323, 64)	(56, 25)
menu	Table	""			(379, 64)	(53, 25)
menu	Form	""			(432, 64)	(52, 25)
menu	Tools	""			(484, 64)	(52, 25)
menu	Window	""			(536, 64)	(70, 25)
menu	Help	""			(606, 64)	(47, 25)
menu	File	File			(70, 89)	(40, 21)
menu	Edit	Edit			(110, 89)	(43, 21)
menu	View	View			(153, 89)	(50, 21)
menu	Insert	Insert			(203, 89)	(56, 21)
menu	Format	Format			(259, 89)	(66, 21)
menu	Styles	Styles			(325, 89)	(56, 21)
menu	Table	Table			(381, 89)	(53, 21)
menu	Form	Form			(434, 89)	(52, 21)
menu	Tools	Tools			(486, 89)	(53, 21)
menu	Window	Window			(539, 89)	(73, 21)
menu	Help	Help			(612, 89)	(48, 21)
document-text	04 CHIN9505 EBook Purchasing info 2021 Jan - LibreOffice Document	""			(70, 271)	(1792, 693)
paragraph		Please find	 the E-book purchase option for your reference:  			(260, 470)	(1412, 33)
paragraph			Ho	w to use BLCUP eBook for PC 			(260, 503)	(1412, 64)
paragraph		Make payment for this eBook online. 			(260, 567)	(1412, 65)
paragraph		Enter User center (Your BLCUP ID. 			(260, 632)	(1412, 64)
paragraph		Download and install Windows eBook Reader (flipviewer) on your PC.			(260, 696)	(1412, 65)
paragraph		Enter User center (Your BLCUP ID.			(260, 761)	(1412, 65)
paragraph		Download eBook and input Subscription ID online to open the OPZ file.			(260, 826)	(1412, 64)
paragraph		Support Contact: service blcup.com			(260, 890)	(1412, 65)
paragraph		This product is protected by copyright. 			(260, 955)	(1412, 9)
scroll-bar	Vertical scroll bar	""			(1862, 247)	(12, 717)
toggle-button	Menu	""			(1874, 171)	(36, 34)
text		Help us make LibreOffice even better!			(111, 178)	(1611, 26)
push-button	Get involved	""			(1728, 170)	(117, 34)
text		Your donations support our worldwide community.			(111, 218)	(1645, 26)
push-button	Donate	""			(1762, 210)	(83, 34)
push-button	New	""			(74, 91)	(44, 35)
push-button	Open	""			(118, 91)	(44, 35)
push-button	Save	""			(162, 91)	(44, 35)
push-button	Export Directly as PDF	""			(214, 91)	(33, 35)
push-button	Print	""			(247, 91)	(33, 35)
toggle-button	Print Preview	""			(280, 91)	(33, 35)
push-button	Clone	""			(439, 91)	(33, 35)
push-button	Undo	""			(480, 91)	(44, 35)
toggle-button	Find and Replace	""			(576, 91)	(33, 35)
push-button	Spelling	""			(609, 91)	(33, 35)
toggle-button	Formatting Marks	""			(642, 91)	(33, 35)
push-button	Table	""			(683, 91)	(44, 35)
push-button	Image	""			(727, 91)	(33, 35)
push-button	Chart	""			(760, 91)	(33, 35)
push-button	Text Box	""			(793, 91)	(33, 35)
push-button	Page Break	""			(834, 91)	(33, 35)
push-button	Field	""			(867, 91)	(44, 35)
push-button	Symbol	""			(911, 91)	(44, 35)
toggle-button	Hyperlink	""			(963, 91)	(33, 35)
push-button	Footnote	""			(996, 91)	(33, 35)
push-button	Endnote	""			(1029, 91)	(33, 35)
push-button	Bookmark	""			(1062, 91)	(33, 35)
push-button	Cross-reference	""			(1095, 91)	(33, 35)
push-button	Comment	""			(1136, 91)	(33, 35)
toggle-button	Track Changes Functions	""			(1169, 91)	(33, 35)
push-button	Line	""			(1210, 91)	(33, 35)
push-button	Basic Shapes	""			(1243, 91)	(44, 35)
toggle-button	Draw Functions	""			(1287, 91)	(33, 35)
text		Normal (Web)			(74, 130)	(166, 34)
push-button	Update	""			(276, 130)	(33, 35)
push-button	New	""			(309, 130)	(33, 35)
text		Calibri			(350, 130)	(185, 34)
text		12 pt			(579, 130)	(65, 34)
toggle-button	Bold	""			(688, 130)	(33, 35)
toggle-button	Italic	""			(721, 130)	(33, 35)
push-button	Underline	""			(754, 130)	(44, 35)
toggle-button	Strikethrough	""			(798, 130)	(33, 35)
toggle-button	Superscript	""			(839, 130)	(33, 35)
toggle-button	Subscript	""			(872, 130)	(33, 35)
push-button	Clear	""			(913, 130)	(33, 35)
push-button	Font Color	""			(954, 130)	(44, 35)
push-button	Character Highlighting Color	""			(998, 130)	(44, 35)
toggle-button	Left	""			(1050, 130)	(33, 35)
toggle-button	Center	""			(1083, 130)	(33, 35)
toggle-button	Right	""			(1116, 130)	(33, 35)
toggle-button	Justified	""			(1149, 130)	(33, 35)
push-button	Unordered List	""			(1190, 130)	(44, 35)
push-button	Ordered List	""			(1234, 130)	(44, 35)
push-button	No List	""			(1278, 130)	(33, 35)
push-button	Increase	""			(1319, 130)	(33, 35)
push-button	Decrease	""			(1352, 130)	(33, 35)
push-button	Line Spacing	""			(1393, 130)	(44, 35)
push-button	Increase	""			(1437, 130)	(33, 35)
push-button	Decrease	""			(1470, 130)	(33, 35)
label		Page 1 of 1			(105, 966)	(248, 18)
label		72 words, 427 characters			(359, 966)	(385, 18)
label		Default Page Style			(750, 966)	(295, 18)
label		English (USA)			(1051, 966)	(265, 18)
label		173%			(1876, 966)	(38, 18)
Generating content with GPT model: o4-mini
RESPONSE: I now need to define where “the rest” will snap to on the right—i.e. create a right-aligned tab stop at the margin. To do that I’ll:

1. Click the little tab-selector at the left end of the ruler until it shows the right-tab icon (a backward “L”).
2. Click on the ruler at the position where you want your right margin (e.g. around the 6.5″ mark) to drop in the right-aligned tab stop.

Once that’s in place, every time you press Tab it will push the trailing text up to that tab stop.
LINEAR AT: tag	name	text	class	description	position (top-left x&y)	size (w&h)
label	Home	Home			(1833, 939)	(40, 17)
label	04 CHIN9505 EBook Purchasing info 2021 Jan.​docx	04 CHIN9505 EBook Purchasing info 2021 Jan.​docx			(1793, 819)	(120, 34)
menu	LibreOffice Writer	""			(99, 0)	(180, 27)
menu	System	""			(1814, 0)	(106, 27)
push-button	Chromium Web Browser	""			(0, 33)	(70, 64)
push-button	Thunderbird Mail	""			(0, 101)	(70, 64)
push-button	Visual Studio Code	""			(0, 169)	(70, 64)
push-button	VLC media player	""			(0, 237)	(70, 64)
push-button	LibreOffice Writer	""			(0, 305)	(70, 64)
push-button	LibreOffice Calc	""			(0, 373)	(70, 64)
push-button	LibreOffice Impress	""			(0, 441)	(70, 64)
push-button	GNU Image Manipulation Program	""			(0, 509)	(70, 64)
push-button	Files	""			(0, 577)	(70, 64)
push-button	Ubuntu Software	""			(0, 645)	(70, 64)
push-button	Help	""			(0, 713)	(70, 64)
push-button	Trash	""			(0, 784)	(70, 64)
toggle-button	Show Applications	""			(0, 915)	(70, 70)
menu	File	""			(70, 64)	(40, 25)
menu	Edit	""			(110, 64)	(43, 25)
menu	View	""			(153, 64)	(49, 25)
menu	Insert	""			(202, 64)	(55, 25)
menu	Format	""			(257, 64)	(66, 25)
menu	Styles	""			(323, 64)	(56, 25)
menu	Table	""			(379, 64)	(53, 25)
menu	Form	""			(432, 64)	(52, 25)
menu	Tools	""			(484, 64)	(52, 25)
menu	Window	""			(536, 64)	(70, 25)
menu	Help	""			(606, 64)	(47, 25)
menu	File	File			(70, 89)	(40, 21)
menu	Edit	Edit			(110, 89)	(43, 21)
menu	View	View			(153, 89)	(50, 21)
menu	Insert	Insert			(203, 89)	(56, 21)
menu	Format	Format			(259, 89)	(66, 21)
menu	Styles	Styles			(325, 89)	(56, 21)
menu	Table	Table			(381, 89)	(53, 21)
menu	Form	Form			(434, 89)	(52, 21)
menu	Tools	Tools			(486, 89)	(53, 21)
menu	Window	Window			(539, 89)	(73, 21)
menu	Help	Help			(612, 89)	(48, 21)
document-text	04 CHIN9505 EBook Purchasing info 2021 Jan - LibreOffice Document	""			(70, 271)	(1792, 693)
paragraph		Please find	 the E-book purchase option for your reference:  			(260, 470)	(1412, 33)
paragraph			Ho	w to use BLCUP eBook for PC 			(260, 503)	(1412, 64)
paragraph		Make payment for this eBook online. 			(260, 567)	(1412, 65)
paragraph		Enter User center (Your BLCUP ID. 			(260, 632)	(1412, 64)
paragraph		Download and install Windows eBook Reader (flipviewer) on your PC.			(260, 696)	(1412, 65)
paragraph		Enter User center (Your BLCUP ID.			(260, 761)	(1412, 65)
paragraph		Download eBook and input Subscription ID online to open the OPZ file.			(260, 826)	(1412, 64)
paragraph		Support Contact: service blcup.com			(260, 890)	(1412, 65)
paragraph		This product is protected by copyright. 			(260, 955)	(1412, 9)
scroll-bar	Vertical scroll bar	""			(1862, 247)	(12, 717)
toggle-button	Menu	""			(1874, 171)	(36, 34)
text		Help us make LibreOffice even better!			(111, 178)	(1611, 26)
push-button	Get involved	""			(1728, 170)	(117, 34)
text		Your donations support our worldwide community.			(111, 218)	(1645, 26)
push-button	Donate	""			(1762, 210)	(83, 34)
push-button	New	""			(74, 91)	(44, 35)
push-button	Open	""			(118, 91)	(44, 35)
push-button	Save	""			(162, 91)	(44, 35)
push-button	Export Directly as PDF	""			(214, 91)	(33, 35)
push-button	Print	""			(247, 91)	(33, 35)
toggle-button	Print Preview	""			(280, 91)	(33, 35)
push-button	Clone	""			(439, 91)	(33, 35)
push-button	Undo	""			(480, 91)	(44, 35)
toggle-button	Find and Replace	""			(576, 91)	(33, 35)
push-button	Spelling	""			(609, 91)	(33, 35)
toggle-button	Formatting Marks	""			(642, 91)	(33, 35)
push-button	Table	""			(683, 91)	(44, 35)
push-button	Image	""			(727, 91)	(33, 35)
push-button	Chart	""			(760, 91)	(33, 35)
push-button	Text Box	""			(793, 91)	(33, 35)
push-button	Page Break	""			(834, 91)	(33, 35)
push-button	Field	""			(867, 91)	(44, 35)
push-button	Symbol	""			(911, 91)	(44, 35)
toggle-button	Hyperlink	""			(963, 91)	(33, 35)
push-button	Footnote	""			(996, 91)	(33, 35)
push-button	Endnote	""			(1029, 91)	(33, 35)
push-button	Bookmark	""			(1062, 91)	(33, 35)
push-button	Cross-reference	""			(1095, 91)	(33, 35)
push-button	Comment	""			(1136, 91)	(33, 35)
toggle-button	Track Changes Functions	""			(1169, 91)	(33, 35)
push-button	Line	""			(1210, 91)	(33, 35)
push-button	Basic Shapes	""			(1243, 91)	(44, 35)
toggle-button	Draw Functions	""			(1287, 91)	(33, 35)
text		Normal (Web)			(74, 130)	(166, 34)
push-button	Update	""			(276, 130)	(33, 35)
push-button	New	""			(309, 130)	(33, 35)
text		Calibri			(350, 130)	(185, 34)
text		12 pt			(579, 130)	(65, 34)
toggle-button	Bold	""			(688, 130)	(33, 35)
toggle-button	Italic	""			(721, 130)	(33, 35)
push-button	Underline	""			(754, 130)	(44, 35)
toggle-button	Strikethrough	""			(798, 130)	(33, 35)
toggle-button	Superscript	""			(839, 130)	(33, 35)
toggle-button	Subscript	""			(872, 130)	(33, 35)
push-button	Clear	""			(913, 130)	(33, 35)
push-button	Font Color	""			(954, 130)	(44, 35)
push-button	Character Highlighting Color	""			(998, 130)	(44, 35)
toggle-button	Left	""			(1050, 130)	(33, 35)
toggle-button	Center	""			(1083, 130)	(33, 35)
toggle-button	Right	""			(1116, 130)	(33, 35)
toggle-button	Justified	""			(1149, 130)	(33, 35)
push-button	Unordered List	""			(1190, 130)	(44, 35)
push-button	Ordered List	""			(1234, 130)	(44, 35)
push-button	No List	""			(1278, 130)	(33, 35)
push-button	Increase	""			(1319, 130)	(33, 35)
push-button	Decrease	""			(1352, 130)	(33, 35)
push-button	Line Spacing	""			(1393, 130)	(44, 35)
push-button	Increase	""			(1437, 130)	(33, 35)
push-button	Decrease	""			(1470, 130)	(33, 35)
label		Page 1 of 1			(105, 966)	(248, 18)
label		72 words, 427 characters			(359, 966)	(385, 18)
label		Default Page Style			(750, 966)	(295, 18)
label		English (USA)			(1051, 966)	(265, 18)
label		173%			(1876, 966)	(38, 18)
Generating content with GPT model: o4-mini
RESPONSE: I need to switch the tab‐type icon on the left end of the ruler to the right‐aligned tab, then click on the ruler at about the 6.5″ mark to place a right tab stop there.

```python
import pyautogui, time

# 1) Click the tab‐selector until it shows the right‐tab icon
# (approx. left end of the horizontal ruler)
pyautogui.click(250, 274)
time.sleep(0.2)

# 2) Click on the ruler at roughly the 6.5" position to set a right‐aligned tab stop
pyautogui.click(910, 274)
time.sleep(0.2)
```
LINEAR AT: tag	name	text	class	description	position (top-left x&y)	size (w&h)
label	Home	Home			(1833, 939)	(40, 17)
label	04 CHIN9505 EBook Purchasing info 2021 Jan.​docx	04 CHIN9505 EBook Purchasing info 2021 Jan.​docx			(1793, 819)	(120, 34)
menu	LibreOffice Writer	""			(99, 0)	(180, 27)
menu	System	""			(1814, 0)	(106, 27)
push-button	Chromium Web Browser	""			(0, 33)	(70, 64)
push-button	Thunderbird Mail	""			(0, 101)	(70, 64)
push-button	Visual Studio Code	""			(0, 169)	(70, 64)
push-button	VLC media player	""			(0, 237)	(70, 64)
push-button	LibreOffice Writer	""			(0, 305)	(70, 64)
push-button	LibreOffice Calc	""			(0, 373)	(70, 64)
push-button	LibreOffice Impress	""			(0, 441)	(70, 64)
push-button	GNU Image Manipulation Program	""			(0, 509)	(70, 64)
push-button	Files	""			(0, 577)	(70, 64)
push-button	Ubuntu Software	""			(0, 645)	(70, 64)
push-button	Help	""			(0, 713)	(70, 64)
push-button	Trash	""			(0, 784)	(70, 64)
toggle-button	Show Applications	""			(0, 915)	(70, 70)
menu	File	""			(70, 64)	(40, 25)
menu	Edit	""			(110, 64)	(43, 25)
menu	View	""			(153, 64)	(49, 25)
menu	Insert	""			(202, 64)	(55, 25)
menu	Format	""			(257, 64)	(66, 25)
menu	Styles	""			(323, 64)	(56, 25)
menu	Table	""			(379, 64)	(53, 25)
menu	Form	""			(432, 64)	(52, 25)
menu	Tools	""			(484, 64)	(52, 25)
menu	Window	""			(536, 64)	(70, 25)
menu	Help	""			(606, 64)	(47, 25)
menu	File	File			(70, 89)	(40, 21)
menu	Edit	Edit			(110, 89)	(43, 21)
menu	View	View			(153, 89)	(50, 21)
menu	Insert	Insert			(203, 89)	(56, 21)
menu	Format	Format			(259, 89)	(66, 21)
menu	Styles	Styles			(325, 89)	(56, 21)
menu	Table	Table			(381, 89)	(53, 21)
menu	Form	Form			(434, 89)	(52, 21)
menu	Tools	Tools			(486, 89)	(53, 21)
menu	Window	Window			(539, 89)	(73, 21)
menu	Help	Help			(612, 89)	(48, 21)
document-text	04 CHIN9505 EBook Purchasing info 2021 Jan - LibreOffice Document	""			(70, 271)	(1792, 693)
paragraph		Please find	 the E-book purchase option for your reference:  			(260, 470)	(1412, 33)
paragraph			Ho	w to use BLCUP eBook for PC 			(260, 503)	(1412, 64)
paragraph		Make payment for this eBook online. 			(260, 567)	(1412, 65)
paragraph		Enter User center (Your BLCUP ID. 			(260, 632)	(1412, 64)
paragraph		Download and install Windows eBook Reader (flipviewer) on your PC.			(260, 696)	(1412, 65)
paragraph		Enter User center (Your BLCUP ID.			(260, 761)	(1412, 65)
paragraph		Download eBook and input Subscription ID online to open the OPZ file.			(260, 826)	(1412, 64)
paragraph		Support Contact: service blcup.com			(260, 890)	(1412, 65)
paragraph		This product is protected by copyright. 			(260, 955)	(1412, 9)
scroll-bar	Vertical scroll bar	""			(1862, 247)	(12, 717)
toggle-button	Menu	""			(1874, 171)	(36, 34)
text		Help us make LibreOffice even better!			(111, 178)	(1611, 26)
push-button	Get involved	""			(1728, 170)	(117, 34)
text		Your donations support our worldwide community.			(111, 218)	(1645, 26)
push-button	Donate	""			(1762, 210)	(83, 34)
push-button	New	""			(74, 91)	(44, 35)
push-button	Open	""			(118, 91)	(44, 35)
push-button	Save	""			(162, 91)	(44, 35)
push-button	Export Directly as PDF	""			(214, 91)	(33, 35)
push-button	Print	""			(247, 91)	(33, 35)
toggle-button	Print Preview	""			(280, 91)	(33, 35)
push-button	Clone	""			(439, 91)	(33, 35)
push-button	Undo	""			(480, 91)	(44, 35)
toggle-button	Find and Replace	""			(576, 91)	(33, 35)
push-button	Spelling	""			(609, 91)	(33, 35)
toggle-button	Formatting Marks	""			(642, 91)	(33, 35)
push-button	Table	""			(683, 91)	(44, 35)
push-button	Image	""			(727, 91)	(33, 35)
push-button	Chart	""			(760, 91)	(33, 35)
push-button	Text Box	""			(793, 91)	(33, 35)
push-button	Page Break	""			(834, 91)	(33, 35)
push-button	Field	""			(867, 91)	(44, 35)
push-button	Symbol	""			(911, 91)	(44, 35)
toggle-button	Hyperlink	""			(963, 91)	(33, 35)
push-button	Footnote	""			(996, 91)	(33, 35)
push-button	Endnote	""			(1029, 91)	(33, 35)
push-button	Bookmark	""			(1062, 91)	(33, 35)
push-button	Cross-reference	""			(1095, 91)	(33, 35)
push-button	Comment	""			(1136, 91)	(33, 35)
toggle-button	Track Changes Functions	""			(1169, 91)	(33, 35)
push-button	Line	""			(1210, 91)	(33, 35)
push-button	Basic Shapes	""			(1243, 91)	(44, 35)
toggle-button	Draw Functions	""			(1287, 91)	(33, 35)
text		Normal (Web)			(74, 130)	(166, 34)
push-button	Update	""			(276, 130)	(33, 35)
push-button	New	""			(309, 130)	(33, 35)
text		Calibri			(350, 130)	(185, 34)
text		12 pt			(579, 130)	(65, 34)
toggle-button	Bold	""			(688, 130)	(33, 35)
toggle-button	Italic	""			(721, 130)	(33, 35)
push-button	Underline	""			(754, 130)	(44, 35)
toggle-button	Strikethrough	""			(798, 130)	(33, 35)
toggle-button	Superscript	""			(839, 130)	(33, 35)
toggle-button	Subscript	""			(872, 130)	(33, 35)
push-button	Clear	""			(913, 130)	(33, 35)
push-button	Font Color	""			(954, 130)	(44, 35)
push-button	Character Highlighting Color	""			(998, 130)	(44, 35)
toggle-button	Left	""			(1050, 130)	(33, 35)
toggle-button	Center	""			(1083, 130)	(33, 35)
toggle-button	Right	""			(1116, 130)	(33, 35)
toggle-button	Justified	""			(1149, 130)	(33, 35)
push-button	Unordered List	""			(1190, 130)	(44, 35)
push-button	Ordered List	""			(1234, 130)	(44, 35)
push-button	No List	""			(1278, 130)	(33, 35)
push-button	Increase	""			(1319, 130)	(33, 35)
push-button	Decrease	""			(1352, 130)	(33, 35)
push-button	Line Spacing	""			(1393, 130)	(44, 35)
push-button	Increase	""			(1437, 130)	(33, 35)
push-button	Decrease	""			(1470, 130)	(33, 35)
label		Page 1 of 1			(105, 966)	(248, 18)
label		72 words, 427 characters			(359, 966)	(385, 18)
label		Default Page Style			(750, 966)	(295, 18)
label		English (USA)			(1051, 966)	(265, 18)
label		173%			(1876, 966)	(38, 18)
Generating content with GPT model: o4-mini
RESPONSE: We’ve placed a right-aligned tab stop on the ruler at about the 6.5″ mark. Next, I’ll click just after the third word (“use”) on the second line and press Tab to push the remainder to that right tab:

```python
import pyautogui, time

# click right after "use" on the "How to use..." line
pyautogui.click(650, 505)
time.sleep(0.2)

# apply the right tab stop
pyautogui.press('tab')
```
