LINEAR AT: tag	name	text	class	description	position (top-left x&y)	size (w&h)
label	Home	Home			(1833, 939)	(40, 17)
push-button	Search tabs	Search tabs			(76, 64)	(28, 41)
push-button	Close	Close			(312, 70)	(28, 28)
push-button	New Tab	New Tab			(348, 64)	(28, 41)
push-button	Reload	Reload			(147, 110)	(34, 34)
entry	Address and search bar	""			(227, 115)	(1565, 24)
push-button	Bookmark this tab	""			(1800, 115)	(24, 24)
push-button	Work	Work			(1845, 110)	(34, 34)
push-button	Chromium	Chromium			(1881, 110)	(39, 34)
document-web	New Tab	""			(70, 151)	(1850, 834)
link	Gmail 	Gmail			(1712, 171)	(35, 24)
static	Gmail	Gmail			(1712, 175)	(35, 15)
link	Search for Images 	Images			(1761, 171)	(43, 24)
static	Images	Images			(1761, 175)	(43, 15)
push-button	Search Labs	""			(1818, 163)	(41, 40)
section		  			(1818, 163)	(41, 40)
push-button	Google apps	""			(1866, 163)	(40, 40)
section		  			(1866, 163)	(40, 40)
combo-box	Search Google or type a URL	""			(622, 413)	(746, 48)
push-button	Search by voice	""			(1289, 413)	(26, 48)
push-button	Search by image	""			(1326, 413)	(26, 48)
link	Web Store	""			(883, 479)	(112, 112)
push-button	More actions for Web Store shortcut	""			(965, 483)	(28, 28)
static	Web Store	Web Store			(909, 559)	(60, 15)
push-button	Add shortcut	Add shortcut			(995, 479)	(112, 112)
static	Add shortcut	Add shortcut			(1013, 559)	(76, 15)
toggle-button	Customize Chromium	""			(1722, 937)	(182, 32)
section		Customize Chromium			(1762, 943)	(126, 20)
static	Customize Chromium	Customize Chromium			(1762, 945)	(126, 15)
menu	Chromium Web Browser	""			(99, 0)	(219, 27)
menu	System	""			(1814, 0)	(106, 27)
label	Please download waiting software updates.	""			(810, 73)	(291, 17)
push-button	Chromium Web Browser	""			(0, 33)	(70, 64)
push-button	Thunderbird Mail	""			(0, 101)	(70, 64)
push-button	Visual Studio Code	""			(0, 169)	(70, 64)
push-button	VLC media player	""			(0, 237)	(70, 64)
push-button	LibreOffice Writer	""			(0, 305)	(70, 64)
push-button	LibreOffice Calc	""			(0, 373)	(70, 64)
push-button	LibreOffice Impress	""			(0, 441)	(70, 64)
push-button	GNU Image Manipulation Program	""			(0, 509)	(70, 64)
push-button	Files	""			(0, 577)	(70, 64)
push-button	Ubuntu Software	""			(0, 645)	(70, 64)
push-button	Help	""			(0, 713)	(70, 64)
push-button	Trash	""			(0, 784)	(70, 64)
toggle-button	Show Applications	""			(0, 915)	(70, 70)
Generating content with GPT model: o4-mini
RESPONSE: Reflection: The bookmarks bar is not currently visible in the Chromium window. To create a folder on the bookmarks bar, first I need to toggle the bookmarks bar on (Ctrl+Shift+B).

```python
import pyautogui, time

time.sleep(0.5)
pyautogui.hotkey('ctrl', 'shift', 'b')
```
LINEAR AT: tag	name	text	class	description	position (top-left x&y)	size (w&h)
label	Home	Home			(1833, 939)	(40, 17)
push-button	Search tabs	Search tabs			(76, 64)	(28, 41)
push-button	Close	Close			(312, 70)	(28, 28)
push-button	New Tab	New Tab			(348, 64)	(28, 41)
push-button	Reload	Reload			(147, 110)	(34, 34)
entry	Address and search bar	""			(227, 115)	(1565, 24)
push-button	Bookmark this tab	""			(1800, 115)	(24, 24)
push-button	Work	Work			(1845, 110)	(34, 34)
push-button	Chromium	Chromium			(1881, 110)	(39, 34)
push-button	Tab groups	""			(76, 150)	(28, 28)
document-web	New Tab	""			(70, 185)	(1850, 800)
link	Gmail 	Gmail			(1712, 205)	(35, 24)
static	Gmail	Gmail			(1712, 209)	(35, 15)
link	Search for Images 	Images			(1761, 205)	(43, 24)
static	Images	Images			(1761, 209)	(43, 15)
push-button	Search Labs	""			(1818, 197)	(41, 40)
section		  			(1818, 197)	(41, 40)
push-button	Google apps	""			(1866, 197)	(40, 40)
section		  			(1866, 197)	(40, 40)
combo-box	Search Google or type a URL	""			(622, 447)	(746, 48)
push-button	Search by voice	""			(1289, 447)	(26, 48)
push-button	Search by image	""			(1326, 447)	(26, 48)
link	Web Store	""			(883, 513)	(112, 112)
push-button	More actions for Web Store shortcut	""			(965, 517)	(28, 28)
static	Web Store	Web Store			(909, 593)	(60, 15)
push-button	Add shortcut	Add shortcut			(995, 513)	(112, 112)
static	Add shortcut	Add shortcut			(1013, 593)	(76, 15)
toggle-button	Customize Chromium	""			(1722, 937)	(182, 32)
section		Customize Chromium			(1762, 943)	(126, 20)
static	Customize Chromium	Customize Chromium			(1762, 945)	(126, 15)
menu	Chromium Web Browser	""			(99, 0)	(219, 27)
menu	System	""			(1814, 0)	(106, 27)
label	Please download waiting software updates.	""			(810, 73)	(291, 17)
push-button	Chromium Web Browser	""			(0, 33)	(70, 64)
push-button	Thunderbird Mail	""			(0, 101)	(70, 64)
push-button	Visual Studio Code	""			(0, 169)	(70, 64)
push-button	VLC media player	""			(0, 237)	(70, 64)
push-button	LibreOffice Writer	""			(0, 305)	(70, 64)
push-button	LibreOffice Calc	""			(0, 373)	(70, 64)
push-button	LibreOffice Impress	""			(0, 441)	(70, 64)
push-button	GNU Image Manipulation Program	""			(0, 509)	(70, 64)
push-button	Files	""			(0, 577)	(70, 64)
push-button	Ubuntu Software	""			(0, 645)	(70, 64)
push-button	Help	""			(0, 713)	(70, 64)
push-button	Trash	""			(0, 784)	(70, 64)
toggle-button	Show Applications	""			(0, 915)	(70, 70)
Generating content with GPT model: o4-mini
RESPONSE: Reflection: The bookmarks bar is now visible (you can see the grid icon under the address bar). To add a new folder, I need to open its context menu. The next step is to right-click on an empty spot of the bookmarks bar.

```python
import pyautogui, time

time.sleep(0.5)
# right-click on an empty area of the bookmarks bar (just to the right of the Apps grid icon)
pyautogui.click(x=150, y=140, button='right')
```
LINEAR AT: tag	name	text	class	description	position (top-left x&y)	size (w&h)
label	Home	Home			(1833, 939)	(40, 17)
push-button	Search tabs	Search tabs			(76, 64)	(28, 41)
push-button	Close	Close			(312, 70)	(28, 28)
push-button	New Tab	New Tab			(348, 64)	(28, 41)
push-button	Reload	Reload			(147, 110)	(34, 34)
entry	Address and search bar	""			(227, 115)	(1565, 24)
push-button	Bookmark this tab	""			(1800, 115)	(24, 24)
push-button	Work	Work			(1845, 110)	(34, 34)
push-button	Chromium	Chromium			(1881, 110)	(39, 34)
push-button	Tab groups	""			(76, 150)	(28, 28)
document-web	New Tab	""			(70, 185)	(1850, 800)
link	Gmail 	Gmail			(1712, 205)	(35, 24)
static	Gmail	Gmail			(1712, 209)	(35, 15)
link	Search for Images 	Images			(1761, 205)	(43, 24)
static	Images	Images			(1761, 209)	(43, 15)
push-button	Search Labs	""			(1818, 197)	(41, 40)
section		  			(1818, 197)	(41, 40)
push-button	Google apps	""			(1866, 197)	(40, 40)
section		  			(1866, 197)	(40, 40)
combo-box	Search Google or type a URL	""			(622, 447)	(746, 48)
push-button	Search by voice	""			(1289, 447)	(26, 48)
push-button	Search by image	""			(1326, 447)	(26, 48)
link	Web Store	""			(883, 513)	(112, 112)
push-button	More actions for Web Store shortcut	""			(965, 517)	(28, 28)
static	Web Store	Web Store			(909, 593)	(60, 15)
push-button	Add shortcut	Add shortcut			(995, 513)	(112, 112)
static	Add shortcut	Add shortcut			(1013, 593)	(76, 15)
toggle-button	Customize Chromium	""			(1722, 937)	(182, 32)
section		Customize Chromium			(1762, 943)	(126, 20)
static	Customize Chromium	Customize Chromium			(1762, 945)	(126, 15)
menu	Chromium Web Browser	""			(99, 0)	(219, 27)
menu	System	""			(1814, 0)	(106, 27)
push-button	Chromium Web Browser	""			(0, 33)	(70, 64)
push-button	Thunderbird Mail	""			(0, 101)	(70, 64)
push-button	Visual Studio Code	""			(0, 169)	(70, 64)
push-button	VLC media player	""			(0, 237)	(70, 64)
push-button	LibreOffice Writer	""			(0, 305)	(70, 64)
push-button	LibreOffice Calc	""			(0, 373)	(70, 64)
push-button	LibreOffice Impress	""			(0, 441)	(70, 64)
push-button	GNU Image Manipulation Program	""			(0, 509)	(70, 64)
push-button	Files	""			(0, 577)	(70, 64)
push-button	Ubuntu Software	""			(0, 645)	(70, 64)
push-button	Help	""			(0, 713)	(70, 64)
push-button	Trash	""			(0, 784)	(70, 64)
toggle-button	Show Applications	""			(0, 915)	(70, 70)
Generating content with GPT model: o4-mini
RESPONSE: Reflection: To create a folder I need to open the bookmarks‐bar context menu. I’ll right-click on an empty spot on the bar, just to the right of the Apps grid icon.

```python
import pyautogui, time

time.sleep(0.5)
# right-click on the bookmarks bar empty area (just right of the apps grid icon)
pyautogui.click(x=120, y=150, button='right')
```
LINEAR AT: tag	name	text	class	description	position (top-left x&y)	size (w&h)
label	Home	Home			(1833, 939)	(40, 17)
push-button	Search tabs	Search tabs			(76, 64)	(28, 41)
push-button	Close	Close			(312, 70)	(28, 28)
push-button	New Tab	New Tab			(348, 64)	(28, 41)
push-button	Reload	Reload			(147, 110)	(34, 34)
entry	Address and search bar	""			(227, 115)	(1565, 24)
push-button	Bookmark this tab	""			(1800, 115)	(24, 24)
push-button	Work	Work			(1845, 110)	(34, 34)
push-button	Chromium	Chromium			(1881, 110)	(39, 34)
push-button	Tab groups	""			(76, 150)	(28, 28)
document-web	New Tab	""			(70, 185)	(1850, 800)
link	Gmail 	Gmail			(1712, 205)	(35, 24)
static	Gmail	Gmail			(1712, 209)	(35, 15)
link	Search for Images 	Images			(1761, 205)	(43, 24)
static	Images	Images			(1761, 209)	(43, 15)
push-button	Search Labs	""			(1818, 197)	(41, 40)
section		  			(1818, 197)	(41, 40)
push-button	Google apps	""			(1866, 197)	(40, 40)
section		  			(1866, 197)	(40, 40)
combo-box	Search Google or type a URL	""			(622, 447)	(746, 48)
push-button	Search by voice	""			(1289, 447)	(26, 48)
push-button	Search by image	""			(1326, 447)	(26, 48)
link	Web Store	""			(883, 513)	(112, 112)
push-button	More actions for Web Store shortcut	""			(965, 517)	(28, 28)
static	Web Store	Web Store			(909, 593)	(60, 15)
push-button	Add shortcut	Add shortcut			(995, 513)	(112, 112)
static	Add shortcut	Add shortcut			(1013, 593)	(76, 15)
toggle-button	Customize Chromium	""			(1722, 937)	(182, 32)
section		Customize Chromium			(1762, 943)	(126, 20)
static	Customize Chromium	Customize Chromium			(1762, 945)	(126, 15)
menu-item	Add page…	Add page…			(120, 509)	(284, 31)
menu-item	Add folder…	Add folder…			(120, 540)	(284, 31)
menu-item	Bookmark manager	Bookmark manager			(120, 588)	(284, 31)
check-menu-item	Show apps shortcut	Show apps shortcut			(120, 619)	(284, 31)
check-menu-item	Show tab groups	Show tab groups			(120, 650)	(284, 31)
check-menu-item	Show bookmarks bar	Show bookmarks bar			(120, 681)	(284, 31)
menu	Chromium Web Browser	""			(99, 0)	(219, 27)
menu	System	""			(1814, 0)	(106, 27)
push-button	Chromium Web Browser	""			(0, 33)	(70, 64)
push-button	Thunderbird Mail	""			(0, 101)	(70, 64)
push-button	Visual Studio Code	""			(0, 169)	(70, 64)
push-button	VLC media player	""			(0, 237)	(70, 64)
push-button	LibreOffice Writer	""			(0, 305)	(70, 64)
push-button	LibreOffice Calc	""			(0, 373)	(70, 64)
push-button	LibreOffice Impress	""			(0, 441)	(70, 64)
push-button	GNU Image Manipulation Program	""			(0, 509)	(70, 64)
push-button	Files	""			(0, 577)	(70, 64)
push-button	Ubuntu Software	""			(0, 645)	(70, 64)
push-button	Help	""			(0, 713)	(70, 64)
push-button	Trash	""			(0, 784)	(70, 64)
toggle-button	Show Applications	""			(0, 915)	(70, 70)
Generating content with GPT model: o4-mini
RESPONSE: Reflection: The context menu for the bookmarks bar is open. To create a new folder, I need to select the “Add folder…” menu item.

```python
import pyautogui, time

time.sleep(0.5)
# click the "Add folder…" item in the bookmarks-bar context menu
pyautogui.click(x=262, y=556)
```
LINEAR AT: tag	name	text	class	description	position (top-left x&y)	size (w&h)
label	Home	Home			(1833, 939)	(40, 17)
push-button	Search tabs	Search tabs			(76, 64)	(28, 41)
push-button	Close	Close			(312, 70)	(28, 28)
push-button	New Tab	New Tab			(348, 64)	(28, 41)
push-button	Reload	Reload			(147, 110)	(34, 34)
entry	Address and search bar	""			(227, 115)	(1565, 24)
push-button	Bookmark this tab	""			(1800, 115)	(24, 24)
push-button	Work	Work			(1845, 110)	(34, 34)
push-button	Chromium	Chromium			(1881, 110)	(39, 34)
push-button	Tab groups	""			(76, 150)	(28, 28)
document-web	New Tab	""			(70, 185)	(1850, 800)
link	Gmail 	Gmail			(1712, 205)	(35, 24)
static	Gmail	Gmail			(1712, 209)	(35, 15)
link	Search for Images 	Images			(1761, 205)	(43, 24)
static	Images	Images			(1761, 209)	(43, 15)
push-button	Search Labs	""			(1818, 197)	(41, 40)
section		  			(1818, 197)	(41, 40)
push-button	Google apps	""			(1866, 197)	(40, 40)
section		  			(1866, 197)	(40, 40)
combo-box	Search Google or type a URL	""			(622, 447)	(746, 48)
push-button	Search by voice	""			(1289, 447)	(26, 48)
push-button	Search by image	""			(1326, 447)	(26, 48)
link	Web Store	""			(883, 513)	(112, 112)
push-button	More actions for Web Store shortcut	""			(965, 517)	(28, 28)
static	Web Store	Web Store			(909, 593)	(60, 15)
push-button	Add shortcut	Add shortcut			(995, 513)	(112, 112)
static	Add shortcut	Add shortcut			(1013, 593)	(76, 15)
toggle-button	Customize Chromium	""			(1722, 937)	(182, 32)
section		Customize Chromium			(1762, 943)	(126, 20)
static	Customize Chromium	Customize Chromium			(1762, 945)	(126, 15)
heading	New folder	New folder			(679, 167)	(632, 24)
static	Name	Name			(679, 215)	(41, 22)
entry	Bookmark name	New folder			(736, 207)	(575, 38)
tree-item	Bookmarks bar	Bookmarks bar			(682, 254)	(147, 23)
tree-item	Other bookmarks	Other bookmarks			(682, 277)	(164, 23)
push-button	New folder	New folder			(679, 656)	(115, 39)
push-button	Cancel	Cancel			(1139, 656)	(82, 39)
push-button	Save	Save			(1229, 656)	(82, 39)
heading	New folder	New folder			(679, 167)	(632, 24)
static	Name	Name			(679, 215)	(41, 22)
entry	Bookmark name	New folder			(736, 207)	(575, 38)
tree-item	Bookmarks bar	Bookmarks bar			(682, 254)	(147, 23)
tree-item	Other bookmarks	Other bookmarks			(682, 277)	(164, 23)
push-button	New folder	New folder			(679, 656)	(115, 39)
push-button	Cancel	Cancel			(1139, 656)	(82, 39)
push-button	Save	Save			(1229, 656)	(82, 39)
menu	Chromium Web Browser	""			(99, 0)	(219, 27)
menu	System	""			(1814, 0)	(106, 27)
push-button	Chromium Web Browser	""			(0, 33)	(70, 64)
push-button	Thunderbird Mail	""			(0, 101)	(70, 64)
push-button	Visual Studio Code	""			(0, 169)	(70, 64)
push-button	VLC media player	""			(0, 237)	(70, 64)
push-button	LibreOffice Writer	""			(0, 305)	(70, 64)
push-button	LibreOffice Calc	""			(0, 373)	(70, 64)
push-button	LibreOffice Impress	""			(0, 441)	(70, 64)
push-button	GNU Image Manipulation Program	""			(0, 509)	(70, 64)
push-button	Files	""			(0, 577)	(70, 64)
push-button	Ubuntu Software	""			(0, 645)	(70, 64)
push-button	Help	""			(0, 713)	(70, 64)
push-button	Trash	""			(0, 784)	(70, 64)
toggle-button	Show Applications	""			(0, 915)	(70, 70)
Generating content with GPT model: o4-mini
RESPONSE: I can see the “New folder” dialog with the name field pre-selected. Next I’ll overwrite that with “Favorites” and then click Save.

```python
import pyautogui, time

time.sleep(0.5)
# Type the folder name
pyautogui.typewrite('Favorites', interval=0.05)
time.sleep(0.3)
# Click the Save button
pyautogui.click(x=1229, y=656)
```
LINEAR AT: tag	name	text	class	description	position (top-left x&y)	size (w&h)
label	Home	Home			(1833, 939)	(40, 17)
push-button	Search tabs	Search tabs			(76, 64)	(28, 41)
push-button	Close	Close			(312, 70)	(28, 28)
push-button	New Tab	New Tab			(348, 64)	(28, 41)
push-button	Reload	Reload			(147, 110)	(34, 34)
entry	Address and search bar	""			(227, 115)	(1565, 24)
push-button	Bookmark this tab	""			(1800, 115)	(24, 24)
push-button	Work	Work			(1845, 110)	(34, 34)
push-button	Chromium	Chromium			(1881, 110)	(39, 34)
push-button	Tab groups	""			(82, 150)	(28, 28)
push-button	Favorites	Favorites			(128, 150)	(100, 28)
document-web	New Tab	""			(70, 185)	(1850, 800)
link	Gmail 	Gmail			(1712, 205)	(35, 24)
static	Gmail	Gmail			(1712, 209)	(35, 15)
link	Search for Images 	Images			(1761, 205)	(43, 24)
static	Images	Images			(1761, 209)	(43, 15)
push-button	Search Labs	""			(1818, 197)	(41, 40)
section		  			(1818, 197)	(41, 40)
push-button	Google apps	""			(1866, 197)	(40, 40)
section		  			(1866, 197)	(40, 40)
combo-box	Search Google or type a URL	""			(622, 447)	(746, 48)
push-button	Search by voice	""			(1289, 447)	(26, 48)
push-button	Search by image	""			(1326, 447)	(26, 48)
link	Web Store	""			(883, 513)	(112, 112)
push-button	More actions for Web Store shortcut	""			(965, 517)	(28, 28)
static	Web Store	Web Store			(909, 593)	(60, 15)
push-button	Add shortcut	Add shortcut			(995, 513)	(112, 112)
static	Add shortcut	Add shortcut			(1013, 593)	(76, 15)
toggle-button	Customize Chromium	""			(1722, 937)	(182, 32)
section		Customize Chromium			(1762, 943)	(126, 20)
static	Customize Chromium	Customize Chromium			(1762, 945)	(126, 15)
menu	Chromium Web Browser	""			(99, 0)	(219, 27)
menu	System	""			(1814, 0)	(106, 27)
push-button	Chromium Web Browser	""			(0, 33)	(70, 64)
push-button	Thunderbird Mail	""			(0, 101)	(70, 64)
push-button	Visual Studio Code	""			(0, 169)	(70, 64)
push-button	VLC media player	""			(0, 237)	(70, 64)
push-button	LibreOffice Writer	""			(0, 305)	(70, 64)
push-button	LibreOffice Calc	""			(0, 373)	(70, 64)
push-button	LibreOffice Impress	""			(0, 441)	(70, 64)
push-button	GNU Image Manipulation Program	""			(0, 509)	(70, 64)
push-button	Files	""			(0, 577)	(70, 64)
push-button	Ubuntu Software	""			(0, 645)	(70, 64)
push-button	Help	""			(0, 713)	(70, 64)
push-button	Trash	""			(0, 784)	(70, 64)
toggle-button	Show Applications	""			(0, 915)	(70, 70)
Generating content with GPT model: o4-mini
RESPONSE: Reflection: The “Favorites” folder is now visible on the bookmarks bar, so the new folder has been successfully created.

```python
DONE
```
