LINEAR AT: tag	name	text	class	description	position (top-left x&y)	size (w&h)
label	Home	Home			(1833, 939)	(40, 17)
push-button	Search tabs	Search tabs			(76, 64)	(28, 41)
push-button	Close	Close			(312, 70)	(28, 28)
push-button	New Tab	New Tab			(348, 64)	(28, 41)
push-button	Reload	Reload			(147, 110)	(34, 34)
entry	Address and search bar	""			(227, 115)	(1565, 24)
push-button	Bookmark this tab	""			(1800, 115)	(24, 24)
push-button	Work	Work			(1845, 110)	(34, 34)
push-button	Chromium	Chromium			(1881, 110)	(39, 34)
document-web	New Tab	""			(70, 151)	(1850, 834)
link	Gmail 	Gmail			(1712, 171)	(35, 24)
static	Gmail	Gmail			(1712, 175)	(35, 15)
link	Search for Images 	Images			(1761, 171)	(43, 24)
static	Images	Images			(1761, 175)	(43, 15)
push-button	Search Labs	""			(1818, 163)	(41, 40)
section		  			(1818, 163)	(41, 40)
push-button	Google apps	""			(1866, 163)	(40, 40)
section		  			(1866, 163)	(40, 40)
combo-box	Search Google or type a URL	""			(622, 413)	(746, 48)
push-button	Search by voice	""			(1289, 413)	(26, 48)
push-button	Search by image	""			(1326, 413)	(26, 48)
link	Web Store	""			(883, 479)	(112, 112)
push-button	More actions for Web Store shortcut	""			(965, 483)	(28, 28)
static	Web Store	Web Store			(909, 559)	(60, 15)
push-button	Add shortcut	Add shortcut			(995, 479)	(112, 112)
static	Add shortcut	Add shortcut			(1013, 559)	(76, 15)
toggle-button	Customize Chromium	""			(1722, 937)	(182, 32)
section		Customize Chromium			(1762, 943)	(126, 20)
static	Customize Chromium	Customize Chromium			(1762, 945)	(126, 15)
menu	Chromium Web Browser	""			(99, 0)	(219, 27)
menu	System	""			(1814, 0)	(106, 27)
label	Please download waiting software updates.	""			(810, 73)	(291, 17)
push-button	Chromium Web Browser	""			(0, 33)	(70, 64)
push-button	Thunderbird Mail	""			(0, 101)	(70, 64)
push-button	Visual Studio Code	""			(0, 169)	(70, 64)
push-button	VLC media player	""			(0, 237)	(70, 64)
push-button	LibreOffice Writer	""			(0, 305)	(70, 64)
push-button	LibreOffice Calc	""			(0, 373)	(70, 64)
push-button	LibreOffice Impress	""			(0, 441)	(70, 64)
push-button	GNU Image Manipulation Program	""			(0, 509)	(70, 64)
push-button	Files	""			(0, 577)	(70, 64)
push-button	Ubuntu Software	""			(0, 645)	(70, 64)
push-button	Help	""			(0, 713)	(70, 64)
push-button	Trash	""			(0, 784)	(70, 64)
toggle-button	Show Applications	""			(0, 915)	(70, 70)
Generating content with GPT model: o4-mini
RESPONSE: Reflection: The Chromium window is open on a new tab, but the bookmarks bar is currently hidden. To create a folder on the bookmarks bar we first need to reveal it.

```python
import pyautogui
import time

# Show the bookmarks bar
pyautogui.hotkey('ctrl', 'shift', 'b')
time.sleep(0.5)
```
LINEAR AT: tag	name	text	class	description	position (top-left x&y)	size (w&h)
label	Home	Home			(1833, 939)	(40, 17)
push-button	Search tabs	Search tabs			(76, 64)	(28, 41)
push-button	Close	Close			(312, 70)	(28, 28)
push-button	New Tab	New Tab			(348, 64)	(28, 41)
push-button	Reload	Reload			(147, 110)	(34, 34)
entry	Address and search bar	""			(227, 115)	(1565, 24)
push-button	Bookmark this tab	""			(1800, 115)	(24, 24)
push-button	Work	Work			(1845, 110)	(34, 34)
push-button	Chromium	Chromium			(1881, 110)	(39, 34)
push-button	Tab groups	""			(76, 150)	(28, 28)
document-web	New Tab	""			(70, 185)	(1850, 800)
link	Gmail 	Gmail			(1712, 205)	(35, 24)
static	Gmail	Gmail			(1712, 209)	(35, 15)
link	Search for Images 	Images			(1761, 205)	(43, 24)
static	Images	Images			(1761, 209)	(43, 15)
push-button	Search Labs	""			(1818, 197)	(41, 40)
section		  			(1818, 197)	(41, 40)
push-button	Google apps	""			(1866, 197)	(40, 40)
section		  			(1866, 197)	(40, 40)
combo-box	Search Google or type a URL	""			(622, 447)	(746, 48)
push-button	Search by voice	""			(1289, 447)	(26, 48)
push-button	Search by image	""			(1326, 447)	(26, 48)
link	Web Store	""			(883, 513)	(112, 112)
push-button	More actions for Web Store shortcut	""			(965, 517)	(28, 28)
static	Web Store	Web Store			(909, 593)	(60, 15)
push-button	Add shortcut	Add shortcut			(995, 513)	(112, 112)
static	Add shortcut	Add shortcut			(1013, 593)	(76, 15)
toggle-button	Customize Chromium	""			(1722, 937)	(182, 32)
section		Customize Chromium			(1762, 943)	(126, 20)
static	Customize Chromium	Customize Chromium			(1762, 945)	(126, 15)
menu	Chromium Web Browser	""			(99, 0)	(219, 27)
menu	System	""			(1814, 0)	(106, 27)
label	Please download waiting software updates.	""			(810, 73)	(291, 17)
push-button	Chromium Web Browser	""			(0, 33)	(70, 64)
push-button	Thunderbird Mail	""			(0, 101)	(70, 64)
push-button	Visual Studio Code	""			(0, 169)	(70, 64)
push-button	VLC media player	""			(0, 237)	(70, 64)
push-button	LibreOffice Writer	""			(0, 305)	(70, 64)
push-button	LibreOffice Calc	""			(0, 373)	(70, 64)
push-button	LibreOffice Impress	""			(0, 441)	(70, 64)
push-button	GNU Image Manipulation Program	""			(0, 509)	(70, 64)
push-button	Files	""			(0, 577)	(70, 64)
push-button	Ubuntu Software	""			(0, 645)	(70, 64)
push-button	Help	""			(0, 713)	(70, 64)
push-button	Trash	""			(0, 784)	(70, 64)
toggle-button	Show Applications	""			(0, 915)	(70, 70)
Generating content with GPT model: o4-mini
RESPONSE: Reflection: The bookmarks bar is still hidden, so before creating a folder on it I need to toggle it visible.

```python
import pyautogui
import time

# Show the bookmarks bar in Chromium
pyautogui.hotkey('ctrl', 'shift', 'b')
time.sleep(0.5)
```
LINEAR AT: tag	name	text	class	description	position (top-left x&y)	size (w&h)
label	Home	Home			(1833, 939)	(40, 17)
push-button	Search tabs	Search tabs			(76, 64)	(28, 41)
push-button	Close	Close			(312, 70)	(28, 28)
push-button	New Tab	New Tab			(348, 64)	(28, 41)
push-button	Reload	Reload			(147, 110)	(34, 34)
entry	Address and search bar	""			(227, 115)	(1565, 24)
push-button	Bookmark this tab	""			(1800, 115)	(24, 24)
push-button	Work	Work			(1845, 110)	(34, 34)
push-button	Chromium	Chromium			(1881, 110)	(39, 34)
document-web	New Tab	""			(70, 151)	(1850, 834)
link	Gmail 	Gmail			(1712, 171)	(35, 24)
static	Gmail	Gmail			(1712, 175)	(35, 15)
link	Search for Images 	Images			(1761, 171)	(43, 24)
static	Images	Images			(1761, 175)	(43, 15)
push-button	Search Labs	""			(1818, 163)	(41, 40)
section		  			(1818, 163)	(41, 40)
push-button	Google apps	""			(1866, 163)	(40, 40)
section		  			(1866, 163)	(40, 40)
combo-box	Search Google or type a URL	""			(622, 413)	(746, 48)
push-button	Search by voice	""			(1289, 413)	(26, 48)
push-button	Search by image	""			(1326, 413)	(26, 48)
link	Web Store	""			(883, 479)	(112, 112)
push-button	More actions for Web Store shortcut	""			(965, 483)	(28, 28)
static	Web Store	Web Store			(909, 559)	(60, 15)
push-button	Add shortcut	Add shortcut			(995, 479)	(112, 112)
static	Add shortcut	Add shortcut			(1013, 559)	(76, 15)
toggle-button	Customize Chromium	""			(1722, 937)	(182, 32)
section		Customize Chromium			(1762, 943)	(126, 20)
static	Customize Chromium	Customize Chromium			(1762, 945)	(126, 15)
menu	Chromium Web Browser	""			(99, 0)	(219, 27)
menu	System	""			(1814, 0)	(106, 27)
push-button	Chromium Web Browser	""			(0, 33)	(70, 64)
push-button	Thunderbird Mail	""			(0, 101)	(70, 64)
push-button	Visual Studio Code	""			(0, 169)	(70, 64)
push-button	VLC media player	""			(0, 237)	(70, 64)
push-button	LibreOffice Writer	""			(0, 305)	(70, 64)
push-button	LibreOffice Calc	""			(0, 373)	(70, 64)
push-button	LibreOffice Impress	""			(0, 441)	(70, 64)
push-button	GNU Image Manipulation Program	""			(0, 509)	(70, 64)
push-button	Files	""			(0, 577)	(70, 64)
push-button	Ubuntu Software	""			(0, 645)	(70, 64)
push-button	Help	""			(0, 713)	(70, 64)
push-button	Trash	""			(0, 784)	(70, 64)
toggle-button	Show Applications	""			(0, 915)	(70, 70)
Generating content with GPT model: o4-mini
RESPONSE: Reflection: The bookmarks bar has been toggled on. To add a new folder into it I need to get into the Bookmark Manager so I can create “Favorites.”

Next step: open the Bookmark Manager (e.g. via Ctrl + Shift + O) so that I can add a new folder.
LINEAR AT: tag	name	text	class	description	position (top-left x&y)	size (w&h)
label	Home	Home			(1833, 939)	(40, 17)
push-button	Search tabs	Search tabs			(76, 64)	(28, 41)
push-button	Close	Close			(312, 70)	(28, 28)
push-button	New Tab	New Tab			(348, 64)	(28, 41)
push-button	Reload	Reload			(147, 110)	(34, 34)
entry	Address and search bar	""			(227, 115)	(1565, 24)
push-button	Bookmark this tab	""			(1800, 115)	(24, 24)
push-button	Work	Work			(1845, 110)	(34, 34)
push-button	Chromium	Chromium			(1881, 110)	(39, 34)
document-web	New Tab	""			(70, 151)	(1850, 834)
link	Gmail 	Gmail			(1712, 171)	(35, 24)
static	Gmail	Gmail			(1712, 175)	(35, 15)
link	Search for Images 	Images			(1761, 171)	(43, 24)
static	Images	Images			(1761, 175)	(43, 15)
push-button	Search Labs	""			(1818, 163)	(41, 40)
section		  			(1818, 163)	(41, 40)
push-button	Google apps	""			(1866, 163)	(40, 40)
section		  			(1866, 163)	(40, 40)
combo-box	Search Google or type a URL	""			(622, 413)	(746, 48)
push-button	Search by voice	""			(1289, 413)	(26, 48)
push-button	Search by image	""			(1326, 413)	(26, 48)
link	Web Store	""			(883, 479)	(112, 112)
push-button	More actions for Web Store shortcut	""			(965, 483)	(28, 28)
static	Web Store	Web Store			(909, 559)	(60, 15)
push-button	Add shortcut	Add shortcut			(995, 479)	(112, 112)
static	Add shortcut	Add shortcut			(1013, 559)	(76, 15)
toggle-button	Customize Chromium	""			(1722, 937)	(182, 32)
section		Customize Chromium			(1762, 943)	(126, 20)
static	Customize Chromium	Customize Chromium			(1762, 945)	(126, 15)
menu	Chromium Web Browser	""			(99, 0)	(219, 27)
menu	System	""			(1814, 0)	(106, 27)
push-button	Chromium Web Browser	""			(0, 33)	(70, 64)
push-button	Thunderbird Mail	""			(0, 101)	(70, 64)
push-button	Visual Studio Code	""			(0, 169)	(70, 64)
push-button	VLC media player	""			(0, 237)	(70, 64)
push-button	LibreOffice Writer	""			(0, 305)	(70, 64)
push-button	LibreOffice Calc	""			(0, 373)	(70, 64)
push-button	LibreOffice Impress	""			(0, 441)	(70, 64)
push-button	GNU Image Manipulation Program	""			(0, 509)	(70, 64)
push-button	Files	""			(0, 577)	(70, 64)
push-button	Ubuntu Software	""			(0, 645)	(70, 64)
push-button	Help	""			(0, 713)	(70, 64)
push-button	Trash	""			(0, 784)	(70, 64)
toggle-button	Show Applications	""			(0, 915)	(70, 70)
Generating content with GPT model: o4-mini
RESPONSE: Reflection: The bookmarks bar is now shown, so the next step is to open the Bookmark Manager to create a new folder.

```python
import pyautogui
import time

# Open Bookmark Manager
pyautogui.hotkey('ctrl', 'shift', 'o')
time.sleep(0.5)
```
LINEAR AT: tag	name	text	class	description	position (top-left x&y)	size (w&h)
label	Home	Home			(1833, 939)	(40, 17)
push-button	Search tabs	Search tabs			(76, 64)	(28, 41)
push-button	Close	Close			(312, 70)	(28, 28)
push-button	New Tab	New Tab			(348, 64)	(28, 41)
push-button	Back	Back			(70, 110)	(39, 34)
push-button	Reload	Reload			(147, 110)	(34, 34)
push-button	Chromium	""			(195, 115)	(105, 24)
entry	Address and search bar	chrome://bookmarks			(308, 115)	(1484, 24)
push-button	Bookmark this tab	""			(1800, 115)	(24, 24)
push-button	Work	Work			(1845, 110)	(34, 34)
push-button	Chromium	Chromium			(1881, 110)	(39, 34)
document-web	Bookmarks	""			(70, 151)	(1850, 834)
heading	Bookmarks	Bookmarks			(137, 166)	(648, 26)
static	Bookmarks	Bookmarks			(137, 166)	(115, 26)
entry	Search bookmarks	""			(818, 167)	(653, 24)
push-button	Organize	""			(1872, 163)	(32, 32)
tree-item	Bookmarks bar	""			(71, 215)	(252, 40)
section		Bookmarks bar			(139, 228)	(174, 14)
static	Bookmarks bar	Bookmarks bar			(145, 227)	(96, 16)
tree-item	Other bookmarks	""			(71, 255)	(252, 40)
section		Other bookmarks			(139, 268)	(174, 14)
static	Other bookmarks	Other bookmarks			(145, 267)	(109, 16)
section		To bookmark pages, click the star in the address bar			(341, 207)	(1579, 778)
static	To bookmark pages, click the star in the address bar	To bookmark pages, click the star in the address bar			(960, 587)	(326, 17)
menu	Chromium Web Browser	""			(99, 0)	(219, 27)
menu	System	""			(1814, 0)	(106, 27)
push-button	Chromium Web Browser	""			(0, 33)	(70, 64)
push-button	Thunderbird Mail	""			(0, 101)	(70, 64)
push-button	Visual Studio Code	""			(0, 169)	(70, 64)
push-button	VLC media player	""			(0, 237)	(70, 64)
push-button	LibreOffice Writer	""			(0, 305)	(70, 64)
push-button	LibreOffice Calc	""			(0, 373)	(70, 64)
push-button	LibreOffice Impress	""			(0, 441)	(70, 64)
push-button	GNU Image Manipulation Program	""			(0, 509)	(70, 64)
push-button	Files	""			(0, 577)	(70, 64)
push-button	Ubuntu Software	""			(0, 645)	(70, 64)
push-button	Help	""			(0, 713)	(70, 64)
push-button	Trash	""			(0, 784)	(70, 64)
toggle-button	Show Applications	""			(0, 915)	(70, 70)
Generating content with GPT model: o4-mini
RESPONSE: Reflection: The Bookmark Manager is open and “Bookmarks bar” is selected. To create the new “Favorites” folder, I’ll open the “Organize” menu and choose “Add new folder.”

```python
import pyautogui
import time

# Open the Organize menu in Bookmark Manager
pyautogui.click(1872, 163)  # click the "Organize" button
time.sleep(0.5)

# Click "Add new folder"
pyautogui.click(1872, 210)  # approximate location of "Add new folder" in the dropdown
time.sleep(0.5)

# Type folder name and confirm
pyautogui.typewrite('Favorites')
time.sleep(0.2)
pyautogui.press('enter')
```
LINEAR AT: tag	name	text	class	description	position (top-left x&y)	size (w&h)
label	Home	Home			(1833, 939)	(40, 17)
push-button	Search tabs	Search tabs			(76, 64)	(28, 41)
push-button	Close	Close			(312, 70)	(28, 28)
push-button	New Tab	New Tab			(348, 64)	(28, 41)
push-button	Back	Back			(70, 110)	(39, 34)
push-button	Reload	Reload			(147, 110)	(34, 34)
push-button	Chromium	""			(195, 115)	(105, 24)
entry	Address and search bar	chrome://bookmarks			(308, 115)	(1484, 24)
push-button	Bookmark this tab	""			(1800, 115)	(24, 24)
push-button	Work	Work			(1845, 110)	(34, 34)
push-button	Chromium	Chromium			(1881, 110)	(39, 34)
document-web	Bookmarks	""			(70, 151)	(1850, 834)
heading	Bookmarks	Bookmarks			(137, 166)	(648, 26)
static	Bookmarks	Bookmarks			(137, 166)	(115, 26)
entry	Search bookmarks	""			(818, 167)	(653, 24)
push-button	Organize	""			(1872, 163)	(32, 32)
tree-item	Bookmarks bar	""			(71, 215)	(252, 40)
section		Bookmarks bar			(139, 228)	(174, 14)
static	Bookmarks bar	Bookmarks bar			(145, 227)	(96, 16)
tree-item	Other bookmarks	""			(71, 255)	(252, 40)
section		Other bookmarks			(139, 268)	(174, 14)
static	Other bookmarks	Other bookmarks			(145, 267)	(109, 16)
section		To bookmark pages, click the star in the address bar			(341, 207)	(1579, 778)
static	To bookmark pages, click the star in the address bar	To bookmark pages, click the star in the address bar			(960, 587)	(326, 17)
menu	Chromium Web Browser	""			(99, 0)	(219, 27)
menu	System	""			(1814, 0)	(106, 27)
push-button	Chromium Web Browser	""			(0, 33)	(70, 64)
push-button	Thunderbird Mail	""			(0, 101)	(70, 64)
push-button	Visual Studio Code	""			(0, 169)	(70, 64)
push-button	VLC media player	""			(0, 237)	(70, 64)
push-button	LibreOffice Writer	""			(0, 305)	(70, 64)
push-button	LibreOffice Calc	""			(0, 373)	(70, 64)
push-button	LibreOffice Impress	""			(0, 441)	(70, 64)
push-button	GNU Image Manipulation Program	""			(0, 509)	(70, 64)
push-button	Files	""			(0, 577)	(70, 64)
push-button	Ubuntu Software	""			(0, 645)	(70, 64)
push-button	Help	""			(0, 713)	(70, 64)
push-button	Trash	""			(0, 784)	(70, 64)
toggle-button	Show Applications	""			(0, 915)	(70, 70)
Generating content with GPT model: o4-mini
RESPONSE: Reflection: The Bookmark Manager is open with “Bookmarks bar” selected. To add a folder, I need to open the “Organize” menu first.

```python
import pyautogui
import time

# Click the "Organize" button to open the menu
pyautogui.click(1872, 163)
time.sleep(0.5)
```
LINEAR AT: tag	name	text	class	description	position (top-left x&y)	size (w&h)
label	Home	Home			(1833, 939)	(40, 17)
push-button	Search tabs	Search tabs			(76, 64)	(28, 41)
push-button	Close	Close			(312, 70)	(28, 28)
push-button	New Tab	New Tab			(348, 64)	(28, 41)
push-button	Back	Back			(70, 110)	(39, 34)
push-button	Reload	Reload			(147, 110)	(34, 34)
push-button	Chromium	""			(195, 115)	(105, 24)
entry	Address and search bar	chrome://bookmarks			(308, 115)	(1484, 24)
push-button	Bookmark this tab	""			(1800, 115)	(24, 24)
push-button	Work	Work			(1845, 110)	(34, 34)
push-button	Chromium	Chromium			(1881, 110)	(39, 34)
document-web	Bookmarks	""			(70, 151)	(1850, 834)
heading	Bookmarks	Bookmarks			(137, 166)	(648, 26)
static	Bookmarks	Bookmarks			(137, 166)	(115, 26)
entry	Search bookmarks	""			(818, 167)	(653, 24)
push-button	Organize	""			(1872, 163)	(32, 32)
tree-item	Bookmarks bar	""			(71, 215)	(252, 40)
section		Bookmarks bar			(139, 228)	(174, 14)
static	Bookmarks bar	Bookmarks bar			(145, 227)	(96, 16)
tree-item	Other bookmarks	""			(71, 255)	(252, 40)
section		Other bookmarks			(139, 268)	(174, 14)
static	Other bookmarks	Other bookmarks			(145, 267)	(109, 16)
section		To bookmark pages, click the star in the address bar			(341, 207)	(1579, 778)
static	To bookmark pages, click the star in the address bar	To bookmark pages, click the star in the address bar			(960, 587)	(326, 17)
menu	Chromium Web Browser	""			(99, 0)	(219, 27)
menu	System	""			(1814, 0)	(106, 27)
push-button	Chromium Web Browser	""			(0, 33)	(70, 64)
push-button	Thunderbird Mail	""			(0, 101)	(70, 64)
push-button	Visual Studio Code	""			(0, 169)	(70, 64)
push-button	VLC media player	""			(0, 237)	(70, 64)
push-button	LibreOffice Writer	""			(0, 305)	(70, 64)
push-button	LibreOffice Calc	""			(0, 373)	(70, 64)
push-button	LibreOffice Impress	""			(0, 441)	(70, 64)
push-button	GNU Image Manipulation Program	""			(0, 509)	(70, 64)
push-button	Files	""			(0, 577)	(70, 64)
push-button	Ubuntu Software	""			(0, 645)	(70, 64)
push-button	Help	""			(0, 713)	(70, 64)
push-button	Trash	""			(0, 784)	(70, 64)
toggle-button	Show Applications	""			(0, 915)	(70, 70)
Generating content with GPT model: o4-mini
RESPONSE: Reflection: The Bookmark Manager is open with the “Bookmarks bar” selected. To add a new folder under it, the next step is to open the “Organize” menu.

```python
import pyautogui
import time

# Open the "Organize" menu
pyautogui.click(1872, 163)  # click the Organize button
time.sleep(0.5)
```
LINEAR AT: tag	name	text	class	description	position (top-left x&y)	size (w&h)
label	Home	Home			(1833, 939)	(40, 17)
push-button	Search tabs	Search tabs			(76, 64)	(28, 41)
push-button	Close	Close			(312, 70)	(28, 28)
push-button	New Tab	New Tab			(348, 64)	(28, 41)
push-button	Back	Back			(70, 110)	(39, 34)
push-button	Reload	Reload			(147, 110)	(34, 34)
push-button	Chromium	""			(195, 115)	(105, 24)
entry	Address and search bar	chrome://bookmarks			(308, 115)	(1484, 24)
push-button	Bookmark this tab	""			(1800, 115)	(24, 24)
push-button	Work	Work			(1845, 110)	(34, 34)
push-button	Chromium	Chromium			(1881, 110)	(39, 34)
document-web	Bookmarks	""			(70, 151)	(1850, 834)
heading	Bookmarks	Bookmarks			(137, 166)	(648, 26)
static	Bookmarks	Bookmarks			(137, 166)	(115, 26)
entry	Search bookmarks	""			(818, 167)	(653, 24)
push-button	Organize	""			(1872, 163)	(32, 32)
tree-item	Bookmarks bar	""			(71, 215)	(252, 40)
section		Bookmarks bar			(139, 228)	(174, 14)
static	Bookmarks bar	Bookmarks bar			(145, 227)	(96, 16)
tree-item	Other bookmarks	""			(71, 255)	(252, 40)
section		Other bookmarks			(139, 268)	(174, 14)
static	Other bookmarks	Other bookmarks			(145, 267)	(109, 16)
section		To bookmark pages, click the star in the address bar			(341, 207)	(1579, 778)
static	To bookmark pages, click the star in the address bar	To bookmark pages, click the star in the address bar			(960, 587)	(326, 17)
menu	Chromium Web Browser	""			(99, 0)	(219, 27)
menu	System	""			(1814, 0)	(106, 27)
push-button	Chromium Web Browser	""			(0, 33)	(70, 64)
push-button	Thunderbird Mail	""			(0, 101)	(70, 64)
push-button	Visual Studio Code	""			(0, 169)	(70, 64)
push-button	VLC media player	""			(0, 237)	(70, 64)
push-button	LibreOffice Writer	""			(0, 305)	(70, 64)
push-button	LibreOffice Calc	""			(0, 373)	(70, 64)
push-button	LibreOffice Impress	""			(0, 441)	(70, 64)
push-button	GNU Image Manipulation Program	""			(0, 509)	(70, 64)
push-button	Files	""			(0, 577)	(70, 64)
push-button	Ubuntu Software	""			(0, 645)	(70, 64)
push-button	Help	""			(0, 713)	(70, 64)
push-button	Trash	""			(0, 784)	(70, 64)
toggle-button	Show Applications	""			(0, 915)	(70, 70)
Generating content with GPT model: o4-mini
RESPONSE: Reflection: The “Organize” menu is now open. The next step is to click the “Add new folder” entry in that dropdown.

```python
import pyautogui
import time

# Click the "Add new folder" option in the Organize menu
pyautogui.click(1872, 210)
time.sleep(0.5)
```
LINEAR AT: tag	name	text	class	description	position (top-left x&y)	size (w&h)
label	Home	Home			(1833, 939)	(40, 17)
push-button	Search tabs	Search tabs			(76, 64)	(28, 41)
push-button	Close	Close			(312, 70)	(28, 28)
push-button	New Tab	New Tab			(348, 64)	(28, 41)
push-button	Back	Back			(70, 110)	(39, 34)
push-button	Reload	Reload			(147, 110)	(34, 34)
push-button	Chromium	""			(195, 115)	(105, 24)
entry	Address and search bar	chrome://bookmarks			(308, 115)	(1484, 24)
push-button	Bookmark this tab	""			(1800, 115)	(24, 24)
push-button	Work	Work			(1845, 110)	(34, 34)
push-button	Chromium	Chromium			(1881, 110)	(39, 34)
document-web	Bookmarks	""			(70, 151)	(1850, 834)
heading	Bookmarks	Bookmarks			(137, 166)	(648, 26)
static	Bookmarks	Bookmarks			(137, 166)	(115, 26)
entry	Search bookmarks	""			(818, 167)	(653, 24)
push-button	Organize	""			(1872, 163)	(32, 32)
tree-item	Bookmarks bar	""			(71, 215)	(252, 40)
section		Bookmarks bar			(139, 228)	(174, 14)
static	Bookmarks bar	Bookmarks bar			(145, 227)	(96, 16)
tree-item	Other bookmarks	""			(71, 255)	(252, 40)
section		Other bookmarks			(139, 268)	(174, 14)
static	Other bookmarks	Other bookmarks			(145, 267)	(109, 16)
section		To bookmark pages, click the star in the address bar			(341, 207)	(1579, 778)
static	To bookmark pages, click the star in the address bar	To bookmark pages, click the star in the address bar			(960, 587)	(326, 17)
menu	Chromium Web Browser	""			(99, 0)	(219, 27)
menu	System	""			(1814, 0)	(106, 27)
push-button	Chromium Web Browser	""			(0, 33)	(70, 64)
push-button	Thunderbird Mail	""			(0, 101)	(70, 64)
push-button	Visual Studio Code	""			(0, 169)	(70, 64)
push-button	VLC media player	""			(0, 237)	(70, 64)
push-button	LibreOffice Writer	""			(0, 305)	(70, 64)
push-button	LibreOffice Calc	""			(0, 373)	(70, 64)
push-button	LibreOffice Impress	""			(0, 441)	(70, 64)
push-button	GNU Image Manipulation Program	""			(0, 509)	(70, 64)
push-button	Files	""			(0, 577)	(70, 64)
push-button	Ubuntu Software	""			(0, 645)	(70, 64)
push-button	Help	""			(0, 713)	(70, 64)
push-button	Trash	""			(0, 784)	(70, 64)
toggle-button	Show Applications	""			(0, 915)	(70, 70)
Generating content with GPT model: o4-mini
RESPONSE: Reflection: After selecting “Add new folder,” the New Folder dialog should be open and waiting for the folder name. Next, I’ll type “Favorites” and hit Enter to create it.

```python
import pyautogui
import time

# Give the dialog a moment to appear
time.sleep(0.5)

# Type the new folder name and confirm
pyautogui.typewrite('Favorites', interval=0.05)
time.sleep(0.3)
pyautogui.press('enter')
```
LINEAR AT: tag	name	text	class	description	position (top-left x&y)	size (w&h)
label	Home	Home			(1833, 939)	(40, 17)
push-button	Search tabs	Search tabs			(76, 64)	(28, 41)
push-button	Close	Close			(312, 70)	(28, 28)
push-button	New Tab	New Tab			(348, 64)	(28, 41)
push-button	Back	Back			(70, 110)	(39, 34)
push-button	Reload	Reload			(147, 110)	(34, 34)
push-button	Chromium	""			(195, 115)	(105, 24)
entry	Address and search bar	chrome://bookmarks			(308, 115)	(1484, 24)
push-button	Bookmark this tab	""			(1800, 115)	(24, 24)
push-button	Work	Work			(1845, 110)	(34, 34)
push-button	Chromium	Chromium			(1881, 110)	(39, 34)
document-web	Bookmarks	""			(70, 151)	(1850, 834)
heading	Bookmarks	Bookmarks			(137, 166)	(648, 26)
static	Bookmarks	Bookmarks			(137, 166)	(115, 26)
entry	Search bookmarks	""			(818, 167)	(653, 24)
push-button	Organize	""			(1872, 163)	(32, 32)
tree-item	Bookmarks bar	""			(71, 215)	(252, 40)
section		Bookmarks bar			(139, 228)	(174, 14)
static	Bookmarks bar	Bookmarks bar			(145, 227)	(96, 16)
tree-item	Other bookmarks	""			(71, 255)	(252, 40)
section		Other bookmarks			(139, 268)	(174, 14)
static	Other bookmarks	Other bookmarks			(145, 267)	(109, 16)
section		To bookmark pages, click the star in the address bar			(341, 207)	(1579, 778)
static	To bookmark pages, click the star in the address bar	To bookmark pages, click the star in the address bar			(960, 587)	(326, 17)
menu	Chromium Web Browser	""			(99, 0)	(219, 27)
menu	System	""			(1814, 0)	(106, 27)
push-button	Chromium Web Browser	""			(0, 33)	(70, 64)
push-button	Thunderbird Mail	""			(0, 101)	(70, 64)
push-button	Visual Studio Code	""			(0, 169)	(70, 64)
push-button	VLC media player	""			(0, 237)	(70, 64)
push-button	LibreOffice Writer	""			(0, 305)	(70, 64)
push-button	LibreOffice Calc	""			(0, 373)	(70, 64)
push-button	LibreOffice Impress	""			(0, 441)	(70, 64)
push-button	GNU Image Manipulation Program	""			(0, 509)	(70, 64)
push-button	Files	""			(0, 577)	(70, 64)
push-button	Ubuntu Software	""			(0, 645)	(70, 64)
push-button	Help	""			(0, 713)	(70, 64)
push-button	Trash	""			(0, 784)	(70, 64)
toggle-button	Show Applications	""			(0, 915)	(70, 70)
Generating content with GPT model: o4-mini
RESPONSE: Reflection: The folder name has been entered and submitted, so the “Favorites” folder should now be created under the Bookmarks bar. 

```DONE```
