LINEAR AT: tag	name	text	class	description	position (top-left x&y)	size (w&h)
label	Home	Home			(1833, 939)	(40, 17)
menu	System	""			(1814, 0)	(106, 27)
label	Please download waiting software updates.	""			(810, 73)	(291, 17)
push-button	Chromium Web Browser	""			(0, 33)	(70, 64)
push-button	Thunderbird Mail	""			(0, 101)	(70, 64)
push-button	Visual Studio Code	""			(0, 169)	(70, 64)
push-button	VLC media player	""			(0, 237)	(70, 64)
push-button	LibreOffice Writer	""			(0, 305)	(70, 64)
push-button	LibreOffice Calc	""			(0, 373)	(70, 64)
push-button	LibreOffice Impress	""			(0, 441)	(70, 64)
push-button	GNU Image Manipulation Program	""			(0, 509)	(70, 64)
push-button	Files	""			(0, 577)	(70, 64)
push-button	Ubuntu Software	""			(0, 645)	(70, 64)
push-button	Help	""			(0, 713)	(70, 64)
push-button	Trash	""			(0, 784)	(70, 64)
toggle-button	Show Applications	""			(0, 915)	(70, 70)
Generating content with GPT model: o4-mini
RESPONSE: Reflection:
The desktop is visible with no applications open. To attach the AWS bill (`~/aws-bill.pdf`) to your draft email, we first need to open Thunderbird Mail. Its icon is in the left dock at roughly (0–70, 101–165). 

Next, I will click the Thunderbird Mail icon to launch it.

```python
import pyautogui
import time

# Click the Thunderbird Mail icon in the dock
pyautogui.click(35, 133)
time.sleep(1)
```
LINEAR AT: tag	name	text	class	description	position (top-left x&y)	size (w&h)
label	Home	Home			(1833, 939)	(40, 17)
push-button	AppMenu	""			(1779, 33)	(35, 30)
push-button	Minimize	""			(1818, 34)	(31, 28)
push-button	Restore Down	""			(1849, 34)	(34, 28)
push-button	Close	""			(1883, 34)	(31, 28)
section	Account Setup	Account Setup			(324, 73)	(250, 33)
push-button	Close Tab	""			(547, 80)	(20, 20)
document-web	Account Setup	""			(70, 106)	(1850, 855)
heading	Set Up Your Existing Email Address	Set Up Your Existing Email Address			(129, 150)	(1732, 42)
paragraph		To use your current email address fill in your credentials.			(133, 200)	(1724, 23)
paragraph		Thunderbird will automatically search for a working and recommended server configuration.			(133, 223)	(1724, 24)
label	Your full name	Your full name			(129, 307)	(425, 14)
entry	Your full name	""			(129, 326)	(425, 34)
image	Your name, as shown to others	""			(528, 335)	(16, 16)
label	Email address	Email address			(129, 383)	(425, 15)
entry	Email address	""			(129, 403)	(425, 34)
image	Your existing email address	""			(528, 412)	(16, 16)
push-button	Get a new email address	Get a new email address			(378, 442)	(176, 17)
label	Password	Password			(129, 461)	(425, 14)
label	Remember password	""			(129, 522)	(161, 20)
check-box	Remember password	""			(129, 524)	(16, 16)
section		Remember password			(151, 525)	(139, 15)
push-button	Cancel	Cancel			(344, 573)	(102, 36)
paragraph		Your credentials will only be stored locally on your computer.			(133, 634)	(417, 22)
image	Initial setup	""			(778, 307)	(300, 300)
push-button	You are currently online.	""			(74, 962)	(20, 23)
label	Done	Done			(104, 965)	(1811, 17)
menu	Thunderbird Mail	""			(99, 0)	(173, 27)
menu	System	""			(1814, 0)	(106, 27)
label	Please download waiting software updates.	""			(810, 73)	(291, 17)
push-button	Chromium Web Browser	""			(0, 33)	(70, 64)
push-button	Thunderbird Mail	""			(0, 101)	(70, 64)
push-button	Visual Studio Code	""			(0, 169)	(70, 64)
push-button	VLC media player	""			(0, 237)	(70, 64)
push-button	LibreOffice Writer	""			(0, 305)	(70, 64)
push-button	LibreOffice Calc	""			(0, 373)	(70, 64)
push-button	LibreOffice Impress	""			(0, 441)	(70, 64)
push-button	GNU Image Manipulation Program	""			(0, 509)	(70, 64)
push-button	Files	""			(0, 577)	(70, 64)
push-button	Ubuntu Software	""			(0, 645)	(70, 64)
push-button	Help	""			(0, 713)	(70, 64)
push-button	Trash	""			(0, 784)	(70, 64)
toggle-button	Show Applications	""			(0, 915)	(70, 70)
Generating content with GPT model: o4-mini
RESPONSE: Reflection:
Thunderbird opened its Account Setup tab, but we need to dismiss it so we can access the main window and open our draft. I will click the “Close Tab” button at (547, 80) to close this setup tab.

```python
import pyautogui
import time

# Close the Account Setup tab
pyautogui.click(547, 80)
time.sleep(0.5)
```
LINEAR AT: tag	name	text	class	description	position (top-left x&y)	size (w&h)
label	Home	Home			(1833, 939)	(40, 17)
push-button	AppMenu	""			(1779, 33)	(35, 30)
push-button	Minimize	""			(1818, 34)	(31, 28)
push-button	Restore Down	""			(1849, 34)	(34, 28)
push-button	Close	""			(1883, 34)	(31, 28)
section	Account Setup	Account Setup			(324, 73)	(250, 33)
push-button	Close Tab	""			(547, 80)	(20, 20)
document-web	Welcome to Freedom – Thunderbird	""			(1128, 106)	(792, 855)
link	ESR Channel	ESR Channel			(1144, 138)	(73, 19)
link	Donate	Donate 			(1799, 126)	(105, 42)
heading	Welcome to Freedom	Welcome to Freedom			(1315, 274)	(418, 40)
paragraph		Thunderbird is a gift from thousands of people like you. We hope you'll enjoy the productivity, privacy, and freedom they make possible and we invite you to become part of that gift to others.			(1204, 330)	(640, 86)
link	Participate	Participate			(1304, 464)	(151, 47)
link	Donate	Donate			(1471, 464)	(123, 47)
link	Get Help	Get Help			(1610, 464)	(134, 47)
heading	Free and Open Source	Free and Open Source			(1177, 632)	(315, 26)
paragraph		Thunderbird is now yours forever.			(1177, 662)	(315, 31)
paragraph		Thunderbird is developed openly and distributed freely. Our software license protects your right to use, modify, and share Thunderbird. Our mission is to protect your privacy and freedom.			(1177, 709)	(315, 128)
heading	Powered by Community	Powered by Community			(1556, 632)	(315, 26)
paragraph		You can become part of our story.			(1556, 662)	(315, 31)
paragraph		Anyone can contribute to Thunderbird. By donating, translating, answering questions, suggesting features, reporting bugs, and more, you make Thunderbird better for yourself and the world.			(1556, 709)	(315, 128)
section		Want new features sooner? Learn about . 			(1326, 910)	(396, 21)
link	Thunderbird Release	Thunderbird Release			(1584, 911)	(134, 18)
document-web	Account Setup	""			(70, 106)	(1850, 855)
heading	Set Up Your Existing Email Address	Set Up Your Existing Email Address			(129, 150)	(1732, 42)
paragraph		To use your current email address fill in your credentials.			(133, 200)	(1724, 23)
paragraph		Thunderbird will automatically search for a working and recommended server configuration.			(133, 223)	(1724, 24)
label	Your full name	Your full name			(129, 307)	(425, 14)
entry	Your full name	""			(129, 326)	(425, 34)
image	Your name, as shown to others	""			(528, 335)	(16, 16)
label	Email address	Email address			(129, 383)	(425, 15)
entry	Email address	""			(129, 403)	(425, 34)
image	Your existing email address	""			(528, 412)	(16, 16)
push-button	Get a new email address	Get a new email address			(378, 442)	(176, 17)
label	Password	Password			(129, 461)	(425, 14)
label	Remember password	""			(129, 522)	(161, 20)
check-box	Remember password	""			(129, 524)	(16, 16)
section		Remember password			(151, 525)	(139, 15)
push-button	Cancel	Cancel			(344, 573)	(102, 36)
paragraph		Your credentials will only be stored locally on your computer.			(133, 634)	(417, 22)
image	Initial setup	""			(778, 307)	(300, 300)
push-button	You are currently online.	""			(74, 962)	(20, 23)
label	Done	Done			(104, 965)	(1811, 17)
menu	Thunderbird Mail	""			(99, 0)	(173, 27)
menu	System	""			(1814, 0)	(106, 27)
push-button	Chromium Web Browser	""			(0, 33)	(70, 64)
push-button	Thunderbird Mail	""			(0, 101)	(70, 64)
push-button	Visual Studio Code	""			(0, 169)	(70, 64)
push-button	VLC media player	""			(0, 237)	(70, 64)
push-button	LibreOffice Writer	""			(0, 305)	(70, 64)
push-button	LibreOffice Calc	""			(0, 373)	(70, 64)
push-button	LibreOffice Impress	""			(0, 441)	(70, 64)
push-button	GNU Image Manipulation Program	""			(0, 509)	(70, 64)
push-button	Files	""			(0, 577)	(70, 64)
push-button	Ubuntu Software	""			(0, 645)	(70, 64)
push-button	Help	""			(0, 713)	(70, 64)
push-button	Trash	""			(0, 784)	(70, 64)
toggle-button	Show Applications	""			(0, 915)	(70, 70)
Generating content with GPT model: o4-mini
RESPONSE: Reflection:
The Account Setup form is still open. To return to the main Thunderbird window (where we can open the draft), we need to cancel this setup. The “Cancel” button is at approximately (344, 573).

```python
import pyautogui
import time

# Click the "Cancel" button on the Account Setup form
pyautogui.click(344, 573)
time.sleep(0.5)
```
LINEAR AT: tag	name	text	class	description	position (top-left x&y)	size (w&h)
label	Home	Home			(1833, 939)	(40, 17)
push-button	AppMenu	""			(1779, 33)	(35, 30)
push-button	Minimize	""			(1818, 34)	(31, 28)
push-button	Restore Down	""			(1849, 34)	(34, 28)
push-button	Close	""			(1883, 34)	(31, 28)
section	Account Setup	Account Setup			(324, 73)	(250, 33)
push-button	Close Tab	""			(547, 80)	(20, 20)
document-web	Welcome to Freedom – Thunderbird	""			(1128, 106)	(792, 855)
link	ESR Channel	ESR Channel			(1144, 138)	(73, 19)
link	Donate	Donate 			(1799, 126)	(105, 42)
heading	Welcome to Freedom	Welcome to Freedom			(1315, 274)	(418, 40)
paragraph		Thunderbird is a gift from thousands of people like you. We hope you'll enjoy the productivity, privacy, and freedom they make possible and we invite you to become part of that gift to others.			(1204, 330)	(640, 86)
link	Participate	Participate			(1304, 464)	(151, 47)
link	Donate	Donate			(1471, 464)	(123, 47)
link	Get Help	Get Help			(1610, 464)	(134, 47)
heading	Free and Open Source	Free and Open Source			(1177, 632)	(315, 26)
paragraph		Thunderbird is now yours forever.			(1177, 662)	(315, 31)
paragraph		Thunderbird is developed openly and distributed freely. Our software license protects your right to use, modify, and share Thunderbird. Our mission is to protect your privacy and freedom.			(1177, 709)	(315, 128)
heading	Powered by Community	Powered by Community			(1556, 632)	(315, 26)
paragraph		You can become part of our story.			(1556, 662)	(315, 31)
paragraph		Anyone can contribute to Thunderbird. By donating, translating, answering questions, suggesting features, reporting bugs, and more, you make Thunderbird better for yourself and the world.			(1556, 709)	(315, 128)
section		Want new features sooner? Learn about . 			(1326, 910)	(396, 21)
link	Thunderbird Release	Thunderbird Release			(1584, 911)	(134, 18)
document-web	Account Setup	""			(70, 106)	(1850, 855)
heading	Set Up Your Existing Email Address	Set Up Your Existing Email Address			(129, 150)	(1732, 42)
paragraph		To use your current email address fill in your credentials.			(133, 200)	(1724, 23)
paragraph		Thunderbird will automatically search for a working and recommended server configuration.			(133, 223)	(1724, 24)
label	Your full name	Your full name			(129, 307)	(425, 14)
entry	Your full name	""			(129, 326)	(425, 34)
image	Your name, as shown to others	""			(528, 335)	(16, 16)
label	Email address	Email address			(129, 383)	(425, 15)
entry	Email address	""			(129, 403)	(425, 34)
image	Your existing email address	""			(528, 412)	(16, 16)
push-button	Get a new email address	Get a new email address			(378, 442)	(176, 17)
label	Password	Password			(129, 461)	(425, 14)
label	Remember password	""			(129, 522)	(161, 20)
check-box	Remember password	""			(129, 524)	(16, 16)
section		Remember password			(151, 525)	(139, 15)
push-button	Cancel	Cancel			(344, 573)	(102, 36)
paragraph		Your credentials will only be stored locally on your computer.			(133, 634)	(417, 22)
image	Initial setup	""			(778, 307)	(300, 300)
push-button	You are currently online.	""			(74, 962)	(20, 23)
label	Done	Done			(104, 965)	(1811, 17)
menu	Thunderbird Mail	""			(99, 0)	(173, 27)
menu	System	""			(1814, 0)	(106, 27)
push-button	Chromium Web Browser	""			(0, 33)	(70, 64)
push-button	Thunderbird Mail	""			(0, 101)	(70, 64)
push-button	Visual Studio Code	""			(0, 169)	(70, 64)
push-button	VLC media player	""			(0, 237)	(70, 64)
push-button	LibreOffice Writer	""			(0, 305)	(70, 64)
push-button	LibreOffice Calc	""			(0, 373)	(70, 64)
push-button	LibreOffice Impress	""			(0, 441)	(70, 64)
push-button	GNU Image Manipulation Program	""			(0, 509)	(70, 64)
push-button	Files	""			(0, 577)	(70, 64)
push-button	Ubuntu Software	""			(0, 645)	(70, 64)
push-button	Help	""			(0, 713)	(70, 64)
push-button	Trash	""			(0, 784)	(70, 64)
toggle-button	Show Applications	""			(0, 915)	(70, 70)
Generating content with GPT model: o4-mini
RESPONSE: Reflection:
The Account Setup tab is still open in Thunderbird. To get back to the main mail window (so we can open the Drafts folder), I’ll click the “Close Tab” (the little “×” on the Account Setup tab) at about (547, 80).

```python
import pyautogui
import time

# Close the Account Setup tab
pyautogui.click(547, 80)
time.sleep(0.5)
```
LINEAR AT: tag	name	text	class	description	position (top-left x&y)	size (w&h)
label	Home	Home			(1833, 939)	(40, 17)
push-button	AppMenu	""			(1779, 33)	(35, 30)
push-button	Minimize	""			(1818, 34)	(31, 28)
push-button	Restore Down	""			(1849, 34)	(34, 28)
push-button	Close	""			(1883, 34)	(31, 28)
section	Account Setup	Account Setup			(324, 73)	(250, 33)
push-button	Close Tab	""			(547, 80)	(20, 20)
document-web	Welcome to Freedom – Thunderbird	""			(1128, 106)	(792, 855)
link	ESR Channel	ESR Channel			(1144, 138)	(73, 19)
link	Donate	Donate 			(1799, 126)	(105, 42)
heading	Welcome to Freedom	Welcome to Freedom			(1315, 274)	(418, 40)
paragraph		Thunderbird is a gift from thousands of people like you. We hope you'll enjoy the productivity, privacy, and freedom they make possible and we invite you to become part of that gift to others.			(1204, 330)	(640, 86)
link	Participate	Participate			(1304, 464)	(151, 47)
link	Donate	Donate			(1471, 464)	(123, 47)
link	Get Help	Get Help			(1610, 464)	(134, 47)
heading	Free and Open Source	Free and Open Source			(1177, 632)	(315, 26)
paragraph		Thunderbird is now yours forever.			(1177, 662)	(315, 31)
paragraph		Thunderbird is developed openly and distributed freely. Our software license protects your right to use, modify, and share Thunderbird. Our mission is to protect your privacy and freedom.			(1177, 709)	(315, 128)
heading	Powered by Community	Powered by Community			(1556, 632)	(315, 26)
paragraph		You can become part of our story.			(1556, 662)	(315, 31)
paragraph		Anyone can contribute to Thunderbird. By donating, translating, answering questions, suggesting features, reporting bugs, and more, you make Thunderbird better for yourself and the world.			(1556, 709)	(315, 128)
section		Want new features sooner? Learn about . 			(1326, 910)	(396, 21)
link	Thunderbird Release	Thunderbird Release			(1584, 911)	(134, 18)
document-web	Account Setup	""			(70, 106)	(1850, 855)
heading	Set Up Your Existing Email Address	Set Up Your Existing Email Address			(129, 150)	(1732, 42)
paragraph		To use your current email address fill in your credentials.			(133, 200)	(1724, 23)
paragraph		Thunderbird will automatically search for a working and recommended server configuration.			(133, 223)	(1724, 24)
label	Your full name	Your full name			(129, 307)	(425, 14)
entry	Your full name	""			(129, 326)	(425, 34)
image	Your name, as shown to others	""			(528, 335)	(16, 16)
label	Email address	Email address			(129, 383)	(425, 15)
entry	Email address	""			(129, 403)	(425, 34)
image	Your existing email address	""			(528, 412)	(16, 16)
push-button	Get a new email address	Get a new email address			(378, 442)	(176, 17)
label	Password	Password			(129, 461)	(425, 14)
label	Remember password	""			(129, 522)	(161, 20)
check-box	Remember password	""			(129, 524)	(16, 16)
section		Remember password			(151, 525)	(139, 15)
push-button	Cancel	Cancel			(344, 573)	(102, 36)
paragraph		Your credentials will only be stored locally on your computer.			(133, 634)	(417, 22)
image	Initial setup	""			(778, 307)	(300, 300)
push-button	You are currently online.	""			(74, 962)	(20, 23)
label	Done	Done			(104, 965)	(1811, 17)
menu	Thunderbird Mail	""			(99, 0)	(173, 27)
menu	System	""			(1814, 0)	(106, 27)
push-button	Chromium Web Browser	""			(0, 33)	(70, 64)
push-button	Thunderbird Mail	""			(0, 101)	(70, 64)
push-button	Visual Studio Code	""			(0, 169)	(70, 64)
push-button	VLC media player	""			(0, 237)	(70, 64)
push-button	LibreOffice Writer	""			(0, 305)	(70, 64)
push-button	LibreOffice Calc	""			(0, 373)	(70, 64)
push-button	LibreOffice Impress	""			(0, 441)	(70, 64)
push-button	GNU Image Manipulation Program	""			(0, 509)	(70, 64)
push-button	Files	""			(0, 577)	(70, 64)
push-button	Ubuntu Software	""			(0, 645)	(70, 64)
push-button	Help	""			(0, 713)	(70, 64)
push-button	Trash	""			(0, 784)	(70, 64)
toggle-button	Show Applications	""			(0, 915)	(70, 70)
Generating content with GPT model: o4-mini
RESPONSE: Reflection:
The Account Setup tab is still open (the form is visible). To return to the main Thunderbird window where I can open the Drafts folder, I need to close this tab by clicking its “×” button at about (547, 80).

```python
import pyautogui
import time

# Close the Account Setup tab
pyautogui.click(547, 80)
time.sleep(0.5)
```
LINEAR AT: tag	name	text	class	description	position (top-left x&y)	size (w&h)
label	Home	Home			(1833, 939)	(40, 17)
push-button	AppMenu	""			(1779, 33)	(35, 30)
push-button	Minimize	""			(1818, 34)	(31, 28)
push-button	Restore Down	""			(1849, 34)	(34, 28)
push-button	Close	""			(1883, 34)	(31, 28)
section	Account Setup	Account Setup			(324, 73)	(250, 33)
push-button	Close Tab	""			(547, 80)	(20, 20)
document-web	Welcome to Freedom – Thunderbird	""			(1128, 106)	(792, 855)
link	ESR Channel	ESR Channel			(1144, 138)	(73, 19)
link	Donate	Donate 			(1799, 126)	(105, 42)
heading	Welcome to Freedom	Welcome to Freedom			(1315, 274)	(418, 40)
paragraph		Thunderbird is a gift from thousands of people like you. We hope you'll enjoy the productivity, privacy, and freedom they make possible and we invite you to become part of that gift to others.			(1204, 330)	(640, 86)
link	Participate	Participate			(1304, 464)	(151, 47)
link	Donate	Donate			(1471, 464)	(123, 47)
link	Get Help	Get Help			(1610, 464)	(134, 47)
heading	Free and Open Source	Free and Open Source			(1177, 632)	(315, 26)
paragraph		Thunderbird is now yours forever.			(1177, 662)	(315, 31)
paragraph		Thunderbird is developed openly and distributed freely. Our software license protects your right to use, modify, and share Thunderbird. Our mission is to protect your privacy and freedom.			(1177, 709)	(315, 128)
heading	Powered by Community	Powered by Community			(1556, 632)	(315, 26)
paragraph		You can become part of our story.			(1556, 662)	(315, 31)
paragraph		Anyone can contribute to Thunderbird. By donating, translating, answering questions, suggesting features, reporting bugs, and more, you make Thunderbird better for yourself and the world.			(1556, 709)	(315, 128)
section		Want new features sooner? Learn about . 			(1326, 910)	(396, 21)
link	Thunderbird Release	Thunderbird Release			(1584, 911)	(134, 18)
document-web	Account Setup	""			(70, 106)	(1850, 855)
heading	Set Up Your Existing Email Address	Set Up Your Existing Email Address			(129, 150)	(1732, 42)
paragraph		To use your current email address fill in your credentials.			(133, 200)	(1724, 23)
paragraph		Thunderbird will automatically search for a working and recommended server configuration.			(133, 223)	(1724, 24)
label	Your full name	Your full name			(129, 307)	(425, 14)
entry	Your full name	""			(129, 326)	(425, 34)
image	Your name, as shown to others	""			(528, 335)	(16, 16)
label	Email address	Email address			(129, 383)	(425, 15)
entry	Email address	""			(129, 403)	(425, 34)
image	Your existing email address	""			(528, 412)	(16, 16)
push-button	Get a new email address	Get a new email address			(378, 442)	(176, 17)
label	Password	Password			(129, 461)	(425, 14)
label	Remember password	""			(129, 522)	(161, 20)
check-box	Remember password	""			(129, 524)	(16, 16)
section		Remember password			(151, 525)	(139, 15)
push-button	Cancel	Cancel			(344, 573)	(102, 36)
paragraph		Your credentials will only be stored locally on your computer.			(133, 634)	(417, 22)
image	Initial setup	""			(778, 307)	(300, 300)
push-button	You are currently online.	""			(74, 962)	(20, 23)
label	Done	Done			(104, 965)	(1811, 17)
menu	Thunderbird Mail	""			(99, 0)	(173, 27)
menu	System	""			(1814, 0)	(106, 27)
push-button	Chromium Web Browser	""			(0, 33)	(70, 64)
push-button	Thunderbird Mail	""			(0, 101)	(70, 64)
push-button	Visual Studio Code	""			(0, 169)	(70, 64)
push-button	VLC media player	""			(0, 237)	(70, 64)
push-button	LibreOffice Writer	""			(0, 305)	(70, 64)
push-button	LibreOffice Calc	""			(0, 373)	(70, 64)
push-button	LibreOffice Impress	""			(0, 441)	(70, 64)
push-button	GNU Image Manipulation Program	""			(0, 509)	(70, 64)
push-button	Files	""			(0, 577)	(70, 64)
push-button	Ubuntu Software	""			(0, 645)	(70, 64)
push-button	Help	""			(0, 713)	(70, 64)
push-button	Trash	""			(0, 784)	(70, 64)
toggle-button	Show Applications	""			(0, 915)	(70, 70)
Generating content with GPT model: o4-mini
RESPONSE: Reflection:
The Account Setup tab is still open. To get back to the main Thunderbird window (so we can open Drafts), I need to click the tab’s “×” (Close Tab) button at approximately (547, 80).

```python
import pyautogui
import time

# Close the Account Setup tab in Thunderbird
pyautogui.click(547, 80)
time.sleep(0.5)
```
LINEAR AT: tag	name	text	class	description	position (top-left x&y)	size (w&h)
label	Home	Home			(1833, 939)	(40, 17)
push-button	AppMenu	""			(1779, 33)	(35, 30)
push-button	Minimize	""			(1818, 34)	(31, 28)
push-button	Restore Down	""			(1849, 34)	(34, 28)
push-button	Close	""			(1883, 34)	(31, 28)
section	Account Setup	Account Setup			(324, 73)	(250, 33)
push-button	Close Tab	""			(547, 80)	(20, 20)
document-web	Welcome to Freedom – Thunderbird	""			(1128, 106)	(792, 855)
link	ESR Channel	ESR Channel			(1144, 138)	(73, 19)
link	Donate	Donate 			(1799, 126)	(105, 42)
heading	Welcome to Freedom	Welcome to Freedom			(1315, 274)	(418, 40)
paragraph		Thunderbird is a gift from thousands of people like you. We hope you'll enjoy the productivity, privacy, and freedom they make possible and we invite you to become part of that gift to others.			(1204, 330)	(640, 86)
link	Participate	Participate			(1304, 464)	(151, 47)
link	Donate	Donate			(1471, 464)	(123, 47)
link	Get Help	Get Help			(1610, 464)	(134, 47)
heading	Free and Open Source	Free and Open Source			(1177, 632)	(315, 26)
paragraph		Thunderbird is now yours forever.			(1177, 662)	(315, 31)
paragraph		Thunderbird is developed openly and distributed freely. Our software license protects your right to use, modify, and share Thunderbird. Our mission is to protect your privacy and freedom.			(1177, 709)	(315, 128)
heading	Powered by Community	Powered by Community			(1556, 632)	(315, 26)
paragraph		You can become part of our story.			(1556, 662)	(315, 31)
paragraph		Anyone can contribute to Thunderbird. By donating, translating, answering questions, suggesting features, reporting bugs, and more, you make Thunderbird better for yourself and the world.			(1556, 709)	(315, 128)
section		Want new features sooner? Learn about . 			(1326, 910)	(396, 21)
link	Thunderbird Release	Thunderbird Release			(1584, 911)	(134, 18)
document-web	Account Setup	""			(70, 106)	(1850, 855)
heading	Set Up Your Existing Email Address	Set Up Your Existing Email Address			(129, 150)	(1732, 42)
paragraph		To use your current email address fill in your credentials.			(133, 200)	(1724, 23)
paragraph		Thunderbird will automatically search for a working and recommended server configuration.			(133, 223)	(1724, 24)
label	Your full name	Your full name			(129, 307)	(425, 14)
entry	Your full name	""			(129, 326)	(425, 34)
image	Your name, as shown to others	""			(528, 335)	(16, 16)
label	Email address	Email address			(129, 383)	(425, 15)
entry	Email address	""			(129, 403)	(425, 34)
image	Your existing email address	""			(528, 412)	(16, 16)
push-button	Get a new email address	Get a new email address			(378, 442)	(176, 17)
label	Password	Password			(129, 461)	(425, 14)
label	Remember password	""			(129, 522)	(161, 20)
check-box	Remember password	""			(129, 524)	(16, 16)
section		Remember password			(151, 525)	(139, 15)
push-button	Cancel	Cancel			(344, 573)	(102, 36)
paragraph		Your credentials will only be stored locally on your computer.			(133, 634)	(417, 22)
image	Initial setup	""			(778, 307)	(300, 300)
push-button	You are currently online.	""			(74, 962)	(20, 23)
label	Done	Done			(104, 965)	(1811, 17)
menu	Thunderbird Mail	""			(99, 0)	(173, 27)
menu	System	""			(1814, 0)	(106, 27)
push-button	Chromium Web Browser	""			(0, 33)	(70, 64)
push-button	Thunderbird Mail	""			(0, 101)	(70, 64)
push-button	Visual Studio Code	""			(0, 169)	(70, 64)
push-button	VLC media player	""			(0, 237)	(70, 64)
push-button	LibreOffice Writer	""			(0, 305)	(70, 64)
push-button	LibreOffice Calc	""			(0, 373)	(70, 64)
push-button	LibreOffice Impress	""			(0, 441)	(70, 64)
push-button	GNU Image Manipulation Program	""			(0, 509)	(70, 64)
push-button	Files	""			(0, 577)	(70, 64)
push-button	Ubuntu Software	""			(0, 645)	(70, 64)
push-button	Help	""			(0, 713)	(70, 64)
push-button	Trash	""			(0, 784)	(70, 64)
toggle-button	Show Applications	""			(0, 915)	(70, 70)
Generating content with GPT model: o4-mini
RESPONSE: Reflection:
I need to access the AWS bill PDF so I can attach it to the draft. To do that, I’ll open the file manager by clicking the “Files” icon in the left dock.

```python
import pyautogui
import time

# Click the Files icon in the dock to open the file manager
pyautogui.click(35, 609)
time.sleep(0.5)
```
LINEAR AT: tag	name	text	class	description	position (top-left x&y)	size (w&h)
label	Home	Home			(1833, 939)	(40, 17)
push-button	AppMenu	""			(1779, 33)	(35, 30)
push-button	Minimize	""			(1818, 34)	(31, 28)
push-button	Restore Down	""			(1849, 34)	(34, 28)
push-button	Close	""			(1883, 34)	(31, 28)
section	Account Setup	Account Setup			(324, 73)	(250, 33)
push-button	Close Tab	""			(547, 80)	(20, 20)
document-web	Welcome to Freedom – Thunderbird	""			(1128, 106)	(792, 855)
link	ESR Channel	ESR Channel			(1144, 138)	(73, 19)
link	Donate	Donate 			(1799, 126)	(105, 42)
heading	Welcome to Freedom	Welcome to Freedom			(1315, 274)	(418, 40)
paragraph		Thunderbird is a gift from thousands of people like you. We hope you'll enjoy the productivity, privacy, and freedom they make possible and we invite you to become part of that gift to others.			(1204, 330)	(640, 86)
link	Participate	Participate			(1304, 464)	(151, 47)
link	Donate	Donate			(1471, 464)	(123, 47)
link	Get Help	Get Help			(1610, 464)	(134, 47)
heading	Free and Open Source	Free and Open Source			(1177, 632)	(315, 26)
paragraph		Thunderbird is now yours forever.			(1177, 662)	(315, 31)
paragraph		Thunderbird is developed openly and distributed freely. Our software license protects your right to use, modify, and share Thunderbird. Our mission is to protect your privacy and freedom.			(1177, 709)	(315, 128)
heading	Powered by Community	Powered by Community			(1556, 632)	(315, 26)
paragraph		You can become part of our story.			(1556, 662)	(315, 31)
paragraph		Anyone can contribute to Thunderbird. By donating, translating, answering questions, suggesting features, reporting bugs, and more, you make Thunderbird better for yourself and the world.			(1556, 709)	(315, 128)
section		Want new features sooner? Learn about . 			(1326, 910)	(396, 21)
link	Thunderbird Release	Thunderbird Release			(1584, 911)	(134, 18)
document-web	Account Setup	""			(70, 106)	(1850, 855)
heading	Set Up Your Existing Email Address	Set Up Your Existing Email Address			(129, 150)	(1732, 42)
paragraph		To use your current email address fill in your credentials.			(133, 200)	(1724, 23)
paragraph		Thunderbird will automatically search for a working and recommended server configuration.			(133, 223)	(1724, 24)
label	Your full name	Your full name			(129, 307)	(425, 14)
entry	Your full name	""			(129, 326)	(425, 34)
image	Your name, as shown to others	""			(528, 335)	(16, 16)
label	Email address	Email address			(129, 383)	(425, 15)
entry	Email address	""			(129, 403)	(425, 34)
image	Your existing email address	""			(528, 412)	(16, 16)
push-button	Get a new email address	Get a new email address			(378, 442)	(176, 17)
label	Password	Password			(129, 461)	(425, 14)
label	Remember password	""			(129, 522)	(161, 20)
check-box	Remember password	""			(129, 524)	(16, 16)
section		Remember password			(151, 525)	(139, 15)
push-button	Cancel	Cancel			(344, 573)	(102, 36)
paragraph		Your credentials will only be stored locally on your computer.			(133, 634)	(417, 22)
image	Initial setup	""			(778, 307)	(300, 300)
push-button	You are currently online.	""			(74, 962)	(20, 23)
label	Done	Done			(104, 965)	(1811, 17)
push-button	Home	""			(204, 84)	(414, 32)
toggle-button	Menu	""			(618, 83)	(36, 34)
toggle-button	Menu	""			(809, 77)	(26, 46)
toggle-button	Menu	""			(841, 77)	(36, 46)
label	Recent	Recent			(158, 128)	(136, 36)
label	Starred	Starred			(158, 166)	(136, 36)
label	Home	Home			(158, 204)	(136, 36)
label	Desktop	Desktop			(158, 242)	(136, 36)
label	Documents	Documents			(158, 280)	(136, 36)
label	Downloads	Downloads			(158, 318)	(136, 36)
label	Music	Music			(158, 356)	(136, 36)
label	Pictures	Pictures			(158, 394)	(136, 36)
label	Videos	Videos			(158, 432)	(136, 36)
label	Trash	Trash			(158, 470)	(136, 36)
icon	Add	""			(134, 517)	(24, 36)
label	Other Locations	Other Locations			(158, 517)	(136, 36)
menu	Files	""			(99, 0)	(89, 27)
menu	System	""			(1814, 0)	(106, 27)
push-button	Chromium Web Browser	""			(0, 33)	(70, 64)
push-button	Thunderbird Mail	""			(0, 101)	(70, 64)
push-button	Visual Studio Code	""			(0, 169)	(70, 64)
push-button	VLC media player	""			(0, 237)	(70, 64)
push-button	LibreOffice Writer	""			(0, 305)	(70, 64)
push-button	LibreOffice Calc	""			(0, 373)	(70, 64)
push-button	LibreOffice Impress	""			(0, 441)	(70, 64)
push-button	GNU Image Manipulation Program	""			(0, 509)	(70, 64)
push-button	Files	""			(0, 577)	(70, 64)
push-button	Ubuntu Software	""			(0, 645)	(70, 64)
push-button	Help	""			(0, 713)	(70, 64)
push-button	Trash	""			(0, 784)	(70, 64)
toggle-button	Show Applications	""			(0, 915)	(70, 70)
Generating content with GPT model: o4-mini
RESPONSE: Reflection:
The Files window is open showing aws-bill.pdf. To attach it, first bring Thunderbird to the front and open a new compose window so I can drag the PDF into it.

```python
import pyautogui
import time

# Bring Thunderbird Mail to front
pyautogui.click(35, 133)
time.sleep(0.5)

# Open a new message compose window (Ctrl+N)
pyautogui.hotkey('ctrl', 'n')
time.sleep(0.5)
```
LINEAR AT: tag	name	text	class	description	position (top-left x&y)	size (w&h)
label	Home	Home			(1833, 939)	(40, 17)
push-button	AppMenu	""			(1779, 33)	(35, 30)
push-button	Minimize	""			(1818, 34)	(31, 28)
push-button	Restore Down	""			(1849, 34)	(34, 28)
push-button	Close	""			(1883, 34)	(31, 28)
section	Account Setup	Account Setup			(324, 73)	(250, 33)
push-button	Close Tab	""			(547, 80)	(20, 20)
document-web	Welcome to Freedom – Thunderbird	""			(1128, 106)	(792, 855)
link	ESR Channel	ESR Channel			(1144, 138)	(73, 19)
link	Donate	Donate 			(1799, 126)	(105, 42)
heading	Welcome to Freedom	Welcome to Freedom			(1315, 274)	(418, 40)
paragraph		Thunderbird is a gift from thousands of people like you. We hope you'll enjoy the productivity, privacy, and freedom they make possible and we invite you to become part of that gift to others.			(1204, 330)	(640, 86)
link	Participate	Participate			(1304, 464)	(151, 47)
link	Donate	Donate			(1471, 464)	(123, 47)
link	Get Help	Get Help			(1610, 464)	(134, 47)
heading	Free and Open Source	Free and Open Source			(1177, 632)	(315, 26)
paragraph		Thunderbird is now yours forever.			(1177, 662)	(315, 31)
paragraph		Thunderbird is developed openly and distributed freely. Our software license protects your right to use, modify, and share Thunderbird. Our mission is to protect your privacy and freedom.			(1177, 709)	(315, 128)
heading	Powered by Community	Powered by Community			(1556, 632)	(315, 26)
paragraph		You can become part of our story.			(1556, 662)	(315, 31)
paragraph		Anyone can contribute to Thunderbird. By donating, translating, answering questions, suggesting features, reporting bugs, and more, you make Thunderbird better for yourself and the world.			(1556, 709)	(315, 128)
section		Want new features sooner? Learn about . 			(1326, 910)	(396, 21)
link	Thunderbird Release	Thunderbird Release			(1584, 911)	(134, 18)
document-web	Account Setup	""			(70, 106)	(1850, 855)
heading	Set Up Your Existing Email Address	Set Up Your Existing Email Address			(129, 150)	(1732, 42)
paragraph		To use your current email address fill in your credentials.			(133, 200)	(1724, 23)
paragraph		Thunderbird will automatically search for a working and recommended server configuration.			(133, 223)	(1724, 24)
label	Your full name	Your full name			(129, 307)	(425, 14)
entry	Your full name	""			(129, 326)	(425, 34)
image	Your name, as shown to others	""			(528, 335)	(16, 16)
label	Email address	Email address			(129, 383)	(425, 15)
entry	Email address	""			(129, 403)	(425, 34)
image	Your existing email address	""			(528, 412)	(16, 16)
push-button	Get a new email address	Get a new email address			(378, 442)	(176, 17)
label	Password	Password			(129, 461)	(425, 14)
label	Remember password	""			(129, 522)	(161, 20)
check-box	Remember password	""			(129, 524)	(16, 16)
section		Remember password			(151, 525)	(139, 15)
push-button	Cancel	Cancel			(344, 573)	(102, 36)
paragraph		Your credentials will only be stored locally on your computer.			(133, 634)	(417, 22)
image	Initial setup	""			(778, 307)	(300, 300)
push-button	You are currently online.	""			(74, 962)	(20, 23)
label	Done	Done			(104, 965)	(1811, 17)
push-button	Home	""			(204, 84)	(414, 32)
toggle-button	Menu	""			(618, 83)	(36, 34)
toggle-button	Menu	""			(809, 77)	(26, 46)
toggle-button	Menu	""			(841, 77)	(36, 46)
label	Recent	Recent			(158, 128)	(136, 36)
label	Starred	Starred			(158, 166)	(136, 36)
label	Home	Home			(158, 204)	(136, 36)
label	Desktop	Desktop			(158, 242)	(136, 36)
label	Documents	Documents			(158, 280)	(136, 36)
label	Downloads	Downloads			(158, 318)	(136, 36)
label	Music	Music			(158, 356)	(136, 36)
label	Pictures	Pictures			(158, 394)	(136, 36)
label	Videos	Videos			(158, 432)	(136, 36)
label	Trash	Trash			(158, 470)	(136, 36)
icon	Add	""			(134, 517)	(24, 36)
label	Other Locations	Other Locations			(158, 517)	(136, 36)
menu	Thunderbird Mail	""			(99, 0)	(173, 27)
menu	System	""			(1814, 0)	(106, 27)
push-button	Chromium Web Browser	""			(0, 33)	(70, 64)
push-button	Thunderbird Mail	""			(0, 101)	(70, 64)
push-button	Visual Studio Code	""			(0, 169)	(70, 64)
push-button	VLC media player	""			(0, 237)	(70, 64)
push-button	LibreOffice Writer	""			(0, 305)	(70, 64)
push-button	LibreOffice Calc	""			(0, 373)	(70, 64)
push-button	LibreOffice Impress	""			(0, 441)	(70, 64)
push-button	GNU Image Manipulation Program	""			(0, 509)	(70, 64)
push-button	Files	""			(0, 577)	(70, 64)
push-button	Ubuntu Software	""			(0, 645)	(70, 64)
push-button	Help	""			(0, 713)	(70, 64)
push-button	Trash	""			(0, 784)	(70, 64)
toggle-button	Show Applications	""			(0, 915)	(70, 70)
Generating content with GPT model: o4-mini
RESPONSE: Reflection:
The Account Setup tab is still open and blocking access to the main Thunderbird window. I need to close it before proceeding.

```python
import pyautogui
import time

# Close the Account Setup tab
pyautogui.click(547, 80)
time.sleep(0.5)
```
LINEAR AT: tag	name	text	class	description	position (top-left x&y)	size (w&h)
label	Home	Home			(1833, 939)	(40, 17)
push-button	AppMenu	""			(1779, 33)	(35, 30)
push-button	Minimize	""			(1818, 34)	(31, 28)
push-button	Restore Down	""			(1849, 34)	(34, 28)
push-button	Close	""			(1883, 34)	(31, 28)
section	Account Setup	Account Setup			(324, 73)	(250, 33)
push-button	Close Tab	""			(547, 80)	(20, 20)
document-web	Welcome to Freedom – Thunderbird	""			(1128, 106)	(792, 855)
link	ESR Channel	ESR Channel			(1144, 138)	(73, 19)
link	Donate	Donate 			(1799, 126)	(105, 42)
heading	Welcome to Freedom	Welcome to Freedom			(1315, 274)	(418, 40)
paragraph		Thunderbird is a gift from thousands of people like you. We hope you'll enjoy the productivity, privacy, and freedom they make possible and we invite you to become part of that gift to others.			(1204, 330)	(640, 86)
link	Participate	Participate			(1304, 464)	(151, 47)
link	Donate	Donate			(1471, 464)	(123, 47)
link	Get Help	Get Help			(1610, 464)	(134, 47)
heading	Free and Open Source	Free and Open Source			(1177, 632)	(315, 26)
paragraph		Thunderbird is now yours forever.			(1177, 662)	(315, 31)
paragraph		Thunderbird is developed openly and distributed freely. Our software license protects your right to use, modify, and share Thunderbird. Our mission is to protect your privacy and freedom.			(1177, 709)	(315, 128)
heading	Powered by Community	Powered by Community			(1556, 632)	(315, 26)
paragraph		You can become part of our story.			(1556, 662)	(315, 31)
paragraph		Anyone can contribute to Thunderbird. By donating, translating, answering questions, suggesting features, reporting bugs, and more, you make Thunderbird better for yourself and the world.			(1556, 709)	(315, 128)
section		Want new features sooner? Learn about . 			(1326, 910)	(396, 21)
link	Thunderbird Release	Thunderbird Release			(1584, 911)	(134, 18)
document-web	Account Setup	""			(70, 106)	(1850, 855)
heading	Set Up Your Existing Email Address	Set Up Your Existing Email Address			(129, 150)	(1732, 42)
paragraph		To use your current email address fill in your credentials.			(133, 200)	(1724, 23)
paragraph		Thunderbird will automatically search for a working and recommended server configuration.			(133, 223)	(1724, 24)
label	Your full name	Your full name			(129, 307)	(425, 14)
entry	Your full name	""			(129, 326)	(425, 34)
image	Your name, as shown to others	""			(528, 335)	(16, 16)
label	Email address	Email address			(129, 383)	(425, 15)
entry	Email address	""			(129, 403)	(425, 34)
image	Your existing email address	""			(528, 412)	(16, 16)
push-button	Get a new email address	Get a new email address			(378, 442)	(176, 17)
label	Password	Password			(129, 461)	(425, 14)
label	Remember password	""			(129, 522)	(161, 20)
check-box	Remember password	""			(129, 524)	(16, 16)
section		Remember password			(151, 525)	(139, 15)
push-button	Cancel	Cancel			(344, 573)	(102, 36)
paragraph		Your credentials will only be stored locally on your computer.			(133, 634)	(417, 22)
image	Initial setup	""			(778, 307)	(300, 300)
push-button	You are currently online.	""			(74, 962)	(20, 23)
label	Done	Done			(104, 965)	(1811, 17)
push-button	Home	""			(204, 84)	(414, 32)
toggle-button	Menu	""			(618, 83)	(36, 34)
toggle-button	Menu	""			(809, 77)	(26, 46)
toggle-button	Menu	""			(841, 77)	(36, 46)
label	Recent	Recent			(158, 128)	(136, 36)
label	Starred	Starred			(158, 166)	(136, 36)
label	Home	Home			(158, 204)	(136, 36)
label	Desktop	Desktop			(158, 242)	(136, 36)
label	Documents	Documents			(158, 280)	(136, 36)
label	Downloads	Downloads			(158, 318)	(136, 36)
label	Music	Music			(158, 356)	(136, 36)
label	Pictures	Pictures			(158, 394)	(136, 36)
label	Videos	Videos			(158, 432)	(136, 36)
label	Trash	Trash			(158, 470)	(136, 36)
icon	Add	""			(134, 517)	(24, 36)
label	Other Locations	Other Locations			(158, 517)	(136, 36)
menu	Thunderbird Mail	""			(99, 0)	(173, 27)
menu	System	""			(1814, 0)	(106, 27)
push-button	Chromium Web Browser	""			(0, 33)	(70, 64)
push-button	Thunderbird Mail	""			(0, 101)	(70, 64)
push-button	Visual Studio Code	""			(0, 169)	(70, 64)
push-button	VLC media player	""			(0, 237)	(70, 64)
push-button	LibreOffice Writer	""			(0, 305)	(70, 64)
push-button	LibreOffice Calc	""			(0, 373)	(70, 64)
push-button	LibreOffice Impress	""			(0, 441)	(70, 64)
push-button	GNU Image Manipulation Program	""			(0, 509)	(70, 64)
push-button	Files	""			(0, 577)	(70, 64)
push-button	Ubuntu Software	""			(0, 645)	(70, 64)
push-button	Help	""			(0, 713)	(70, 64)
push-button	Trash	""			(0, 784)	(70, 64)
toggle-button	Show Applications	""			(0, 915)	(70, 70)
Generating content with GPT model: o4-mini
RESPONSE: Reflection:
Now that the Account Setup tab is closed, I need to open a new message compose window so I can drag in the AWS bill PDF.

```python
import pyautogui
import time

# Open a new email compose window in Thunderbird
pyautogui.hotkey('ctrl', 'n')
time.sleep(0.5)
```
LINEAR AT: tag	name	text	class	description	position (top-left x&y)	size (w&h)
label	Home	Home			(1833, 939)	(40, 17)
push-button	AppMenu	""			(1779, 33)	(35, 30)
push-button	Minimize	""			(1818, 34)	(31, 28)
push-button	Restore Down	""			(1849, 34)	(34, 28)
push-button	Close	""			(1883, 34)	(31, 28)
section	Account Setup	Account Setup			(324, 73)	(250, 33)
push-button	Close Tab	""			(547, 80)	(20, 20)
document-web	Welcome to Freedom – Thunderbird	""			(1128, 106)	(792, 855)
link	ESR Channel	ESR Channel			(1144, 138)	(73, 19)
link	Donate	Donate 			(1799, 126)	(105, 42)
heading	Welcome to Freedom	Welcome to Freedom			(1315, 274)	(418, 40)
paragraph		Thunderbird is a gift from thousands of people like you. We hope you'll enjoy the productivity, privacy, and freedom they make possible and we invite you to become part of that gift to others.			(1204, 330)	(640, 86)
link	Participate	Participate			(1304, 464)	(151, 47)
link	Donate	Donate			(1471, 464)	(123, 47)
link	Get Help	Get Help			(1610, 464)	(134, 47)
heading	Free and Open Source	Free and Open Source			(1177, 632)	(315, 26)
paragraph		Thunderbird is now yours forever.			(1177, 662)	(315, 31)
paragraph		Thunderbird is developed openly and distributed freely. Our software license protects your right to use, modify, and share Thunderbird. Our mission is to protect your privacy and freedom.			(1177, 709)	(315, 128)
heading	Powered by Community	Powered by Community			(1556, 632)	(315, 26)
paragraph		You can become part of our story.			(1556, 662)	(315, 31)
paragraph		Anyone can contribute to Thunderbird. By donating, translating, answering questions, suggesting features, reporting bugs, and more, you make Thunderbird better for yourself and the world.			(1556, 709)	(315, 128)
section		Want new features sooner? Learn about . 			(1326, 910)	(396, 21)
link	Thunderbird Release	Thunderbird Release			(1584, 911)	(134, 18)
document-web	Account Setup	""			(70, 106)	(1850, 855)
heading	Set Up Your Existing Email Address	Set Up Your Existing Email Address			(129, 150)	(1732, 42)
paragraph		To use your current email address fill in your credentials.			(133, 200)	(1724, 23)
paragraph		Thunderbird will automatically search for a working and recommended server configuration.			(133, 223)	(1724, 24)
label	Your full name	Your full name			(129, 307)	(425, 14)
entry	Your full name	""			(129, 326)	(425, 34)
image	Your name, as shown to others	""			(528, 335)	(16, 16)
label	Email address	Email address			(129, 383)	(425, 15)
entry	Email address	""			(129, 403)	(425, 34)
image	Your existing email address	""			(528, 412)	(16, 16)
push-button	Get a new email address	Get a new email address			(378, 442)	(176, 17)
label	Password	Password			(129, 461)	(425, 14)
label	Remember password	""			(129, 522)	(161, 20)
check-box	Remember password	""			(129, 524)	(16, 16)
section		Remember password			(151, 525)	(139, 15)
push-button	Cancel	Cancel			(344, 573)	(102, 36)
paragraph		Your credentials will only be stored locally on your computer.			(133, 634)	(417, 22)
image	Initial setup	""			(778, 307)	(300, 300)
push-button	You are currently online.	""			(74, 962)	(20, 23)
label	Done	Done			(104, 965)	(1811, 17)
push-button	Home	""			(204, 84)	(414, 32)
toggle-button	Menu	""			(618, 83)	(36, 34)
toggle-button	Menu	""			(809, 77)	(26, 46)
toggle-button	Menu	""			(841, 77)	(36, 46)
label	Recent	Recent			(158, 128)	(136, 36)
label	Starred	Starred			(158, 166)	(136, 36)
label	Home	Home			(158, 204)	(136, 36)
label	Desktop	Desktop			(158, 242)	(136, 36)
label	Documents	Documents			(158, 280)	(136, 36)
label	Downloads	Downloads			(158, 318)	(136, 36)
label	Music	Music			(158, 356)	(136, 36)
label	Pictures	Pictures			(158, 394)	(136, 36)
label	Videos	Videos			(158, 432)	(136, 36)
label	Trash	Trash			(158, 470)	(136, 36)
icon	Add	""			(134, 517)	(24, 36)
label	Other Locations	Other Locations			(158, 517)	(136, 36)
menu	Thunderbird Mail	""			(99, 0)	(173, 27)
menu	System	""			(1814, 0)	(106, 27)
push-button	Chromium Web Browser	""			(0, 33)	(70, 64)
push-button	Thunderbird Mail	""			(0, 101)	(70, 64)
push-button	Visual Studio Code	""			(0, 169)	(70, 64)
push-button	VLC media player	""			(0, 237)	(70, 64)
push-button	LibreOffice Writer	""			(0, 305)	(70, 64)
push-button	LibreOffice Calc	""			(0, 373)	(70, 64)
push-button	LibreOffice Impress	""			(0, 441)	(70, 64)
push-button	GNU Image Manipulation Program	""			(0, 509)	(70, 64)
push-button	Files	""			(0, 577)	(70, 64)
push-button	Ubuntu Software	""			(0, 645)	(70, 64)
push-button	Help	""			(0, 713)	(70, 64)
push-button	Trash	""			(0, 784)	(70, 64)
toggle-button	Show Applications	""			(0, 915)	(70, 70)
Generating content with GPT model: o4-mini
RESPONSE: Reflection:
The Account Setup tab is still open and blocking access to compose. I’ll close that tab again.

```python
import pyautogui
import time

# Close the Account Setup tab
pyautogui.click(547, 80)
time.sleep(0.5)
```
LINEAR AT: tag	name	text	class	description	position (top-left x&y)	size (w&h)
label	Home	Home			(1833, 939)	(40, 17)
push-button	AppMenu	""			(1779, 33)	(35, 30)
push-button	Minimize	""			(1818, 34)	(31, 28)
push-button	Restore Down	""			(1849, 34)	(34, 28)
push-button	Close	""			(1883, 34)	(31, 28)
section	Account Setup	Account Setup			(324, 73)	(250, 33)
push-button	Close Tab	""			(547, 80)	(20, 20)
document-web	Welcome to Freedom – Thunderbird	""			(1128, 106)	(792, 855)
link	ESR Channel	ESR Channel			(1144, 138)	(73, 19)
link	Donate	Donate 			(1799, 126)	(105, 42)
heading	Welcome to Freedom	Welcome to Freedom			(1315, 274)	(418, 40)
paragraph		Thunderbird is a gift from thousands of people like you. We hope you'll enjoy the productivity, privacy, and freedom they make possible and we invite you to become part of that gift to others.			(1204, 330)	(640, 86)
link	Participate	Participate			(1304, 464)	(151, 47)
link	Donate	Donate			(1471, 464)	(123, 47)
link	Get Help	Get Help			(1610, 464)	(134, 47)
heading	Free and Open Source	Free and Open Source			(1177, 632)	(315, 26)
paragraph		Thunderbird is now yours forever.			(1177, 662)	(315, 31)
paragraph		Thunderbird is developed openly and distributed freely. Our software license protects your right to use, modify, and share Thunderbird. Our mission is to protect your privacy and freedom.			(1177, 709)	(315, 128)
heading	Powered by Community	Powered by Community			(1556, 632)	(315, 26)
paragraph		You can become part of our story.			(1556, 662)	(315, 31)
paragraph		Anyone can contribute to Thunderbird. By donating, translating, answering questions, suggesting features, reporting bugs, and more, you make Thunderbird better for yourself and the world.			(1556, 709)	(315, 128)
section		Want new features sooner? Learn about . 			(1326, 910)	(396, 21)
link	Thunderbird Release	Thunderbird Release			(1584, 911)	(134, 18)
document-web	Account Setup	""			(70, 106)	(1850, 855)
heading	Set Up Your Existing Email Address	Set Up Your Existing Email Address			(129, 150)	(1732, 42)
paragraph		To use your current email address fill in your credentials.			(133, 200)	(1724, 23)
paragraph		Thunderbird will automatically search for a working and recommended server configuration.			(133, 223)	(1724, 24)
label	Your full name	Your full name			(129, 307)	(425, 14)
entry	Your full name	""			(129, 326)	(425, 34)
image	Your name, as shown to others	""			(528, 335)	(16, 16)
label	Email address	Email address			(129, 383)	(425, 15)
entry	Email address	""			(129, 403)	(425, 34)
image	Your existing email address	""			(528, 412)	(16, 16)
push-button	Get a new email address	Get a new email address			(378, 442)	(176, 17)
label	Password	Password			(129, 461)	(425, 14)
label	Remember password	""			(129, 522)	(161, 20)
check-box	Remember password	""			(129, 524)	(16, 16)
section		Remember password			(151, 525)	(139, 15)
push-button	Cancel	Cancel			(344, 573)	(102, 36)
paragraph		Your credentials will only be stored locally on your computer.			(133, 634)	(417, 22)
image	Initial setup	""			(778, 307)	(300, 300)
push-button	You are currently online.	""			(74, 962)	(20, 23)
label	Done	Done			(104, 965)	(1811, 17)
push-button	Home	""			(204, 84)	(414, 32)
toggle-button	Menu	""			(618, 83)	(36, 34)
toggle-button	Menu	""			(809, 77)	(26, 46)
toggle-button	Menu	""			(841, 77)	(36, 46)
label	Recent	Recent			(158, 128)	(136, 36)
label	Starred	Starred			(158, 166)	(136, 36)
label	Home	Home			(158, 204)	(136, 36)
label	Desktop	Desktop			(158, 242)	(136, 36)
label	Documents	Documents			(158, 280)	(136, 36)
label	Downloads	Downloads			(158, 318)	(136, 36)
label	Music	Music			(158, 356)	(136, 36)
label	Pictures	Pictures			(158, 394)	(136, 36)
label	Videos	Videos			(158, 432)	(136, 36)
label	Trash	Trash			(158, 470)	(136, 36)
icon	Add	""			(134, 517)	(24, 36)
label	Other Locations	Other Locations			(158, 517)	(136, 36)
menu	Thunderbird Mail	""			(99, 0)	(173, 27)
menu	System	""			(1814, 0)	(106, 27)
push-button	Chromium Web Browser	""			(0, 33)	(70, 64)
push-button	Thunderbird Mail	""			(0, 101)	(70, 64)
push-button	Visual Studio Code	""			(0, 169)	(70, 64)
push-button	VLC media player	""			(0, 237)	(70, 64)
push-button	LibreOffice Writer	""			(0, 305)	(70, 64)
push-button	LibreOffice Calc	""			(0, 373)	(70, 64)
push-button	LibreOffice Impress	""			(0, 441)	(70, 64)
push-button	GNU Image Manipulation Program	""			(0, 509)	(70, 64)
push-button	Files	""			(0, 577)	(70, 64)
push-button	Ubuntu Software	""			(0, 645)	(70, 64)
push-button	Help	""			(0, 713)	(70, 64)
push-button	Trash	""			(0, 784)	(70, 64)
toggle-button	Show Applications	""			(0, 915)	(70, 70)
Generating content with GPT model: o4-mini
RESPONSE: I need to dismiss the “Account Setup” tab so I can get back to the main Thunderbird window. The next step is to click the little “×” on that tab (around coordinates 547 × 80).
LINEAR AT: tag	name	text	class	description	position (top-left x&y)	size (w&h)
label	Home	Home			(1833, 939)	(40, 17)
push-button	AppMenu	""			(1779, 33)	(35, 30)
push-button	Minimize	""			(1818, 34)	(31, 28)
push-button	Restore Down	""			(1849, 34)	(34, 28)
push-button	Close	""			(1883, 34)	(31, 28)
section	Account Setup	Account Setup			(324, 73)	(250, 33)
push-button	Close Tab	""			(547, 80)	(20, 20)
document-web	Welcome to Freedom – Thunderbird	""			(1128, 106)	(792, 855)
link	ESR Channel	ESR Channel			(1144, 138)	(73, 19)
link	Donate	Donate 			(1799, 126)	(105, 42)
heading	Welcome to Freedom	Welcome to Freedom			(1315, 274)	(418, 40)
paragraph		Thunderbird is a gift from thousands of people like you. We hope you'll enjoy the productivity, privacy, and freedom they make possible and we invite you to become part of that gift to others.			(1204, 330)	(640, 86)
link	Participate	Participate			(1304, 464)	(151, 47)
link	Donate	Donate			(1471, 464)	(123, 47)
link	Get Help	Get Help			(1610, 464)	(134, 47)
heading	Free and Open Source	Free and Open Source			(1177, 632)	(315, 26)
paragraph		Thunderbird is now yours forever.			(1177, 662)	(315, 31)
paragraph		Thunderbird is developed openly and distributed freely. Our software license protects your right to use, modify, and share Thunderbird. Our mission is to protect your privacy and freedom.			(1177, 709)	(315, 128)
heading	Powered by Community	Powered by Community			(1556, 632)	(315, 26)
paragraph		You can become part of our story.			(1556, 662)	(315, 31)
paragraph		Anyone can contribute to Thunderbird. By donating, translating, answering questions, suggesting features, reporting bugs, and more, you make Thunderbird better for yourself and the world.			(1556, 709)	(315, 128)
section		Want new features sooner? Learn about . 			(1326, 910)	(396, 21)
link	Thunderbird Release	Thunderbird Release			(1584, 911)	(134, 18)
document-web	Account Setup	""			(70, 106)	(1850, 855)
heading	Set Up Your Existing Email Address	Set Up Your Existing Email Address			(129, 150)	(1732, 42)
paragraph		To use your current email address fill in your credentials.			(133, 200)	(1724, 23)
paragraph		Thunderbird will automatically search for a working and recommended server configuration.			(133, 223)	(1724, 24)
label	Your full name	Your full name			(129, 307)	(425, 14)
entry	Your full name	""			(129, 326)	(425, 34)
image	Your name, as shown to others	""			(528, 335)	(16, 16)
label	Email address	Email address			(129, 383)	(425, 15)
entry	Email address	""			(129, 403)	(425, 34)
image	Your existing email address	""			(528, 412)	(16, 16)
push-button	Get a new email address	Get a new email address			(378, 442)	(176, 17)
label	Password	Password			(129, 461)	(425, 14)
label	Remember password	""			(129, 522)	(161, 20)
check-box	Remember password	""			(129, 524)	(16, 16)
section		Remember password			(151, 525)	(139, 15)
push-button	Cancel	Cancel			(344, 573)	(102, 36)
paragraph		Your credentials will only be stored locally on your computer.			(133, 634)	(417, 22)
image	Initial setup	""			(778, 307)	(300, 300)
push-button	You are currently online.	""			(74, 962)	(20, 23)
label	Done	Done			(104, 965)	(1811, 17)
push-button	Home	""			(204, 84)	(414, 32)
toggle-button	Menu	""			(618, 83)	(36, 34)
toggle-button	Menu	""			(809, 77)	(26, 46)
toggle-button	Menu	""			(841, 77)	(36, 46)
label	Recent	Recent			(158, 128)	(136, 36)
label	Starred	Starred			(158, 166)	(136, 36)
label	Home	Home			(158, 204)	(136, 36)
label	Desktop	Desktop			(158, 242)	(136, 36)
label	Documents	Documents			(158, 280)	(136, 36)
label	Downloads	Downloads			(158, 318)	(136, 36)
label	Music	Music			(158, 356)	(136, 36)
label	Pictures	Pictures			(158, 394)	(136, 36)
label	Videos	Videos			(158, 432)	(136, 36)
label	Trash	Trash			(158, 470)	(136, 36)
icon	Add	""			(134, 517)	(24, 36)
label	Other Locations	Other Locations			(158, 517)	(136, 36)
menu	Thunderbird Mail	""			(99, 0)	(173, 27)
menu	System	""			(1814, 0)	(106, 27)
push-button	Chromium Web Browser	""			(0, 33)	(70, 64)
push-button	Thunderbird Mail	""			(0, 101)	(70, 64)
push-button	Visual Studio Code	""			(0, 169)	(70, 64)
push-button	VLC media player	""			(0, 237)	(70, 64)
push-button	LibreOffice Writer	""			(0, 305)	(70, 64)
push-button	LibreOffice Calc	""			(0, 373)	(70, 64)
push-button	LibreOffice Impress	""			(0, 441)	(70, 64)
push-button	GNU Image Manipulation Program	""			(0, 509)	(70, 64)
push-button	Files	""			(0, 577)	(70, 64)
push-button	Ubuntu Software	""			(0, 645)	(70, 64)
push-button	Help	""			(0, 713)	(70, 64)
push-button	Trash	""			(0, 784)	(70, 64)
toggle-button	Show Applications	""			(0, 915)	(70, 70)
Generating content with GPT model: o4-mini
RESPONSE: Reflection:
The Account Setup tab is still open and blocking access to the main Thunderbird window. I need to close that tab before composing a new message.

```python
import pyautogui
import time

# Close the Account Setup tab
pyautogui.click(547, 80)
time.sleep(0.5)
```
LINEAR AT: tag	name	text	class	description	position (top-left x&y)	size (w&h)
label	Home	Home			(1833, 939)	(40, 17)
push-button	AppMenu	""			(1779, 33)	(35, 30)
push-button	Minimize	""			(1818, 34)	(31, 28)
push-button	Restore Down	""			(1849, 34)	(34, 28)
push-button	Close	""			(1883, 34)	(31, 28)
section	Account Setup	Account Setup			(324, 73)	(250, 33)
push-button	Close Tab	""			(547, 80)	(20, 20)
document-web	Welcome to Freedom – Thunderbird	""			(1128, 106)	(792, 855)
link	ESR Channel	ESR Channel			(1144, 138)	(73, 19)
link	Donate	Donate 			(1799, 126)	(105, 42)
heading	Welcome to Freedom	Welcome to Freedom			(1315, 274)	(418, 40)
paragraph		Thunderbird is a gift from thousands of people like you. We hope you'll enjoy the productivity, privacy, and freedom they make possible and we invite you to become part of that gift to others.			(1204, 330)	(640, 86)
link	Participate	Participate			(1304, 464)	(151, 47)
link	Donate	Donate			(1471, 464)	(123, 47)
link	Get Help	Get Help			(1610, 464)	(134, 47)
heading	Free and Open Source	Free and Open Source			(1177, 632)	(315, 26)
paragraph		Thunderbird is now yours forever.			(1177, 662)	(315, 31)
paragraph		Thunderbird is developed openly and distributed freely. Our software license protects your right to use, modify, and share Thunderbird. Our mission is to protect your privacy and freedom.			(1177, 709)	(315, 128)
heading	Powered by Community	Powered by Community			(1556, 632)	(315, 26)
paragraph		You can become part of our story.			(1556, 662)	(315, 31)
paragraph		Anyone can contribute to Thunderbird. By donating, translating, answering questions, suggesting features, reporting bugs, and more, you make Thunderbird better for yourself and the world.			(1556, 709)	(315, 128)
section		Want new features sooner? Learn about . 			(1326, 910)	(396, 21)
link	Thunderbird Release	Thunderbird Release			(1584, 911)	(134, 18)
document-web	Account Setup	""			(70, 106)	(1850, 855)
heading	Set Up Your Existing Email Address	Set Up Your Existing Email Address			(129, 150)	(1732, 42)
paragraph		To use your current email address fill in your credentials.			(133, 200)	(1724, 23)
paragraph		Thunderbird will automatically search for a working and recommended server configuration.			(133, 223)	(1724, 24)
label	Your full name	Your full name			(129, 307)	(425, 14)
entry	Your full name	""			(129, 326)	(425, 34)
image	Your name, as shown to others	""			(528, 335)	(16, 16)
label	Email address	Email address			(129, 383)	(425, 15)
entry	Email address	""			(129, 403)	(425, 34)
image	Your existing email address	""			(528, 412)	(16, 16)
push-button	Get a new email address	Get a new email address			(378, 442)	(176, 17)
label	Password	Password			(129, 461)	(425, 14)
label	Remember password	""			(129, 522)	(161, 20)
check-box	Remember password	""			(129, 524)	(16, 16)
section		Remember password			(151, 525)	(139, 15)
push-button	Cancel	Cancel			(344, 573)	(102, 36)
paragraph		Your credentials will only be stored locally on your computer.			(133, 634)	(417, 22)
image	Initial setup	""			(778, 307)	(300, 300)
push-button	You are currently online.	""			(74, 962)	(20, 23)
label	Done	Done			(104, 965)	(1811, 17)
push-button	Home	""			(204, 84)	(414, 32)
toggle-button	Menu	""			(618, 83)	(36, 34)
toggle-button	Menu	""			(809, 77)	(26, 46)
toggle-button	Menu	""			(841, 77)	(36, 46)
label	Recent	Recent			(158, 128)	(136, 36)
label	Starred	Starred			(158, 166)	(136, 36)
label	Home	Home			(158, 204)	(136, 36)
label	Desktop	Desktop			(158, 242)	(136, 36)
label	Documents	Documents			(158, 280)	(136, 36)
label	Downloads	Downloads			(158, 318)	(136, 36)
label	Music	Music			(158, 356)	(136, 36)
label	Pictures	Pictures			(158, 394)	(136, 36)
label	Videos	Videos			(158, 432)	(136, 36)
label	Trash	Trash			(158, 470)	(136, 36)
icon	Add	""			(134, 517)	(24, 36)
label	Other Locations	Other Locations			(158, 517)	(136, 36)
menu	Thunderbird Mail	""			(99, 0)	(173, 27)
menu	System	""			(1814, 0)	(106, 27)
push-button	Chromium Web Browser	""			(0, 33)	(70, 64)
push-button	Thunderbird Mail	""			(0, 101)	(70, 64)
push-button	Visual Studio Code	""			(0, 169)	(70, 64)
push-button	VLC media player	""			(0, 237)	(70, 64)
push-button	LibreOffice Writer	""			(0, 305)	(70, 64)
push-button	LibreOffice Calc	""			(0, 373)	(70, 64)
push-button	LibreOffice Impress	""			(0, 441)	(70, 64)
push-button	GNU Image Manipulation Program	""			(0, 509)	(70, 64)
push-button	Files	""			(0, 577)	(70, 64)
push-button	Ubuntu Software	""			(0, 645)	(70, 64)
push-button	Help	""			(0, 713)	(70, 64)
push-button	Trash	""			(0, 784)	(70, 64)
toggle-button	Show Applications	""			(0, 915)	(70, 70)
Generating content with GPT model: o4-mini
RESPONSE: Reflection:
The “Account Setup” tab is still open and blocking access to the main Thunderbird window. I need to close it before composing or attaching anything.

```python
import pyautogui
import time

# Close the Account Setup tab
pyautogui.click(547, 80)
time.sleep(0.5)
```
LINEAR AT: tag	name	text	class	description	position (top-left x&y)	size (w&h)
label	Home	Home			(1833, 939)	(40, 17)
push-button	AppMenu	""			(1779, 33)	(35, 30)
push-button	Minimize	""			(1818, 34)	(31, 28)
push-button	Restore Down	""			(1849, 34)	(34, 28)
push-button	Close	""			(1883, 34)	(31, 28)
section	Account Setup	Account Setup			(324, 73)	(250, 33)
push-button	Close Tab	""			(547, 80)	(20, 20)
document-web	Welcome to Freedom – Thunderbird	""			(1128, 106)	(792, 855)
link	ESR Channel	ESR Channel			(1144, 138)	(73, 19)
link	Donate	Donate 			(1799, 126)	(105, 42)
heading	Welcome to Freedom	Welcome to Freedom			(1315, 274)	(418, 40)
paragraph		Thunderbird is a gift from thousands of people like you. We hope you'll enjoy the productivity, privacy, and freedom they make possible and we invite you to become part of that gift to others.			(1204, 330)	(640, 86)
link	Participate	Participate			(1304, 464)	(151, 47)
link	Donate	Donate			(1471, 464)	(123, 47)
link	Get Help	Get Help			(1610, 464)	(134, 47)
heading	Free and Open Source	Free and Open Source			(1177, 632)	(315, 26)
paragraph		Thunderbird is now yours forever.			(1177, 662)	(315, 31)
paragraph		Thunderbird is developed openly and distributed freely. Our software license protects your right to use, modify, and share Thunderbird. Our mission is to protect your privacy and freedom.			(1177, 709)	(315, 128)
heading	Powered by Community	Powered by Community			(1556, 632)	(315, 26)
paragraph		You can become part of our story.			(1556, 662)	(315, 31)
paragraph		Anyone can contribute to Thunderbird. By donating, translating, answering questions, suggesting features, reporting bugs, and more, you make Thunderbird better for yourself and the world.			(1556, 709)	(315, 128)
section		Want new features sooner? Learn about . 			(1326, 910)	(396, 21)
link	Thunderbird Release	Thunderbird Release			(1584, 911)	(134, 18)
document-web	Account Setup	""			(70, 106)	(1850, 855)
heading	Set Up Your Existing Email Address	Set Up Your Existing Email Address			(129, 150)	(1732, 42)
paragraph		To use your current email address fill in your credentials.			(133, 200)	(1724, 23)
paragraph		Thunderbird will automatically search for a working and recommended server configuration.			(133, 223)	(1724, 24)
label	Your full name	Your full name			(129, 307)	(425, 14)
entry	Your full name	""			(129, 326)	(425, 34)
image	Your name, as shown to others	""			(528, 335)	(16, 16)
label	Email address	Email address			(129, 383)	(425, 15)
entry	Email address	""			(129, 403)	(425, 34)
image	Your existing email address	""			(528, 412)	(16, 16)
push-button	Get a new email address	Get a new email address			(378, 442)	(176, 17)
label	Password	Password			(129, 461)	(425, 14)
label	Remember password	""			(129, 522)	(161, 20)
check-box	Remember password	""			(129, 524)	(16, 16)
section		Remember password			(151, 525)	(139, 15)
push-button	Cancel	Cancel			(344, 573)	(102, 36)
paragraph		Your credentials will only be stored locally on your computer.			(133, 634)	(417, 22)
image	Initial setup	""			(778, 307)	(300, 300)
push-button	You are currently online.	""			(74, 962)	(20, 23)
label	Done	Done			(104, 965)	(1811, 17)
push-button	Home	""			(204, 84)	(414, 32)
toggle-button	Menu	""			(618, 83)	(36, 34)
toggle-button	Menu	""			(809, 77)	(26, 46)
toggle-button	Menu	""			(841, 77)	(36, 46)
label	Recent	Recent			(158, 128)	(136, 36)
label	Starred	Starred			(158, 166)	(136, 36)
label	Home	Home			(158, 204)	(136, 36)
label	Desktop	Desktop			(158, 242)	(136, 36)
label	Documents	Documents			(158, 280)	(136, 36)
label	Downloads	Downloads			(158, 318)	(136, 36)
label	Music	Music			(158, 356)	(136, 36)
label	Pictures	Pictures			(158, 394)	(136, 36)
label	Videos	Videos			(158, 432)	(136, 36)
label	Trash	Trash			(158, 470)	(136, 36)
icon	Add	""			(134, 517)	(24, 36)
label	Other Locations	Other Locations			(158, 517)	(136, 36)
menu	Thunderbird Mail	""			(99, 0)	(173, 27)
menu	System	""			(1814, 0)	(106, 27)
push-button	Chromium Web Browser	""			(0, 33)	(70, 64)
push-button	Thunderbird Mail	""			(0, 101)	(70, 64)
push-button	Visual Studio Code	""			(0, 169)	(70, 64)
push-button	VLC media player	""			(0, 237)	(70, 64)
push-button	LibreOffice Writer	""			(0, 305)	(70, 64)
push-button	LibreOffice Calc	""			(0, 373)	(70, 64)
push-button	LibreOffice Impress	""			(0, 441)	(70, 64)
push-button	GNU Image Manipulation Program	""			(0, 509)	(70, 64)
push-button	Files	""			(0, 577)	(70, 64)
push-button	Ubuntu Software	""			(0, 645)	(70, 64)
push-button	Help	""			(0, 713)	(70, 64)
push-button	Trash	""			(0, 784)	(70, 64)
toggle-button	Show Applications	""			(0, 915)	(70, 70)
Generating content with GPT model: o4-mini
RESPONSE: Reflection:  
The “Account Setup” tab is still open and blocking access to the main Thunderbird interface. To proceed with composing a new message (and eventually attaching the PDF), I first need to close this tab by clicking its close button at (547, 80).

```python
import pyautogui
import time

# Close the Account Setup tab
pyautogui.click(547, 80)
time.sleep(0.5)
```
