LINEAR AT: tag	name	text	class	description	position (top-left x&y)	size (w&h)
label	Home	Home			(1833, 1037)	(40, 17)
push-button	Search tabs	Search tabs			(76, 64)	(28, 41)
push-button	Close	Close			(312, 70)	(28, 28)
push-button	New Tab	New Tab			(348, 64)	(28, 41)
push-button	Reload	Reload			(147, 110)	(34, 34)
entry	Address and search bar	""			(227, 115)	(1565, 24)
push-button	Bookmark this tab	""			(1800, 115)	(24, 24)
push-button	Work	Work			(1845, 110)	(34, 34)
push-button	Chromium	Chromium			(1881, 110)	(39, 34)
document-web	New Tab	""			(70, 151)	(1850, 929)
link	Gmail 	Gmail			(1712, 171)	(35, 24)
static	Gmail	Gmail			(1712, 175)	(35, 15)
link	Search for Images 	Images			(1761, 171)	(43, 24)
static	Images	Images			(1761, 175)	(43, 15)
push-button	Search Labs	""			(1818, 163)	(41, 40)
section		  			(1818, 163)	(41, 40)
push-button	Google apps	""			(1866, 163)	(40, 40)
section		  			(1866, 163)	(40, 40)
combo-box	Search Google or type a URL	""			(622, 413)	(746, 48)
push-button	Search by voice	""			(1289, 413)	(26, 48)
push-button	Search by image	""			(1326, 413)	(26, 48)
link	Web Store	""			(883, 479)	(112, 112)
push-button	More actions for Web Store shortcut	""			(965, 483)	(28, 28)
static	Web Store	Web Store			(909, 559)	(60, 15)
push-button	Add shortcut	Add shortcut			(995, 479)	(112, 112)
static	Add shortcut	Add shortcut			(1013, 559)	(76, 15)
toggle-button	Customize Chromium	""			(1722, 1032)	(182, 32)
section		Customize Chromium			(1762, 1038)	(126, 20)
static	Customize Chromium	Customize Chromium			(1762, 1040)	(126, 15)
menu	Chromium Web Browser	""			(99, 0)	(219, 27)
menu	System	""			(1814, 0)	(106, 27)
label	Please download waiting software updates.	""			(810, 73)	(291, 17)
push-button	Chromium Web Browser	""			(0, 33)	(70, 64)
push-button	Thunderbird Mail	""			(0, 101)	(70, 64)
push-button	Visual Studio Code	""			(0, 169)	(70, 64)
push-button	VLC media player	""			(0, 237)	(70, 64)
push-button	LibreOffice Writer	""			(0, 305)	(70, 64)
push-button	LibreOffice Calc	""			(0, 373)	(70, 64)
push-button	LibreOffice Impress	""			(0, 441)	(70, 64)
push-button	GNU Image Manipulation Program	""			(0, 509)	(70, 64)
push-button	Files	""			(0, 577)	(70, 64)
push-button	Ubuntu Software	""			(0, 645)	(70, 64)
push-button	Help	""			(0, 713)	(70, 64)
push-button	Trash	""			(0, 784)	(70, 64)
toggle-button	Show Applications	""			(0, 1010)	(70, 70)
Generating content with GPT model: o4-mini
RESPONSE: Reflection:
We’re on a fresh Chromium new‐tab page and the bookmarks bar is currently hidden. To create a folder on the bar, first we need to show it (Ctrl+Shift+B), then we can right‐click the empty area to add our “Favorites” folder.

```python
import pyautogui, time

# Show the bookmarks bar
pyautogui.hotkey('ctrl', 'shift', 'b')
time.sleep(0.5)
```
LINEAR AT: tag	name	text	class	description	position (top-left x&y)	size (w&h)
label	Home	Home			(1833, 1037)	(40, 17)
push-button	Search tabs	Search tabs			(76, 64)	(28, 41)
push-button	Close	Close			(312, 70)	(28, 28)
push-button	New Tab	New Tab			(348, 64)	(28, 41)
push-button	Reload	Reload			(147, 110)	(34, 34)
entry	Address and search bar	""			(227, 115)	(1565, 24)
push-button	Bookmark this tab	""			(1800, 115)	(24, 24)
push-button	Work	Work			(1845, 110)	(34, 34)
push-button	Chromium	Chromium			(1881, 110)	(39, 34)
push-button	Tab groups	""			(76, 150)	(28, 28)
document-web	New Tab	""			(70, 185)	(1850, 895)
link	Gmail 	Gmail			(1712, 205)	(35, 24)
static	Gmail	Gmail			(1712, 209)	(35, 15)
link	Search for Images 	Images			(1761, 205)	(43, 24)
static	Images	Images			(1761, 209)	(43, 15)
push-button	Search Labs	""			(1818, 197)	(41, 40)
section		  			(1818, 197)	(41, 40)
push-button	Google apps	""			(1866, 197)	(40, 40)
section		  			(1866, 197)	(40, 40)
combo-box	Search Google or type a URL	""			(622, 447)	(746, 48)
push-button	Search by voice	""			(1289, 447)	(26, 48)
push-button	Search by image	""			(1326, 447)	(26, 48)
link	Web Store	""			(883, 513)	(112, 112)
push-button	More actions for Web Store shortcut	""			(965, 517)	(28, 28)
static	Web Store	Web Store			(909, 593)	(60, 15)
push-button	Add shortcut	Add shortcut			(995, 513)	(112, 112)
static	Add shortcut	Add shortcut			(1013, 593)	(76, 15)
toggle-button	Customize Chromium	""			(1722, 1032)	(182, 32)
section		Customize Chromium			(1762, 1038)	(126, 20)
static	Customize Chromium	Customize Chromium			(1762, 1040)	(126, 15)
menu	Chromium Web Browser	""			(99, 0)	(219, 27)
menu	System	""			(1814, 0)	(106, 27)
label	Please download waiting software updates.	""			(810, 73)	(291, 17)
push-button	Chromium Web Browser	""			(0, 33)	(70, 64)
push-button	Thunderbird Mail	""			(0, 101)	(70, 64)
push-button	Visual Studio Code	""			(0, 169)	(70, 64)
push-button	VLC media player	""			(0, 237)	(70, 64)
push-button	LibreOffice Writer	""			(0, 305)	(70, 64)
push-button	LibreOffice Calc	""			(0, 373)	(70, 64)
push-button	LibreOffice Impress	""			(0, 441)	(70, 64)
push-button	GNU Image Manipulation Program	""			(0, 509)	(70, 64)
push-button	Files	""			(0, 577)	(70, 64)
push-button	Ubuntu Software	""			(0, 645)	(70, 64)
push-button	Help	""			(0, 713)	(70, 64)
push-button	Trash	""			(0, 784)	(70, 64)
toggle-button	Show Applications	""			(0, 1010)	(70, 70)
Generating content with GPT model: o4-mini
RESPONSE: Reflection:
The bookmarks bar is now visible just below the address bar. To create a new folder there, we need to right-click on an empty spot in the bar to bring up the context menu.

```python
import pyautogui, time

# Right-click on an empty area of the bookmarks bar to open the menu
pyautogui.click(400, 150, button='right')
time.sleep(0.5)
```
LINEAR AT: tag	name	text	class	description	position (top-left x&y)	size (w&h)
label	Home	Home			(1833, 1037)	(40, 17)
push-button	Search tabs	Search tabs			(76, 64)	(28, 41)
push-button	Close	Close			(312, 70)	(28, 28)
push-button	New Tab	New Tab			(348, 64)	(28, 41)
push-button	Reload	Reload			(147, 110)	(34, 34)
entry	Address and search bar	""			(227, 115)	(1565, 24)
push-button	Bookmark this tab	""			(1800, 115)	(24, 24)
push-button	Work	Work			(1845, 110)	(34, 34)
push-button	Chromium	Chromium			(1881, 110)	(39, 34)
push-button	Tab groups	""			(76, 150)	(28, 28)
document-web	New Tab	""			(70, 185)	(1850, 895)
link	Gmail 	Gmail			(1712, 205)	(35, 24)
static	Gmail	Gmail			(1712, 209)	(35, 15)
link	Search for Images 	Images			(1761, 205)	(43, 24)
static	Images	Images			(1761, 209)	(43, 15)
push-button	Search Labs	""			(1818, 197)	(41, 40)
section		  			(1818, 197)	(41, 40)
push-button	Google apps	""			(1866, 197)	(40, 40)
section		  			(1866, 197)	(40, 40)
combo-box	Search Google or type a URL	""			(622, 447)	(746, 48)
push-button	Search by voice	""			(1289, 447)	(26, 48)
push-button	Search by image	""			(1326, 447)	(26, 48)
link	Web Store	""			(883, 513)	(112, 112)
push-button	More actions for Web Store shortcut	""			(965, 517)	(28, 28)
static	Web Store	Web Store			(909, 593)	(60, 15)
push-button	Add shortcut	Add shortcut			(995, 513)	(112, 112)
static	Add shortcut	Add shortcut			(1013, 593)	(76, 15)
toggle-button	Customize Chromium	""			(1722, 1032)	(182, 32)
section		Customize Chromium			(1762, 1038)	(126, 20)
static	Customize Chromium	Customize Chromium			(1762, 1040)	(126, 15)
menu-item	Add page…	Add page…			(400, 509)	(284, 31)
menu-item	Add folder…	Add folder…			(400, 540)	(284, 31)
menu-item	Bookmark manager	Bookmark manager			(400, 588)	(284, 31)
check-menu-item	Show apps shortcut	Show apps shortcut			(400, 619)	(284, 31)
check-menu-item	Show tab groups	Show tab groups			(400, 650)	(284, 31)
check-menu-item	Show bookmarks bar	Show bookmarks bar			(400, 681)	(284, 31)
menu	Chromium Web Browser	""			(99, 0)	(219, 27)
menu	System	""			(1814, 0)	(106, 27)
push-button	Chromium Web Browser	""			(0, 33)	(70, 64)
push-button	Thunderbird Mail	""			(0, 101)	(70, 64)
push-button	Visual Studio Code	""			(0, 169)	(70, 64)
push-button	VLC media player	""			(0, 237)	(70, 64)
push-button	LibreOffice Writer	""			(0, 305)	(70, 64)
push-button	LibreOffice Calc	""			(0, 373)	(70, 64)
push-button	LibreOffice Impress	""			(0, 441)	(70, 64)
push-button	GNU Image Manipulation Program	""			(0, 509)	(70, 64)
push-button	Files	""			(0, 577)	(70, 64)
push-button	Ubuntu Software	""			(0, 645)	(70, 64)
push-button	Help	""			(0, 713)	(70, 64)
push-button	Trash	""			(0, 784)	(70, 64)
toggle-button	Show Applications	""			(0, 1010)	(70, 70)
Generating content with GPT model: o4-mini
RESPONSE: Reflection:
The context menu is open, and the “Add folder…” item is at roughly (400, 540) with a height of 31 px. To add the new folder, click its center.

```python
import pyautogui, time

# Click "Add folder…" in the bookmarks context menu
pyautogui.click(542, 556)
time.sleep(0.5)
```
LINEAR AT: tag	name	text	class	description	position (top-left x&y)	size (w&h)
label	Home	Home			(1833, 1037)	(40, 17)
push-button	Search tabs	Search tabs			(76, 64)	(28, 41)
push-button	Close	Close			(312, 70)	(28, 28)
push-button	New Tab	New Tab			(348, 64)	(28, 41)
push-button	Reload	Reload			(147, 110)	(34, 34)
entry	Address and search bar	""			(227, 115)	(1565, 24)
push-button	Bookmark this tab	""			(1800, 115)	(24, 24)
push-button	Work	Work			(1845, 110)	(34, 34)
push-button	Chromium	Chromium			(1881, 110)	(39, 34)
push-button	Tab groups	""			(76, 150)	(28, 28)
document-web	New Tab	""			(70, 185)	(1850, 895)
link	Gmail 	Gmail			(1712, 205)	(35, 24)
static	Gmail	Gmail			(1712, 209)	(35, 15)
link	Search for Images 	Images			(1761, 205)	(43, 24)
static	Images	Images			(1761, 209)	(43, 15)
push-button	Search Labs	""			(1818, 197)	(41, 40)
section		  			(1818, 197)	(41, 40)
push-button	Google apps	""			(1866, 197)	(40, 40)
section		  			(1866, 197)	(40, 40)
combo-box	Search Google or type a URL	""			(622, 447)	(746, 48)
push-button	Search by voice	""			(1289, 447)	(26, 48)
push-button	Search by image	""			(1326, 447)	(26, 48)
link	Web Store	""			(883, 513)	(112, 112)
push-button	More actions for Web Store shortcut	""			(965, 517)	(28, 28)
static	Web Store	Web Store			(909, 593)	(60, 15)
push-button	Add shortcut	Add shortcut			(995, 513)	(112, 112)
static	Add shortcut	Add shortcut			(1013, 593)	(76, 15)
toggle-button	Customize Chromium	""			(1722, 1032)	(182, 32)
section		Customize Chromium			(1762, 1038)	(126, 20)
static	Customize Chromium	Customize Chromium			(1762, 1040)	(126, 15)
heading	New folder	New folder			(679, 167)	(632, 24)
static	Name	Name			(679, 215)	(41, 22)
entry	Bookmark name	New folder			(736, 207)	(575, 38)
tree-item	Bookmarks bar	Bookmarks bar			(682, 254)	(147, 23)
tree-item	Other bookmarks	Other bookmarks			(682, 277)	(164, 23)
push-button	New folder	New folder			(679, 656)	(115, 39)
push-button	Cancel	Cancel			(1139, 656)	(82, 39)
push-button	Save	Save			(1229, 656)	(82, 39)
heading	New folder	New folder			(679, 167)	(632, 24)
static	Name	Name			(679, 215)	(41, 22)
entry	Bookmark name	New folder			(736, 207)	(575, 38)
tree-item	Bookmarks bar	Bookmarks bar			(682, 254)	(147, 23)
tree-item	Other bookmarks	Other bookmarks			(682, 277)	(164, 23)
push-button	New folder	New folder			(679, 656)	(115, 39)
push-button	Cancel	Cancel			(1139, 656)	(82, 39)
push-button	Save	Save			(1229, 656)	(82, 39)
menu	Chromium Web Browser	""			(99, 0)	(219, 27)
menu	System	""			(1814, 0)	(106, 27)
push-button	Chromium Web Browser	""			(0, 33)	(70, 64)
push-button	Thunderbird Mail	""			(0, 101)	(70, 64)
push-button	Visual Studio Code	""			(0, 169)	(70, 64)
push-button	VLC media player	""			(0, 237)	(70, 64)
push-button	LibreOffice Writer	""			(0, 305)	(70, 64)
push-button	LibreOffice Calc	""			(0, 373)	(70, 64)
push-button	LibreOffice Impress	""			(0, 441)	(70, 64)
push-button	GNU Image Manipulation Program	""			(0, 509)	(70, 64)
push-button	Files	""			(0, 577)	(70, 64)
push-button	Ubuntu Software	""			(0, 645)	(70, 64)
push-button	Help	""			(0, 713)	(70, 64)
push-button	Trash	""			(0, 784)	(70, 64)
toggle-button	Show Applications	""			(0, 1010)	(70, 70)
Generating content with GPT model: o4-mini
RESPONSE: Reflection:
The "New folder" dialog is open with the name field pre-highlighted. I need to replace "New folder" with "Favorites" and then click the Save button.

```python
import pyautogui, time

# Focus the name field (center of the entry at ~1023,226)
pyautogui.click(1023, 226)
time.sleep(0.2)

# Replace the default text with "Favorites"
pyautogui.hotkey('ctrl', 'a')
pyautogui.typewrite('Favorites')
time.sleep(0.2)

# Click the Save button (center at ~1270,676)
pyautogui.click(1270, 676)
time.sleep(0.5)
```
LINEAR AT: tag	name	text	class	description	position (top-left x&y)	size (w&h)
label	Home	Home			(1833, 1037)	(40, 17)
push-button	Search tabs	Search tabs			(76, 64)	(28, 41)
push-button	Close	Close			(312, 70)	(28, 28)
push-button	New Tab	New Tab			(348, 64)	(28, 41)
push-button	Reload	Reload			(147, 110)	(34, 34)
entry	Address and search bar	""			(227, 115)	(1565, 24)
push-button	Bookmark this tab	""			(1800, 115)	(24, 24)
push-button	Work	Work			(1845, 110)	(34, 34)
push-button	Chromium	Chromium			(1881, 110)	(39, 34)
push-button	Tab groups	""			(82, 150)	(28, 28)
push-button	Favorites	Favorites			(128, 150)	(100, 28)
document-web	New Tab	""			(70, 185)	(1850, 895)
link	Gmail 	Gmail			(1712, 205)	(35, 24)
static	Gmail	Gmail			(1712, 209)	(35, 15)
link	Search for Images 	Images			(1761, 205)	(43, 24)
static	Images	Images			(1761, 209)	(43, 15)
push-button	Search Labs	""			(1818, 197)	(41, 40)
section		  			(1818, 197)	(41, 40)
push-button	Google apps	""			(1866, 197)	(40, 40)
section		  			(1866, 197)	(40, 40)
combo-box	Search Google or type a URL	""			(622, 447)	(746, 48)
push-button	Search by voice	""			(1289, 447)	(26, 48)
push-button	Search by image	""			(1326, 447)	(26, 48)
link	Web Store	""			(883, 513)	(112, 112)
push-button	More actions for Web Store shortcut	""			(965, 517)	(28, 28)
static	Web Store	Web Store			(909, 593)	(60, 15)
push-button	Add shortcut	Add shortcut			(995, 513)	(112, 112)
static	Add shortcut	Add shortcut			(1013, 593)	(76, 15)
toggle-button	Customize Chromium	""			(1722, 1032)	(182, 32)
section		Customize Chromium			(1762, 1038)	(126, 20)
static	Customize Chromium	Customize Chromium			(1762, 1040)	(126, 15)
menu	Chromium Web Browser	""			(99, 0)	(219, 27)
menu	System	""			(1814, 0)	(106, 27)
push-button	Chromium Web Browser	""			(0, 33)	(70, 64)
push-button	Thunderbird Mail	""			(0, 101)	(70, 64)
push-button	Visual Studio Code	""			(0, 169)	(70, 64)
push-button	VLC media player	""			(0, 237)	(70, 64)
push-button	LibreOffice Writer	""			(0, 305)	(70, 64)
push-button	LibreOffice Calc	""			(0, 373)	(70, 64)
push-button	LibreOffice Impress	""			(0, 441)	(70, 64)
push-button	GNU Image Manipulation Program	""			(0, 509)	(70, 64)
push-button	Files	""			(0, 577)	(70, 64)
push-button	Ubuntu Software	""			(0, 645)	(70, 64)
push-button	Help	""			(0, 713)	(70, 64)
push-button	Trash	""			(0, 784)	(70, 64)
toggle-button	Show Applications	""			(0, 1010)	(70, 70)
Generating content with GPT model: o4-mini
RESPONSE: Reflection:
The “Favorites” folder is now visible on the bookmarks bar, so the task is complete.

DONE
