LINEAR AT: tag	name	text	class	description	position (top-left x&y)	size (w&h)
label	Home	Home			(1833, 1037)	(40, 17)
menu	System	""			(1814, 0)	(106, 27)
label	Please download waiting software updates.	""			(810, 73)	(291, 17)
push-button	Chromium Web Browser	""			(0, 33)	(70, 64)
push-button	Thunderbird Mail	""			(0, 101)	(70, 64)
push-button	Visual Studio Code	""			(0, 169)	(70, 64)
push-button	VLC media player	""			(0, 237)	(70, 64)
push-button	LibreOffice Writer	""			(0, 305)	(70, 64)
push-button	LibreOffice Calc	""			(0, 373)	(70, 64)
push-button	LibreOffice Impress	""			(0, 441)	(70, 64)
push-button	GNU Image Manipulation Program	""			(0, 509)	(70, 64)
push-button	Files	""			(0, 577)	(70, 64)
push-button	Ubuntu Software	""			(0, 645)	(70, 64)
push-button	Help	""			(0, 713)	(70, 64)
push-button	Trash	""			(0, 784)	(70, 64)
toggle-button	Show Applications	""			(0, 1010)	(70, 70)
Generating content with GPT model: o4-mini
RESPONSE: Reflection:
To set up tab stops for aligning the first three words left and the rest right, I first need to open LibreOffice Writer where I can adjust the paragraph settings.

```python
import pyautogui, time

# Click the LibreOffice Writer icon on the dock
pyautogui.moveTo(35, 337, duration=0.2)
pyautogui.click()
```
LINEAR AT: tag	name	text	class	description	position (top-left x&y)	size (w&h)
label	Home	Home			(1833, 1037)	(40, 17)
menu	System	""			(1814, 0)	(106, 27)
label	Please download waiting software updates.	""			(810, 73)	(291, 17)
push-button	Chromium Web Browser	""			(0, 33)	(70, 64)
push-button	Thunderbird Mail	""			(0, 101)	(70, 64)
push-button	Visual Studio Code	""			(0, 169)	(70, 64)
push-button	VLC media player	""			(0, 237)	(70, 64)
push-button	LibreOffice Writer	""			(0, 305)	(70, 64)
push-button	LibreOffice Calc	""			(0, 373)	(70, 64)
push-button	LibreOffice Impress	""			(0, 441)	(70, 64)
push-button	GNU Image Manipulation Program	""			(0, 509)	(70, 64)
push-button	Files	""			(0, 577)	(70, 64)
push-button	Ubuntu Software	""			(0, 645)	(70, 64)
push-button	Help	""			(0, 713)	(70, 64)
push-button	Trash	""			(0, 784)	(70, 64)
toggle-button	Show Applications	""			(0, 1010)	(70, 70)
Generating content with GPT model: o4-mini
RESPONSE: Reflection:
We need to open LibreOffice Writer so we can set up tab stops for left- and right-aligned text.

```python
import pyautogui, time

# Click the LibreOffice Writer icon in the dock
pyautogui.moveTo(35, 337, duration=0.2)
pyautogui.click()
time.sleep(1)
```
LINEAR AT: tag	name	text	class	description	position (top-left x&y)	size (w&h)
label	Home	Home			(1833, 1037)	(40, 17)
menu	LibreOffice Writer	""			(99, 0)	(180, 27)
menu	System	""			(1814, 0)	(106, 27)
push-button	Chromium Web Browser	""			(0, 33)	(70, 64)
push-button	Thunderbird Mail	""			(0, 101)	(70, 64)
push-button	Visual Studio Code	""			(0, 169)	(70, 64)
push-button	VLC media player	""			(0, 237)	(70, 64)
push-button	LibreOffice Writer	""			(0, 305)	(70, 64)
push-button	LibreOffice Calc	""			(0, 373)	(70, 64)
push-button	LibreOffice Impress	""			(0, 441)	(70, 64)
push-button	GNU Image Manipulation Program	""			(0, 509)	(70, 64)
push-button	Files	""			(0, 577)	(70, 64)
push-button	Ubuntu Software	""			(0, 645)	(70, 64)
push-button	Help	""			(0, 713)	(70, 64)
push-button	Trash	""			(0, 784)	(70, 64)
toggle-button	Show Applications	""			(0, 1010)	(70, 70)
menu	File	""			(70, 64)	(40, 25)
menu	Edit	""			(110, 64)	(43, 25)
menu	View	""			(153, 64)	(49, 25)
menu	Insert	""			(202, 64)	(55, 25)
menu	Format	""			(257, 64)	(66, 25)
menu	Styles	""			(323, 64)	(56, 25)
menu	Table	""			(379, 64)	(53, 25)
menu	Form	""			(432, 64)	(52, 25)
menu	Tools	""			(484, 64)	(52, 25)
menu	Window	""			(536, 64)	(70, 25)
menu	Help	""			(606, 64)	(47, 25)
menu	File	File			(70, 64)	(40, 21)
menu	Edit	Edit			(110, 64)	(43, 21)
menu	View	View			(153, 64)	(50, 21)
menu	Insert	Insert			(203, 64)	(56, 21)
menu	Format	Format			(259, 64)	(66, 21)
menu	Styles	Styles			(325, 64)	(56, 21)
menu	Table	Table			(381, 64)	(53, 21)
menu	Form	Form			(434, 64)	(52, 21)
menu	Tools	Tools			(486, 64)	(53, 21)
menu	Window	Window			(539, 64)	(73, 21)
menu	Help	Help			(612, 64)	(48, 21)
document-text	Untitled 1 - LibreOffice Document	""			(70, 246)	(1792, 788)
scroll-bar	Vertical scroll bar	""			(1862, 222)	(12, 812)
toggle-button	Menu	""			(1874, 171)	(36, 34)
text		Help us make LibreOffice even better!			(111, 178)	(1611, 26)
push-button	Get involved	""			(1728, 170)	(117, 34)
text		Your donations support our worldwide community.			(111, 218)	(1645, 26)
push-button	Donate	""			(1762, 210)	(83, 34)
push-button	New	""			(74, 66)	(44, 35)
push-button	Open	""			(118, 66)	(44, 35)
push-button	Save	""			(162, 66)	(44, 35)
push-button	Export Directly as PDF	""			(214, 66)	(33, 35)
push-button	Print	""			(247, 66)	(33, 35)
toggle-button	Print Preview	""			(280, 66)	(33, 35)
push-button	Clone	""			(439, 66)	(33, 35)
toggle-button	Find and Replace	""			(576, 66)	(33, 35)
push-button	Spelling	""			(609, 66)	(33, 35)
toggle-button	Formatting Marks	""			(642, 66)	(33, 35)
push-button	Table	""			(683, 66)	(44, 35)
push-button	Image	""			(727, 66)	(33, 35)
push-button	Chart	""			(760, 66)	(33, 35)
push-button	Text Box	""			(793, 66)	(33, 35)
push-button	Page Break	""			(834, 66)	(33, 35)
push-button	Field	""			(867, 66)	(44, 35)
push-button	Symbol	""			(911, 66)	(44, 35)
toggle-button	Hyperlink	""			(963, 66)	(33, 35)
push-button	Footnote	""			(996, 66)	(33, 35)
push-button	Endnote	""			(1029, 66)	(33, 35)
push-button	Bookmark	""			(1062, 66)	(33, 35)
push-button	Cross-reference	""			(1095, 66)	(33, 35)
push-button	Comment	""			(1136, 66)	(33, 35)
toggle-button	Track Changes Functions	""			(1169, 66)	(33, 35)
toggle-button	Line	""			(1210, 66)	(33, 35)
push-button	Basic Shapes	""			(1243, 66)	(44, 35)
push-button	Draw Functions	""			(1287, 66)	(33, 35)
text		Default Paragraph Style			(74, 130)	(166, 34)
push-button	Update	""			(276, 105)	(33, 35)
push-button	New	""			(309, 105)	(33, 35)
text		Liberation Serif			(350, 130)	(185, 34)
text		12 pt			(579, 130)	(65, 34)
toggle-button	Bold	""			(688, 105)	(33, 35)
toggle-button	Italic	""			(721, 105)	(33, 35)
push-button	Underline	""			(754, 105)	(44, 35)
toggle-button	Strikethrough	""			(798, 105)	(33, 35)
toggle-button	Superscript	""			(839, 105)	(33, 35)
toggle-button	Subscript	""			(872, 105)	(33, 35)
push-button	Clear	""			(913, 105)	(33, 35)
push-button	Font Color	""			(954, 105)	(44, 35)
push-button	Character Highlighting Color	""			(998, 105)	(44, 35)
toggle-button	Left	""			(1050, 105)	(33, 35)
toggle-button	Center	""			(1083, 105)	(33, 35)
toggle-button	Right	""			(1116, 105)	(33, 35)
toggle-button	Justified	""			(1149, 105)	(33, 35)
push-button	Unordered List	""			(1190, 105)	(44, 35)
push-button	Ordered List	""			(1234, 105)	(44, 35)
push-button	No List	""			(1278, 105)	(33, 35)
push-button	Increase	""			(1319, 105)	(33, 35)
push-button	Decrease	""			(1352, 105)	(33, 35)
push-button	Line Spacing	""			(1393, 105)	(44, 35)
push-button	Increase	""			(1437, 105)	(33, 35)
label		Page 1 of 1			(105, 1036)	(263, 18)
label		0 words, 0 characters			(374, 1036)	(325, 18)
label		Default Page Style			(705, 1036)	(310, 18)
label		English (USA)			(1021, 1036)	(280, 18)
label		100%			(1876, 1036)	(38, 18)
Generating content with GPT model: o4-mini
RESPONSE: Reflection:
To set custom tab stops, I need to open the Paragraph settings where the tab stops panel is located. That lives under the “Format” menu.

```python
import pyautogui, time

# Click the "Format" menu
pyautogui.moveTo(292, 76, duration=0.2)
pyautogui.click()
time.sleep(0.5)

# Click the "Paragraph..." entry in the dropdown
pyautogui.moveTo(292, 200, duration=0.2)
pyautogui.click()
time.sleep(0.5)
```
LINEAR AT: tag	name	text	class	description	position (top-left x&y)	size (w&h)
label	Home	Home			(1833, 1037)	(40, 17)
menu	LibreOffice Writer	""			(99, 0)	(180, 27)
menu	System	""			(1814, 0)	(106, 27)
push-button	Chromium Web Browser	""			(0, 33)	(70, 64)
push-button	Thunderbird Mail	""			(0, 101)	(70, 64)
push-button	Visual Studio Code	""			(0, 169)	(70, 64)
push-button	VLC media player	""			(0, 237)	(70, 64)
push-button	LibreOffice Writer	""			(0, 305)	(70, 64)
push-button	LibreOffice Calc	""			(0, 373)	(70, 64)
push-button	LibreOffice Impress	""			(0, 441)	(70, 64)
push-button	GNU Image Manipulation Program	""			(0, 509)	(70, 64)
push-button	Files	""			(0, 577)	(70, 64)
push-button	Ubuntu Software	""			(0, 645)	(70, 64)
push-button	Help	""			(0, 713)	(70, 64)
push-button	Trash	""			(0, 784)	(70, 64)
toggle-button	Show Applications	""			(0, 1010)	(70, 70)
menu	File	""			(70, 64)	(40, 25)
menu	Edit	""			(110, 64)	(43, 25)
menu	View	""			(153, 64)	(49, 25)
menu	Insert	""			(202, 64)	(55, 25)
menu	Format	""			(257, 64)	(66, 25)
menu	Styles	""			(323, 64)	(56, 25)
menu	Table	""			(379, 64)	(53, 25)
menu	Form	""			(432, 64)	(52, 25)
menu	Tools	""			(484, 64)	(52, 25)
menu	Window	""			(536, 64)	(70, 25)
menu	Help	""			(606, 64)	(47, 25)
menu	File	File			(79, 90)	(40, 21)
menu	Edit	Edit			(119, 90)	(43, 21)
menu	View	View			(162, 90)	(50, 21)
menu	Insert	Insert			(212, 90)	(56, 21)
menu	Format	Format			(268, 90)	(66, 21)
menu	Styles	Styles			(334, 90)	(56, 21)
menu	Table	Table			(390, 90)	(53, 21)
menu	Form	Form			(443, 90)	(52, 21)
menu	Tools	Tools			(495, 90)	(53, 21)
menu	Window	Window			(548, 90)	(73, 21)
menu	Help	Help			(621, 90)	(48, 21)
document-text	Untitled 1 - LibreOffice Document	""			(79, 272)	(1792, 788)
scroll-bar	Vertical scroll bar	""			(1871, 248)	(12, 812)
toggle-button	Menu	""			(1874, 171)	(36, 34)
text		Help us make LibreOffice even better!			(111, 178)	(1611, 26)
push-button	Get involved	""			(1728, 170)	(117, 34)
text		Your donations support our worldwide community.			(111, 218)	(1645, 26)
push-button	Donate	""			(1762, 210)	(83, 34)
push-button	New	""			(83, 92)	(44, 35)
push-button	Open	""			(127, 92)	(44, 35)
push-button	Save	""			(171, 92)	(44, 35)
push-button	Export Directly as PDF	""			(223, 92)	(33, 35)
push-button	Print	""			(256, 92)	(33, 35)
toggle-button	Print Preview	""			(289, 92)	(33, 35)
push-button	Clone	""			(448, 92)	(33, 35)
push-button	Undo	""			(489, 92)	(44, 35)
toggle-button	Find and Replace	""			(585, 92)	(33, 35)
push-button	Spelling	""			(618, 92)	(33, 35)
toggle-button	Formatting Marks	""			(651, 92)	(33, 35)
push-button	Table	""			(692, 92)	(44, 35)
push-button	Image	""			(736, 92)	(33, 35)
push-button	Chart	""			(769, 92)	(33, 35)
push-button	Text Box	""			(802, 92)	(33, 35)
push-button	Page Break	""			(843, 92)	(33, 35)
push-button	Field	""			(876, 92)	(44, 35)
push-button	Symbol	""			(920, 92)	(44, 35)
toggle-button	Hyperlink	""			(972, 92)	(33, 35)
push-button	Footnote	""			(1005, 92)	(33, 35)
push-button	Endnote	""			(1038, 92)	(33, 35)
push-button	Bookmark	""			(1071, 92)	(33, 35)
push-button	Cross-reference	""			(1104, 92)	(33, 35)
push-button	Comment	""			(1145, 92)	(33, 35)
toggle-button	Track Changes Functions	""			(1178, 92)	(33, 35)
toggle-button	Line	""			(1219, 92)	(33, 35)
push-button	Basic Shapes	""			(1252, 92)	(44, 35)
push-button	Draw Functions	""			(1296, 92)	(33, 35)
text		Default Paragraph Style			(74, 130)	(166, 34)
push-button	Update	""			(285, 131)	(33, 35)
push-button	New	""			(318, 131)	(33, 35)
text		Liberation Serif			(350, 130)	(185, 34)
text		12 pt			(579, 130)	(65, 34)
toggle-button	Bold	""			(697, 131)	(33, 35)
toggle-button	Italic	""			(730, 131)	(33, 35)
push-button	Underline	""			(763, 131)	(44, 35)
toggle-button	Strikethrough	""			(807, 131)	(33, 35)
toggle-button	Superscript	""			(848, 131)	(33, 35)
toggle-button	Subscript	""			(881, 131)	(33, 35)
push-button	Clear	""			(922, 131)	(33, 35)
push-button	Font Color	""			(963, 131)	(44, 35)
push-button	Character Highlighting Color	""			(1007, 131)	(44, 35)
toggle-button	Left	""			(1059, 131)	(33, 35)
toggle-button	Center	""			(1092, 131)	(33, 35)
toggle-button	Right	""			(1125, 131)	(33, 35)
toggle-button	Justified	""			(1158, 131)	(33, 35)
push-button	Unordered List	""			(1199, 131)	(44, 35)
push-button	Ordered List	""			(1243, 131)	(44, 35)
push-button	No List	""			(1287, 131)	(33, 35)
push-button	Increase	""			(1328, 131)	(33, 35)
push-button	Decrease	""			(1361, 131)	(33, 35)
push-button	Line Spacing	""			(1402, 131)	(44, 35)
push-button	Increase	""			(1446, 131)	(33, 35)
label		Page 1 of 1			(114, 1062)	(263, 18)
label		0 words, 0 characters			(383, 1062)	(325, 18)
label		Default Page Style			(714, 1062)	(310, 18)
label		English (USA)			(1030, 1062)	(280, 18)
label		100%			(1885, 1062)	(38, 18)
Generating content with GPT model: o4-mini
RESPONSE: Reflection:
The document is active but the Paragraph dialog hasn’t been opened yet. To set tab stops, I need to choose “Format → Paragraph…” from the menu.

```python
import pyautogui, time

# Open the Format menu
pyautogui.moveTo(262, 75, duration=0.2)
pyautogui.click()
time.sleep(0.5)

# Select "Paragraph..." from the dropdown
pyautogui.moveTo(262, 200, duration=0.2)
pyautogui.click()
time.sleep(0.5)
```
LINEAR AT: tag	name	text	class	description	position (top-left x&y)	size (w&h)
label	Home	Home			(1833, 1037)	(40, 17)
menu	LibreOffice Writer	""			(99, 0)	(180, 27)
menu	System	""			(1814, 0)	(106, 27)
push-button	Chromium Web Browser	""			(0, 33)	(70, 64)
push-button	Thunderbird Mail	""			(0, 101)	(70, 64)
push-button	Visual Studio Code	""			(0, 169)	(70, 64)
push-button	VLC media player	""			(0, 237)	(70, 64)
push-button	LibreOffice Writer	""			(0, 305)	(70, 64)
push-button	LibreOffice Calc	""			(0, 373)	(70, 64)
push-button	LibreOffice Impress	""			(0, 441)	(70, 64)
push-button	GNU Image Manipulation Program	""			(0, 509)	(70, 64)
push-button	Files	""			(0, 577)	(70, 64)
push-button	Ubuntu Software	""			(0, 645)	(70, 64)
push-button	Help	""			(0, 713)	(70, 64)
push-button	Trash	""			(0, 784)	(70, 64)
toggle-button	Show Applications	""			(0, 1010)	(70, 70)
menu	File	""			(70, 64)	(40, 25)
menu	Edit	""			(110, 64)	(43, 25)
menu	View	""			(153, 64)	(49, 25)
menu	Insert	""			(202, 64)	(55, 25)
menu	Format	""			(257, 64)	(66, 25)
menu	Styles	""			(323, 64)	(56, 25)
menu	Table	""			(379, 64)	(53, 25)
menu	Form	""			(432, 64)	(52, 25)
menu	Tools	""			(484, 64)	(52, 25)
menu	Window	""			(536, 64)	(70, 25)
menu	Help	""			(606, 64)	(47, 25)
menu	File	File			(70, 89)	(40, 21)
menu	Edit	Edit			(110, 89)	(43, 21)
menu	View	View			(153, 89)	(50, 21)
menu	Insert	Insert			(203, 89)	(56, 21)
menu	Format	Format			(259, 89)	(66, 21)
menu	Styles	Styles			(325, 89)	(56, 21)
menu	Table	Table			(381, 89)	(53, 21)
menu	Form	Form			(434, 89)	(52, 21)
menu	Tools	Tools			(486, 89)	(53, 21)
menu	Window	Window			(539, 89)	(73, 21)
menu	Help	Help			(612, 89)	(48, 21)
document-text	Untitled 1 - LibreOffice Document	""			(70, 271)	(1792, 788)
scroll-bar	Vertical scroll bar	""			(1862, 247)	(12, 812)
toggle-button	Menu	""			(1874, 171)	(36, 34)
text		Help us make LibreOffice even better!			(111, 178)	(1611, 26)
push-button	Get involved	""			(1728, 170)	(117, 34)
text		Your donations support our worldwide community.			(111, 218)	(1645, 26)
push-button	Donate	""			(1762, 210)	(83, 34)
push-button	New	""			(74, 91)	(44, 35)
push-button	Open	""			(118, 91)	(44, 35)
push-button	Save	""			(162, 91)	(44, 35)
push-button	Export Directly as PDF	""			(214, 91)	(33, 35)
push-button	Print	""			(247, 91)	(33, 35)
toggle-button	Print Preview	""			(280, 91)	(33, 35)
push-button	Clone	""			(439, 91)	(33, 35)
push-button	Undo	""			(480, 91)	(44, 35)
toggle-button	Find and Replace	""			(576, 91)	(33, 35)
push-button	Spelling	""			(609, 91)	(33, 35)
toggle-button	Formatting Marks	""			(642, 91)	(33, 35)
push-button	Table	""			(683, 91)	(44, 35)
push-button	Image	""			(727, 91)	(33, 35)
push-button	Chart	""			(760, 91)	(33, 35)
push-button	Text Box	""			(793, 91)	(33, 35)
push-button	Page Break	""			(834, 91)	(33, 35)
push-button	Field	""			(867, 91)	(44, 35)
push-button	Symbol	""			(911, 91)	(44, 35)
toggle-button	Hyperlink	""			(963, 91)	(33, 35)
push-button	Footnote	""			(996, 91)	(33, 35)
push-button	Endnote	""			(1029, 91)	(33, 35)
push-button	Bookmark	""			(1062, 91)	(33, 35)
push-button	Cross-reference	""			(1095, 91)	(33, 35)
push-button	Comment	""			(1136, 91)	(33, 35)
toggle-button	Track Changes Functions	""			(1169, 91)	(33, 35)
toggle-button	Line	""			(1210, 91)	(33, 35)
push-button	Basic Shapes	""			(1243, 91)	(44, 35)
push-button	Draw Functions	""			(1287, 91)	(33, 35)
text		Default Paragraph Style			(74, 130)	(166, 34)
push-button	Update	""			(276, 130)	(33, 35)
push-button	New	""			(309, 130)	(33, 35)
text		Liberation Serif			(350, 130)	(185, 34)
text		12 pt			(579, 130)	(65, 34)
toggle-button	Bold	""			(688, 130)	(33, 35)
toggle-button	Italic	""			(721, 130)	(33, 35)
push-button	Underline	""			(754, 130)	(44, 35)
toggle-button	Strikethrough	""			(798, 130)	(33, 35)
toggle-button	Superscript	""			(839, 130)	(33, 35)
toggle-button	Subscript	""			(872, 130)	(33, 35)
push-button	Clear	""			(913, 130)	(33, 35)
push-button	Font Color	""			(954, 130)	(44, 35)
push-button	Character Highlighting Color	""			(998, 130)	(44, 35)
toggle-button	Left	""			(1050, 130)	(33, 35)
toggle-button	Center	""			(1083, 130)	(33, 35)
toggle-button	Right	""			(1116, 130)	(33, 35)
toggle-button	Justified	""			(1149, 130)	(33, 35)
push-button	Unordered List	""			(1190, 130)	(44, 35)
push-button	Ordered List	""			(1234, 130)	(44, 35)
push-button	No List	""			(1278, 130)	(33, 35)
push-button	Increase	""			(1319, 130)	(33, 35)
push-button	Decrease	""			(1352, 130)	(33, 35)
push-button	Line Spacing	""			(1393, 130)	(44, 35)
push-button	Increase	""			(1437, 130)	(33, 35)
label		Page 1 of 1			(105, 1061)	(263, 18)
label		0 words, 0 characters			(374, 1061)	(325, 18)
label		Default Page Style			(705, 1061)	(310, 18)
label		English (USA)			(1021, 1061)	(280, 18)
label		100%			(1876, 1061)	(38, 18)
Generating content with GPT model: o4-mini
RESPONSE: Reflection:
Now that the Paragraph dialog is open, the next step is to switch to its “Tabs” page so we can add a left-aligned and a right-aligned tab stop.

```python
import pyautogui, time

# Give the dialog a moment to finish opening
time.sleep(0.5)

# Click the "Tabs" tab in the Paragraph dialog
pyautogui.moveTo(900, 380, duration=0.2)
pyautogui.click()
time.sleep(0.5)
```
