LINEAR AT: tag	name	text	class	description	position (top-left x&y)	size (w&h)
label	Home	Home			(1833, 939)	(40, 17)
label	04 CHIN9505 EBook Purchasing info 2021 Jan.​docx	04 CHIN9505 EBook Purchasing info 2021 Jan.​docx			(1793, 819)	(120, 34)
menu	LibreOffice Writer	""			(99, 0)	(180, 27)
menu	System	""			(1814, 0)	(106, 27)
label	Please download waiting software updates.	""			(810, 73)	(291, 17)
push-button	Chromium Web Browser	""			(0, 33)	(70, 64)
push-button	Thunderbird Mail	""			(0, 101)	(70, 64)
push-button	Visual Studio Code	""			(0, 169)	(70, 64)
push-button	VLC media player	""			(0, 237)	(70, 64)
push-button	LibreOffice Writer	""			(0, 305)	(70, 64)
push-button	LibreOffice Calc	""			(0, 373)	(70, 64)
push-button	LibreOffice Impress	""			(0, 441)	(70, 64)
push-button	GNU Image Manipulation Program	""			(0, 509)	(70, 64)
push-button	Files	""			(0, 577)	(70, 64)
push-button	Ubuntu Software	""			(0, 645)	(70, 64)
push-button	Help	""			(0, 713)	(70, 64)
push-button	Trash	""			(0, 784)	(70, 64)
toggle-button	Show Applications	""			(0, 915)	(70, 70)
menu	File	""			(70, 64)	(40, 25)
menu	Edit	""			(110, 64)	(43, 25)
menu	View	""			(153, 64)	(49, 25)
menu	Insert	""			(202, 64)	(55, 25)
menu	Format	""			(257, 64)	(66, 25)
menu	Styles	""			(323, 64)	(56, 25)
menu	Table	""			(379, 64)	(53, 25)
menu	Form	""			(432, 64)	(52, 25)
menu	Tools	""			(484, 64)	(52, 25)
menu	Window	""			(536, 64)	(70, 25)
menu	Help	""			(606, 64)	(47, 25)
menu	File	File			(70, 64)	(40, 21)
menu	Edit	Edit			(110, 64)	(43, 21)
menu	View	View			(153, 64)	(50, 21)
menu	Insert	Insert			(203, 64)	(56, 21)
menu	Format	Format			(259, 64)	(66, 21)
menu	Styles	Styles			(325, 64)	(56, 21)
menu	Table	Table			(381, 64)	(53, 21)
menu	Form	Form			(434, 64)	(52, 21)
menu	Tools	Tools			(486, 64)	(53, 21)
menu	Window	Window			(539, 64)	(73, 21)
menu	Help	Help			(612, 64)	(48, 21)
document-text	04 CHIN9505 EBook Purchasing info 2021 Jan - LibreOffice Document	""			(70, 246)	(1792, 693)
paragraph		Please find the E-book purchase option for your reference:  			(260, 445)	(1412, 33)
paragraph		How to use BLCUP eBook for PC 			(260, 478)	(1412, 64)
paragraph		Make payment for this eBook online. 			(260, 542)	(1412, 65)
paragraph		Enter User center (Your BLCUP ID. 			(260, 607)	(1412, 64)
paragraph		Download and install Windows eBook Reader (flipviewer) on your PC.			(260, 671)	(1412, 65)
paragraph		Enter User center (Your BLCUP ID.			(260, 736)	(1412, 65)
paragraph		Download eBook and input Subscription ID online to open the OPZ file.			(260, 801)	(1412, 64)
paragraph		Support Contact: service blcup.com			(260, 865)	(1412, 65)
paragraph		This product is protected by copyright. 			(260, 930)	(1412, 9)
scroll-bar	Vertical scroll bar	""			(1862, 222)	(12, 717)
toggle-button	Menu	""			(1874, 171)	(36, 34)
text		Help us make LibreOffice even better!			(111, 178)	(1611, 26)
push-button	Get involved	""			(1728, 170)	(117, 34)
text		Your donations support our worldwide community.			(111, 218)	(1645, 26)
push-button	Donate	""			(1762, 210)	(83, 34)
push-button	New	""			(74, 66)	(44, 35)
push-button	Open	""			(118, 66)	(44, 35)
push-button	Save	""			(162, 66)	(44, 35)
push-button	Export Directly as PDF	""			(214, 66)	(33, 35)
push-button	Print	""			(247, 66)	(33, 35)
toggle-button	Print Preview	""			(280, 66)	(33, 35)
push-button	Clone	""			(439, 66)	(33, 35)
toggle-button	Find and Replace	""			(576, 66)	(33, 35)
push-button	Spelling	""			(609, 66)	(33, 35)
toggle-button	Formatting Marks	""			(642, 66)	(33, 35)
push-button	Table	""			(683, 66)	(44, 35)
push-button	Image	""			(727, 66)	(33, 35)
push-button	Chart	""			(760, 66)	(33, 35)
push-button	Text Box	""			(793, 66)	(33, 35)
push-button	Page Break	""			(834, 66)	(33, 35)
push-button	Field	""			(867, 66)	(44, 35)
push-button	Symbol	""			(911, 66)	(44, 35)
toggle-button	Hyperlink	""			(963, 66)	(33, 35)
push-button	Footnote	""			(996, 66)	(33, 35)
push-button	Endnote	""			(1029, 66)	(33, 35)
push-button	Bookmark	""			(1062, 66)	(33, 35)
push-button	Cross-reference	""			(1095, 66)	(33, 35)
push-button	Comment	""			(1136, 66)	(33, 35)
toggle-button	Track Changes Functions	""			(1169, 66)	(33, 35)
push-button	Line	""			(1210, 66)	(33, 35)
push-button	Basic Shapes	""			(1243, 66)	(44, 35)
toggle-button	Draw Functions	""			(1287, 66)	(33, 35)
text		Normal (Web)			(74, 130)	(166, 34)
push-button	Update	""			(276, 105)	(33, 35)
push-button	New	""			(309, 105)	(33, 35)
text		Calibri			(350, 130)	(185, 34)
text		12 pt			(579, 130)	(65, 34)
toggle-button	Bold	""			(688, 105)	(33, 35)
toggle-button	Italic	""			(721, 105)	(33, 35)
push-button	Underline	""			(754, 105)	(44, 35)
toggle-button	Strikethrough	""			(798, 105)	(33, 35)
toggle-button	Superscript	""			(839, 105)	(33, 35)
toggle-button	Subscript	""			(872, 105)	(33, 35)
push-button	Clear	""			(913, 105)	(33, 35)
push-button	Font Color	""			(954, 105)	(44, 35)
push-button	Character Highlighting Color	""			(998, 105)	(44, 35)
toggle-button	Left	""			(1050, 105)	(33, 35)
toggle-button	Center	""			(1083, 105)	(33, 35)
toggle-button	Right	""			(1116, 105)	(33, 35)
toggle-button	Justified	""			(1149, 105)	(33, 35)
push-button	Unordered List	""			(1190, 105)	(44, 35)
push-button	Ordered List	""			(1234, 105)	(44, 35)
push-button	No List	""			(1278, 105)	(33, 35)
push-button	Increase	""			(1319, 105)	(33, 35)
push-button	Decrease	""			(1352, 105)	(33, 35)
push-button	Line Spacing	""			(1393, 105)	(44, 35)
push-button	Increase	""			(1437, 105)	(33, 35)
push-button	Decrease	""			(1470, 105)	(33, 35)
label		Page 1 of 1			(105, 941)	(258, 18)
label		71 words, 424 characters			(369, 941)	(342, 18)
label		Default Page Style			(717, 941)	(306, 18)
label		English (USA)			(1029, 941)	(276, 18)
label		173%			(1876, 941)	(38, 18)
Generating content with GPT model: o4-mini
RESPONSE: We need to set a right-aligned tab stop on the ruler at the point where we want the remainder of the line to align (roughly the right margin), then replace the space between word 3 and word 4 with a tab.  

Next step: click the tab-stop selector at the left end of the ruler until it shows a right-arrow tab icon, then click on the ruler at the right margin (about 16 cm/6.3 " mark) to place a right-aligned tab stop.
LINEAR AT: tag	name	text	class	description	position (top-left x&y)	size (w&h)
label	Home	Home			(1833, 939)	(40, 17)
label	04 CHIN9505 EBook Purchasing info 2021 Jan.​docx	04 CHIN9505 EBook Purchasing info 2021 Jan.​docx			(1793, 819)	(120, 34)
menu	LibreOffice Writer	""			(99, 0)	(180, 27)
menu	System	""			(1814, 0)	(106, 27)
label	Please download waiting software updates.	""			(810, 73)	(291, 17)
push-button	Chromium Web Browser	""			(0, 33)	(70, 64)
push-button	Thunderbird Mail	""			(0, 101)	(70, 64)
push-button	Visual Studio Code	""			(0, 169)	(70, 64)
push-button	VLC media player	""			(0, 237)	(70, 64)
push-button	LibreOffice Writer	""			(0, 305)	(70, 64)
push-button	LibreOffice Calc	""			(0, 373)	(70, 64)
push-button	LibreOffice Impress	""			(0, 441)	(70, 64)
push-button	GNU Image Manipulation Program	""			(0, 509)	(70, 64)
push-button	Files	""			(0, 577)	(70, 64)
push-button	Ubuntu Software	""			(0, 645)	(70, 64)
push-button	Help	""			(0, 713)	(70, 64)
push-button	Trash	""			(0, 784)	(70, 64)
toggle-button	Show Applications	""			(0, 915)	(70, 70)
menu	File	""			(70, 64)	(40, 25)
menu	Edit	""			(110, 64)	(43, 25)
menu	View	""			(153, 64)	(49, 25)
menu	Insert	""			(202, 64)	(55, 25)
menu	Format	""			(257, 64)	(66, 25)
menu	Styles	""			(323, 64)	(56, 25)
menu	Table	""			(379, 64)	(53, 25)
menu	Form	""			(432, 64)	(52, 25)
menu	Tools	""			(484, 64)	(52, 25)
menu	Window	""			(536, 64)	(70, 25)
menu	Help	""			(606, 64)	(47, 25)
menu	File	File			(70, 64)	(40, 21)
menu	Edit	Edit			(110, 64)	(43, 21)
menu	View	View			(153, 64)	(50, 21)
menu	Insert	Insert			(203, 64)	(56, 21)
menu	Format	Format			(259, 64)	(66, 21)
menu	Styles	Styles			(325, 64)	(56, 21)
menu	Table	Table			(381, 64)	(53, 21)
menu	Form	Form			(434, 64)	(52, 21)
menu	Tools	Tools			(486, 64)	(53, 21)
menu	Window	Window			(539, 64)	(73, 21)
menu	Help	Help			(612, 64)	(48, 21)
document-text	04 CHIN9505 EBook Purchasing info 2021 Jan - LibreOffice Document	""			(70, 246)	(1792, 693)
paragraph		Please find the E-book purchase option for your reference:  			(260, 445)	(1412, 33)
paragraph		How to use BLCUP eBook for PC 			(260, 478)	(1412, 64)
paragraph		Make payment for this eBook online. 			(260, 542)	(1412, 65)
paragraph		Enter User center (Your BLCUP ID. 			(260, 607)	(1412, 64)
paragraph		Download and install Windows eBook Reader (flipviewer) on your PC.			(260, 671)	(1412, 65)
paragraph		Enter User center (Your BLCUP ID.			(260, 736)	(1412, 65)
paragraph		Download eBook and input Subscription ID online to open the OPZ file.			(260, 801)	(1412, 64)
paragraph		Support Contact: service blcup.com			(260, 865)	(1412, 65)
paragraph		This product is protected by copyright. 			(260, 930)	(1412, 9)
scroll-bar	Vertical scroll bar	""			(1862, 222)	(12, 717)
toggle-button	Menu	""			(1874, 171)	(36, 34)
text		Help us make LibreOffice even better!			(111, 178)	(1611, 26)
push-button	Get involved	""			(1728, 170)	(117, 34)
text		Your donations support our worldwide community.			(111, 218)	(1645, 26)
push-button	Donate	""			(1762, 210)	(83, 34)
push-button	New	""			(74, 66)	(44, 35)
push-button	Open	""			(118, 66)	(44, 35)
push-button	Save	""			(162, 66)	(44, 35)
push-button	Export Directly as PDF	""			(214, 66)	(33, 35)
push-button	Print	""			(247, 66)	(33, 35)
toggle-button	Print Preview	""			(280, 66)	(33, 35)
push-button	Clone	""			(439, 66)	(33, 35)
toggle-button	Find and Replace	""			(576, 66)	(33, 35)
push-button	Spelling	""			(609, 66)	(33, 35)
toggle-button	Formatting Marks	""			(642, 66)	(33, 35)
push-button	Table	""			(683, 66)	(44, 35)
push-button	Image	""			(727, 66)	(33, 35)
push-button	Chart	""			(760, 66)	(33, 35)
push-button	Text Box	""			(793, 66)	(33, 35)
push-button	Page Break	""			(834, 66)	(33, 35)
push-button	Field	""			(867, 66)	(44, 35)
push-button	Symbol	""			(911, 66)	(44, 35)
toggle-button	Hyperlink	""			(963, 66)	(33, 35)
push-button	Footnote	""			(996, 66)	(33, 35)
push-button	Endnote	""			(1029, 66)	(33, 35)
push-button	Bookmark	""			(1062, 66)	(33, 35)
push-button	Cross-reference	""			(1095, 66)	(33, 35)
push-button	Comment	""			(1136, 66)	(33, 35)
toggle-button	Track Changes Functions	""			(1169, 66)	(33, 35)
push-button	Line	""			(1210, 66)	(33, 35)
push-button	Basic Shapes	""			(1243, 66)	(44, 35)
toggle-button	Draw Functions	""			(1287, 66)	(33, 35)
text		Normal (Web)			(74, 130)	(166, 34)
push-button	Update	""			(276, 105)	(33, 35)
push-button	New	""			(309, 105)	(33, 35)
text		Calibri			(350, 130)	(185, 34)
text		12 pt			(579, 130)	(65, 34)
toggle-button	Bold	""			(688, 105)	(33, 35)
toggle-button	Italic	""			(721, 105)	(33, 35)
push-button	Underline	""			(754, 105)	(44, 35)
toggle-button	Strikethrough	""			(798, 105)	(33, 35)
toggle-button	Superscript	""			(839, 105)	(33, 35)
toggle-button	Subscript	""			(872, 105)	(33, 35)
push-button	Clear	""			(913, 105)	(33, 35)
push-button	Font Color	""			(954, 105)	(44, 35)
push-button	Character Highlighting Color	""			(998, 105)	(44, 35)
toggle-button	Left	""			(1050, 105)	(33, 35)
toggle-button	Center	""			(1083, 105)	(33, 35)
toggle-button	Right	""			(1116, 105)	(33, 35)
toggle-button	Justified	""			(1149, 105)	(33, 35)
push-button	Unordered List	""			(1190, 105)	(44, 35)
push-button	Ordered List	""			(1234, 105)	(44, 35)
push-button	No List	""			(1278, 105)	(33, 35)
push-button	Increase	""			(1319, 105)	(33, 35)
push-button	Decrease	""			(1352, 105)	(33, 35)
push-button	Line Spacing	""			(1393, 105)	(44, 35)
push-button	Increase	""			(1437, 105)	(33, 35)
push-button	Decrease	""			(1470, 105)	(33, 35)
label		Page 1 of 1			(105, 941)	(258, 18)
label		71 words, 424 characters			(369, 941)	(342, 18)
label		Default Page Style			(717, 941)	(306, 18)
label		English (USA)			(1029, 941)	(276, 18)
label		173%			(1876, 941)	(38, 18)
Generating content with GPT model: o4-mini
RESPONSE: We need to switch the tab‐stop selector to the right‐aligned tab icon before placing our tab stop. Next I’ll click the little tab selector box at the left end of the ruler until it shows the right‐arrow tab.
LINEAR AT: tag	name	text	class	description	position (top-left x&y)	size (w&h)
label	Home	Home			(1833, 939)	(40, 17)
label	04 CHIN9505 EBook Purchasing info 2021 Jan.​docx	04 CHIN9505 EBook Purchasing info 2021 Jan.​docx			(1793, 819)	(120, 34)
menu	LibreOffice Writer	""			(99, 0)	(180, 27)
menu	System	""			(1814, 0)	(106, 27)
label	Please download waiting software updates.	""			(810, 73)	(291, 17)
push-button	Chromium Web Browser	""			(0, 33)	(70, 64)
push-button	Thunderbird Mail	""			(0, 101)	(70, 64)
push-button	Visual Studio Code	""			(0, 169)	(70, 64)
push-button	VLC media player	""			(0, 237)	(70, 64)
push-button	LibreOffice Writer	""			(0, 305)	(70, 64)
push-button	LibreOffice Calc	""			(0, 373)	(70, 64)
push-button	LibreOffice Impress	""			(0, 441)	(70, 64)
push-button	GNU Image Manipulation Program	""			(0, 509)	(70, 64)
push-button	Files	""			(0, 577)	(70, 64)
push-button	Ubuntu Software	""			(0, 645)	(70, 64)
push-button	Help	""			(0, 713)	(70, 64)
push-button	Trash	""			(0, 784)	(70, 64)
toggle-button	Show Applications	""			(0, 915)	(70, 70)
menu	File	""			(70, 64)	(40, 25)
menu	Edit	""			(110, 64)	(43, 25)
menu	View	""			(153, 64)	(49, 25)
menu	Insert	""			(202, 64)	(55, 25)
menu	Format	""			(257, 64)	(66, 25)
menu	Styles	""			(323, 64)	(56, 25)
menu	Table	""			(379, 64)	(53, 25)
menu	Form	""			(432, 64)	(52, 25)
menu	Tools	""			(484, 64)	(52, 25)
menu	Window	""			(536, 64)	(70, 25)
menu	Help	""			(606, 64)	(47, 25)
menu	File	File			(70, 64)	(40, 21)
menu	Edit	Edit			(110, 64)	(43, 21)
menu	View	View			(153, 64)	(50, 21)
menu	Insert	Insert			(203, 64)	(56, 21)
menu	Format	Format			(259, 64)	(66, 21)
menu	Styles	Styles			(325, 64)	(56, 21)
menu	Table	Table			(381, 64)	(53, 21)
menu	Form	Form			(434, 64)	(52, 21)
menu	Tools	Tools			(486, 64)	(53, 21)
menu	Window	Window			(539, 64)	(73, 21)
menu	Help	Help			(612, 64)	(48, 21)
document-text	04 CHIN9505 EBook Purchasing info 2021 Jan - LibreOffice Document	""			(70, 246)	(1792, 693)
paragraph		Please find the E-book purchase option for your reference:  			(260, 445)	(1412, 33)
paragraph		How to use BLCUP eBook for PC 			(260, 478)	(1412, 64)
paragraph		Make payment for this eBook online. 			(260, 542)	(1412, 65)
paragraph		Enter User center (Your BLCUP ID. 			(260, 607)	(1412, 64)
paragraph		Download and install Windows eBook Reader (flipviewer) on your PC.			(260, 671)	(1412, 65)
paragraph		Enter User center (Your BLCUP ID.			(260, 736)	(1412, 65)
paragraph		Download eBook and input Subscription ID online to open the OPZ file.			(260, 801)	(1412, 64)
paragraph		Support Contact: service blcup.com			(260, 865)	(1412, 65)
paragraph		This product is protected by copyright. 			(260, 930)	(1412, 9)
scroll-bar	Vertical scroll bar	""			(1862, 222)	(12, 717)
toggle-button	Menu	""			(1874, 171)	(36, 34)
text		Help us make LibreOffice even better!			(111, 178)	(1611, 26)
push-button	Get involved	""			(1728, 170)	(117, 34)
text		Your donations support our worldwide community.			(111, 218)	(1645, 26)
push-button	Donate	""			(1762, 210)	(83, 34)
push-button	New	""			(74, 66)	(44, 35)
push-button	Open	""			(118, 66)	(44, 35)
push-button	Save	""			(162, 66)	(44, 35)
push-button	Export Directly as PDF	""			(214, 66)	(33, 35)
push-button	Print	""			(247, 66)	(33, 35)
toggle-button	Print Preview	""			(280, 66)	(33, 35)
push-button	Clone	""			(439, 66)	(33, 35)
toggle-button	Find and Replace	""			(576, 66)	(33, 35)
push-button	Spelling	""			(609, 66)	(33, 35)
toggle-button	Formatting Marks	""			(642, 66)	(33, 35)
push-button	Table	""			(683, 66)	(44, 35)
push-button	Image	""			(727, 66)	(33, 35)
push-button	Chart	""			(760, 66)	(33, 35)
push-button	Text Box	""			(793, 66)	(33, 35)
push-button	Page Break	""			(834, 66)	(33, 35)
push-button	Field	""			(867, 66)	(44, 35)
push-button	Symbol	""			(911, 66)	(44, 35)
toggle-button	Hyperlink	""			(963, 66)	(33, 35)
push-button	Footnote	""			(996, 66)	(33, 35)
push-button	Endnote	""			(1029, 66)	(33, 35)
push-button	Bookmark	""			(1062, 66)	(33, 35)
push-button	Cross-reference	""			(1095, 66)	(33, 35)
push-button	Comment	""			(1136, 66)	(33, 35)
toggle-button	Track Changes Functions	""			(1169, 66)	(33, 35)
push-button	Line	""			(1210, 66)	(33, 35)
push-button	Basic Shapes	""			(1243, 66)	(44, 35)
toggle-button	Draw Functions	""			(1287, 66)	(33, 35)
text		Normal (Web)			(74, 130)	(166, 34)
push-button	Update	""			(276, 105)	(33, 35)
push-button	New	""			(309, 105)	(33, 35)
text		Calibri			(350, 130)	(185, 34)
text		12 pt			(579, 130)	(65, 34)
toggle-button	Bold	""			(688, 105)	(33, 35)
toggle-button	Italic	""			(721, 105)	(33, 35)
push-button	Underline	""			(754, 105)	(44, 35)
toggle-button	Strikethrough	""			(798, 105)	(33, 35)
toggle-button	Superscript	""			(839, 105)	(33, 35)
toggle-button	Subscript	""			(872, 105)	(33, 35)
push-button	Clear	""			(913, 105)	(33, 35)
push-button	Font Color	""			(954, 105)	(44, 35)
push-button	Character Highlighting Color	""			(998, 105)	(44, 35)
toggle-button	Left	""			(1050, 105)	(33, 35)
toggle-button	Center	""			(1083, 105)	(33, 35)
toggle-button	Right	""			(1116, 105)	(33, 35)
toggle-button	Justified	""			(1149, 105)	(33, 35)
push-button	Unordered List	""			(1190, 105)	(44, 35)
push-button	Ordered List	""			(1234, 105)	(44, 35)
push-button	No List	""			(1278, 105)	(33, 35)
push-button	Increase	""			(1319, 105)	(33, 35)
push-button	Decrease	""			(1352, 105)	(33, 35)
push-button	Line Spacing	""			(1393, 105)	(44, 35)
push-button	Increase	""			(1437, 105)	(33, 35)
push-button	Decrease	""			(1470, 105)	(33, 35)
label		Page 1 of 1			(105, 941)	(258, 18)
label		71 words, 424 characters			(369, 941)	(342, 18)
label		Default Page Style			(717, 941)	(306, 18)
label		English (USA)			(1029, 941)	(276, 18)
label		173%			(1876, 941)	(38, 18)
Generating content with GPT model: o4-mini
RESPONSE: We’ve just switched the tab-selector to the right-aligned symbol. Next, I’ll click on the ruler at the right margin—around x≈1560, y≈300—to place a right-aligned tab stop there.
LINEAR AT: tag	name	text	class	description	position (top-left x&y)	size (w&h)
label	Home	Home			(1833, 939)	(40, 17)
label	04 CHIN9505 EBook Purchasing info 2021 Jan.​docx	04 CHIN9505 EBook Purchasing info 2021 Jan.​docx			(1793, 819)	(120, 34)
menu	LibreOffice Writer	""			(99, 0)	(180, 27)
menu	System	""			(1814, 0)	(106, 27)
label	Please download waiting software updates.	""			(810, 73)	(291, 17)
push-button	Chromium Web Browser	""			(0, 33)	(70, 64)
push-button	Thunderbird Mail	""			(0, 101)	(70, 64)
push-button	Visual Studio Code	""			(0, 169)	(70, 64)
push-button	VLC media player	""			(0, 237)	(70, 64)
push-button	LibreOffice Writer	""			(0, 305)	(70, 64)
push-button	LibreOffice Calc	""			(0, 373)	(70, 64)
push-button	LibreOffice Impress	""			(0, 441)	(70, 64)
push-button	GNU Image Manipulation Program	""			(0, 509)	(70, 64)
push-button	Files	""			(0, 577)	(70, 64)
push-button	Ubuntu Software	""			(0, 645)	(70, 64)
push-button	Help	""			(0, 713)	(70, 64)
push-button	Trash	""			(0, 784)	(70, 64)
toggle-button	Show Applications	""			(0, 915)	(70, 70)
menu	File	""			(70, 64)	(40, 25)
menu	Edit	""			(110, 64)	(43, 25)
menu	View	""			(153, 64)	(49, 25)
menu	Insert	""			(202, 64)	(55, 25)
menu	Format	""			(257, 64)	(66, 25)
menu	Styles	""			(323, 64)	(56, 25)
menu	Table	""			(379, 64)	(53, 25)
menu	Form	""			(432, 64)	(52, 25)
menu	Tools	""			(484, 64)	(52, 25)
menu	Window	""			(536, 64)	(70, 25)
menu	Help	""			(606, 64)	(47, 25)
menu	File	File			(70, 64)	(40, 21)
menu	Edit	Edit			(110, 64)	(43, 21)
menu	View	View			(153, 64)	(50, 21)
menu	Insert	Insert			(203, 64)	(56, 21)
menu	Format	Format			(259, 64)	(66, 21)
menu	Styles	Styles			(325, 64)	(56, 21)
menu	Table	Table			(381, 64)	(53, 21)
menu	Form	Form			(434, 64)	(52, 21)
menu	Tools	Tools			(486, 64)	(53, 21)
menu	Window	Window			(539, 64)	(73, 21)
menu	Help	Help			(612, 64)	(48, 21)
document-text	04 CHIN9505 EBook Purchasing info 2021 Jan - LibreOffice Document	""			(70, 246)	(1792, 693)
paragraph		Please find the E-book purchase option for your reference:  			(260, 445)	(1412, 33)
paragraph		How to use BLCUP eBook for PC 			(260, 478)	(1412, 64)
paragraph		Make payment for this eBook online. 			(260, 542)	(1412, 65)
paragraph		Enter User center (Your BLCUP ID. 			(260, 607)	(1412, 64)
paragraph		Download and install Windows eBook Reader (flipviewer) on your PC.			(260, 671)	(1412, 65)
paragraph		Enter User center (Your BLCUP ID.			(260, 736)	(1412, 65)
paragraph		Download eBook and input Subscription ID online to open the OPZ file.			(260, 801)	(1412, 64)
paragraph		Support Contact: service blcup.com			(260, 865)	(1412, 65)
paragraph		This product is protected by copyright. 			(260, 930)	(1412, 9)
scroll-bar	Vertical scroll bar	""			(1862, 222)	(12, 717)
toggle-button	Menu	""			(1874, 171)	(36, 34)
text		Help us make LibreOffice even better!			(111, 178)	(1611, 26)
push-button	Get involved	""			(1728, 170)	(117, 34)
text		Your donations support our worldwide community.			(111, 218)	(1645, 26)
push-button	Donate	""			(1762, 210)	(83, 34)
push-button	New	""			(74, 66)	(44, 35)
push-button	Open	""			(118, 66)	(44, 35)
push-button	Save	""			(162, 66)	(44, 35)
push-button	Export Directly as PDF	""			(214, 66)	(33, 35)
push-button	Print	""			(247, 66)	(33, 35)
toggle-button	Print Preview	""			(280, 66)	(33, 35)
push-button	Clone	""			(439, 66)	(33, 35)
toggle-button	Find and Replace	""			(576, 66)	(33, 35)
push-button	Spelling	""			(609, 66)	(33, 35)
toggle-button	Formatting Marks	""			(642, 66)	(33, 35)
push-button	Table	""			(683, 66)	(44, 35)
push-button	Image	""			(727, 66)	(33, 35)
push-button	Chart	""			(760, 66)	(33, 35)
push-button	Text Box	""			(793, 66)	(33, 35)
push-button	Page Break	""			(834, 66)	(33, 35)
push-button	Field	""			(867, 66)	(44, 35)
push-button	Symbol	""			(911, 66)	(44, 35)
toggle-button	Hyperlink	""			(963, 66)	(33, 35)
push-button	Footnote	""			(996, 66)	(33, 35)
push-button	Endnote	""			(1029, 66)	(33, 35)
push-button	Bookmark	""			(1062, 66)	(33, 35)
push-button	Cross-reference	""			(1095, 66)	(33, 35)
push-button	Comment	""			(1136, 66)	(33, 35)
toggle-button	Track Changes Functions	""			(1169, 66)	(33, 35)
push-button	Line	""			(1210, 66)	(33, 35)
push-button	Basic Shapes	""			(1243, 66)	(44, 35)
toggle-button	Draw Functions	""			(1287, 66)	(33, 35)
text		Normal (Web)			(74, 130)	(166, 34)
push-button	Update	""			(276, 105)	(33, 35)
push-button	New	""			(309, 105)	(33, 35)
text		Calibri			(350, 130)	(185, 34)
text		12 pt			(579, 130)	(65, 34)
toggle-button	Bold	""			(688, 105)	(33, 35)
toggle-button	Italic	""			(721, 105)	(33, 35)
push-button	Underline	""			(754, 105)	(44, 35)
toggle-button	Strikethrough	""			(798, 105)	(33, 35)
toggle-button	Superscript	""			(839, 105)	(33, 35)
toggle-button	Subscript	""			(872, 105)	(33, 35)
push-button	Clear	""			(913, 105)	(33, 35)
push-button	Font Color	""			(954, 105)	(44, 35)
push-button	Character Highlighting Color	""			(998, 105)	(44, 35)
toggle-button	Left	""			(1050, 105)	(33, 35)
toggle-button	Center	""			(1083, 105)	(33, 35)
toggle-button	Right	""			(1116, 105)	(33, 35)
toggle-button	Justified	""			(1149, 105)	(33, 35)
push-button	Unordered List	""			(1190, 105)	(44, 35)
push-button	Ordered List	""			(1234, 105)	(44, 35)
push-button	No List	""			(1278, 105)	(33, 35)
push-button	Increase	""			(1319, 105)	(33, 35)
push-button	Decrease	""			(1352, 105)	(33, 35)
push-button	Line Spacing	""			(1393, 105)	(44, 35)
push-button	Increase	""			(1437, 105)	(33, 35)
push-button	Decrease	""			(1470, 105)	(33, 35)
label		Page 1 of 1			(105, 941)	(258, 18)
label		71 words, 424 characters			(369, 941)	(342, 18)
label		Default Page Style			(717, 941)	(306, 18)
label		English (USA)			(1029, 941)	(276, 18)
label		173%			(1876, 941)	(38, 18)
Generating content with GPT model: o4-mini
RESPONSE: I’ll switch the tab‐stop type to a right‐aligned tab by clicking the little selector box at the left end of the ruler:

```python
import pyautogui, time

# click the tab‐selector box to cycle until it shows the right‐aligned tab icon
pyautogui.click(270, 310)
```
LINEAR AT: tag	name	text	class	description	position (top-left x&y)	size (w&h)
label	Home	Home			(1833, 939)	(40, 17)
label	04 CHIN9505 EBook Purchasing info 2021 Jan.​docx	04 CHIN9505 EBook Purchasing info 2021 Jan.​docx			(1793, 819)	(120, 34)
menu	LibreOffice Writer	""			(99, 0)	(180, 27)
menu	System	""			(1814, 0)	(106, 27)
label	Please download waiting software updates.	""			(810, 73)	(291, 17)
push-button	Chromium Web Browser	""			(0, 33)	(70, 64)
push-button	Thunderbird Mail	""			(0, 101)	(70, 64)
push-button	Visual Studio Code	""			(0, 169)	(70, 64)
push-button	VLC media player	""			(0, 237)	(70, 64)
push-button	LibreOffice Writer	""			(0, 305)	(70, 64)
push-button	LibreOffice Calc	""			(0, 373)	(70, 64)
push-button	LibreOffice Impress	""			(0, 441)	(70, 64)
push-button	GNU Image Manipulation Program	""			(0, 509)	(70, 64)
push-button	Files	""			(0, 577)	(70, 64)
push-button	Ubuntu Software	""			(0, 645)	(70, 64)
push-button	Help	""			(0, 713)	(70, 64)
push-button	Trash	""			(0, 784)	(70, 64)
toggle-button	Show Applications	""			(0, 915)	(70, 70)
menu	File	""			(70, 64)	(40, 25)
menu	Edit	""			(110, 64)	(43, 25)
menu	View	""			(153, 64)	(49, 25)
menu	Insert	""			(202, 64)	(55, 25)
menu	Format	""			(257, 64)	(66, 25)
menu	Styles	""			(323, 64)	(56, 25)
menu	Table	""			(379, 64)	(53, 25)
menu	Form	""			(432, 64)	(52, 25)
menu	Tools	""			(484, 64)	(52, 25)
menu	Window	""			(536, 64)	(70, 25)
menu	Help	""			(606, 64)	(47, 25)
menu	File	File			(70, 89)	(40, 21)
menu	Edit	Edit			(110, 89)	(43, 21)
menu	View	View			(153, 89)	(50, 21)
menu	Insert	Insert			(203, 89)	(56, 21)
menu	Format	Format			(259, 89)	(66, 21)
menu	Styles	Styles			(325, 89)	(56, 21)
menu	Table	Table			(381, 89)	(53, 21)
menu	Form	Form			(434, 89)	(52, 21)
menu	Tools	Tools			(486, 89)	(53, 21)
menu	Window	Window			(539, 89)	(73, 21)
menu	Help	Help			(612, 89)	(48, 21)
document-text	04 CHIN9505 EBook Purchasing info 2021 Jan - LibreOffice Document	""			(70, 271)	(1792, 693)
paragraph		Please find the E-book purchase option for your reference:  			(260, 470)	(1412, 33)
paragraph		How to use BLCUP eBook for PC 			(260, 503)	(1412, 64)
paragraph		Make payment for this eBook online. 			(260, 567)	(1412, 65)
paragraph		Enter User center (Your BLCUP ID. 			(260, 632)	(1412, 64)
paragraph		Download and install Windows eBook Reader (flipviewer) on your PC.			(260, 696)	(1412, 65)
paragraph		Enter User center (Your BLCUP ID.			(260, 761)	(1412, 65)
paragraph		Download eBook and input Subscription ID online to open the OPZ file.			(260, 826)	(1412, 64)
paragraph		Support Contact: service blcup.com			(260, 890)	(1412, 65)
paragraph		This product is protected by copyright. 			(260, 955)	(1412, 9)
scroll-bar	Vertical scroll bar	""			(1862, 247)	(12, 717)
toggle-button	Menu	""			(1874, 171)	(36, 34)
text		Help us make LibreOffice even better!			(111, 178)	(1611, 26)
push-button	Get involved	""			(1728, 170)	(117, 34)
text		Your donations support our worldwide community.			(111, 218)	(1645, 26)
push-button	Donate	""			(1762, 210)	(83, 34)
push-button	New	""			(74, 91)	(44, 35)
push-button	Open	""			(118, 91)	(44, 35)
push-button	Save	""			(162, 91)	(44, 35)
push-button	Export Directly as PDF	""			(214, 91)	(33, 35)
push-button	Print	""			(247, 91)	(33, 35)
toggle-button	Print Preview	""			(280, 91)	(33, 35)
push-button	Clone	""			(439, 91)	(33, 35)
toggle-button	Find and Replace	""			(576, 91)	(33, 35)
push-button	Spelling	""			(609, 91)	(33, 35)
toggle-button	Formatting Marks	""			(642, 91)	(33, 35)
push-button	Table	""			(683, 91)	(44, 35)
push-button	Image	""			(727, 91)	(33, 35)
push-button	Chart	""			(760, 91)	(33, 35)
push-button	Text Box	""			(793, 91)	(33, 35)
push-button	Page Break	""			(834, 91)	(33, 35)
push-button	Field	""			(867, 91)	(44, 35)
push-button	Symbol	""			(911, 91)	(44, 35)
toggle-button	Hyperlink	""			(963, 91)	(33, 35)
push-button	Footnote	""			(996, 91)	(33, 35)
push-button	Endnote	""			(1029, 91)	(33, 35)
push-button	Bookmark	""			(1062, 91)	(33, 35)
push-button	Cross-reference	""			(1095, 91)	(33, 35)
push-button	Comment	""			(1136, 91)	(33, 35)
toggle-button	Track Changes Functions	""			(1169, 91)	(33, 35)
push-button	Line	""			(1210, 91)	(33, 35)
push-button	Basic Shapes	""			(1243, 91)	(44, 35)
toggle-button	Draw Functions	""			(1287, 91)	(33, 35)
text		Normal (Web)			(74, 130)	(166, 34)
push-button	Update	""			(276, 130)	(33, 35)
push-button	New	""			(309, 130)	(33, 35)
text		Calibri			(350, 130)	(185, 34)
text		12 pt			(579, 130)	(65, 34)
toggle-button	Bold	""			(688, 130)	(33, 35)
toggle-button	Italic	""			(721, 130)	(33, 35)
push-button	Underline	""			(754, 130)	(44, 35)
toggle-button	Strikethrough	""			(798, 130)	(33, 35)
toggle-button	Superscript	""			(839, 130)	(33, 35)
toggle-button	Subscript	""			(872, 130)	(33, 35)
push-button	Clear	""			(913, 130)	(33, 35)
push-button	Font Color	""			(954, 130)	(44, 35)
push-button	Character Highlighting Color	""			(998, 130)	(44, 35)
toggle-button	Left	""			(1050, 130)	(33, 35)
toggle-button	Center	""			(1083, 130)	(33, 35)
toggle-button	Right	""			(1116, 130)	(33, 35)
toggle-button	Justified	""			(1149, 130)	(33, 35)
push-button	Unordered List	""			(1190, 130)	(44, 35)
push-button	Ordered List	""			(1234, 130)	(44, 35)
push-button	No List	""			(1278, 130)	(33, 35)
push-button	Increase	""			(1319, 130)	(33, 35)
push-button	Decrease	""			(1352, 130)	(33, 35)
push-button	Line Spacing	""			(1393, 130)	(44, 35)
push-button	Increase	""			(1437, 130)	(33, 35)
push-button	Decrease	""			(1470, 130)	(33, 35)
label		Page 1 of 1			(105, 966)	(258, 18)
label		71 words, 424 characters			(369, 966)	(342, 18)
label		Default Page Style			(717, 966)	(306, 18)
label		English (USA)			(1029, 966)	(276, 18)
label		173%			(1876, 966)	(38, 18)
Generating content with GPT model: o4-mini
RESPONSE: I’ll first click back into the document body (to exit header editing), then place the right‐aligned tab stop on the ruler at the right margin.  

```python
import pyautogui, time

# exit header by clicking into the body of the document
pyautogui.click(500, 550)
time.sleep(0.5)

# add a right-aligned tab stop at the right margin on the ruler
pyautogui.click(1550, 300)
```
LINEAR AT: tag	name	text	class	description	position (top-left x&y)	size (w&h)
label	Home	Home			(1833, 939)	(40, 17)
label	04 CHIN9505 EBook Purchasing info 2021 Jan.​docx	04 CHIN9505 EBook Purchasing info 2021 Jan.​docx			(1793, 819)	(120, 34)
menu	LibreOffice Writer	""			(99, 0)	(180, 27)
menu	System	""			(1814, 0)	(106, 27)
push-button	Chromium Web Browser	""			(0, 33)	(70, 64)
push-button	Thunderbird Mail	""			(0, 101)	(70, 64)
push-button	Visual Studio Code	""			(0, 169)	(70, 64)
push-button	VLC media player	""			(0, 237)	(70, 64)
push-button	LibreOffice Writer	""			(0, 305)	(70, 64)
push-button	LibreOffice Calc	""			(0, 373)	(70, 64)
push-button	LibreOffice Impress	""			(0, 441)	(70, 64)
push-button	GNU Image Manipulation Program	""			(0, 509)	(70, 64)
push-button	Files	""			(0, 577)	(70, 64)
push-button	Ubuntu Software	""			(0, 645)	(70, 64)
push-button	Help	""			(0, 713)	(70, 64)
push-button	Trash	""			(0, 784)	(70, 64)
toggle-button	Show Applications	""			(0, 915)	(70, 70)
menu	File	""			(70, 64)	(40, 25)
menu	Edit	""			(110, 64)	(43, 25)
menu	View	""			(153, 64)	(49, 25)
menu	Insert	""			(202, 64)	(55, 25)
menu	Format	""			(257, 64)	(66, 25)
menu	Styles	""			(323, 64)	(56, 25)
menu	Table	""			(379, 64)	(53, 25)
menu	Form	""			(432, 64)	(52, 25)
menu	Tools	""			(484, 64)	(52, 25)
menu	Window	""			(536, 64)	(70, 25)
menu	Help	""			(606, 64)	(47, 25)
menu	File	File			(70, 89)	(40, 21)
menu	Edit	Edit			(110, 89)	(43, 21)
menu	View	View			(153, 89)	(50, 21)
menu	Insert	Insert			(203, 89)	(56, 21)
menu	Format	Format			(259, 89)	(66, 21)
menu	Styles	Styles			(325, 89)	(56, 21)
menu	Table	Table			(381, 89)	(53, 21)
menu	Form	Form			(434, 89)	(52, 21)
menu	Tools	Tools			(486, 89)	(53, 21)
menu	Window	Window			(539, 89)	(73, 21)
menu	Help	Help			(612, 89)	(48, 21)
document-text	04 CHIN9505 EBook Purchasing info 2021 Jan - LibreOffice Document	""			(70, 271)	(1792, 693)
paragraph		Please find the E-book purchase option for your reference:  			(260, 470)	(1412, 33)
paragraph		How to use BLCUP eBook for PC 			(260, 503)	(1412, 64)
paragraph		Make payment for this eBook online. 			(260, 567)	(1412, 65)
paragraph		Enter User center (Your BLCUP ID. 			(260, 632)	(1412, 64)
paragraph		Download and install Windows eBook Reader (flipviewer) on your PC.			(260, 696)	(1412, 65)
paragraph		Enter User center (Your BLCUP ID.			(260, 761)	(1412, 65)
paragraph		Download eBook and input Subscription ID online to open the OPZ file.			(260, 826)	(1412, 64)
paragraph		Support Contact: service blcup.com			(260, 890)	(1412, 65)
paragraph		This product is protected by copyright. 			(260, 955)	(1412, 9)
scroll-bar	Vertical scroll bar	""			(1862, 247)	(12, 717)
toggle-button	Menu	""			(1874, 171)	(36, 34)
text		Help us make LibreOffice even better!			(111, 178)	(1611, 26)
push-button	Get involved	""			(1728, 170)	(117, 34)
text		Your donations support our worldwide community.			(111, 218)	(1645, 26)
push-button	Donate	""			(1762, 210)	(83, 34)
push-button	New	""			(74, 91)	(44, 35)
push-button	Open	""			(118, 91)	(44, 35)
push-button	Save	""			(162, 91)	(44, 35)
push-button	Export Directly as PDF	""			(214, 91)	(33, 35)
push-button	Print	""			(247, 91)	(33, 35)
toggle-button	Print Preview	""			(280, 91)	(33, 35)
push-button	Clone	""			(439, 91)	(33, 35)
toggle-button	Find and Replace	""			(576, 91)	(33, 35)
push-button	Spelling	""			(609, 91)	(33, 35)
toggle-button	Formatting Marks	""			(642, 91)	(33, 35)
push-button	Table	""			(683, 91)	(44, 35)
push-button	Image	""			(727, 91)	(33, 35)
push-button	Chart	""			(760, 91)	(33, 35)
push-button	Text Box	""			(793, 91)	(33, 35)
push-button	Page Break	""			(834, 91)	(33, 35)
push-button	Field	""			(867, 91)	(44, 35)
push-button	Symbol	""			(911, 91)	(44, 35)
toggle-button	Hyperlink	""			(963, 91)	(33, 35)
push-button	Footnote	""			(996, 91)	(33, 35)
push-button	Endnote	""			(1029, 91)	(33, 35)
push-button	Bookmark	""			(1062, 91)	(33, 35)
push-button	Cross-reference	""			(1095, 91)	(33, 35)
push-button	Comment	""			(1136, 91)	(33, 35)
toggle-button	Track Changes Functions	""			(1169, 91)	(33, 35)
push-button	Line	""			(1210, 91)	(33, 35)
push-button	Basic Shapes	""			(1243, 91)	(44, 35)
toggle-button	Draw Functions	""			(1287, 91)	(33, 35)
text		Normal (Web)			(74, 130)	(166, 34)
push-button	Update	""			(276, 130)	(33, 35)
push-button	New	""			(309, 130)	(33, 35)
text		Calibri			(350, 130)	(185, 34)
text		12 pt			(579, 130)	(65, 34)
toggle-button	Bold	""			(688, 130)	(33, 35)
toggle-button	Italic	""			(721, 130)	(33, 35)
push-button	Underline	""			(754, 130)	(44, 35)
toggle-button	Strikethrough	""			(798, 130)	(33, 35)
toggle-button	Superscript	""			(839, 130)	(33, 35)
toggle-button	Subscript	""			(872, 130)	(33, 35)
push-button	Clear	""			(913, 130)	(33, 35)
push-button	Font Color	""			(954, 130)	(44, 35)
push-button	Character Highlighting Color	""			(998, 130)	(44, 35)
toggle-button	Left	""			(1050, 130)	(33, 35)
toggle-button	Center	""			(1083, 130)	(33, 35)
toggle-button	Right	""			(1116, 130)	(33, 35)
toggle-button	Justified	""			(1149, 130)	(33, 35)
push-button	Unordered List	""			(1190, 130)	(44, 35)
push-button	Ordered List	""			(1234, 130)	(44, 35)
push-button	No List	""			(1278, 130)	(33, 35)
push-button	Increase	""			(1319, 130)	(33, 35)
push-button	Decrease	""			(1352, 130)	(33, 35)
push-button	Line Spacing	""			(1393, 130)	(44, 35)
push-button	Increase	""			(1437, 130)	(33, 35)
push-button	Decrease	""			(1470, 130)	(33, 35)
label		Page 1 of 1			(105, 966)	(258, 18)
label		71 words, 424 characters			(369, 966)	(342, 18)
label		Default Page Style			(717, 966)	(306, 18)
label		English (USA)			(1029, 966)	(276, 18)
label		173%			(1876, 966)	(38, 18)
Generating content with GPT model: o4-mini
RESPONSE: Next, I’ll place the insertion point right after the first three words (“Please find the”) of the first line and hit Tab so that “Please find the” stays left, and the rest jumps to the right‐aligned tab stop:

```python
import pyautogui, time

# click right after "Please find the" in the first paragraph
pyautogui.click(380, 478)
time.sleep(0.5)

# insert a tab to push the remainder of the line to the right tab stop
pyautogui.press('tab')
```
LINEAR AT: tag	name	text	class	description	position (top-left x&y)	size (w&h)
label	Home	Home			(1833, 939)	(40, 17)
label	04 CHIN9505 EBook Purchasing info 2021 Jan.​docx	04 CHIN9505 EBook Purchasing info 2021 Jan.​docx			(1793, 819)	(120, 34)
menu	LibreOffice Writer	""			(99, 0)	(180, 27)
menu	System	""			(1814, 0)	(106, 27)
push-button	Chromium Web Browser	""			(0, 33)	(70, 64)
push-button	Thunderbird Mail	""			(0, 101)	(70, 64)
push-button	Visual Studio Code	""			(0, 169)	(70, 64)
push-button	VLC media player	""			(0, 237)	(70, 64)
push-button	LibreOffice Writer	""			(0, 305)	(70, 64)
push-button	LibreOffice Calc	""			(0, 373)	(70, 64)
push-button	LibreOffice Impress	""			(0, 441)	(70, 64)
push-button	GNU Image Manipulation Program	""			(0, 509)	(70, 64)
push-button	Files	""			(0, 577)	(70, 64)
push-button	Ubuntu Software	""			(0, 645)	(70, 64)
push-button	Help	""			(0, 713)	(70, 64)
push-button	Trash	""			(0, 784)	(70, 64)
toggle-button	Show Applications	""			(0, 915)	(70, 70)
menu	File	""			(70, 64)	(40, 25)
menu	Edit	""			(110, 64)	(43, 25)
menu	View	""			(153, 64)	(49, 25)
menu	Insert	""			(202, 64)	(55, 25)
menu	Format	""			(257, 64)	(66, 25)
menu	Styles	""			(323, 64)	(56, 25)
menu	Table	""			(379, 64)	(53, 25)
menu	Form	""			(432, 64)	(52, 25)
menu	Tools	""			(484, 64)	(52, 25)
menu	Window	""			(536, 64)	(70, 25)
menu	Help	""			(606, 64)	(47, 25)
menu	File	File			(70, 89)	(40, 21)
menu	Edit	Edit			(110, 89)	(43, 21)
menu	View	View			(153, 89)	(50, 21)
menu	Insert	Insert			(203, 89)	(56, 21)
menu	Format	Format			(259, 89)	(66, 21)
menu	Styles	Styles			(325, 89)	(56, 21)
menu	Table	Table			(381, 89)	(53, 21)
menu	Form	Form			(434, 89)	(52, 21)
menu	Tools	Tools			(486, 89)	(53, 21)
menu	Window	Window			(539, 89)	(73, 21)
menu	Help	Help			(612, 89)	(48, 21)
document-text	04 CHIN9505 EBook Purchasing info 2021 Jan - LibreOffice Document	""			(70, 271)	(1792, 693)
paragraph			Please find the E-book purchase option for your reference:  			(260, 470)	(1412, 33)
paragraph		How to use BLCUP eBook for PC 			(260, 503)	(1412, 64)
paragraph		Make payment for this eBook online. 			(260, 567)	(1412, 65)
paragraph		Enter User center (Your BLCUP ID. 			(260, 632)	(1412, 64)
paragraph		Download and install Windows eBook Reader (flipviewer) on your PC.			(260, 696)	(1412, 65)
paragraph		Enter User center (Your BLCUP ID.			(260, 761)	(1412, 65)
paragraph		Download eBook and input Subscription ID online to open the OPZ file.			(260, 826)	(1412, 64)
paragraph		Support Contact: service blcup.com			(260, 890)	(1412, 65)
paragraph		This product is protected by copyright. 			(260, 955)	(1412, 9)
scroll-bar	Vertical scroll bar	""			(1862, 247)	(12, 717)
toggle-button	Menu	""			(1874, 171)	(36, 34)
text		Help us make LibreOffice even better!			(111, 178)	(1611, 26)
push-button	Get involved	""			(1728, 170)	(117, 34)
text		Your donations support our worldwide community.			(111, 218)	(1645, 26)
push-button	Donate	""			(1762, 210)	(83, 34)
push-button	New	""			(74, 91)	(44, 35)
push-button	Open	""			(118, 91)	(44, 35)
push-button	Save	""			(162, 91)	(44, 35)
push-button	Export Directly as PDF	""			(214, 91)	(33, 35)
push-button	Print	""			(247, 91)	(33, 35)
toggle-button	Print Preview	""			(280, 91)	(33, 35)
push-button	Clone	""			(439, 91)	(33, 35)
push-button	Undo	""			(480, 91)	(44, 35)
toggle-button	Find and Replace	""			(576, 91)	(33, 35)
push-button	Spelling	""			(609, 91)	(33, 35)
toggle-button	Formatting Marks	""			(642, 91)	(33, 35)
push-button	Table	""			(683, 91)	(44, 35)
push-button	Image	""			(727, 91)	(33, 35)
push-button	Chart	""			(760, 91)	(33, 35)
push-button	Text Box	""			(793, 91)	(33, 35)
push-button	Page Break	""			(834, 91)	(33, 35)
push-button	Field	""			(867, 91)	(44, 35)
push-button	Symbol	""			(911, 91)	(44, 35)
toggle-button	Hyperlink	""			(963, 91)	(33, 35)
push-button	Footnote	""			(996, 91)	(33, 35)
push-button	Endnote	""			(1029, 91)	(33, 35)
push-button	Bookmark	""			(1062, 91)	(33, 35)
push-button	Cross-reference	""			(1095, 91)	(33, 35)
push-button	Comment	""			(1136, 91)	(33, 35)
toggle-button	Track Changes Functions	""			(1169, 91)	(33, 35)
push-button	Line	""			(1210, 91)	(33, 35)
push-button	Basic Shapes	""			(1243, 91)	(44, 35)
toggle-button	Draw Functions	""			(1287, 91)	(33, 35)
text		Normal (Web)			(74, 130)	(166, 34)
push-button	Update	""			(276, 130)	(33, 35)
push-button	New	""			(309, 130)	(33, 35)
text		Calibri			(350, 130)	(185, 34)
text		12 pt			(579, 130)	(65, 34)
toggle-button	Bold	""			(688, 130)	(33, 35)
toggle-button	Italic	""			(721, 130)	(33, 35)
push-button	Underline	""			(754, 130)	(44, 35)
toggle-button	Strikethrough	""			(798, 130)	(33, 35)
toggle-button	Superscript	""			(839, 130)	(33, 35)
toggle-button	Subscript	""			(872, 130)	(33, 35)
push-button	Clear	""			(913, 130)	(33, 35)
push-button	Font Color	""			(954, 130)	(44, 35)
push-button	Character Highlighting Color	""			(998, 130)	(44, 35)
toggle-button	Left	""			(1050, 130)	(33, 35)
toggle-button	Center	""			(1083, 130)	(33, 35)
toggle-button	Right	""			(1116, 130)	(33, 35)
toggle-button	Justified	""			(1149, 130)	(33, 35)
push-button	Unordered List	""			(1190, 130)	(44, 35)
push-button	Ordered List	""			(1234, 130)	(44, 35)
push-button	No List	""			(1278, 130)	(33, 35)
push-button	Increase	""			(1319, 130)	(33, 35)
push-button	Decrease	""			(1352, 130)	(33, 35)
push-button	Line Spacing	""			(1393, 130)	(44, 35)
push-button	Increase	""			(1437, 130)	(33, 35)
push-button	Decrease	""			(1470, 130)	(33, 35)
label		Page 1 of 1			(105, 966)	(258, 18)
label		71 words, 425 characters			(369, 966)	(342, 18)
label		Default Page Style			(717, 966)	(306, 18)
label		English (USA)			(1029, 966)	(276, 18)
label		173%			(1876, 966)	(38, 18)
Generating content with GPT model: o4-mini
RESPONSE: Next, I’ll repeat the same for the second line – click right after “How to use” and hit Tab so that “How to use” stays left and the rest moves to the right‐aligned tab stop:

```python
import pyautogui, time

# click right after "How to use" on the second paragraph
pyautogui.click(380, 503)
time.sleep(0.5)

# insert a tab to push the remainder of that line to the right tab stop
pyautogui.press('tab')
```
LINEAR AT: tag	name	text	class	description	position (top-left x&y)	size (w&h)
label	Home	Home			(1833, 939)	(40, 17)
label	04 CHIN9505 EBook Purchasing info 2021 Jan.​docx	04 CHIN9505 EBook Purchasing info 2021 Jan.​docx			(1793, 819)	(120, 34)
menu	LibreOffice Writer	""			(99, 0)	(180, 27)
menu	System	""			(1814, 0)	(106, 27)
push-button	Chromium Web Browser	""			(0, 33)	(70, 64)
push-button	Thunderbird Mail	""			(0, 101)	(70, 64)
push-button	Visual Studio Code	""			(0, 169)	(70, 64)
push-button	VLC media player	""			(0, 237)	(70, 64)
push-button	LibreOffice Writer	""			(0, 305)	(70, 64)
push-button	LibreOffice Calc	""			(0, 373)	(70, 64)
push-button	LibreOffice Impress	""			(0, 441)	(70, 64)
push-button	GNU Image Manipulation Program	""			(0, 509)	(70, 64)
push-button	Files	""			(0, 577)	(70, 64)
push-button	Ubuntu Software	""			(0, 645)	(70, 64)
push-button	Help	""			(0, 713)	(70, 64)
push-button	Trash	""			(0, 784)	(70, 64)
toggle-button	Show Applications	""			(0, 915)	(70, 70)
menu	File	""			(70, 64)	(40, 25)
menu	Edit	""			(110, 64)	(43, 25)
menu	View	""			(153, 64)	(49, 25)
menu	Insert	""			(202, 64)	(55, 25)
menu	Format	""			(257, 64)	(66, 25)
menu	Styles	""			(323, 64)	(56, 25)
menu	Table	""			(379, 64)	(53, 25)
menu	Form	""			(432, 64)	(52, 25)
menu	Tools	""			(484, 64)	(52, 25)
menu	Window	""			(536, 64)	(70, 25)
menu	Help	""			(606, 64)	(47, 25)
menu	File	File			(70, 89)	(40, 21)
menu	Edit	Edit			(110, 89)	(43, 21)
menu	View	View			(153, 89)	(50, 21)
menu	Insert	Insert			(203, 89)	(56, 21)
menu	Format	Format			(259, 89)	(66, 21)
menu	Styles	Styles			(325, 89)	(56, 21)
menu	Table	Table			(381, 89)	(53, 21)
menu	Form	Form			(434, 89)	(52, 21)
menu	Tools	Tools			(486, 89)	(53, 21)
menu	Window	Window			(539, 89)	(73, 21)
menu	Help	Help			(612, 89)	(48, 21)
document-text	04 CHIN9505 EBook Purchasing info 2021 Jan - LibreOffice Document	""			(70, 271)	(1792, 693)
paragraph			Please find the E-book purchase option for your reference:  			(260, 470)	(1412, 33)
paragraph			How to use BLCUP eBook for PC 			(260, 503)	(1412, 64)
paragraph		Make payment for this eBook online. 			(260, 567)	(1412, 65)
paragraph		Enter User center (Your BLCUP ID. 			(260, 632)	(1412, 64)
paragraph		Download and install Windows eBook Reader (flipviewer) on your PC.			(260, 696)	(1412, 65)
paragraph		Enter User center (Your BLCUP ID.			(260, 761)	(1412, 65)
paragraph		Download eBook and input Subscription ID online to open the OPZ file.			(260, 826)	(1412, 64)
paragraph		Support Contact: service blcup.com			(260, 890)	(1412, 65)
paragraph		This product is protected by copyright. 			(260, 955)	(1412, 9)
scroll-bar	Vertical scroll bar	""			(1862, 247)	(12, 717)
toggle-button	Menu	""			(1874, 171)	(36, 34)
text		Help us make LibreOffice even better!			(111, 178)	(1611, 26)
push-button	Get involved	""			(1728, 170)	(117, 34)
text		Your donations support our worldwide community.			(111, 218)	(1645, 26)
push-button	Donate	""			(1762, 210)	(83, 34)
push-button	New	""			(74, 91)	(44, 35)
push-button	Open	""			(118, 91)	(44, 35)
push-button	Save	""			(162, 91)	(44, 35)
push-button	Export Directly as PDF	""			(214, 91)	(33, 35)
push-button	Print	""			(247, 91)	(33, 35)
toggle-button	Print Preview	""			(280, 91)	(33, 35)
push-button	Clone	""			(439, 91)	(33, 35)
push-button	Undo	""			(480, 91)	(44, 35)
toggle-button	Find and Replace	""			(576, 91)	(33, 35)
push-button	Spelling	""			(609, 91)	(33, 35)
toggle-button	Formatting Marks	""			(642, 91)	(33, 35)
push-button	Table	""			(683, 91)	(44, 35)
push-button	Image	""			(727, 91)	(33, 35)
push-button	Chart	""			(760, 91)	(33, 35)
push-button	Text Box	""			(793, 91)	(33, 35)
push-button	Page Break	""			(834, 91)	(33, 35)
push-button	Field	""			(867, 91)	(44, 35)
push-button	Symbol	""			(911, 91)	(44, 35)
toggle-button	Hyperlink	""			(963, 91)	(33, 35)
push-button	Footnote	""			(996, 91)	(33, 35)
push-button	Endnote	""			(1029, 91)	(33, 35)
push-button	Bookmark	""			(1062, 91)	(33, 35)
push-button	Cross-reference	""			(1095, 91)	(33, 35)
push-button	Comment	""			(1136, 91)	(33, 35)
toggle-button	Track Changes Functions	""			(1169, 91)	(33, 35)
push-button	Line	""			(1210, 91)	(33, 35)
push-button	Basic Shapes	""			(1243, 91)	(44, 35)
toggle-button	Draw Functions	""			(1287, 91)	(33, 35)
text		Normal (Web)			(74, 130)	(166, 34)
push-button	Update	""			(276, 130)	(33, 35)
push-button	New	""			(309, 130)	(33, 35)
text		Calibri			(350, 130)	(185, 34)
text		12 pt			(579, 130)	(65, 34)
toggle-button	Bold	""			(688, 130)	(33, 35)
toggle-button	Italic	""			(721, 130)	(33, 35)
push-button	Underline	""			(754, 130)	(44, 35)
toggle-button	Strikethrough	""			(798, 130)	(33, 35)
toggle-button	Superscript	""			(839, 130)	(33, 35)
toggle-button	Subscript	""			(872, 130)	(33, 35)
push-button	Clear	""			(913, 130)	(33, 35)
push-button	Font Color	""			(954, 130)	(44, 35)
push-button	Character Highlighting Color	""			(998, 130)	(44, 35)
toggle-button	Left	""			(1050, 130)	(33, 35)
toggle-button	Center	""			(1083, 130)	(33, 35)
toggle-button	Right	""			(1116, 130)	(33, 35)
toggle-button	Justified	""			(1149, 130)	(33, 35)
push-button	Unordered List	""			(1190, 130)	(44, 35)
push-button	Ordered List	""			(1234, 130)	(44, 35)
push-button	No List	""			(1278, 130)	(33, 35)
push-button	Increase	""			(1319, 130)	(33, 35)
push-button	Decrease	""			(1352, 130)	(33, 35)
push-button	Line Spacing	""			(1393, 130)	(44, 35)
push-button	Increase	""			(1437, 130)	(33, 35)
push-button	Decrease	""			(1470, 130)	(33, 35)
label		Page 1 of 1			(105, 966)	(258, 18)
label		71 words, 426 characters			(369, 966)	(342, 18)
label		Default Page Style			(717, 966)	(306, 18)
label		English (USA)			(1029, 966)	(276, 18)
label		173%			(1876, 966)	(38, 18)
Generating content with GPT model: o4-mini
RESPONSE: I’ve set the right‐aligned tab stop and applied it to the first two lines. Next, I’ll click right after “Make payment for” on the third line and press Tab to push the remainder to the right.

```python
import pyautogui, time

# click right after "Make payment for" on the third paragraph
pyautogui.click(380, 567)
time.sleep(0.5)

# insert a tab to push the rest of the line to the right tab stop
pyautogui.press('tab')
```
LINEAR AT: tag	name	text	class	description	position (top-left x&y)	size (w&h)
label	Home	Home			(1833, 939)	(40, 17)
label	04 CHIN9505 EBook Purchasing info 2021 Jan.​docx	04 CHIN9505 EBook Purchasing info 2021 Jan.​docx			(1793, 819)	(120, 34)
menu	LibreOffice Writer	""			(99, 0)	(180, 27)
menu	System	""			(1814, 0)	(106, 27)
push-button	Chromium Web Browser	""			(0, 33)	(70, 64)
push-button	Thunderbird Mail	""			(0, 101)	(70, 64)
push-button	Visual Studio Code	""			(0, 169)	(70, 64)
push-button	VLC media player	""			(0, 237)	(70, 64)
push-button	LibreOffice Writer	""			(0, 305)	(70, 64)
push-button	LibreOffice Calc	""			(0, 373)	(70, 64)
push-button	LibreOffice Impress	""			(0, 441)	(70, 64)
push-button	GNU Image Manipulation Program	""			(0, 509)	(70, 64)
push-button	Files	""			(0, 577)	(70, 64)
push-button	Ubuntu Software	""			(0, 645)	(70, 64)
push-button	Help	""			(0, 713)	(70, 64)
push-button	Trash	""			(0, 784)	(70, 64)
toggle-button	Show Applications	""			(0, 915)	(70, 70)
menu	File	""			(70, 64)	(40, 25)
menu	Edit	""			(110, 64)	(43, 25)
menu	View	""			(153, 64)	(49, 25)
menu	Insert	""			(202, 64)	(55, 25)
menu	Format	""			(257, 64)	(66, 25)
menu	Styles	""			(323, 64)	(56, 25)
menu	Table	""			(379, 64)	(53, 25)
menu	Form	""			(432, 64)	(52, 25)
menu	Tools	""			(484, 64)	(52, 25)
menu	Window	""			(536, 64)	(70, 25)
menu	Help	""			(606, 64)	(47, 25)
menu	File	File			(70, 89)	(40, 21)
menu	Edit	Edit			(110, 89)	(43, 21)
menu	View	View			(153, 89)	(50, 21)
menu	Insert	Insert			(203, 89)	(56, 21)
menu	Format	Format			(259, 89)	(66, 21)
menu	Styles	Styles			(325, 89)	(56, 21)
menu	Table	Table			(381, 89)	(53, 21)
menu	Form	Form			(434, 89)	(52, 21)
menu	Tools	Tools			(486, 89)	(53, 21)
menu	Window	Window			(539, 89)	(73, 21)
menu	Help	Help			(612, 89)	(48, 21)
document-text	04 CHIN9505 EBook Purchasing info 2021 Jan - LibreOffice Document	""			(70, 271)	(1792, 693)
paragraph			Please find the E-book purchase option for your reference:  			(260, 470)	(1412, 33)
paragraph			How to use BLCUP eBook for PC 			(260, 503)	(1412, 64)
paragraph			Make payment for this eBook online. 			(260, 567)	(1412, 65)
paragraph		Enter User center (Your BLCUP ID. 			(260, 632)	(1412, 64)
paragraph		Download and install Windows eBook Reader (flipviewer) on your PC.			(260, 696)	(1412, 65)
paragraph		Enter User center (Your BLCUP ID.			(260, 761)	(1412, 65)
paragraph		Download eBook and input Subscription ID online to open the OPZ file.			(260, 826)	(1412, 64)
paragraph		Support Contact: service blcup.com			(260, 890)	(1412, 65)
paragraph		This product is protected by copyright. 			(260, 955)	(1412, 9)
scroll-bar	Vertical scroll bar	""			(1862, 247)	(12, 717)
toggle-button	Menu	""			(1874, 171)	(36, 34)
text		Help us make LibreOffice even better!			(111, 178)	(1611, 26)
push-button	Get involved	""			(1728, 170)	(117, 34)
text		Your donations support our worldwide community.			(111, 218)	(1645, 26)
push-button	Donate	""			(1762, 210)	(83, 34)
push-button	New	""			(74, 91)	(44, 35)
push-button	Open	""			(118, 91)	(44, 35)
push-button	Save	""			(162, 91)	(44, 35)
push-button	Export Directly as PDF	""			(214, 91)	(33, 35)
push-button	Print	""			(247, 91)	(33, 35)
toggle-button	Print Preview	""			(280, 91)	(33, 35)
push-button	Clone	""			(439, 91)	(33, 35)
push-button	Undo	""			(480, 91)	(44, 35)
toggle-button	Find and Replace	""			(576, 91)	(33, 35)
push-button	Spelling	""			(609, 91)	(33, 35)
toggle-button	Formatting Marks	""			(642, 91)	(33, 35)
push-button	Table	""			(683, 91)	(44, 35)
push-button	Image	""			(727, 91)	(33, 35)
push-button	Chart	""			(760, 91)	(33, 35)
push-button	Text Box	""			(793, 91)	(33, 35)
push-button	Page Break	""			(834, 91)	(33, 35)
push-button	Field	""			(867, 91)	(44, 35)
push-button	Symbol	""			(911, 91)	(44, 35)
toggle-button	Hyperlink	""			(963, 91)	(33, 35)
push-button	Footnote	""			(996, 91)	(33, 35)
push-button	Endnote	""			(1029, 91)	(33, 35)
push-button	Bookmark	""			(1062, 91)	(33, 35)
push-button	Cross-reference	""			(1095, 91)	(33, 35)
push-button	Comment	""			(1136, 91)	(33, 35)
toggle-button	Track Changes Functions	""			(1169, 91)	(33, 35)
push-button	Line	""			(1210, 91)	(33, 35)
push-button	Basic Shapes	""			(1243, 91)	(44, 35)
toggle-button	Draw Functions	""			(1287, 91)	(33, 35)
text		Normal (Web)			(74, 130)	(166, 34)
push-button	Update	""			(276, 130)	(33, 35)
push-button	New	""			(309, 130)	(33, 35)
text		Calibri			(350, 130)	(185, 34)
text		12 pt			(579, 130)	(65, 34)
toggle-button	Bold	""			(688, 130)	(33, 35)
toggle-button	Italic	""			(721, 130)	(33, 35)
push-button	Underline	""			(754, 130)	(44, 35)
toggle-button	Strikethrough	""			(798, 130)	(33, 35)
toggle-button	Superscript	""			(839, 130)	(33, 35)
toggle-button	Subscript	""			(872, 130)	(33, 35)
push-button	Clear	""			(913, 130)	(33, 35)
push-button	Font Color	""			(954, 130)	(44, 35)
push-button	Character Highlighting Color	""			(998, 130)	(44, 35)
toggle-button	Left	""			(1050, 130)	(33, 35)
toggle-button	Center	""			(1083, 130)	(33, 35)
toggle-button	Right	""			(1116, 130)	(33, 35)
toggle-button	Justified	""			(1149, 130)	(33, 35)
push-button	Unordered List	""			(1190, 130)	(44, 35)
push-button	Ordered List	""			(1234, 130)	(44, 35)
push-button	No List	""			(1278, 130)	(33, 35)
push-button	Increase	""			(1319, 130)	(33, 35)
push-button	Decrease	""			(1352, 130)	(33, 35)
push-button	Line Spacing	""			(1393, 130)	(44, 35)
push-button	Increase	""			(1437, 130)	(33, 35)
push-button	Decrease	""			(1470, 130)	(33, 35)
label		Page 1 of 1			(105, 966)	(258, 18)
label		71 words, 427 characters			(369, 966)	(342, 18)
label		Default Page Style			(717, 966)	(306, 18)
label		English (USA)			(1029, 966)	(276, 18)
label		173%			(1876, 966)	(38, 18)
Generating content with GPT model: o4-mini
RESPONSE: I’ve set the right‐aligned tab stop and applied it to the first three lines by clicking after their first three words and pressing Tab. Next, I’ll do the same for the fourth line.

```python
import pyautogui, time

# click right after "Enter User center" on the fourth paragraph
pyautogui.click(380, 632)
time.sleep(0.5)

# insert a tab to push the remainder to the right tab stop
pyautogui.press('tab')
```
LINEAR AT: tag	name	text	class	description	position (top-left x&y)	size (w&h)
label	Home	Home			(1833, 939)	(40, 17)
label	04 CHIN9505 EBook Purchasing info 2021 Jan.​docx	04 CHIN9505 EBook Purchasing info 2021 Jan.​docx			(1793, 819)	(120, 34)
menu	LibreOffice Writer	""			(99, 0)	(180, 27)
menu	System	""			(1814, 0)	(106, 27)
push-button	Chromium Web Browser	""			(0, 33)	(70, 64)
push-button	Thunderbird Mail	""			(0, 101)	(70, 64)
push-button	Visual Studio Code	""			(0, 169)	(70, 64)
push-button	VLC media player	""			(0, 237)	(70, 64)
push-button	LibreOffice Writer	""			(0, 305)	(70, 64)
push-button	LibreOffice Calc	""			(0, 373)	(70, 64)
push-button	LibreOffice Impress	""			(0, 441)	(70, 64)
push-button	GNU Image Manipulation Program	""			(0, 509)	(70, 64)
push-button	Files	""			(0, 577)	(70, 64)
push-button	Ubuntu Software	""			(0, 645)	(70, 64)
push-button	Help	""			(0, 713)	(70, 64)
push-button	Trash	""			(0, 784)	(70, 64)
toggle-button	Show Applications	""			(0, 915)	(70, 70)
menu	File	""			(70, 64)	(40, 25)
menu	Edit	""			(110, 64)	(43, 25)
menu	View	""			(153, 64)	(49, 25)
menu	Insert	""			(202, 64)	(55, 25)
menu	Format	""			(257, 64)	(66, 25)
menu	Styles	""			(323, 64)	(56, 25)
menu	Table	""			(379, 64)	(53, 25)
menu	Form	""			(432, 64)	(52, 25)
menu	Tools	""			(484, 64)	(52, 25)
menu	Window	""			(536, 64)	(70, 25)
menu	Help	""			(606, 64)	(47, 25)
menu	File	File			(70, 89)	(40, 21)
menu	Edit	Edit			(110, 89)	(43, 21)
menu	View	View			(153, 89)	(50, 21)
menu	Insert	Insert			(203, 89)	(56, 21)
menu	Format	Format			(259, 89)	(66, 21)
menu	Styles	Styles			(325, 89)	(56, 21)
menu	Table	Table			(381, 89)	(53, 21)
menu	Form	Form			(434, 89)	(52, 21)
menu	Tools	Tools			(486, 89)	(53, 21)
menu	Window	Window			(539, 89)	(73, 21)
menu	Help	Help			(612, 89)	(48, 21)
document-text	04 CHIN9505 EBook Purchasing info 2021 Jan - LibreOffice Document	""			(70, 271)	(1792, 693)
paragraph			Please find the E-book purchase option for your reference:  			(260, 470)	(1412, 33)
paragraph			How to use BLCUP eBook for PC 			(260, 503)	(1412, 64)
paragraph			Make payment for this eBook online. 			(260, 567)	(1412, 65)
paragraph			Enter User center (Your BLCUP ID. 			(260, 632)	(1412, 64)
paragraph		Download and install Windows eBook Reader (flipviewer) on your PC.			(260, 696)	(1412, 65)
paragraph		Enter User center (Your BLCUP ID.			(260, 761)	(1412, 65)
paragraph		Download eBook and input Subscription ID online to open the OPZ file.			(260, 826)	(1412, 64)
paragraph		Support Contact: service blcup.com			(260, 890)	(1412, 65)
paragraph		This product is protected by copyright. 			(260, 955)	(1412, 9)
scroll-bar	Vertical scroll bar	""			(1862, 247)	(12, 717)
toggle-button	Menu	""			(1874, 171)	(36, 34)
text		Help us make LibreOffice even better!			(111, 178)	(1611, 26)
push-button	Get involved	""			(1728, 170)	(117, 34)
text		Your donations support our worldwide community.			(111, 218)	(1645, 26)
push-button	Donate	""			(1762, 210)	(83, 34)
push-button	New	""			(74, 91)	(44, 35)
push-button	Open	""			(118, 91)	(44, 35)
push-button	Save	""			(162, 91)	(44, 35)
push-button	Export Directly as PDF	""			(214, 91)	(33, 35)
push-button	Print	""			(247, 91)	(33, 35)
toggle-button	Print Preview	""			(280, 91)	(33, 35)
push-button	Clone	""			(439, 91)	(33, 35)
push-button	Undo	""			(480, 91)	(44, 35)
toggle-button	Find and Replace	""			(576, 91)	(33, 35)
push-button	Spelling	""			(609, 91)	(33, 35)
toggle-button	Formatting Marks	""			(642, 91)	(33, 35)
push-button	Table	""			(683, 91)	(44, 35)
push-button	Image	""			(727, 91)	(33, 35)
push-button	Chart	""			(760, 91)	(33, 35)
push-button	Text Box	""			(793, 91)	(33, 35)
push-button	Page Break	""			(834, 91)	(33, 35)
push-button	Field	""			(867, 91)	(44, 35)
push-button	Symbol	""			(911, 91)	(44, 35)
toggle-button	Hyperlink	""			(963, 91)	(33, 35)
push-button	Footnote	""			(996, 91)	(33, 35)
push-button	Endnote	""			(1029, 91)	(33, 35)
push-button	Bookmark	""			(1062, 91)	(33, 35)
push-button	Cross-reference	""			(1095, 91)	(33, 35)
push-button	Comment	""			(1136, 91)	(33, 35)
toggle-button	Track Changes Functions	""			(1169, 91)	(33, 35)
push-button	Line	""			(1210, 91)	(33, 35)
push-button	Basic Shapes	""			(1243, 91)	(44, 35)
toggle-button	Draw Functions	""			(1287, 91)	(33, 35)
text		Normal (Web)			(74, 130)	(166, 34)
push-button	Update	""			(276, 130)	(33, 35)
push-button	New	""			(309, 130)	(33, 35)
text		Calibri			(350, 130)	(185, 34)
text		12 pt			(579, 130)	(65, 34)
toggle-button	Bold	""			(688, 130)	(33, 35)
toggle-button	Italic	""			(721, 130)	(33, 35)
push-button	Underline	""			(754, 130)	(44, 35)
toggle-button	Strikethrough	""			(798, 130)	(33, 35)
toggle-button	Superscript	""			(839, 130)	(33, 35)
toggle-button	Subscript	""			(872, 130)	(33, 35)
push-button	Clear	""			(913, 130)	(33, 35)
push-button	Font Color	""			(954, 130)	(44, 35)
push-button	Character Highlighting Color	""			(998, 130)	(44, 35)
toggle-button	Left	""			(1050, 130)	(33, 35)
toggle-button	Center	""			(1083, 130)	(33, 35)
toggle-button	Right	""			(1116, 130)	(33, 35)
toggle-button	Justified	""			(1149, 130)	(33, 35)
push-button	Unordered List	""			(1190, 130)	(44, 35)
push-button	Ordered List	""			(1234, 130)	(44, 35)
push-button	No List	""			(1278, 130)	(33, 35)
push-button	Increase	""			(1319, 130)	(33, 35)
push-button	Decrease	""			(1352, 130)	(33, 35)
push-button	Line Spacing	""			(1393, 130)	(44, 35)
push-button	Increase	""			(1437, 130)	(33, 35)
push-button	Decrease	""			(1470, 130)	(33, 35)
label		Page 1 of 1			(105, 966)	(258, 18)
label		71 words, 428 characters			(369, 966)	(342, 18)
label		Default Page Style			(717, 966)	(306, 18)
label		English (USA)			(1029, 966)	(276, 18)
label		173%			(1876, 966)	(38, 18)
Generating content with GPT model: o4-mini
RESPONSE: I’ve applied the tab to the first four lines. Now I’ll click right after “Download and install Windows” on the fifth line and press Tab to push the rest to the right‐aligned stop:

```python
import pyautogui, time

# click right after "Download and install Windows" on the fifth paragraph
pyautogui.click(380, 696)
time.sleep(0.5)

# insert a tab to push the remainder to the right tab stop
pyautogui.press('tab')
```
LINEAR AT: tag	name	text	class	description	position (top-left x&y)	size (w&h)
label	Home	Home			(1833, 939)	(40, 17)
label	04 CHIN9505 EBook Purchasing info 2021 Jan.​docx	04 CHIN9505 EBook Purchasing info 2021 Jan.​docx			(1793, 819)	(120, 34)
menu	LibreOffice Writer	""			(99, 0)	(180, 27)
menu	System	""			(1814, 0)	(106, 27)
push-button	Chromium Web Browser	""			(0, 33)	(70, 64)
push-button	Thunderbird Mail	""			(0, 101)	(70, 64)
push-button	Visual Studio Code	""			(0, 169)	(70, 64)
push-button	VLC media player	""			(0, 237)	(70, 64)
push-button	LibreOffice Writer	""			(0, 305)	(70, 64)
push-button	LibreOffice Calc	""			(0, 373)	(70, 64)
push-button	LibreOffice Impress	""			(0, 441)	(70, 64)
push-button	GNU Image Manipulation Program	""			(0, 509)	(70, 64)
push-button	Files	""			(0, 577)	(70, 64)
push-button	Ubuntu Software	""			(0, 645)	(70, 64)
push-button	Help	""			(0, 713)	(70, 64)
push-button	Trash	""			(0, 784)	(70, 64)
toggle-button	Show Applications	""			(0, 915)	(70, 70)
menu	File	""			(70, 64)	(40, 25)
menu	Edit	""			(110, 64)	(43, 25)
menu	View	""			(153, 64)	(49, 25)
menu	Insert	""			(202, 64)	(55, 25)
menu	Format	""			(257, 64)	(66, 25)
menu	Styles	""			(323, 64)	(56, 25)
menu	Table	""			(379, 64)	(53, 25)
menu	Form	""			(432, 64)	(52, 25)
menu	Tools	""			(484, 64)	(52, 25)
menu	Window	""			(536, 64)	(70, 25)
menu	Help	""			(606, 64)	(47, 25)
menu	File	File			(70, 89)	(40, 21)
menu	Edit	Edit			(110, 89)	(43, 21)
menu	View	View			(153, 89)	(50, 21)
menu	Insert	Insert			(203, 89)	(56, 21)
menu	Format	Format			(259, 89)	(66, 21)
menu	Styles	Styles			(325, 89)	(56, 21)
menu	Table	Table			(381, 89)	(53, 21)
menu	Form	Form			(434, 89)	(52, 21)
menu	Tools	Tools			(486, 89)	(53, 21)
menu	Window	Window			(539, 89)	(73, 21)
menu	Help	Help			(612, 89)	(48, 21)
document-text	04 CHIN9505 EBook Purchasing info 2021 Jan - LibreOffice Document	""			(70, 271)	(1792, 693)
paragraph			Please find the E-book purchase option for your reference:  			(260, 470)	(1412, 33)
paragraph			How to use BLCUP eBook for PC 			(260, 503)	(1412, 64)
paragraph			Make payment for this eBook online. 			(260, 567)	(1412, 65)
paragraph			Enter User center (Your BLCUP ID. 			(260, 632)	(1412, 64)
paragraph			Download and install Windows eBook Reader (flipviewer) on your PC.			(260, 696)	(1412, 65)
paragraph		Enter User center (Your BLCUP ID.			(260, 761)	(1412, 65)
paragraph		Download eBook and input Subscription ID online to open the OPZ file.			(260, 826)	(1412, 64)
paragraph		Support Contact: service blcup.com			(260, 890)	(1412, 65)
paragraph		This product is protected by copyright. 			(260, 955)	(1412, 9)
scroll-bar	Vertical scroll bar	""			(1862, 247)	(12, 717)
toggle-button	Menu	""			(1874, 171)	(36, 34)
text		Help us make LibreOffice even better!			(111, 178)	(1611, 26)
push-button	Get involved	""			(1728, 170)	(117, 34)
text		Your donations support our worldwide community.			(111, 218)	(1645, 26)
push-button	Donate	""			(1762, 210)	(83, 34)
push-button	New	""			(74, 91)	(44, 35)
push-button	Open	""			(118, 91)	(44, 35)
push-button	Save	""			(162, 91)	(44, 35)
push-button	Export Directly as PDF	""			(214, 91)	(33, 35)
push-button	Print	""			(247, 91)	(33, 35)
toggle-button	Print Preview	""			(280, 91)	(33, 35)
push-button	Clone	""			(439, 91)	(33, 35)
push-button	Undo	""			(480, 91)	(44, 35)
toggle-button	Find and Replace	""			(576, 91)	(33, 35)
push-button	Spelling	""			(609, 91)	(33, 35)
toggle-button	Formatting Marks	""			(642, 91)	(33, 35)
push-button	Table	""			(683, 91)	(44, 35)
push-button	Image	""			(727, 91)	(33, 35)
push-button	Chart	""			(760, 91)	(33, 35)
push-button	Text Box	""			(793, 91)	(33, 35)
push-button	Page Break	""			(834, 91)	(33, 35)
push-button	Field	""			(867, 91)	(44, 35)
push-button	Symbol	""			(911, 91)	(44, 35)
toggle-button	Hyperlink	""			(963, 91)	(33, 35)
push-button	Footnote	""			(996, 91)	(33, 35)
push-button	Endnote	""			(1029, 91)	(33, 35)
push-button	Bookmark	""			(1062, 91)	(33, 35)
push-button	Cross-reference	""			(1095, 91)	(33, 35)
push-button	Comment	""			(1136, 91)	(33, 35)
toggle-button	Track Changes Functions	""			(1169, 91)	(33, 35)
push-button	Line	""			(1210, 91)	(33, 35)
push-button	Basic Shapes	""			(1243, 91)	(44, 35)
toggle-button	Draw Functions	""			(1287, 91)	(33, 35)
text		Normal (Web)			(74, 130)	(166, 34)
push-button	Update	""			(276, 130)	(33, 35)
push-button	New	""			(309, 130)	(33, 35)
text		Calibri			(350, 130)	(185, 34)
text		12 pt			(579, 130)	(65, 34)
toggle-button	Bold	""			(688, 130)	(33, 35)
toggle-button	Italic	""			(721, 130)	(33, 35)
push-button	Underline	""			(754, 130)	(44, 35)
toggle-button	Strikethrough	""			(798, 130)	(33, 35)
toggle-button	Superscript	""			(839, 130)	(33, 35)
toggle-button	Subscript	""			(872, 130)	(33, 35)
push-button	Clear	""			(913, 130)	(33, 35)
push-button	Font Color	""			(954, 130)	(44, 35)
push-button	Character Highlighting Color	""			(998, 130)	(44, 35)
toggle-button	Left	""			(1050, 130)	(33, 35)
toggle-button	Center	""			(1083, 130)	(33, 35)
toggle-button	Right	""			(1116, 130)	(33, 35)
toggle-button	Justified	""			(1149, 130)	(33, 35)
push-button	Unordered List	""			(1190, 130)	(44, 35)
push-button	Ordered List	""			(1234, 130)	(44, 35)
push-button	No List	""			(1278, 130)	(33, 35)
push-button	Increase	""			(1319, 130)	(33, 35)
push-button	Decrease	""			(1352, 130)	(33, 35)
push-button	Line Spacing	""			(1393, 130)	(44, 35)
push-button	Increase	""			(1437, 130)	(33, 35)
push-button	Decrease	""			(1470, 130)	(33, 35)
label		Page 1 of 1			(105, 966)	(258, 18)
label		71 words, 429 characters			(369, 966)	(342, 18)
label		Default Page Style			(717, 966)	(306, 18)
label		English (USA)			(1029, 966)	(276, 18)
label		173%			(1876, 966)	(38, 18)
Generating content with GPT model: o4-mini
RESPONSE: I’ve applied tabs to the first five lines. Now I’ll click after “Enter User center” on the sixth line and press Tab to align the rest to the right stop:

```python
import pyautogui, time

# click right after "Enter User center" on the sixth paragraph
pyautogui.click(380, 761)
time.sleep(0.5)

# insert a tab to push the remainder to the right tab stop
pyautogui.press('tab')
```
LINEAR AT: tag	name	text	class	description	position (top-left x&y)	size (w&h)
label	Home	Home			(1833, 939)	(40, 17)
label	04 CHIN9505 EBook Purchasing info 2021 Jan.​docx	04 CHIN9505 EBook Purchasing info 2021 Jan.​docx			(1793, 819)	(120, 34)
menu	LibreOffice Writer	""			(99, 0)	(180, 27)
menu	System	""			(1814, 0)	(106, 27)
push-button	Chromium Web Browser	""			(0, 33)	(70, 64)
push-button	Thunderbird Mail	""			(0, 101)	(70, 64)
push-button	Visual Studio Code	""			(0, 169)	(70, 64)
push-button	VLC media player	""			(0, 237)	(70, 64)
push-button	LibreOffice Writer	""			(0, 305)	(70, 64)
push-button	LibreOffice Calc	""			(0, 373)	(70, 64)
push-button	LibreOffice Impress	""			(0, 441)	(70, 64)
push-button	GNU Image Manipulation Program	""			(0, 509)	(70, 64)
push-button	Files	""			(0, 577)	(70, 64)
push-button	Ubuntu Software	""			(0, 645)	(70, 64)
push-button	Help	""			(0, 713)	(70, 64)
push-button	Trash	""			(0, 784)	(70, 64)
toggle-button	Show Applications	""			(0, 915)	(70, 70)
menu	File	""			(70, 64)	(40, 25)
menu	Edit	""			(110, 64)	(43, 25)
menu	View	""			(153, 64)	(49, 25)
menu	Insert	""			(202, 64)	(55, 25)
menu	Format	""			(257, 64)	(66, 25)
menu	Styles	""			(323, 64)	(56, 25)
menu	Table	""			(379, 64)	(53, 25)
menu	Form	""			(432, 64)	(52, 25)
menu	Tools	""			(484, 64)	(52, 25)
menu	Window	""			(536, 64)	(70, 25)
menu	Help	""			(606, 64)	(47, 25)
menu	File	File			(70, 89)	(40, 21)
menu	Edit	Edit			(110, 89)	(43, 21)
menu	View	View			(153, 89)	(50, 21)
menu	Insert	Insert			(203, 89)	(56, 21)
menu	Format	Format			(259, 89)	(66, 21)
menu	Styles	Styles			(325, 89)	(56, 21)
menu	Table	Table			(381, 89)	(53, 21)
menu	Form	Form			(434, 89)	(52, 21)
menu	Tools	Tools			(486, 89)	(53, 21)
menu	Window	Window			(539, 89)	(73, 21)
menu	Help	Help			(612, 89)	(48, 21)
document-text	04 CHIN9505 EBook Purchasing info 2021 Jan - LibreOffice Document	""			(70, 271)	(1792, 693)
paragraph			Please find the E-book purchase option for your reference:  			(260, 470)	(1412, 33)
paragraph			How to use BLCUP eBook for PC 			(260, 503)	(1412, 64)
paragraph			Make payment for this eBook online. 			(260, 567)	(1412, 65)
paragraph			Enter User center (Your BLCUP ID. 			(260, 632)	(1412, 64)
paragraph			Download and install Windows eBook Reader (flipviewer) on your PC.			(260, 696)	(1412, 65)
paragraph			Enter User center (Your BLCUP ID.			(260, 761)	(1412, 65)
paragraph		Download eBook and input Subscription ID online to open the OPZ file.			(260, 826)	(1412, 64)
paragraph		Support Contact: service blcup.com			(260, 890)	(1412, 65)
paragraph		This product is protected by copyright. 			(260, 955)	(1412, 9)
scroll-bar	Vertical scroll bar	""			(1862, 247)	(12, 717)
toggle-button	Menu	""			(1874, 171)	(36, 34)
text		Help us make LibreOffice even better!			(111, 178)	(1611, 26)
push-button	Get involved	""			(1728, 170)	(117, 34)
text		Your donations support our worldwide community.			(111, 218)	(1645, 26)
push-button	Donate	""			(1762, 210)	(83, 34)
push-button	New	""			(74, 91)	(44, 35)
push-button	Open	""			(118, 91)	(44, 35)
push-button	Save	""			(162, 91)	(44, 35)
push-button	Export Directly as PDF	""			(214, 91)	(33, 35)
push-button	Print	""			(247, 91)	(33, 35)
toggle-button	Print Preview	""			(280, 91)	(33, 35)
push-button	Clone	""			(439, 91)	(33, 35)
push-button	Undo	""			(480, 91)	(44, 35)
toggle-button	Find and Replace	""			(576, 91)	(33, 35)
push-button	Spelling	""			(609, 91)	(33, 35)
toggle-button	Formatting Marks	""			(642, 91)	(33, 35)
push-button	Table	""			(683, 91)	(44, 35)
push-button	Image	""			(727, 91)	(33, 35)
push-button	Chart	""			(760, 91)	(33, 35)
push-button	Text Box	""			(793, 91)	(33, 35)
push-button	Page Break	""			(834, 91)	(33, 35)
push-button	Field	""			(867, 91)	(44, 35)
push-button	Symbol	""			(911, 91)	(44, 35)
toggle-button	Hyperlink	""			(963, 91)	(33, 35)
push-button	Footnote	""			(996, 91)	(33, 35)
push-button	Endnote	""			(1029, 91)	(33, 35)
push-button	Bookmark	""			(1062, 91)	(33, 35)
push-button	Cross-reference	""			(1095, 91)	(33, 35)
push-button	Comment	""			(1136, 91)	(33, 35)
toggle-button	Track Changes Functions	""			(1169, 91)	(33, 35)
push-button	Line	""			(1210, 91)	(33, 35)
push-button	Basic Shapes	""			(1243, 91)	(44, 35)
toggle-button	Draw Functions	""			(1287, 91)	(33, 35)
text		Normal (Web)			(74, 130)	(166, 34)
push-button	Update	""			(276, 130)	(33, 35)
push-button	New	""			(309, 130)	(33, 35)
text		Calibri			(350, 130)	(185, 34)
text		12 pt			(579, 130)	(65, 34)
toggle-button	Bold	""			(688, 130)	(33, 35)
toggle-button	Italic	""			(721, 130)	(33, 35)
push-button	Underline	""			(754, 130)	(44, 35)
toggle-button	Strikethrough	""			(798, 130)	(33, 35)
toggle-button	Superscript	""			(839, 130)	(33, 35)
toggle-button	Subscript	""			(872, 130)	(33, 35)
push-button	Clear	""			(913, 130)	(33, 35)
push-button	Font Color	""			(954, 130)	(44, 35)
push-button	Character Highlighting Color	""			(998, 130)	(44, 35)
toggle-button	Left	""			(1050, 130)	(33, 35)
toggle-button	Center	""			(1083, 130)	(33, 35)
toggle-button	Right	""			(1116, 130)	(33, 35)
toggle-button	Justified	""			(1149, 130)	(33, 35)
push-button	Unordered List	""			(1190, 130)	(44, 35)
push-button	Ordered List	""			(1234, 130)	(44, 35)
push-button	No List	""			(1278, 130)	(33, 35)
push-button	Increase	""			(1319, 130)	(33, 35)
push-button	Decrease	""			(1352, 130)	(33, 35)
push-button	Line Spacing	""			(1393, 130)	(44, 35)
push-button	Increase	""			(1437, 130)	(33, 35)
push-button	Decrease	""			(1470, 130)	(33, 35)
label		Page 1 of 1			(105, 966)	(258, 18)
label		71 words, 430 characters			(369, 966)	(342, 18)
label		Default Page Style			(717, 966)	(306, 18)
label		English (USA)			(1029, 966)	(276, 18)
label		173%			(1876, 966)	(38, 18)
Generating content with GPT model: o4-mini
RESPONSE: Next, I’ll place the cursor immediately after the third word of the seventh paragraph (“Download eBook and”), then press Tab so that everything following those first three words right-aligns at the tab stop.
LINEAR AT: tag	name	text	class	description	position (top-left x&y)	size (w&h)
label	Home	Home			(1833, 939)	(40, 17)
label	04 CHIN9505 EBook Purchasing info 2021 Jan.​docx	04 CHIN9505 EBook Purchasing info 2021 Jan.​docx			(1793, 819)	(120, 34)
menu	LibreOffice Writer	""			(99, 0)	(180, 27)
menu	System	""			(1814, 0)	(106, 27)
push-button	Chromium Web Browser	""			(0, 33)	(70, 64)
push-button	Thunderbird Mail	""			(0, 101)	(70, 64)
push-button	Visual Studio Code	""			(0, 169)	(70, 64)
push-button	VLC media player	""			(0, 237)	(70, 64)
push-button	LibreOffice Writer	""			(0, 305)	(70, 64)
push-button	LibreOffice Calc	""			(0, 373)	(70, 64)
push-button	LibreOffice Impress	""			(0, 441)	(70, 64)
push-button	GNU Image Manipulation Program	""			(0, 509)	(70, 64)
push-button	Files	""			(0, 577)	(70, 64)
push-button	Ubuntu Software	""			(0, 645)	(70, 64)
push-button	Help	""			(0, 713)	(70, 64)
push-button	Trash	""			(0, 784)	(70, 64)
toggle-button	Show Applications	""			(0, 915)	(70, 70)
menu	File	""			(70, 64)	(40, 25)
menu	Edit	""			(110, 64)	(43, 25)
menu	View	""			(153, 64)	(49, 25)
menu	Insert	""			(202, 64)	(55, 25)
menu	Format	""			(257, 64)	(66, 25)
menu	Styles	""			(323, 64)	(56, 25)
menu	Table	""			(379, 64)	(53, 25)
menu	Form	""			(432, 64)	(52, 25)
menu	Tools	""			(484, 64)	(52, 25)
menu	Window	""			(536, 64)	(70, 25)
menu	Help	""			(606, 64)	(47, 25)
menu	File	File			(70, 89)	(40, 21)
menu	Edit	Edit			(110, 89)	(43, 21)
menu	View	View			(153, 89)	(50, 21)
menu	Insert	Insert			(203, 89)	(56, 21)
menu	Format	Format			(259, 89)	(66, 21)
menu	Styles	Styles			(325, 89)	(56, 21)
menu	Table	Table			(381, 89)	(53, 21)
menu	Form	Form			(434, 89)	(52, 21)
menu	Tools	Tools			(486, 89)	(53, 21)
menu	Window	Window			(539, 89)	(73, 21)
menu	Help	Help			(612, 89)	(48, 21)
document-text	04 CHIN9505 EBook Purchasing info 2021 Jan - LibreOffice Document	""			(70, 271)	(1792, 693)
paragraph			Please find the E-book purchase option for your reference:  			(260, 470)	(1412, 33)
paragraph			How to use BLCUP eBook for PC 			(260, 503)	(1412, 64)
paragraph			Make payment for this eBook online. 			(260, 567)	(1412, 65)
paragraph			Enter User center (Your BLCUP ID. 			(260, 632)	(1412, 64)
paragraph			Download and install Windows eBook Reader (flipviewer) on your PC.			(260, 696)	(1412, 65)
paragraph			Enter User center (Your BLCUP ID.			(260, 761)	(1412, 65)
paragraph		Download eBook and input Subscription ID online to open the OPZ file.			(260, 826)	(1412, 64)
paragraph		Support Contact: service blcup.com			(260, 890)	(1412, 65)
paragraph		This product is protected by copyright. 			(260, 955)	(1412, 9)
scroll-bar	Vertical scroll bar	""			(1862, 247)	(12, 717)
toggle-button	Menu	""			(1874, 171)	(36, 34)
text		Help us make LibreOffice even better!			(111, 178)	(1611, 26)
push-button	Get involved	""			(1728, 170)	(117, 34)
text		Your donations support our worldwide community.			(111, 218)	(1645, 26)
push-button	Donate	""			(1762, 210)	(83, 34)
push-button	New	""			(74, 91)	(44, 35)
push-button	Open	""			(118, 91)	(44, 35)
push-button	Save	""			(162, 91)	(44, 35)
push-button	Export Directly as PDF	""			(214, 91)	(33, 35)
push-button	Print	""			(247, 91)	(33, 35)
toggle-button	Print Preview	""			(280, 91)	(33, 35)
push-button	Clone	""			(439, 91)	(33, 35)
push-button	Undo	""			(480, 91)	(44, 35)
toggle-button	Find and Replace	""			(576, 91)	(33, 35)
push-button	Spelling	""			(609, 91)	(33, 35)
toggle-button	Formatting Marks	""			(642, 91)	(33, 35)
push-button	Table	""			(683, 91)	(44, 35)
push-button	Image	""			(727, 91)	(33, 35)
push-button	Chart	""			(760, 91)	(33, 35)
push-button	Text Box	""			(793, 91)	(33, 35)
push-button	Page Break	""			(834, 91)	(33, 35)
push-button	Field	""			(867, 91)	(44, 35)
push-button	Symbol	""			(911, 91)	(44, 35)
toggle-button	Hyperlink	""			(963, 91)	(33, 35)
push-button	Footnote	""			(996, 91)	(33, 35)
push-button	Endnote	""			(1029, 91)	(33, 35)
push-button	Bookmark	""			(1062, 91)	(33, 35)
push-button	Cross-reference	""			(1095, 91)	(33, 35)
push-button	Comment	""			(1136, 91)	(33, 35)
toggle-button	Track Changes Functions	""			(1169, 91)	(33, 35)
push-button	Line	""			(1210, 91)	(33, 35)
push-button	Basic Shapes	""			(1243, 91)	(44, 35)
toggle-button	Draw Functions	""			(1287, 91)	(33, 35)
text		Normal (Web)			(74, 130)	(166, 34)
push-button	Update	""			(276, 130)	(33, 35)
push-button	New	""			(309, 130)	(33, 35)
text		Calibri			(350, 130)	(185, 34)
text		12 pt			(579, 130)	(65, 34)
toggle-button	Bold	""			(688, 130)	(33, 35)
toggle-button	Italic	""			(721, 130)	(33, 35)
push-button	Underline	""			(754, 130)	(44, 35)
toggle-button	Strikethrough	""			(798, 130)	(33, 35)
toggle-button	Superscript	""			(839, 130)	(33, 35)
toggle-button	Subscript	""			(872, 130)	(33, 35)
push-button	Clear	""			(913, 130)	(33, 35)
push-button	Font Color	""			(954, 130)	(44, 35)
push-button	Character Highlighting Color	""			(998, 130)	(44, 35)
toggle-button	Left	""			(1050, 130)	(33, 35)
toggle-button	Center	""			(1083, 130)	(33, 35)
toggle-button	Right	""			(1116, 130)	(33, 35)
toggle-button	Justified	""			(1149, 130)	(33, 35)
push-button	Unordered List	""			(1190, 130)	(44, 35)
push-button	Ordered List	""			(1234, 130)	(44, 35)
push-button	No List	""			(1278, 130)	(33, 35)
push-button	Increase	""			(1319, 130)	(33, 35)
push-button	Decrease	""			(1352, 130)	(33, 35)
push-button	Line Spacing	""			(1393, 130)	(44, 35)
push-button	Increase	""			(1437, 130)	(33, 35)
push-button	Decrease	""			(1470, 130)	(33, 35)
label		Page 1 of 1			(105, 966)	(258, 18)
label		71 words, 430 characters			(369, 966)	(342, 18)
label		Default Page Style			(717, 966)	(306, 18)
label		English (USA)			(1029, 966)	(276, 18)
label		173%			(1876, 966)	(38, 18)
Generating content with GPT model: o4-mini
RESPONSE: Next, I’ll click right after the third word in the seventh paragraph (“Download eBook and”)—around (400, 826)—and then hit Tab so that “input Subscription ID online …” moves to the right tab stop.
LINEAR AT: tag	name	text	class	description	position (top-left x&y)	size (w&h)
label	Home	Home			(1833, 939)	(40, 17)
label	04 CHIN9505 EBook Purchasing info 2021 Jan.​docx	04 CHIN9505 EBook Purchasing info 2021 Jan.​docx			(1793, 819)	(120, 34)
menu	LibreOffice Writer	""			(99, 0)	(180, 27)
menu	System	""			(1814, 0)	(106, 27)
push-button	Chromium Web Browser	""			(0, 33)	(70, 64)
push-button	Thunderbird Mail	""			(0, 101)	(70, 64)
push-button	Visual Studio Code	""			(0, 169)	(70, 64)
push-button	VLC media player	""			(0, 237)	(70, 64)
push-button	LibreOffice Writer	""			(0, 305)	(70, 64)
push-button	LibreOffice Calc	""			(0, 373)	(70, 64)
push-button	LibreOffice Impress	""			(0, 441)	(70, 64)
push-button	GNU Image Manipulation Program	""			(0, 509)	(70, 64)
push-button	Files	""			(0, 577)	(70, 64)
push-button	Ubuntu Software	""			(0, 645)	(70, 64)
push-button	Help	""			(0, 713)	(70, 64)
push-button	Trash	""			(0, 784)	(70, 64)
toggle-button	Show Applications	""			(0, 915)	(70, 70)
menu	File	""			(70, 64)	(40, 25)
menu	Edit	""			(110, 64)	(43, 25)
menu	View	""			(153, 64)	(49, 25)
menu	Insert	""			(202, 64)	(55, 25)
menu	Format	""			(257, 64)	(66, 25)
menu	Styles	""			(323, 64)	(56, 25)
menu	Table	""			(379, 64)	(53, 25)
menu	Form	""			(432, 64)	(52, 25)
menu	Tools	""			(484, 64)	(52, 25)
menu	Window	""			(536, 64)	(70, 25)
menu	Help	""			(606, 64)	(47, 25)
menu	File	File			(70, 89)	(40, 21)
menu	Edit	Edit			(110, 89)	(43, 21)
menu	View	View			(153, 89)	(50, 21)
menu	Insert	Insert			(203, 89)	(56, 21)
menu	Format	Format			(259, 89)	(66, 21)
menu	Styles	Styles			(325, 89)	(56, 21)
menu	Table	Table			(381, 89)	(53, 21)
menu	Form	Form			(434, 89)	(52, 21)
menu	Tools	Tools			(486, 89)	(53, 21)
menu	Window	Window			(539, 89)	(73, 21)
menu	Help	Help			(612, 89)	(48, 21)
document-text	04 CHIN9505 EBook Purchasing info 2021 Jan - LibreOffice Document	""			(70, 271)	(1792, 693)
paragraph			Please find the E-book purchase option for your reference:  			(260, 470)	(1412, 33)
paragraph			How to use BLCUP eBook for PC 			(260, 503)	(1412, 64)
paragraph			Make payment for this eBook online. 			(260, 567)	(1412, 65)
paragraph			Enter User center (Your BLCUP ID. 			(260, 632)	(1412, 64)
paragraph			Download and install Windows eBook Reader (flipviewer) on your PC.			(260, 696)	(1412, 65)
paragraph			Enter User center (Your BLCUP ID.			(260, 761)	(1412, 65)
paragraph		Download eBook and input Subscription ID online to open the OPZ file.			(260, 826)	(1412, 64)
paragraph		Support Contact: service blcup.com			(260, 890)	(1412, 65)
paragraph		This product is protected by copyright. 			(260, 955)	(1412, 9)
scroll-bar	Vertical scroll bar	""			(1862, 247)	(12, 717)
toggle-button	Menu	""			(1874, 171)	(36, 34)
text		Help us make LibreOffice even better!			(111, 178)	(1611, 26)
push-button	Get involved	""			(1728, 170)	(117, 34)
text		Your donations support our worldwide community.			(111, 218)	(1645, 26)
push-button	Donate	""			(1762, 210)	(83, 34)
push-button	New	""			(74, 91)	(44, 35)
push-button	Open	""			(118, 91)	(44, 35)
push-button	Save	""			(162, 91)	(44, 35)
push-button	Export Directly as PDF	""			(214, 91)	(33, 35)
push-button	Print	""			(247, 91)	(33, 35)
toggle-button	Print Preview	""			(280, 91)	(33, 35)
push-button	Clone	""			(439, 91)	(33, 35)
push-button	Undo	""			(480, 91)	(44, 35)
toggle-button	Find and Replace	""			(576, 91)	(33, 35)
push-button	Spelling	""			(609, 91)	(33, 35)
toggle-button	Formatting Marks	""			(642, 91)	(33, 35)
push-button	Table	""			(683, 91)	(44, 35)
push-button	Image	""			(727, 91)	(33, 35)
push-button	Chart	""			(760, 91)	(33, 35)
push-button	Text Box	""			(793, 91)	(33, 35)
push-button	Page Break	""			(834, 91)	(33, 35)
push-button	Field	""			(867, 91)	(44, 35)
push-button	Symbol	""			(911, 91)	(44, 35)
toggle-button	Hyperlink	""			(963, 91)	(33, 35)
push-button	Footnote	""			(996, 91)	(33, 35)
push-button	Endnote	""			(1029, 91)	(33, 35)
push-button	Bookmark	""			(1062, 91)	(33, 35)
push-button	Cross-reference	""			(1095, 91)	(33, 35)
push-button	Comment	""			(1136, 91)	(33, 35)
toggle-button	Track Changes Functions	""			(1169, 91)	(33, 35)
push-button	Line	""			(1210, 91)	(33, 35)
push-button	Basic Shapes	""			(1243, 91)	(44, 35)
toggle-button	Draw Functions	""			(1287, 91)	(33, 35)
text		Normal (Web)			(74, 130)	(166, 34)
push-button	Update	""			(276, 130)	(33, 35)
push-button	New	""			(309, 130)	(33, 35)
text		Calibri			(350, 130)	(185, 34)
text		12 pt			(579, 130)	(65, 34)
toggle-button	Bold	""			(688, 130)	(33, 35)
toggle-button	Italic	""			(721, 130)	(33, 35)
push-button	Underline	""			(754, 130)	(44, 35)
toggle-button	Strikethrough	""			(798, 130)	(33, 35)
toggle-button	Superscript	""			(839, 130)	(33, 35)
toggle-button	Subscript	""			(872, 130)	(33, 35)
push-button	Clear	""			(913, 130)	(33, 35)
push-button	Font Color	""			(954, 130)	(44, 35)
push-button	Character Highlighting Color	""			(998, 130)	(44, 35)
toggle-button	Left	""			(1050, 130)	(33, 35)
toggle-button	Center	""			(1083, 130)	(33, 35)
toggle-button	Right	""			(1116, 130)	(33, 35)
toggle-button	Justified	""			(1149, 130)	(33, 35)
push-button	Unordered List	""			(1190, 130)	(44, 35)
push-button	Ordered List	""			(1234, 130)	(44, 35)
push-button	No List	""			(1278, 130)	(33, 35)
push-button	Increase	""			(1319, 130)	(33, 35)
push-button	Decrease	""			(1352, 130)	(33, 35)
push-button	Line Spacing	""			(1393, 130)	(44, 35)
push-button	Increase	""			(1437, 130)	(33, 35)
push-button	Decrease	""			(1470, 130)	(33, 35)
label		Page 1 of 1			(105, 966)	(258, 18)
label		71 words, 430 characters			(369, 966)	(342, 18)
label		Default Page Style			(717, 966)	(306, 18)
label		English (USA)			(1029, 966)	(276, 18)
label		173%			(1876, 966)	(38, 18)
Generating content with GPT model: o4-mini
RESPONSE: ```python
import pyautogui, time

# click right after "Download eBook and" in the 7th paragraph
pyautogui.click(390, 830)
time.sleep(0.5)

# press Tab to right-align the remainder of that line
pyautogui.press('tab')
```
LINEAR AT: tag	name	text	class	description	position (top-left x&y)	size (w&h)
label	Home	Home			(1833, 939)	(40, 17)
label	04 CHIN9505 EBook Purchasing info 2021 Jan.​docx	04 CHIN9505 EBook Purchasing info 2021 Jan.​docx			(1793, 819)	(120, 34)
menu	LibreOffice Writer	""			(99, 0)	(180, 27)
menu	System	""			(1814, 0)	(106, 27)
push-button	Chromium Web Browser	""			(0, 33)	(70, 64)
push-button	Thunderbird Mail	""			(0, 101)	(70, 64)
push-button	Visual Studio Code	""			(0, 169)	(70, 64)
push-button	VLC media player	""			(0, 237)	(70, 64)
push-button	LibreOffice Writer	""			(0, 305)	(70, 64)
push-button	LibreOffice Calc	""			(0, 373)	(70, 64)
push-button	LibreOffice Impress	""			(0, 441)	(70, 64)
push-button	GNU Image Manipulation Program	""			(0, 509)	(70, 64)
push-button	Files	""			(0, 577)	(70, 64)
push-button	Ubuntu Software	""			(0, 645)	(70, 64)
push-button	Help	""			(0, 713)	(70, 64)
push-button	Trash	""			(0, 784)	(70, 64)
toggle-button	Show Applications	""			(0, 915)	(70, 70)
menu	File	""			(70, 64)	(40, 25)
menu	Edit	""			(110, 64)	(43, 25)
menu	View	""			(153, 64)	(49, 25)
menu	Insert	""			(202, 64)	(55, 25)
menu	Format	""			(257, 64)	(66, 25)
menu	Styles	""			(323, 64)	(56, 25)
menu	Table	""			(379, 64)	(53, 25)
menu	Form	""			(432, 64)	(52, 25)
menu	Tools	""			(484, 64)	(52, 25)
menu	Window	""			(536, 64)	(70, 25)
menu	Help	""			(606, 64)	(47, 25)
menu	File	File			(70, 89)	(40, 21)
menu	Edit	Edit			(110, 89)	(43, 21)
menu	View	View			(153, 89)	(50, 21)
menu	Insert	Insert			(203, 89)	(56, 21)
menu	Format	Format			(259, 89)	(66, 21)
menu	Styles	Styles			(325, 89)	(56, 21)
menu	Table	Table			(381, 89)	(53, 21)
menu	Form	Form			(434, 89)	(52, 21)
menu	Tools	Tools			(486, 89)	(53, 21)
menu	Window	Window			(539, 89)	(73, 21)
menu	Help	Help			(612, 89)	(48, 21)
document-text	04 CHIN9505 EBook Purchasing info 2021 Jan - LibreOffice Document	""			(70, 271)	(1792, 693)
paragraph			Please find the E-book purchase option for your reference:  			(260, 470)	(1412, 33)
paragraph			How to use BLCUP eBook for PC 			(260, 503)	(1412, 64)
paragraph			Make payment for this eBook online. 			(260, 567)	(1412, 65)
paragraph			Enter User center (Your BLCUP ID. 			(260, 632)	(1412, 64)
paragraph			Download and install Windows eBook Reader (flipviewer) on your PC.			(260, 696)	(1412, 65)
paragraph			Enter User center (Your BLCUP ID.			(260, 761)	(1412, 65)
paragraph			Download eBook and input Subscription ID online to open the OPZ file.			(260, 826)	(1412, 64)
paragraph		Support Contact: service blcup.com			(260, 890)	(1412, 65)
paragraph		This product is protected by copyright. 			(260, 955)	(1412, 9)
scroll-bar	Vertical scroll bar	""			(1862, 247)	(12, 717)
toggle-button	Menu	""			(1874, 171)	(36, 34)
text		Help us make LibreOffice even better!			(111, 178)	(1611, 26)
push-button	Get involved	""			(1728, 170)	(117, 34)
text		Your donations support our worldwide community.			(111, 218)	(1645, 26)
push-button	Donate	""			(1762, 210)	(83, 34)
push-button	New	""			(74, 91)	(44, 35)
push-button	Open	""			(118, 91)	(44, 35)
push-button	Save	""			(162, 91)	(44, 35)
push-button	Export Directly as PDF	""			(214, 91)	(33, 35)
push-button	Print	""			(247, 91)	(33, 35)
toggle-button	Print Preview	""			(280, 91)	(33, 35)
push-button	Clone	""			(439, 91)	(33, 35)
push-button	Undo	""			(480, 91)	(44, 35)
toggle-button	Find and Replace	""			(576, 91)	(33, 35)
push-button	Spelling	""			(609, 91)	(33, 35)
toggle-button	Formatting Marks	""			(642, 91)	(33, 35)
push-button	Table	""			(683, 91)	(44, 35)
push-button	Image	""			(727, 91)	(33, 35)
push-button	Chart	""			(760, 91)	(33, 35)
push-button	Text Box	""			(793, 91)	(33, 35)
push-button	Page Break	""			(834, 91)	(33, 35)
push-button	Field	""			(867, 91)	(44, 35)
push-button	Symbol	""			(911, 91)	(44, 35)
toggle-button	Hyperlink	""			(963, 91)	(33, 35)
push-button	Footnote	""			(996, 91)	(33, 35)
push-button	Endnote	""			(1029, 91)	(33, 35)
push-button	Bookmark	""			(1062, 91)	(33, 35)
push-button	Cross-reference	""			(1095, 91)	(33, 35)
push-button	Comment	""			(1136, 91)	(33, 35)
toggle-button	Track Changes Functions	""			(1169, 91)	(33, 35)
push-button	Line	""			(1210, 91)	(33, 35)
push-button	Basic Shapes	""			(1243, 91)	(44, 35)
toggle-button	Draw Functions	""			(1287, 91)	(33, 35)
text		Normal (Web)			(74, 130)	(166, 34)
push-button	Update	""			(276, 130)	(33, 35)
push-button	New	""			(309, 130)	(33, 35)
text		Calibri			(350, 130)	(185, 34)
text		12 pt			(579, 130)	(65, 34)
toggle-button	Bold	""			(688, 130)	(33, 35)
toggle-button	Italic	""			(721, 130)	(33, 35)
push-button	Underline	""			(754, 130)	(44, 35)
toggle-button	Strikethrough	""			(798, 130)	(33, 35)
toggle-button	Superscript	""			(839, 130)	(33, 35)
toggle-button	Subscript	""			(872, 130)	(33, 35)
push-button	Clear	""			(913, 130)	(33, 35)
push-button	Font Color	""			(954, 130)	(44, 35)
push-button	Character Highlighting Color	""			(998, 130)	(44, 35)
toggle-button	Left	""			(1050, 130)	(33, 35)
toggle-button	Center	""			(1083, 130)	(33, 35)
toggle-button	Right	""			(1116, 130)	(33, 35)
toggle-button	Justified	""			(1149, 130)	(33, 35)
push-button	Unordered List	""			(1190, 130)	(44, 35)
push-button	Ordered List	""			(1234, 130)	(44, 35)
push-button	No List	""			(1278, 130)	(33, 35)
push-button	Increase	""			(1319, 130)	(33, 35)
push-button	Decrease	""			(1352, 130)	(33, 35)
push-button	Line Spacing	""			(1393, 130)	(44, 35)
push-button	Increase	""			(1437, 130)	(33, 35)
push-button	Decrease	""			(1470, 130)	(33, 35)
label		Page 1 of 1			(105, 966)	(258, 18)
label		71 words, 431 characters			(369, 966)	(342, 18)
label		Default Page Style			(717, 966)	(306, 18)
label		English (USA)			(1029, 966)	(276, 18)
label		173%			(1876, 966)	(38, 18)
Generating content with GPT model: o4-mini
RESPONSE: ```python
import pyautogui, time

# 1) Switch the tab-selector on the horizontal ruler to “Right-align”
#    (click the little tab icon three times to cycle from Left→Center→Right)
pyautogui.click(255, 189)  
time.sleep(0.2)
pyautogui.click(255, 189)
time.sleep(0.2)
pyautogui.click(255, 189)
time.sleep(0.5)

# 2) Click on the ruler near the right margin to insert a right-aligned tab stop
pyautogui.click(1500, 189)
time.sleep(0.5)
```
