LINEAR AT: tag	name	text	class	description	position (top-left x&y)	size (w&h)
label	Home	Home			(1833, 1037)	(40, 17)
menu	System	""			(1814, 0)	(106, 27)
label	Please download waiting software updates.	""			(810, 73)	(291, 17)
push-button	Chromium Web Browser	""			(0, 33)	(70, 64)
push-button	Thunderbird Mail	""			(0, 101)	(70, 64)
push-button	Visual Studio Code	""			(0, 169)	(70, 64)
push-button	VLC media player	""			(0, 237)	(70, 64)
push-button	LibreOffice Writer	""			(0, 305)	(70, 64)
push-button	LibreOffice Calc	""			(0, 373)	(70, 64)
push-button	LibreOffice Impress	""			(0, 441)	(70, 64)
push-button	GNU Image Manipulation Program	""			(0, 509)	(70, 64)
push-button	Files	""			(0, 577)	(70, 64)
push-button	Ubuntu Software	""			(0, 645)	(70, 64)
push-button	Help	""			(0, 713)	(70, 64)
push-button	Trash	""			(0, 784)	(70, 64)
toggle-button	Show Applications	""			(0, 1010)	(70, 70)
Generating content with GPT model: o4-mini
RESPONSE: The desktop is showing only the wallpaper and the launcher dock; Thunderbird isn’t open yet. To attach the AWS bill you first need to launch the mail client. The next step is to click on the Thunderbird Mail icon in the dock.

```python
import pyautogui, time

# Click the Thunderbird Mail icon (centered at approx. x=35, y=133)
pyautogui.click(35, 133)
time.sleep(1)
```
LINEAR AT: tag	name	text	class	description	position (top-left x&y)	size (w&h)
label	Home	Home			(1833, 1037)	(40, 17)
menu	Thunderbird Mail	""			(99, 0)	(173, 27)
menu	System	""			(1814, 0)	(106, 27)
push-button	Chromium Web Browser	""			(0, 33)	(70, 64)
push-button	Thunderbird Mail	""			(0, 101)	(70, 64)
push-button	Visual Studio Code	""			(0, 169)	(70, 64)
push-button	VLC media player	""			(0, 237)	(70, 64)
push-button	LibreOffice Writer	""			(0, 305)	(70, 64)
push-button	LibreOffice Calc	""			(0, 373)	(70, 64)
push-button	LibreOffice Impress	""			(0, 441)	(70, 64)
push-button	GNU Image Manipulation Program	""			(0, 509)	(70, 64)
push-button	Files	""			(0, 577)	(70, 64)
push-button	Ubuntu Software	""			(0, 645)	(70, 64)
push-button	Help	""			(0, 713)	(70, 64)
push-button	Trash	""			(0, 784)	(70, 64)
toggle-button	Show Applications	""			(0, 1010)	(70, 70)
Generating content with GPT model: o4-mini
RESPONSE: Short reflection: Thunderbird is now open (the top bar shows “Thunderbird Mail”), so the next step is to open a new message window so we can attach the PDF.

```python
import pyautogui, time

# Give Thunderbird a moment to finish opening
time.sleep(1)
# Open a new compose window
pyautogui.hotkey('ctrl', 'n')
time.sleep(0.5)
```
LINEAR AT: tag	name	text	class	description	position (top-left x&y)	size (w&h)
label	Home	Home			(1833, 1037)	(40, 17)
push-button	AppMenu	""			(1779, 33)	(35, 30)
push-button	Minimize	""			(1818, 34)	(31, 28)
push-button	Restore Down	""			(1849, 34)	(34, 28)
push-button	Close	""			(1883, 34)	(31, 28)
section	Account Setup	Account Setup			(324, 73)	(250, 33)
push-button	Close Tab	""			(547, 80)	(20, 20)
document-web	Welcome to Freedom – Thunderbird	""			(1128, 106)	(792, 950)
link	ESR Channel	ESR Channel			(1144, 138)	(73, 19)
link	Donate	Donate 			(1799, 126)	(105, 42)
heading	Welcome to Freedom	Welcome to Freedom			(1315, 274)	(418, 40)
paragraph		Thunderbird is a gift from thousands of people like you. We hope you'll enjoy the productivity, privacy, and freedom they make possible and we invite you to become part of that gift to others.			(1204, 330)	(640, 86)
link	Participate	Participate			(1304, 464)	(151, 47)
link	Donate	Donate			(1471, 464)	(123, 47)
link	Get Help	Get Help			(1610, 464)	(134, 47)
heading	Free and Open Source	Free and Open Source			(1177, 632)	(315, 26)
paragraph		Thunderbird is now yours forever.			(1177, 662)	(315, 31)
paragraph		Thunderbird is developed openly and distributed freely. Our software license protects your right to use, modify, and share Thunderbird. Our mission is to protect your privacy and freedom.			(1177, 709)	(315, 128)
heading	Powered by Community	Powered by Community			(1556, 632)	(315, 26)
paragraph		You can become part of our story.			(1556, 662)	(315, 31)
paragraph		Anyone can contribute to Thunderbird. By donating, translating, answering questions, suggesting features, reporting bugs, and more, you make Thunderbird better for yourself and the world.			(1556, 709)	(315, 128)
section		Want new features sooner? Learn about . 			(1326, 910)	(396, 21)
link	Thunderbird Release	Thunderbird Release			(1584, 911)	(134, 18)
document-web	Account Setup	""			(70, 106)	(1850, 950)
heading	Set Up Your Existing Email Address	Set Up Your Existing Email Address			(129, 150)	(1732, 42)
paragraph		To use your current email address fill in your credentials.			(133, 200)	(1724, 23)
paragraph		Thunderbird will automatically search for a working and recommended server configuration.			(133, 223)	(1724, 24)
label	Your full name	Your full name			(129, 307)	(425, 14)
entry	Your full name	""			(129, 326)	(425, 34)
image	Your name, as shown to others	""			(528, 335)	(16, 16)
label	Email address	Email address			(129, 383)	(425, 15)
entry	Email address	""			(129, 403)	(425, 34)
image	Your existing email address	""			(528, 412)	(16, 16)
push-button	Get a new email address	Get a new email address			(378, 442)	(176, 17)
label	Password	Password			(129, 461)	(425, 14)
label	Remember password	""			(129, 522)	(161, 20)
check-box	Remember password	""			(129, 524)	(16, 16)
section		Remember password			(151, 525)	(139, 15)
push-button	Cancel	Cancel			(344, 573)	(102, 36)
paragraph		Your credentials will only be stored locally on your computer.			(133, 634)	(417, 22)
image	Initial setup	""			(778, 307)	(300, 300)
push-button	You are currently online.	""			(74, 1057)	(20, 23)
label	Done	Done			(104, 1060)	(1811, 17)
menu	Thunderbird Mail	""			(99, 0)	(173, 27)
menu	System	""			(1814, 0)	(106, 27)
push-button	Chromium Web Browser	""			(0, 33)	(70, 64)
push-button	Thunderbird Mail	""			(0, 101)	(70, 64)
push-button	Visual Studio Code	""			(0, 169)	(70, 64)
push-button	VLC media player	""			(0, 237)	(70, 64)
push-button	LibreOffice Writer	""			(0, 305)	(70, 64)
push-button	LibreOffice Calc	""			(0, 373)	(70, 64)
push-button	LibreOffice Impress	""			(0, 441)	(70, 64)
push-button	GNU Image Manipulation Program	""			(0, 509)	(70, 64)
push-button	Files	""			(0, 577)	(70, 64)
push-button	Ubuntu Software	""			(0, 645)	(70, 64)
push-button	Help	""			(0, 713)	(70, 64)
push-button	Trash	""			(0, 784)	(70, 64)
toggle-button	Show Applications	""			(0, 1010)	(70, 70)
Generating content with GPT model: o4-mini
RESPONSE: The Account Setup tab popped up instead of composing a message. We need to close this tab before composing.

```python
import pyautogui, time

# Give the UI a moment
time.sleep(0.5)
# Click the "Close Tab" button for the Account Setup tab (approx. center at 557, 90)
pyautogui.click(557, 90)
time.sleep(0.5)
```
