LINEAR AT: tag	name	text	class	description	position (top-left x&y)	size (w&h)
label	Home	Home			(1833, 939)	(40, 17)
label	04 CHIN9505 EBook Purchasing info 2021 Jan.​docx	04 CHIN9505 EBook Purchasing info 2021 Jan.​docx			(1793, 819)	(120, 34)
menu	LibreOffice Writer	""			(99, 0)	(180, 27)
menu	System	""			(1814, 0)	(106, 27)
label	Please download waiting software updates.	""			(810, 73)	(291, 17)
push-button	Chromium Web Browser	""			(0, 33)	(70, 64)
push-button	Thunderbird Mail	""			(0, 101)	(70, 64)
push-button	Visual Studio Code	""			(0, 169)	(70, 64)
push-button	VLC media player	""			(0, 237)	(70, 64)
push-button	LibreOffice Writer	""			(0, 305)	(70, 64)
push-button	LibreOffice Calc	""			(0, 373)	(70, 64)
push-button	LibreOffice Impress	""			(0, 441)	(70, 64)
push-button	GNU Image Manipulation Program	""			(0, 509)	(70, 64)
push-button	Files	""			(0, 577)	(70, 64)
push-button	Ubuntu Software	""			(0, 645)	(70, 64)
push-button	Help	""			(0, 713)	(70, 64)
push-button	Trash	""			(0, 784)	(70, 64)
toggle-button	Show Applications	""			(0, 915)	(70, 70)
menu	File	""			(70, 64)	(40, 25)
menu	Edit	""			(110, 64)	(43, 25)
menu	View	""			(153, 64)	(49, 25)
menu	Insert	""			(202, 64)	(55, 25)
menu	Format	""			(257, 64)	(66, 25)
menu	Styles	""			(323, 64)	(56, 25)
menu	Table	""			(379, 64)	(53, 25)
menu	Form	""			(432, 64)	(52, 25)
menu	Tools	""			(484, 64)	(52, 25)
menu	Window	""			(536, 64)	(70, 25)
menu	Help	""			(606, 64)	(47, 25)
menu	File	File			(70, 64)	(40, 21)
menu	Edit	Edit			(110, 64)	(43, 21)
menu	View	View			(153, 64)	(50, 21)
menu	Insert	Insert			(203, 64)	(56, 21)
menu	Format	Format			(259, 64)	(66, 21)
menu	Styles	Styles			(325, 64)	(56, 21)
menu	Table	Table			(381, 64)	(53, 21)
menu	Form	Form			(434, 64)	(52, 21)
menu	Tools	Tools			(486, 64)	(53, 21)
menu	Window	Window			(539, 64)	(73, 21)
menu	Help	Help			(612, 64)	(48, 21)
document-text	04 CHIN9505 EBook Purchasing info 2021 Jan - LibreOffice Document	""			(70, 246)	(1792, 693)
paragraph		Please find the E-book purchase option for your reference:  			(260, 445)	(1412, 33)
paragraph		How to use BLCUP eBook for PC 			(260, 478)	(1412, 64)
paragraph		Make payment for this eBook online. 			(260, 542)	(1412, 65)
paragraph		Enter User center (Your BLCUP ID. 			(260, 607)	(1412, 64)
paragraph		Download and install Windows eBook Reader (flipviewer) on your PC.			(260, 671)	(1412, 65)
paragraph		Enter User center (Your BLCUP ID.			(260, 736)	(1412, 65)
paragraph		Download eBook and input Subscription ID online to open the OPZ file.			(260, 801)	(1412, 64)
paragraph		Support Contact: service blcup.com			(260, 865)	(1412, 65)
paragraph		This product is protected by copyright. 			(260, 930)	(1412, 9)
scroll-bar	Vertical scroll bar	""			(1862, 222)	(12, 717)
toggle-button	Menu	""			(1874, 171)	(36, 34)
text		Help us make LibreOffice even better!			(111, 178)	(1611, 26)
push-button	Get involved	""			(1728, 170)	(117, 34)
text		Your donations support our worldwide community.			(111, 218)	(1645, 26)
push-button	Donate	""			(1762, 210)	(83, 34)
push-button	New	""			(74, 66)	(44, 35)
push-button	Open	""			(118, 66)	(44, 35)
push-button	Save	""			(162, 66)	(44, 35)
push-button	Export Directly as PDF	""			(214, 66)	(33, 35)
push-button	Print	""			(247, 66)	(33, 35)
toggle-button	Print Preview	""			(280, 66)	(33, 35)
push-button	Clone	""			(439, 66)	(33, 35)
toggle-button	Find and Replace	""			(576, 66)	(33, 35)
push-button	Spelling	""			(609, 66)	(33, 35)
toggle-button	Formatting Marks	""			(642, 66)	(33, 35)
push-button	Table	""			(683, 66)	(44, 35)
push-button	Image	""			(727, 66)	(33, 35)
push-button	Chart	""			(760, 66)	(33, 35)
push-button	Text Box	""			(793, 66)	(33, 35)
push-button	Page Break	""			(834, 66)	(33, 35)
push-button	Field	""			(867, 66)	(44, 35)
push-button	Symbol	""			(911, 66)	(44, 35)
toggle-button	Hyperlink	""			(963, 66)	(33, 35)
push-button	Footnote	""			(996, 66)	(33, 35)
push-button	Endnote	""			(1029, 66)	(33, 35)
push-button	Bookmark	""			(1062, 66)	(33, 35)
push-button	Cross-reference	""			(1095, 66)	(33, 35)
push-button	Comment	""			(1136, 66)	(33, 35)
toggle-button	Track Changes Functions	""			(1169, 66)	(33, 35)
push-button	Line	""			(1210, 66)	(33, 35)
push-button	Basic Shapes	""			(1243, 66)	(44, 35)
toggle-button	Draw Functions	""			(1287, 66)	(33, 35)
text		Normal (Web)			(74, 130)	(166, 34)
push-button	Update	""			(276, 105)	(33, 35)
push-button	New	""			(309, 105)	(33, 35)
text		Calibri			(350, 130)	(185, 34)
text		12 pt			(579, 130)	(65, 34)
toggle-button	Bold	""			(688, 105)	(33, 35)
toggle-button	Italic	""			(721, 105)	(33, 35)
push-button	Underline	""			(754, 105)	(44, 35)
toggle-button	Strikethrough	""			(798, 105)	(33, 35)
toggle-button	Superscript	""			(839, 105)	(33, 35)
toggle-button	Subscript	""			(872, 105)	(33, 35)
push-button	Clear	""			(913, 105)	(33, 35)
push-button	Font Color	""			(954, 105)	(44, 35)
push-button	Character Highlighting Color	""			(998, 105)	(44, 35)
toggle-button	Left	""			(1050, 105)	(33, 35)
toggle-button	Center	""			(1083, 105)	(33, 35)
toggle-button	Right	""			(1116, 105)	(33, 35)
toggle-button	Justified	""			(1149, 105)	(33, 35)
push-button	Unordered List	""			(1190, 105)	(44, 35)
push-button	Ordered List	""			(1234, 105)	(44, 35)
push-button	No List	""			(1278, 105)	(33, 35)
push-button	Increase	""			(1319, 105)	(33, 35)
push-button	Decrease	""			(1352, 105)	(33, 35)
push-button	Line Spacing	""			(1393, 105)	(44, 35)
push-button	Increase	""			(1437, 105)	(33, 35)
push-button	Decrease	""			(1470, 105)	(33, 35)
label		Page 1 of 1			(105, 941)	(258, 18)
label		71 words, 424 characters			(369, 941)	(342, 18)
label		Default Page Style			(717, 941)	(306, 18)
label		English (USA)			(1029, 941)	(276, 18)
label		173%			(1876, 941)	(38, 18)
Generating content with GPT model: o4-mini
RESPONSE: Here’s the next step: add a right‐aligned tab stop on the ruler at the right margin so that when you insert a tab it will push the text to the right edge. For example, clicking three times on the ruler at about (1490, 227) will cycle to a right-aligned tab stop:

```python
import pyautogui, time

# click on the ruler at the right margin three times (cycles to right‐aligned tab stop)
for _ in range(3):
    pyautogui.click(1490, 227)
    time.sleep(0.3)
```
LINEAR AT: tag	name	text	class	description	position (top-left x&y)	size (w&h)
label	Home	Home			(1833, 939)	(40, 17)
label	04 CHIN9505 EBook Purchasing info 2021 Jan.​docx	04 CHIN9505 EBook Purchasing info 2021 Jan.​docx			(1793, 819)	(120, 34)
menu	LibreOffice Writer	""			(99, 0)	(180, 27)
menu	System	""			(1814, 0)	(106, 27)
label	Please download waiting software updates.	""			(810, 73)	(291, 17)
push-button	Chromium Web Browser	""			(0, 33)	(70, 64)
push-button	Thunderbird Mail	""			(0, 101)	(70, 64)
push-button	Visual Studio Code	""			(0, 169)	(70, 64)
push-button	VLC media player	""			(0, 237)	(70, 64)
push-button	LibreOffice Writer	""			(0, 305)	(70, 64)
push-button	LibreOffice Calc	""			(0, 373)	(70, 64)
push-button	LibreOffice Impress	""			(0, 441)	(70, 64)
push-button	GNU Image Manipulation Program	""			(0, 509)	(70, 64)
push-button	Files	""			(0, 577)	(70, 64)
push-button	Ubuntu Software	""			(0, 645)	(70, 64)
push-button	Help	""			(0, 713)	(70, 64)
push-button	Trash	""			(0, 784)	(70, 64)
toggle-button	Show Applications	""			(0, 915)	(70, 70)
menu	File	""			(70, 64)	(40, 25)
menu	Edit	""			(110, 64)	(43, 25)
menu	View	""			(153, 64)	(49, 25)
menu	Insert	""			(202, 64)	(55, 25)
menu	Format	""			(257, 64)	(66, 25)
menu	Styles	""			(323, 64)	(56, 25)
menu	Table	""			(379, 64)	(53, 25)
menu	Form	""			(432, 64)	(52, 25)
menu	Tools	""			(484, 64)	(52, 25)
menu	Window	""			(536, 64)	(70, 25)
menu	Help	""			(606, 64)	(47, 25)
menu	File	File			(70, 89)	(40, 21)
menu	Edit	Edit			(110, 89)	(43, 21)
menu	View	View			(153, 89)	(50, 21)
menu	Insert	Insert			(203, 89)	(56, 21)
menu	Format	Format			(259, 89)	(66, 21)
menu	Styles	Styles			(325, 89)	(56, 21)
menu	Table	Table			(381, 89)	(53, 21)
menu	Form	Form			(434, 89)	(52, 21)
menu	Tools	Tools			(486, 89)	(53, 21)
menu	Window	Window			(539, 89)	(73, 21)
menu	Help	Help			(612, 89)	(48, 21)
document-text	04 CHIN9505 EBook Purchasing info 2021 Jan - LibreOffice Document	""			(70, 271)	(1792, 693)
paragraph		Please find the E-book purchase option for your reference:  			(260, 470)	(1412, 33)
paragraph		How to use BLCUP eBook for PC 			(260, 503)	(1412, 64)
paragraph		Make payment for this eBook online. 			(260, 567)	(1412, 65)
paragraph		Enter User center (Your BLCUP ID. 			(260, 632)	(1412, 64)
paragraph		Download and install Windows eBook Reader (flipviewer) on your PC.			(260, 696)	(1412, 65)
paragraph		Enter User center (Your BLCUP ID.			(260, 761)	(1412, 65)
paragraph		Download eBook and input Subscription ID online to open the OPZ file.			(260, 826)	(1412, 64)
paragraph		Support Contact: service blcup.com			(260, 890)	(1412, 65)
paragraph		This product is protected by copyright. 			(260, 955)	(1412, 9)
scroll-bar	Vertical scroll bar	""			(1862, 247)	(12, 717)
toggle-button	Menu	""			(1874, 171)	(36, 34)
text		Help us make LibreOffice even better!			(111, 178)	(1611, 26)
push-button	Get involved	""			(1728, 170)	(117, 34)
text		Your donations support our worldwide community.			(111, 218)	(1645, 26)
push-button	Donate	""			(1762, 210)	(83, 34)
push-button	New	""			(74, 91)	(44, 35)
push-button	Open	""			(118, 91)	(44, 35)
push-button	Save	""			(162, 91)	(44, 35)
push-button	Export Directly as PDF	""			(214, 91)	(33, 35)
push-button	Print	""			(247, 91)	(33, 35)
toggle-button	Print Preview	""			(280, 91)	(33, 35)
push-button	Clone	""			(439, 91)	(33, 35)
toggle-button	Find and Replace	""			(576, 91)	(33, 35)
push-button	Spelling	""			(609, 91)	(33, 35)
toggle-button	Formatting Marks	""			(642, 91)	(33, 35)
push-button	Table	""			(683, 91)	(44, 35)
push-button	Image	""			(727, 91)	(33, 35)
push-button	Chart	""			(760, 91)	(33, 35)
push-button	Text Box	""			(793, 91)	(33, 35)
push-button	Page Break	""			(834, 91)	(33, 35)
push-button	Field	""			(867, 91)	(44, 35)
push-button	Symbol	""			(911, 91)	(44, 35)
toggle-button	Hyperlink	""			(963, 91)	(33, 35)
push-button	Footnote	""			(996, 91)	(33, 35)
push-button	Endnote	""			(1029, 91)	(33, 35)
push-button	Bookmark	""			(1062, 91)	(33, 35)
push-button	Cross-reference	""			(1095, 91)	(33, 35)
push-button	Comment	""			(1136, 91)	(33, 35)
toggle-button	Track Changes Functions	""			(1169, 91)	(33, 35)
push-button	Line	""			(1210, 91)	(33, 35)
push-button	Basic Shapes	""			(1243, 91)	(44, 35)
toggle-button	Draw Functions	""			(1287, 91)	(33, 35)
text		Normal (Web)			(74, 130)	(166, 34)
push-button	Update	""			(276, 130)	(33, 35)
push-button	New	""			(309, 130)	(33, 35)
text		Calibri			(350, 130)	(185, 34)
text		12 pt			(579, 130)	(65, 34)
toggle-button	Bold	""			(688, 130)	(33, 35)
toggle-button	Italic	""			(721, 130)	(33, 35)
push-button	Underline	""			(754, 130)	(44, 35)
toggle-button	Strikethrough	""			(798, 130)	(33, 35)
toggle-button	Superscript	""			(839, 130)	(33, 35)
toggle-button	Subscript	""			(872, 130)	(33, 35)
push-button	Clear	""			(913, 130)	(33, 35)
push-button	Font Color	""			(954, 130)	(44, 35)
push-button	Character Highlighting Color	""			(998, 130)	(44, 35)
toggle-button	Left	""			(1050, 130)	(33, 35)
toggle-button	Center	""			(1083, 130)	(33, 35)
toggle-button	Right	""			(1116, 130)	(33, 35)
toggle-button	Justified	""			(1149, 130)	(33, 35)
push-button	Unordered List	""			(1190, 130)	(44, 35)
push-button	Ordered List	""			(1234, 130)	(44, 35)
push-button	No List	""			(1278, 130)	(33, 35)
push-button	Increase	""			(1319, 130)	(33, 35)
push-button	Decrease	""			(1352, 130)	(33, 35)
push-button	Line Spacing	""			(1393, 130)	(44, 35)
push-button	Increase	""			(1437, 130)	(33, 35)
push-button	Decrease	""			(1470, 130)	(33, 35)
label		Page 1 of 1			(105, 966)	(258, 18)
label		71 words, 424 characters			(369, 966)	(342, 18)
label		Default Page Style			(717, 966)	(306, 18)
label		English (USA)			(1029, 966)	(276, 18)
label		173%			(1876, 966)	(38, 18)
Generating content with GPT model: o4-mini
RESPONSE: Here we insert a real tab between the 3rd and 4th word of the first paragraph—click just after “the” and press Tab:

```python
import pyautogui, time

# click just after the 3rd word ("the") in the first paragraph
pyautogui.click(430, 480)
time.sleep(0.5)
# insert tab to push the rest right
pyautogui.press('tab')
```
LINEAR AT: tag	name	text	class	description	position (top-left x&y)	size (w&h)
label	Home	Home			(1833, 939)	(40, 17)
label	04 CHIN9505 EBook Purchasing info 2021 Jan.​docx	04 CHIN9505 EBook Purchasing info 2021 Jan.​docx			(1793, 819)	(120, 34)
menu	LibreOffice Writer	""			(99, 0)	(180, 27)
menu	System	""			(1814, 0)	(106, 27)
push-button	Chromium Web Browser	""			(0, 33)	(70, 64)
push-button	Thunderbird Mail	""			(0, 101)	(70, 64)
push-button	Visual Studio Code	""			(0, 169)	(70, 64)
push-button	VLC media player	""			(0, 237)	(70, 64)
push-button	LibreOffice Writer	""			(0, 305)	(70, 64)
push-button	LibreOffice Calc	""			(0, 373)	(70, 64)
push-button	LibreOffice Impress	""			(0, 441)	(70, 64)
push-button	GNU Image Manipulation Program	""			(0, 509)	(70, 64)
push-button	Files	""			(0, 577)	(70, 64)
push-button	Ubuntu Software	""			(0, 645)	(70, 64)
push-button	Help	""			(0, 713)	(70, 64)
push-button	Trash	""			(0, 784)	(70, 64)
toggle-button	Show Applications	""			(0, 915)	(70, 70)
menu	File	""			(70, 64)	(40, 25)
menu	Edit	""			(110, 64)	(43, 25)
menu	View	""			(153, 64)	(49, 25)
menu	Insert	""			(202, 64)	(55, 25)
menu	Format	""			(257, 64)	(66, 25)
menu	Styles	""			(323, 64)	(56, 25)
menu	Table	""			(379, 64)	(53, 25)
menu	Form	""			(432, 64)	(52, 25)
menu	Tools	""			(484, 64)	(52, 25)
menu	Window	""			(536, 64)	(70, 25)
menu	Help	""			(606, 64)	(47, 25)
menu	File	File			(70, 89)	(40, 21)
menu	Edit	Edit			(110, 89)	(43, 21)
menu	View	View			(153, 89)	(50, 21)
menu	Insert	Insert			(203, 89)	(56, 21)
menu	Format	Format			(259, 89)	(66, 21)
menu	Styles	Styles			(325, 89)	(56, 21)
menu	Table	Table			(381, 89)	(53, 21)
menu	Form	Form			(434, 89)	(52, 21)
menu	Tools	Tools			(486, 89)	(53, 21)
menu	Window	Window			(539, 89)	(73, 21)
menu	Help	Help			(612, 89)	(48, 21)
document-text	04 CHIN9505 EBook Purchasing info 2021 Jan - LibreOffice Document	""			(70, 271)	(1792, 693)
paragraph			Please find the E-book purchase option for your reference:  			(260, 470)	(1412, 33)
paragraph		How to use BLCUP eBook for PC 			(260, 503)	(1412, 64)
paragraph		Make payment for this eBook online. 			(260, 567)	(1412, 65)
paragraph		Enter User center (Your BLCUP ID. 			(260, 632)	(1412, 64)
paragraph		Download and install Windows eBook Reader (flipviewer) on your PC.			(260, 696)	(1412, 65)
paragraph		Enter User center (Your BLCUP ID.			(260, 761)	(1412, 65)
paragraph		Download eBook and input Subscription ID online to open the OPZ file.			(260, 826)	(1412, 64)
paragraph		Support Contact: service blcup.com			(260, 890)	(1412, 65)
paragraph		This product is protected by copyright. 			(260, 955)	(1412, 9)
scroll-bar	Vertical scroll bar	""			(1862, 247)	(12, 717)
toggle-button	Menu	""			(1874, 171)	(36, 34)
text		Help us make LibreOffice even better!			(111, 178)	(1611, 26)
push-button	Get involved	""			(1728, 170)	(117, 34)
text		Your donations support our worldwide community.			(111, 218)	(1645, 26)
push-button	Donate	""			(1762, 210)	(83, 34)
push-button	New	""			(74, 91)	(44, 35)
push-button	Open	""			(118, 91)	(44, 35)
push-button	Save	""			(162, 91)	(44, 35)
push-button	Export Directly as PDF	""			(214, 91)	(33, 35)
push-button	Print	""			(247, 91)	(33, 35)
toggle-button	Print Preview	""			(280, 91)	(33, 35)
push-button	Clone	""			(439, 91)	(33, 35)
push-button	Undo	""			(480, 91)	(44, 35)
toggle-button	Find and Replace	""			(576, 91)	(33, 35)
push-button	Spelling	""			(609, 91)	(33, 35)
toggle-button	Formatting Marks	""			(642, 91)	(33, 35)
push-button	Table	""			(683, 91)	(44, 35)
push-button	Image	""			(727, 91)	(33, 35)
push-button	Chart	""			(760, 91)	(33, 35)
push-button	Text Box	""			(793, 91)	(33, 35)
push-button	Page Break	""			(834, 91)	(33, 35)
push-button	Field	""			(867, 91)	(44, 35)
push-button	Symbol	""			(911, 91)	(44, 35)
toggle-button	Hyperlink	""			(963, 91)	(33, 35)
push-button	Footnote	""			(996, 91)	(33, 35)
push-button	Endnote	""			(1029, 91)	(33, 35)
push-button	Bookmark	""			(1062, 91)	(33, 35)
push-button	Cross-reference	""			(1095, 91)	(33, 35)
push-button	Comment	""			(1136, 91)	(33, 35)
toggle-button	Track Changes Functions	""			(1169, 91)	(33, 35)
push-button	Line	""			(1210, 91)	(33, 35)
push-button	Basic Shapes	""			(1243, 91)	(44, 35)
toggle-button	Draw Functions	""			(1287, 91)	(33, 35)
text		Normal (Web)			(74, 130)	(166, 34)
push-button	Update	""			(276, 130)	(33, 35)
push-button	New	""			(309, 130)	(33, 35)
text		Calibri			(350, 130)	(185, 34)
text		12 pt			(579, 130)	(65, 34)
toggle-button	Bold	""			(688, 130)	(33, 35)
toggle-button	Italic	""			(721, 130)	(33, 35)
push-button	Underline	""			(754, 130)	(44, 35)
toggle-button	Strikethrough	""			(798, 130)	(33, 35)
toggle-button	Superscript	""			(839, 130)	(33, 35)
toggle-button	Subscript	""			(872, 130)	(33, 35)
push-button	Clear	""			(913, 130)	(33, 35)
push-button	Font Color	""			(954, 130)	(44, 35)
push-button	Character Highlighting Color	""			(998, 130)	(44, 35)
toggle-button	Left	""			(1050, 130)	(33, 35)
toggle-button	Center	""			(1083, 130)	(33, 35)
toggle-button	Right	""			(1116, 130)	(33, 35)
toggle-button	Justified	""			(1149, 130)	(33, 35)
push-button	Unordered List	""			(1190, 130)	(44, 35)
push-button	Ordered List	""			(1234, 130)	(44, 35)
push-button	No List	""			(1278, 130)	(33, 35)
push-button	Increase	""			(1319, 130)	(33, 35)
push-button	Decrease	""			(1352, 130)	(33, 35)
push-button	Line Spacing	""			(1393, 130)	(44, 35)
push-button	Increase	""			(1437, 130)	(33, 35)
push-button	Decrease	""			(1470, 130)	(33, 35)
label		Page 1 of 1			(105, 966)	(258, 18)
label		71 words, 425 characters			(369, 966)	(342, 18)
label		Default Page Style			(717, 966)	(306, 18)
label		English (USA)			(1029, 966)	(276, 18)
label		173%			(1876, 966)	(38, 18)
Generating content with GPT model: o4-mini
RESPONSE: Reflecting on what we’ve done: we clicked into the paragraph and inserted a tab, but haven’t yet defined where the tab will land. The next step is to add a right-aligned tab stop on the ruler at the right margin. 

```python
import pyautogui, time

# 1) switch the ruler’s tab-selector to "right tab"
for _ in range(2):
    pyautogui.click(263, 237)
    time.sleep(0.3)

# 2) click on the horizontal ruler at the right margin to set the right-aligned tab stop
pyautogui.click(1470, 237)
```
LINEAR AT: tag	name	text	class	description	position (top-left x&y)	size (w&h)
label	Home	Home			(1833, 939)	(40, 17)
label	04 CHIN9505 EBook Purchasing info 2021 Jan.​docx	04 CHIN9505 EBook Purchasing info 2021 Jan.​docx			(1793, 819)	(120, 34)
menu	LibreOffice Writer	""			(99, 0)	(180, 27)
menu	System	""			(1814, 0)	(106, 27)
push-button	Chromium Web Browser	""			(0, 33)	(70, 64)
push-button	Thunderbird Mail	""			(0, 101)	(70, 64)
push-button	Visual Studio Code	""			(0, 169)	(70, 64)
push-button	VLC media player	""			(0, 237)	(70, 64)
push-button	LibreOffice Writer	""			(0, 305)	(70, 64)
push-button	LibreOffice Calc	""			(0, 373)	(70, 64)
push-button	LibreOffice Impress	""			(0, 441)	(70, 64)
push-button	GNU Image Manipulation Program	""			(0, 509)	(70, 64)
push-button	Files	""			(0, 577)	(70, 64)
push-button	Ubuntu Software	""			(0, 645)	(70, 64)
push-button	Help	""			(0, 713)	(70, 64)
push-button	Trash	""			(0, 784)	(70, 64)
toggle-button	Show Applications	""			(0, 915)	(70, 70)
menu	File	""			(70, 64)	(40, 25)
menu	Edit	""			(110, 64)	(43, 25)
menu	View	""			(153, 64)	(49, 25)
menu	Insert	""			(202, 64)	(55, 25)
menu	Format	""			(257, 64)	(66, 25)
menu	Styles	""			(323, 64)	(56, 25)
menu	Table	""			(379, 64)	(53, 25)
menu	Form	""			(432, 64)	(52, 25)
menu	Tools	""			(484, 64)	(52, 25)
menu	Window	""			(536, 64)	(70, 25)
menu	Help	""			(606, 64)	(47, 25)
menu	File	File			(70, 89)	(40, 21)
menu	Edit	Edit			(110, 89)	(43, 21)
menu	View	View			(153, 89)	(50, 21)
menu	Insert	Insert			(203, 89)	(56, 21)
menu	Format	Format			(259, 89)	(66, 21)
menu	Styles	Styles			(325, 89)	(56, 21)
menu	Table	Table			(381, 89)	(53, 21)
menu	Form	Form			(434, 89)	(52, 21)
menu	Tools	Tools			(486, 89)	(53, 21)
menu	Window	Window			(539, 89)	(73, 21)
menu	Help	Help			(612, 89)	(48, 21)
document-text	04 CHIN9505 EBook Purchasing info 2021 Jan - LibreOffice Document	""			(70, 271)	(1792, 693)
paragraph			Please find the E-book purchase option for your reference:  			(260, 470)	(1412, 33)
paragraph		How to use BLCUP eBook for PC 			(260, 503)	(1412, 64)
paragraph		Make payment for this eBook online. 			(260, 567)	(1412, 65)
paragraph		Enter User center (Your BLCUP ID. 			(260, 632)	(1412, 64)
paragraph		Download and install Windows eBook Reader (flipviewer) on your PC.			(260, 696)	(1412, 65)
paragraph		Enter User center (Your BLCUP ID.			(260, 761)	(1412, 65)
paragraph		Download eBook and input Subscription ID online to open the OPZ file.			(260, 826)	(1412, 64)
paragraph		Support Contact: service blcup.com			(260, 890)	(1412, 65)
paragraph		This product is protected by copyright. 			(260, 955)	(1412, 9)
scroll-bar	Vertical scroll bar	""			(1862, 247)	(12, 717)
toggle-button	Menu	""			(1874, 171)	(36, 34)
text		Help us make LibreOffice even better!			(111, 178)	(1611, 26)
push-button	Get involved	""			(1728, 170)	(117, 34)
text		Your donations support our worldwide community.			(111, 218)	(1645, 26)
push-button	Donate	""			(1762, 210)	(83, 34)
push-button	New	""			(74, 91)	(44, 35)
push-button	Open	""			(118, 91)	(44, 35)
push-button	Save	""			(162, 91)	(44, 35)
push-button	Export Directly as PDF	""			(214, 91)	(33, 35)
push-button	Print	""			(247, 91)	(33, 35)
toggle-button	Print Preview	""			(280, 91)	(33, 35)
push-button	Clone	""			(439, 91)	(33, 35)
push-button	Undo	""			(480, 91)	(44, 35)
toggle-button	Find and Replace	""			(576, 91)	(33, 35)
push-button	Spelling	""			(609, 91)	(33, 35)
toggle-button	Formatting Marks	""			(642, 91)	(33, 35)
push-button	Table	""			(683, 91)	(44, 35)
push-button	Image	""			(727, 91)	(33, 35)
push-button	Chart	""			(760, 91)	(33, 35)
push-button	Text Box	""			(793, 91)	(33, 35)
push-button	Page Break	""			(834, 91)	(33, 35)
push-button	Field	""			(867, 91)	(44, 35)
push-button	Symbol	""			(911, 91)	(44, 35)
toggle-button	Hyperlink	""			(963, 91)	(33, 35)
push-button	Footnote	""			(996, 91)	(33, 35)
push-button	Endnote	""			(1029, 91)	(33, 35)
push-button	Bookmark	""			(1062, 91)	(33, 35)
push-button	Cross-reference	""			(1095, 91)	(33, 35)
push-button	Comment	""			(1136, 91)	(33, 35)
toggle-button	Track Changes Functions	""			(1169, 91)	(33, 35)
push-button	Line	""			(1210, 91)	(33, 35)
push-button	Basic Shapes	""			(1243, 91)	(44, 35)
toggle-button	Draw Functions	""			(1287, 91)	(33, 35)
text		Normal (Web)			(74, 130)	(166, 34)
push-button	Update	""			(276, 130)	(33, 35)
push-button	New	""			(309, 130)	(33, 35)
text		Calibri			(350, 130)	(185, 34)
text		12 pt			(579, 130)	(65, 34)
toggle-button	Bold	""			(688, 130)	(33, 35)
toggle-button	Italic	""			(721, 130)	(33, 35)
push-button	Underline	""			(754, 130)	(44, 35)
toggle-button	Strikethrough	""			(798, 130)	(33, 35)
toggle-button	Superscript	""			(839, 130)	(33, 35)
toggle-button	Subscript	""			(872, 130)	(33, 35)
push-button	Clear	""			(913, 130)	(33, 35)
push-button	Font Color	""			(954, 130)	(44, 35)
push-button	Character Highlighting Color	""			(998, 130)	(44, 35)
toggle-button	Left	""			(1050, 130)	(33, 35)
toggle-button	Center	""			(1083, 130)	(33, 35)
toggle-button	Right	""			(1116, 130)	(33, 35)
toggle-button	Justified	""			(1149, 130)	(33, 35)
push-button	Unordered List	""			(1190, 130)	(44, 35)
push-button	Ordered List	""			(1234, 130)	(44, 35)
push-button	No List	""			(1278, 130)	(33, 35)
push-button	Increase	""			(1319, 130)	(33, 35)
push-button	Decrease	""			(1352, 130)	(33, 35)
push-button	Line Spacing	""			(1393, 130)	(44, 35)
push-button	Increase	""			(1437, 130)	(33, 35)
push-button	Decrease	""			(1470, 130)	(33, 35)
label		Page 1 of 1			(105, 966)	(258, 18)
label		71 words, 425 characters			(369, 966)	(342, 18)
label		Default Page Style			(717, 966)	(306, 18)
label		English (USA)			(1029, 966)	(276, 18)
label		173%			(1876, 966)	(38, 18)
Generating content with GPT model: o4-mini
RESPONSE: We’ve placed the right‐aligned tab stop on the ruler. Next, put the insertion point after the 3rd word (“the”) of the first line and press Tab so that everything after word 3 jumps to the right margin:

```python
import pyautogui, time

# click just after "the" in the first sentence
pyautogui.click(435, 480)
time.sleep(0.5)
# insert a tab to push the remainder to the right‐aligned stop
pyautogui.press('tab')
```
LINEAR AT: tag	name	text	class	description	position (top-left x&y)	size (w&h)
label	Home	Home			(1833, 939)	(40, 17)
label	04 CHIN9505 EBook Purchasing info 2021 Jan.​docx	04 CHIN9505 EBook Purchasing info 2021 Jan.​docx			(1793, 819)	(120, 34)
menu	LibreOffice Writer	""			(99, 0)	(180, 27)
menu	System	""			(1814, 0)	(106, 27)
push-button	Chromium Web Browser	""			(0, 33)	(70, 64)
push-button	Thunderbird Mail	""			(0, 101)	(70, 64)
push-button	Visual Studio Code	""			(0, 169)	(70, 64)
push-button	VLC media player	""			(0, 237)	(70, 64)
push-button	LibreOffice Writer	""			(0, 305)	(70, 64)
push-button	LibreOffice Calc	""			(0, 373)	(70, 64)
push-button	LibreOffice Impress	""			(0, 441)	(70, 64)
push-button	GNU Image Manipulation Program	""			(0, 509)	(70, 64)
push-button	Files	""			(0, 577)	(70, 64)
push-button	Ubuntu Software	""			(0, 645)	(70, 64)
push-button	Help	""			(0, 713)	(70, 64)
push-button	Trash	""			(0, 784)	(70, 64)
toggle-button	Show Applications	""			(0, 915)	(70, 70)
menu	File	""			(70, 64)	(40, 25)
menu	Edit	""			(110, 64)	(43, 25)
menu	View	""			(153, 64)	(49, 25)
menu	Insert	""			(202, 64)	(55, 25)
menu	Format	""			(257, 64)	(66, 25)
menu	Styles	""			(323, 64)	(56, 25)
menu	Table	""			(379, 64)	(53, 25)
menu	Form	""			(432, 64)	(52, 25)
menu	Tools	""			(484, 64)	(52, 25)
menu	Window	""			(536, 64)	(70, 25)
menu	Help	""			(606, 64)	(47, 25)
menu	File	File			(70, 89)	(40, 21)
menu	Edit	Edit			(110, 89)	(43, 21)
menu	View	View			(153, 89)	(50, 21)
menu	Insert	Insert			(203, 89)	(56, 21)
menu	Format	Format			(259, 89)	(66, 21)
menu	Styles	Styles			(325, 89)	(56, 21)
menu	Table	Table			(381, 89)	(53, 21)
menu	Form	Form			(434, 89)	(52, 21)
menu	Tools	Tools			(486, 89)	(53, 21)
menu	Window	Window			(539, 89)	(73, 21)
menu	Help	Help			(612, 89)	(48, 21)
document-text	04 CHIN9505 EBook Purchasing info 2021 Jan - LibreOffice Document	""			(70, 271)	(1792, 693)
paragraph				Please find the E-book purchase option for your reference:  			(260, 470)	(1412, 33)
paragraph		How to use BLCUP eBook for PC 			(260, 503)	(1412, 64)
paragraph		Make payment for this eBook online. 			(260, 567)	(1412, 65)
paragraph		Enter User center (Your BLCUP ID. 			(260, 632)	(1412, 64)
paragraph		Download and install Windows eBook Reader (flipviewer) on your PC.			(260, 696)	(1412, 65)
paragraph		Enter User center (Your BLCUP ID.			(260, 761)	(1412, 65)
paragraph		Download eBook and input Subscription ID online to open the OPZ file.			(260, 826)	(1412, 64)
paragraph		Support Contact: service blcup.com			(260, 890)	(1412, 65)
paragraph		This product is protected by copyright. 			(260, 955)	(1412, 9)
scroll-bar	Vertical scroll bar	""			(1862, 247)	(12, 717)
toggle-button	Menu	""			(1874, 171)	(36, 34)
text		Help us make LibreOffice even better!			(111, 178)	(1611, 26)
push-button	Get involved	""			(1728, 170)	(117, 34)
text		Your donations support our worldwide community.			(111, 218)	(1645, 26)
push-button	Donate	""			(1762, 210)	(83, 34)
push-button	New	""			(74, 91)	(44, 35)
push-button	Open	""			(118, 91)	(44, 35)
push-button	Save	""			(162, 91)	(44, 35)
push-button	Export Directly as PDF	""			(214, 91)	(33, 35)
push-button	Print	""			(247, 91)	(33, 35)
toggle-button	Print Preview	""			(280, 91)	(33, 35)
push-button	Clone	""			(439, 91)	(33, 35)
push-button	Undo	""			(480, 91)	(44, 35)
toggle-button	Find and Replace	""			(576, 91)	(33, 35)
push-button	Spelling	""			(609, 91)	(33, 35)
toggle-button	Formatting Marks	""			(642, 91)	(33, 35)
push-button	Table	""			(683, 91)	(44, 35)
push-button	Image	""			(727, 91)	(33, 35)
push-button	Chart	""			(760, 91)	(33, 35)
push-button	Text Box	""			(793, 91)	(33, 35)
push-button	Page Break	""			(834, 91)	(33, 35)
push-button	Field	""			(867, 91)	(44, 35)
push-button	Symbol	""			(911, 91)	(44, 35)
toggle-button	Hyperlink	""			(963, 91)	(33, 35)
push-button	Footnote	""			(996, 91)	(33, 35)
push-button	Endnote	""			(1029, 91)	(33, 35)
push-button	Bookmark	""			(1062, 91)	(33, 35)
push-button	Cross-reference	""			(1095, 91)	(33, 35)
push-button	Comment	""			(1136, 91)	(33, 35)
toggle-button	Track Changes Functions	""			(1169, 91)	(33, 35)
push-button	Line	""			(1210, 91)	(33, 35)
push-button	Basic Shapes	""			(1243, 91)	(44, 35)
toggle-button	Draw Functions	""			(1287, 91)	(33, 35)
text		Normal (Web)			(74, 130)	(166, 34)
push-button	Update	""			(276, 130)	(33, 35)
push-button	New	""			(309, 130)	(33, 35)
text		Calibri			(350, 130)	(185, 34)
text		12 pt			(579, 130)	(65, 34)
toggle-button	Bold	""			(688, 130)	(33, 35)
toggle-button	Italic	""			(721, 130)	(33, 35)
push-button	Underline	""			(754, 130)	(44, 35)
toggle-button	Strikethrough	""			(798, 130)	(33, 35)
toggle-button	Superscript	""			(839, 130)	(33, 35)
toggle-button	Subscript	""			(872, 130)	(33, 35)
push-button	Clear	""			(913, 130)	(33, 35)
push-button	Font Color	""			(954, 130)	(44, 35)
push-button	Character Highlighting Color	""			(998, 130)	(44, 35)
toggle-button	Left	""			(1050, 130)	(33, 35)
toggle-button	Center	""			(1083, 130)	(33, 35)
toggle-button	Right	""			(1116, 130)	(33, 35)
toggle-button	Justified	""			(1149, 130)	(33, 35)
push-button	Unordered List	""			(1190, 130)	(44, 35)
push-button	Ordered List	""			(1234, 130)	(44, 35)
push-button	No List	""			(1278, 130)	(33, 35)
push-button	Increase	""			(1319, 130)	(33, 35)
push-button	Decrease	""			(1352, 130)	(33, 35)
push-button	Line Spacing	""			(1393, 130)	(44, 35)
push-button	Increase	""			(1437, 130)	(33, 35)
push-button	Decrease	""			(1470, 130)	(33, 35)
label		Page 1 of 1			(105, 966)	(258, 18)
label		71 words, 426 characters			(369, 966)	(342, 18)
label		Default Page Style			(717, 966)	(306, 18)
label		English (USA)			(1029, 966)	(276, 18)
label		173%			(1876, 966)	(38, 18)
Generating content with GPT model: o4-mini
RESPONSE: We’ve now inserted the tab character in the text. The next thing is to define its stop as “right‐aligned” on the ruler. In other words:

1. Click the little tab‐selector icon (left of the ruler) until it shows the right‐tab symbol.  
2. Then click on the horizontal ruler at the right margin (around 1470 px on your screenshot) to place a right‐aligned tab stop there.  

Once that’s in place, pressing Tab in the paragraph will push everything after word 3 up against that right margin.
LINEAR AT: tag	name	text	class	description	position (top-left x&y)	size (w&h)
label	Home	Home			(1833, 939)	(40, 17)
label	04 CHIN9505 EBook Purchasing info 2021 Jan.​docx	04 CHIN9505 EBook Purchasing info 2021 Jan.​docx			(1793, 819)	(120, 34)
menu	LibreOffice Writer	""			(99, 0)	(180, 27)
menu	System	""			(1814, 0)	(106, 27)
push-button	Chromium Web Browser	""			(0, 33)	(70, 64)
push-button	Thunderbird Mail	""			(0, 101)	(70, 64)
push-button	Visual Studio Code	""			(0, 169)	(70, 64)
push-button	VLC media player	""			(0, 237)	(70, 64)
push-button	LibreOffice Writer	""			(0, 305)	(70, 64)
push-button	LibreOffice Calc	""			(0, 373)	(70, 64)
push-button	LibreOffice Impress	""			(0, 441)	(70, 64)
push-button	GNU Image Manipulation Program	""			(0, 509)	(70, 64)
push-button	Files	""			(0, 577)	(70, 64)
push-button	Ubuntu Software	""			(0, 645)	(70, 64)
push-button	Help	""			(0, 713)	(70, 64)
push-button	Trash	""			(0, 784)	(70, 64)
toggle-button	Show Applications	""			(0, 915)	(70, 70)
menu	File	""			(70, 64)	(40, 25)
menu	Edit	""			(110, 64)	(43, 25)
menu	View	""			(153, 64)	(49, 25)
menu	Insert	""			(202, 64)	(55, 25)
menu	Format	""			(257, 64)	(66, 25)
menu	Styles	""			(323, 64)	(56, 25)
menu	Table	""			(379, 64)	(53, 25)
menu	Form	""			(432, 64)	(52, 25)
menu	Tools	""			(484, 64)	(52, 25)
menu	Window	""			(536, 64)	(70, 25)
menu	Help	""			(606, 64)	(47, 25)
menu	File	File			(70, 89)	(40, 21)
menu	Edit	Edit			(110, 89)	(43, 21)
menu	View	View			(153, 89)	(50, 21)
menu	Insert	Insert			(203, 89)	(56, 21)
menu	Format	Format			(259, 89)	(66, 21)
menu	Styles	Styles			(325, 89)	(56, 21)
menu	Table	Table			(381, 89)	(53, 21)
menu	Form	Form			(434, 89)	(52, 21)
menu	Tools	Tools			(486, 89)	(53, 21)
menu	Window	Window			(539, 89)	(73, 21)
menu	Help	Help			(612, 89)	(48, 21)
document-text	04 CHIN9505 EBook Purchasing info 2021 Jan - LibreOffice Document	""			(70, 271)	(1792, 693)
paragraph				Please find the E-book purchase option for your reference:  			(260, 470)	(1412, 33)
paragraph		How to use BLCUP eBook for PC 			(260, 503)	(1412, 64)
paragraph		Make payment for this eBook online. 			(260, 567)	(1412, 65)
paragraph		Enter User center (Your BLCUP ID. 			(260, 632)	(1412, 64)
paragraph		Download and install Windows eBook Reader (flipviewer) on your PC.			(260, 696)	(1412, 65)
paragraph		Enter User center (Your BLCUP ID.			(260, 761)	(1412, 65)
paragraph		Download eBook and input Subscription ID online to open the OPZ file.			(260, 826)	(1412, 64)
paragraph		Support Contact: service blcup.com			(260, 890)	(1412, 65)
paragraph		This product is protected by copyright. 			(260, 955)	(1412, 9)
scroll-bar	Vertical scroll bar	""			(1862, 247)	(12, 717)
toggle-button	Menu	""			(1874, 171)	(36, 34)
text		Help us make LibreOffice even better!			(111, 178)	(1611, 26)
push-button	Get involved	""			(1728, 170)	(117, 34)
text		Your donations support our worldwide community.			(111, 218)	(1645, 26)
push-button	Donate	""			(1762, 210)	(83, 34)
push-button	New	""			(74, 91)	(44, 35)
push-button	Open	""			(118, 91)	(44, 35)
push-button	Save	""			(162, 91)	(44, 35)
push-button	Export Directly as PDF	""			(214, 91)	(33, 35)
push-button	Print	""			(247, 91)	(33, 35)
toggle-button	Print Preview	""			(280, 91)	(33, 35)
push-button	Clone	""			(439, 91)	(33, 35)
push-button	Undo	""			(480, 91)	(44, 35)
toggle-button	Find and Replace	""			(576, 91)	(33, 35)
push-button	Spelling	""			(609, 91)	(33, 35)
toggle-button	Formatting Marks	""			(642, 91)	(33, 35)
push-button	Table	""			(683, 91)	(44, 35)
push-button	Image	""			(727, 91)	(33, 35)
push-button	Chart	""			(760, 91)	(33, 35)
push-button	Text Box	""			(793, 91)	(33, 35)
push-button	Page Break	""			(834, 91)	(33, 35)
push-button	Field	""			(867, 91)	(44, 35)
push-button	Symbol	""			(911, 91)	(44, 35)
toggle-button	Hyperlink	""			(963, 91)	(33, 35)
push-button	Footnote	""			(996, 91)	(33, 35)
push-button	Endnote	""			(1029, 91)	(33, 35)
push-button	Bookmark	""			(1062, 91)	(33, 35)
push-button	Cross-reference	""			(1095, 91)	(33, 35)
push-button	Comment	""			(1136, 91)	(33, 35)
toggle-button	Track Changes Functions	""			(1169, 91)	(33, 35)
push-button	Line	""			(1210, 91)	(33, 35)
push-button	Basic Shapes	""			(1243, 91)	(44, 35)
toggle-button	Draw Functions	""			(1287, 91)	(33, 35)
text		Normal (Web)			(74, 130)	(166, 34)
push-button	Update	""			(276, 130)	(33, 35)
push-button	New	""			(309, 130)	(33, 35)
text		Calibri			(350, 130)	(185, 34)
text		12 pt			(579, 130)	(65, 34)
toggle-button	Bold	""			(688, 130)	(33, 35)
toggle-button	Italic	""			(721, 130)	(33, 35)
push-button	Underline	""			(754, 130)	(44, 35)
toggle-button	Strikethrough	""			(798, 130)	(33, 35)
toggle-button	Superscript	""			(839, 130)	(33, 35)
toggle-button	Subscript	""			(872, 130)	(33, 35)
push-button	Clear	""			(913, 130)	(33, 35)
push-button	Font Color	""			(954, 130)	(44, 35)
push-button	Character Highlighting Color	""			(998, 130)	(44, 35)
toggle-button	Left	""			(1050, 130)	(33, 35)
toggle-button	Center	""			(1083, 130)	(33, 35)
toggle-button	Right	""			(1116, 130)	(33, 35)
toggle-button	Justified	""			(1149, 130)	(33, 35)
push-button	Unordered List	""			(1190, 130)	(44, 35)
push-button	Ordered List	""			(1234, 130)	(44, 35)
push-button	No List	""			(1278, 130)	(33, 35)
push-button	Increase	""			(1319, 130)	(33, 35)
push-button	Decrease	""			(1352, 130)	(33, 35)
push-button	Line Spacing	""			(1393, 130)	(44, 35)
push-button	Increase	""			(1437, 130)	(33, 35)
push-button	Decrease	""			(1470, 130)	(33, 35)
label		Page 1 of 1			(105, 966)	(258, 18)
label		71 words, 426 characters			(369, 966)	(342, 18)
label		Default Page Style			(717, 966)	(306, 18)
label		English (USA)			(1029, 966)	(276, 18)
label		173%			(1876, 966)	(38, 18)
Generating content with GPT model: o4-mini
RESPONSE: We need to set our tab stop to “right-aligned” and place it at the right margin on the ruler.  

```python
import pyautogui, time

# 1) Click the little tab-type selector until it shows the right-tab icon
for _ in range(3):
    pyautogui.click(260, 233)
    time.sleep(0.2)

# 2) Click on the horizontal ruler at the right margin to set the right-aligned tab stop
pyautogui.click(1470, 233)
```
LINEAR AT: tag	name	text	class	description	position (top-left x&y)	size (w&h)
label	Home	Home			(1833, 939)	(40, 17)
label	04 CHIN9505 EBook Purchasing info 2021 Jan.​docx	04 CHIN9505 EBook Purchasing info 2021 Jan.​docx			(1793, 819)	(120, 34)
menu	LibreOffice Writer	""			(99, 0)	(180, 27)
menu	System	""			(1814, 0)	(106, 27)
push-button	Chromium Web Browser	""			(0, 33)	(70, 64)
push-button	Thunderbird Mail	""			(0, 101)	(70, 64)
push-button	Visual Studio Code	""			(0, 169)	(70, 64)
push-button	VLC media player	""			(0, 237)	(70, 64)
push-button	LibreOffice Writer	""			(0, 305)	(70, 64)
push-button	LibreOffice Calc	""			(0, 373)	(70, 64)
push-button	LibreOffice Impress	""			(0, 441)	(70, 64)
push-button	GNU Image Manipulation Program	""			(0, 509)	(70, 64)
push-button	Files	""			(0, 577)	(70, 64)
push-button	Ubuntu Software	""			(0, 645)	(70, 64)
push-button	Help	""			(0, 713)	(70, 64)
push-button	Trash	""			(0, 784)	(70, 64)
toggle-button	Show Applications	""			(0, 915)	(70, 70)
menu	File	""			(70, 64)	(40, 25)
menu	Edit	""			(110, 64)	(43, 25)
menu	View	""			(153, 64)	(49, 25)
menu	Insert	""			(202, 64)	(55, 25)
menu	Format	""			(257, 64)	(66, 25)
menu	Styles	""			(323, 64)	(56, 25)
menu	Table	""			(379, 64)	(53, 25)
menu	Form	""			(432, 64)	(52, 25)
menu	Tools	""			(484, 64)	(52, 25)
menu	Window	""			(536, 64)	(70, 25)
menu	Help	""			(606, 64)	(47, 25)
menu	File	File			(70, 89)	(40, 21)
menu	Edit	Edit			(110, 89)	(43, 21)
menu	View	View			(153, 89)	(50, 21)
menu	Insert	Insert			(203, 89)	(56, 21)
menu	Format	Format			(259, 89)	(66, 21)
menu	Styles	Styles			(325, 89)	(56, 21)
menu	Table	Table			(381, 89)	(53, 21)
menu	Form	Form			(434, 89)	(52, 21)
menu	Tools	Tools			(486, 89)	(53, 21)
menu	Window	Window			(539, 89)	(73, 21)
menu	Help	Help			(612, 89)	(48, 21)
document-text	04 CHIN9505 EBook Purchasing info 2021 Jan - LibreOffice Document	""			(70, 271)	(1792, 693)
paragraph				Please find the E-book purchase option for your reference:  			(260, 470)	(1412, 33)
paragraph		How to use BLCUP eBook for PC 			(260, 503)	(1412, 64)
paragraph		Make payment for this eBook online. 			(260, 567)	(1412, 65)
paragraph		Enter User center (Your BLCUP ID. 			(260, 632)	(1412, 64)
paragraph		Download and install Windows eBook Reader (flipviewer) on your PC.			(260, 696)	(1412, 65)
paragraph		Enter User center (Your BLCUP ID.			(260, 761)	(1412, 65)
paragraph		Download eBook and input Subscription ID online to open the OPZ file.			(260, 826)	(1412, 64)
paragraph		Support Contact: service blcup.com			(260, 890)	(1412, 65)
paragraph		This product is protected by copyright. 			(260, 955)	(1412, 9)
scroll-bar	Vertical scroll bar	""			(1862, 247)	(12, 717)
toggle-button	Menu	""			(1874, 171)	(36, 34)
text		Help us make LibreOffice even better!			(111, 178)	(1611, 26)
push-button	Get involved	""			(1728, 170)	(117, 34)
text		Your donations support our worldwide community.			(111, 218)	(1645, 26)
push-button	Donate	""			(1762, 210)	(83, 34)
push-button	New	""			(74, 91)	(44, 35)
push-button	Open	""			(118, 91)	(44, 35)
push-button	Save	""			(162, 91)	(44, 35)
push-button	Export Directly as PDF	""			(214, 91)	(33, 35)
push-button	Print	""			(247, 91)	(33, 35)
toggle-button	Print Preview	""			(280, 91)	(33, 35)
push-button	Clone	""			(439, 91)	(33, 35)
push-button	Undo	""			(480, 91)	(44, 35)
toggle-button	Find and Replace	""			(576, 91)	(33, 35)
push-button	Spelling	""			(609, 91)	(33, 35)
toggle-button	Formatting Marks	""			(642, 91)	(33, 35)
push-button	Table	""			(683, 91)	(44, 35)
push-button	Image	""			(727, 91)	(33, 35)
push-button	Chart	""			(760, 91)	(33, 35)
push-button	Text Box	""			(793, 91)	(33, 35)
push-button	Page Break	""			(834, 91)	(33, 35)
push-button	Field	""			(867, 91)	(44, 35)
push-button	Symbol	""			(911, 91)	(44, 35)
toggle-button	Hyperlink	""			(963, 91)	(33, 35)
push-button	Footnote	""			(996, 91)	(33, 35)
push-button	Endnote	""			(1029, 91)	(33, 35)
push-button	Bookmark	""			(1062, 91)	(33, 35)
push-button	Cross-reference	""			(1095, 91)	(33, 35)
push-button	Comment	""			(1136, 91)	(33, 35)
toggle-button	Track Changes Functions	""			(1169, 91)	(33, 35)
push-button	Line	""			(1210, 91)	(33, 35)
push-button	Basic Shapes	""			(1243, 91)	(44, 35)
toggle-button	Draw Functions	""			(1287, 91)	(33, 35)
text		Normal (Web)			(74, 130)	(166, 34)
push-button	Update	""			(276, 130)	(33, 35)
push-button	New	""			(309, 130)	(33, 35)
text		Calibri			(350, 130)	(185, 34)
text		12 pt			(579, 130)	(65, 34)
toggle-button	Bold	""			(688, 130)	(33, 35)
toggle-button	Italic	""			(721, 130)	(33, 35)
push-button	Underline	""			(754, 130)	(44, 35)
toggle-button	Strikethrough	""			(798, 130)	(33, 35)
toggle-button	Superscript	""			(839, 130)	(33, 35)
toggle-button	Subscript	""			(872, 130)	(33, 35)
push-button	Clear	""			(913, 130)	(33, 35)
push-button	Font Color	""			(954, 130)	(44, 35)
push-button	Character Highlighting Color	""			(998, 130)	(44, 35)
toggle-button	Left	""			(1050, 130)	(33, 35)
toggle-button	Center	""			(1083, 130)	(33, 35)
toggle-button	Right	""			(1116, 130)	(33, 35)
toggle-button	Justified	""			(1149, 130)	(33, 35)
push-button	Unordered List	""			(1190, 130)	(44, 35)
push-button	Ordered List	""			(1234, 130)	(44, 35)
push-button	No List	""			(1278, 130)	(33, 35)
push-button	Increase	""			(1319, 130)	(33, 35)
push-button	Decrease	""			(1352, 130)	(33, 35)
push-button	Line Spacing	""			(1393, 130)	(44, 35)
push-button	Increase	""			(1437, 130)	(33, 35)
push-button	Decrease	""			(1470, 130)	(33, 35)
label		Page 1 of 1			(105, 966)	(258, 18)
label		71 words, 426 characters			(369, 966)	(342, 18)
label		Default Page Style			(717, 966)	(306, 18)
label		English (USA)			(1029, 966)	(276, 18)
label		173%			(1876, 966)	(38, 18)
Generating content with GPT model: o4-mini
RESPONSE: We now need to set that tab stop to “right-aligned” on the ruler at the page’s right margin. In practice that means:

1. Click the little tab-selector (to the left of the ruler) until you see the right-tab icon.  
2. Click on the ruler at the right margin (around the “6.8” mark) to place your right-aligned stop.

```python
import pyautogui, time

# 1) Cycle the ruler’s tab selector until it shows the right-tab symbol
for _ in range(3):
    pyautogui.click(260, 240)
    time.sleep(0.2)

# 2) Click on the horizontal ruler at the right margin to set the right-aligned tab
pyautogui.click(1470, 240)
```
LINEAR AT: tag	name	text	class	description	position (top-left x&y)	size (w&h)
label	Home	Home			(1833, 939)	(40, 17)
label	04 CHIN9505 EBook Purchasing info 2021 Jan.​docx	04 CHIN9505 EBook Purchasing info 2021 Jan.​docx			(1793, 819)	(120, 34)
menu	LibreOffice Writer	""			(99, 0)	(180, 27)
menu	System	""			(1814, 0)	(106, 27)
push-button	Chromium Web Browser	""			(0, 33)	(70, 64)
push-button	Thunderbird Mail	""			(0, 101)	(70, 64)
push-button	Visual Studio Code	""			(0, 169)	(70, 64)
push-button	VLC media player	""			(0, 237)	(70, 64)
push-button	LibreOffice Writer	""			(0, 305)	(70, 64)
push-button	LibreOffice Calc	""			(0, 373)	(70, 64)
push-button	LibreOffice Impress	""			(0, 441)	(70, 64)
push-button	GNU Image Manipulation Program	""			(0, 509)	(70, 64)
push-button	Files	""			(0, 577)	(70, 64)
push-button	Ubuntu Software	""			(0, 645)	(70, 64)
push-button	Help	""			(0, 713)	(70, 64)
push-button	Trash	""			(0, 784)	(70, 64)
toggle-button	Show Applications	""			(0, 915)	(70, 70)
menu	File	""			(70, 64)	(40, 25)
menu	Edit	""			(110, 64)	(43, 25)
menu	View	""			(153, 64)	(49, 25)
menu	Insert	""			(202, 64)	(55, 25)
menu	Format	""			(257, 64)	(66, 25)
menu	Styles	""			(323, 64)	(56, 25)
menu	Table	""			(379, 64)	(53, 25)
menu	Form	""			(432, 64)	(52, 25)
menu	Tools	""			(484, 64)	(52, 25)
menu	Window	""			(536, 64)	(70, 25)
menu	Help	""			(606, 64)	(47, 25)
menu	File	File			(70, 89)	(40, 21)
menu	Edit	Edit			(110, 89)	(43, 21)
menu	View	View			(153, 89)	(50, 21)
menu	Insert	Insert			(203, 89)	(56, 21)
menu	Format	Format			(259, 89)	(66, 21)
menu	Styles	Styles			(325, 89)	(56, 21)
menu	Table	Table			(381, 89)	(53, 21)
menu	Form	Form			(434, 89)	(52, 21)
menu	Tools	Tools			(486, 89)	(53, 21)
menu	Window	Window			(539, 89)	(73, 21)
menu	Help	Help			(612, 89)	(48, 21)
document-text	04 CHIN9505 EBook Purchasing info 2021 Jan - LibreOffice Document	""			(70, 271)	(1792, 693)
paragraph				Please find the E-book purchase option for your reference:  			(260, 470)	(1412, 33)
paragraph		How to use BLCUP eBook for PC 			(260, 503)	(1412, 64)
paragraph		Make payment for this eBook online. 			(260, 567)	(1412, 65)
paragraph		Enter User center (Your BLCUP ID. 			(260, 632)	(1412, 64)
paragraph		Download and install Windows eBook Reader (flipviewer) on your PC.			(260, 696)	(1412, 65)
paragraph		Enter User center (Your BLCUP ID.			(260, 761)	(1412, 65)
paragraph		Download eBook and input Subscription ID online to open the OPZ file.			(260, 826)	(1412, 64)
paragraph		Support Contact: service blcup.com			(260, 890)	(1412, 65)
paragraph		This product is protected by copyright. 			(260, 955)	(1412, 9)
scroll-bar	Vertical scroll bar	""			(1862, 247)	(12, 717)
toggle-button	Menu	""			(1874, 171)	(36, 34)
text		Help us make LibreOffice even better!			(111, 178)	(1611, 26)
push-button	Get involved	""			(1728, 170)	(117, 34)
text		Your donations support our worldwide community.			(111, 218)	(1645, 26)
push-button	Donate	""			(1762, 210)	(83, 34)
push-button	New	""			(74, 91)	(44, 35)
push-button	Open	""			(118, 91)	(44, 35)
push-button	Save	""			(162, 91)	(44, 35)
push-button	Export Directly as PDF	""			(214, 91)	(33, 35)
push-button	Print	""			(247, 91)	(33, 35)
toggle-button	Print Preview	""			(280, 91)	(33, 35)
push-button	Clone	""			(439, 91)	(33, 35)
push-button	Undo	""			(480, 91)	(44, 35)
toggle-button	Find and Replace	""			(576, 91)	(33, 35)
push-button	Spelling	""			(609, 91)	(33, 35)
toggle-button	Formatting Marks	""			(642, 91)	(33, 35)
push-button	Table	""			(683, 91)	(44, 35)
push-button	Image	""			(727, 91)	(33, 35)
push-button	Chart	""			(760, 91)	(33, 35)
push-button	Text Box	""			(793, 91)	(33, 35)
push-button	Page Break	""			(834, 91)	(33, 35)
push-button	Field	""			(867, 91)	(44, 35)
push-button	Symbol	""			(911, 91)	(44, 35)
toggle-button	Hyperlink	""			(963, 91)	(33, 35)
push-button	Footnote	""			(996, 91)	(33, 35)
push-button	Endnote	""			(1029, 91)	(33, 35)
push-button	Bookmark	""			(1062, 91)	(33, 35)
push-button	Cross-reference	""			(1095, 91)	(33, 35)
push-button	Comment	""			(1136, 91)	(33, 35)
toggle-button	Track Changes Functions	""			(1169, 91)	(33, 35)
push-button	Line	""			(1210, 91)	(33, 35)
push-button	Basic Shapes	""			(1243, 91)	(44, 35)
toggle-button	Draw Functions	""			(1287, 91)	(33, 35)
text		Normal (Web)			(74, 130)	(166, 34)
push-button	Update	""			(276, 130)	(33, 35)
push-button	New	""			(309, 130)	(33, 35)
text		Calibri			(350, 130)	(185, 34)
text		12 pt			(579, 130)	(65, 34)
toggle-button	Bold	""			(688, 130)	(33, 35)
toggle-button	Italic	""			(721, 130)	(33, 35)
push-button	Underline	""			(754, 130)	(44, 35)
toggle-button	Strikethrough	""			(798, 130)	(33, 35)
toggle-button	Superscript	""			(839, 130)	(33, 35)
toggle-button	Subscript	""			(872, 130)	(33, 35)
push-button	Clear	""			(913, 130)	(33, 35)
push-button	Font Color	""			(954, 130)	(44, 35)
push-button	Character Highlighting Color	""			(998, 130)	(44, 35)
toggle-button	Left	""			(1050, 130)	(33, 35)
toggle-button	Center	""			(1083, 130)	(33, 35)
toggle-button	Right	""			(1116, 130)	(33, 35)
toggle-button	Justified	""			(1149, 130)	(33, 35)
push-button	Unordered List	""			(1190, 130)	(44, 35)
push-button	Ordered List	""			(1234, 130)	(44, 35)
push-button	No List	""			(1278, 130)	(33, 35)
push-button	Increase	""			(1319, 130)	(33, 35)
push-button	Decrease	""			(1352, 130)	(33, 35)
push-button	Line Spacing	""			(1393, 130)	(44, 35)
push-button	Increase	""			(1437, 130)	(33, 35)
push-button	Decrease	""			(1470, 130)	(33, 35)
label		Page 1 of 1			(105, 966)	(258, 18)
label		71 words, 426 characters			(369, 966)	(342, 18)
label		Default Page Style			(717, 966)	(306, 18)
label		English (USA)			(1029, 966)	(276, 18)
label		173%			(1876, 966)	(38, 18)
Generating content with GPT model: o4-mini
RESPONSE: We’ve now defined a right-aligned tab stop on the ruler. The next step is to place the insertion point right after the third word in the paragraph and hit Tab so that the remainder of the text snaps to that right tab.

```python
import pyautogui, time

# 1) Click right after the third word ("How to use") in the second paragraph
pyautogui.click(460, 515)
time.sleep(0.2)

# 2) Press Tab to push the rest of the line to the right-aligned tab stop
pyautogui.press('tab')
```
LINEAR AT: tag	name	text	class	description	position (top-left x&y)	size (w&h)
label	Home	Home			(1833, 939)	(40, 17)
label	04 CHIN9505 EBook Purchasing info 2021 Jan.​docx	04 CHIN9505 EBook Purchasing info 2021 Jan.​docx			(1793, 819)	(120, 34)
menu	LibreOffice Writer	""			(99, 0)	(180, 27)
menu	System	""			(1814, 0)	(106, 27)
push-button	Chromium Web Browser	""			(0, 33)	(70, 64)
push-button	Thunderbird Mail	""			(0, 101)	(70, 64)
push-button	Visual Studio Code	""			(0, 169)	(70, 64)
push-button	VLC media player	""			(0, 237)	(70, 64)
push-button	LibreOffice Writer	""			(0, 305)	(70, 64)
push-button	LibreOffice Calc	""			(0, 373)	(70, 64)
push-button	LibreOffice Impress	""			(0, 441)	(70, 64)
push-button	GNU Image Manipulation Program	""			(0, 509)	(70, 64)
push-button	Files	""			(0, 577)	(70, 64)
push-button	Ubuntu Software	""			(0, 645)	(70, 64)
push-button	Help	""			(0, 713)	(70, 64)
push-button	Trash	""			(0, 784)	(70, 64)
toggle-button	Show Applications	""			(0, 915)	(70, 70)
menu	File	""			(70, 64)	(40, 25)
menu	Edit	""			(110, 64)	(43, 25)
menu	View	""			(153, 64)	(49, 25)
menu	Insert	""			(202, 64)	(55, 25)
menu	Format	""			(257, 64)	(66, 25)
menu	Styles	""			(323, 64)	(56, 25)
menu	Table	""			(379, 64)	(53, 25)
menu	Form	""			(432, 64)	(52, 25)
menu	Tools	""			(484, 64)	(52, 25)
menu	Window	""			(536, 64)	(70, 25)
menu	Help	""			(606, 64)	(47, 25)
menu	File	File			(70, 89)	(40, 21)
menu	Edit	Edit			(110, 89)	(43, 21)
menu	View	View			(153, 89)	(50, 21)
menu	Insert	Insert			(203, 89)	(56, 21)
menu	Format	Format			(259, 89)	(66, 21)
menu	Styles	Styles			(325, 89)	(56, 21)
menu	Table	Table			(381, 89)	(53, 21)
menu	Form	Form			(434, 89)	(52, 21)
menu	Tools	Tools			(486, 89)	(53, 21)
menu	Window	Window			(539, 89)	(73, 21)
menu	Help	Help			(612, 89)	(48, 21)
document-text	04 CHIN9505 EBook Purchasing info 2021 Jan - LibreOffice Document	""			(70, 271)	(1792, 693)
paragraph				Please find the E-book purchase option for your reference:  			(260, 470)	(1412, 33)
paragraph		Ho	w to use BLCUP eBook for PC 			(260, 503)	(1412, 64)
paragraph		Make payment for this eBook online. 			(260, 567)	(1412, 65)
paragraph		Enter User center (Your BLCUP ID. 			(260, 632)	(1412, 64)
paragraph		Download and install Windows eBook Reader (flipviewer) on your PC.			(260, 696)	(1412, 65)
paragraph		Enter User center (Your BLCUP ID.			(260, 761)	(1412, 65)
paragraph		Download eBook and input Subscription ID online to open the OPZ file.			(260, 826)	(1412, 64)
paragraph		Support Contact: service blcup.com			(260, 890)	(1412, 65)
paragraph		This product is protected by copyright. 			(260, 955)	(1412, 9)
scroll-bar	Vertical scroll bar	""			(1862, 247)	(12, 717)
toggle-button	Menu	""			(1874, 171)	(36, 34)
text		Help us make LibreOffice even better!			(111, 178)	(1611, 26)
push-button	Get involved	""			(1728, 170)	(117, 34)
text		Your donations support our worldwide community.			(111, 218)	(1645, 26)
push-button	Donate	""			(1762, 210)	(83, 34)
push-button	New	""			(74, 91)	(44, 35)
push-button	Open	""			(118, 91)	(44, 35)
push-button	Save	""			(162, 91)	(44, 35)
push-button	Export Directly as PDF	""			(214, 91)	(33, 35)
push-button	Print	""			(247, 91)	(33, 35)
toggle-button	Print Preview	""			(280, 91)	(33, 35)
push-button	Clone	""			(439, 91)	(33, 35)
push-button	Undo	""			(480, 91)	(44, 35)
toggle-button	Find and Replace	""			(576, 91)	(33, 35)
push-button	Spelling	""			(609, 91)	(33, 35)
toggle-button	Formatting Marks	""			(642, 91)	(33, 35)
push-button	Table	""			(683, 91)	(44, 35)
push-button	Image	""			(727, 91)	(33, 35)
push-button	Chart	""			(760, 91)	(33, 35)
push-button	Text Box	""			(793, 91)	(33, 35)
push-button	Page Break	""			(834, 91)	(33, 35)
push-button	Field	""			(867, 91)	(44, 35)
push-button	Symbol	""			(911, 91)	(44, 35)
toggle-button	Hyperlink	""			(963, 91)	(33, 35)
push-button	Footnote	""			(996, 91)	(33, 35)
push-button	Endnote	""			(1029, 91)	(33, 35)
push-button	Bookmark	""			(1062, 91)	(33, 35)
push-button	Cross-reference	""			(1095, 91)	(33, 35)
push-button	Comment	""			(1136, 91)	(33, 35)
toggle-button	Track Changes Functions	""			(1169, 91)	(33, 35)
push-button	Line	""			(1210, 91)	(33, 35)
push-button	Basic Shapes	""			(1243, 91)	(44, 35)
toggle-button	Draw Functions	""			(1287, 91)	(33, 35)
text		Normal (Web)			(74, 130)	(166, 34)
push-button	Update	""			(276, 130)	(33, 35)
push-button	New	""			(309, 130)	(33, 35)
text		Calibri			(350, 130)	(185, 34)
text		12 pt			(579, 130)	(65, 34)
toggle-button	Bold	""			(688, 130)	(33, 35)
toggle-button	Italic	""			(721, 130)	(33, 35)
push-button	Underline	""			(754, 130)	(44, 35)
toggle-button	Strikethrough	""			(798, 130)	(33, 35)
toggle-button	Superscript	""			(839, 130)	(33, 35)
toggle-button	Subscript	""			(872, 130)	(33, 35)
push-button	Clear	""			(913, 130)	(33, 35)
push-button	Font Color	""			(954, 130)	(44, 35)
push-button	Character Highlighting Color	""			(998, 130)	(44, 35)
toggle-button	Left	""			(1050, 130)	(33, 35)
toggle-button	Center	""			(1083, 130)	(33, 35)
toggle-button	Right	""			(1116, 130)	(33, 35)
toggle-button	Justified	""			(1149, 130)	(33, 35)
push-button	Unordered List	""			(1190, 130)	(44, 35)
push-button	Ordered List	""			(1234, 130)	(44, 35)
push-button	No List	""			(1278, 130)	(33, 35)
push-button	Increase	""			(1319, 130)	(33, 35)
push-button	Decrease	""			(1352, 130)	(33, 35)
push-button	Line Spacing	""			(1393, 130)	(44, 35)
push-button	Increase	""			(1437, 130)	(33, 35)
push-button	Decrease	""			(1470, 130)	(33, 35)
label		Page 1 of 1			(105, 966)	(258, 18)
label		72 words, 427 characters			(369, 966)	(342, 18)
label		Default Page Style			(717, 966)	(306, 18)
label		English (USA)			(1029, 966)	(276, 18)
label		173%			(1876, 966)	(38, 18)
Generating content with GPT model: o4-mini
RESPONSE: Reflection: The cursor was placed too early (between “Ho” and “w”), so the Tab only shifted the trailing “w…” left. We need to click immediately after the third word (“use”) and then hit Tab.

```python
import pyautogui, time

# 1) Place cursor right after "use" in the second paragraph
pyautogui.click(580, 515)
time.sleep(0.2)

# 2) Hit Tab to push the rest of the text to the right-aligned tab stop
pyautogui.press('tab')
```
LINEAR AT: tag	name	text	class	description	position (top-left x&y)	size (w&h)
label	Home	Home			(1833, 939)	(40, 17)
label	04 CHIN9505 EBook Purchasing info 2021 Jan.​docx	04 CHIN9505 EBook Purchasing info 2021 Jan.​docx			(1793, 819)	(120, 34)
menu	LibreOffice Writer	""			(99, 0)	(180, 27)
menu	System	""			(1814, 0)	(106, 27)
push-button	Chromium Web Browser	""			(0, 33)	(70, 64)
push-button	Thunderbird Mail	""			(0, 101)	(70, 64)
push-button	Visual Studio Code	""			(0, 169)	(70, 64)
push-button	VLC media player	""			(0, 237)	(70, 64)
push-button	LibreOffice Writer	""			(0, 305)	(70, 64)
push-button	LibreOffice Calc	""			(0, 373)	(70, 64)
push-button	LibreOffice Impress	""			(0, 441)	(70, 64)
push-button	GNU Image Manipulation Program	""			(0, 509)	(70, 64)
push-button	Files	""			(0, 577)	(70, 64)
push-button	Ubuntu Software	""			(0, 645)	(70, 64)
push-button	Help	""			(0, 713)	(70, 64)
push-button	Trash	""			(0, 784)	(70, 64)
toggle-button	Show Applications	""			(0, 915)	(70, 70)
menu	File	""			(70, 64)	(40, 25)
menu	Edit	""			(110, 64)	(43, 25)
menu	View	""			(153, 64)	(49, 25)
menu	Insert	""			(202, 64)	(55, 25)
menu	Format	""			(257, 64)	(66, 25)
menu	Styles	""			(323, 64)	(56, 25)
menu	Table	""			(379, 64)	(53, 25)
menu	Form	""			(432, 64)	(52, 25)
menu	Tools	""			(484, 64)	(52, 25)
menu	Window	""			(536, 64)	(70, 25)
menu	Help	""			(606, 64)	(47, 25)
menu	File	File			(70, 89)	(40, 21)
menu	Edit	Edit			(110, 89)	(43, 21)
menu	View	View			(153, 89)	(50, 21)
menu	Insert	Insert			(203, 89)	(56, 21)
menu	Format	Format			(259, 89)	(66, 21)
menu	Styles	Styles			(325, 89)	(56, 21)
menu	Table	Table			(381, 89)	(53, 21)
menu	Form	Form			(434, 89)	(52, 21)
menu	Tools	Tools			(486, 89)	(53, 21)
menu	Window	Window			(539, 89)	(73, 21)
menu	Help	Help			(612, 89)	(48, 21)
document-text	04 CHIN9505 EBook Purchasing info 2021 Jan - LibreOffice Document	""			(70, 271)	(1792, 693)
paragraph				Please find the E-book purchase option for your reference:  			(260, 470)	(1412, 33)
paragraph		Ho	w to 	use BLCUP eBook for PC 			(260, 503)	(1412, 64)
paragraph		Make payment for this eBook online. 			(260, 567)	(1412, 65)
paragraph		Enter User center (Your BLCUP ID. 			(260, 632)	(1412, 64)
paragraph		Download and install Windows eBook Reader (flipviewer) on your PC.			(260, 696)	(1412, 65)
paragraph		Enter User center (Your BLCUP ID.			(260, 761)	(1412, 65)
paragraph		Download eBook and input Subscription ID online to open the OPZ file.			(260, 826)	(1412, 64)
paragraph		Support Contact: service blcup.com			(260, 890)	(1412, 65)
paragraph		This product is protected by copyright. 			(260, 955)	(1412, 9)
scroll-bar	Vertical scroll bar	""			(1862, 247)	(12, 717)
toggle-button	Menu	""			(1874, 171)	(36, 34)
text		Help us make LibreOffice even better!			(111, 178)	(1611, 26)
push-button	Get involved	""			(1728, 170)	(117, 34)
text		Your donations support our worldwide community.			(111, 218)	(1645, 26)
push-button	Donate	""			(1762, 210)	(83, 34)
push-button	New	""			(74, 91)	(44, 35)
push-button	Open	""			(118, 91)	(44, 35)
push-button	Save	""			(162, 91)	(44, 35)
push-button	Export Directly as PDF	""			(214, 91)	(33, 35)
push-button	Print	""			(247, 91)	(33, 35)
toggle-button	Print Preview	""			(280, 91)	(33, 35)
push-button	Clone	""			(439, 91)	(33, 35)
push-button	Undo	""			(480, 91)	(44, 35)
toggle-button	Find and Replace	""			(576, 91)	(33, 35)
push-button	Spelling	""			(609, 91)	(33, 35)
toggle-button	Formatting Marks	""			(642, 91)	(33, 35)
push-button	Table	""			(683, 91)	(44, 35)
push-button	Image	""			(727, 91)	(33, 35)
push-button	Chart	""			(760, 91)	(33, 35)
push-button	Text Box	""			(793, 91)	(33, 35)
push-button	Page Break	""			(834, 91)	(33, 35)
push-button	Field	""			(867, 91)	(44, 35)
push-button	Symbol	""			(911, 91)	(44, 35)
toggle-button	Hyperlink	""			(963, 91)	(33, 35)
push-button	Footnote	""			(996, 91)	(33, 35)
push-button	Endnote	""			(1029, 91)	(33, 35)
push-button	Bookmark	""			(1062, 91)	(33, 35)
push-button	Cross-reference	""			(1095, 91)	(33, 35)
push-button	Comment	""			(1136, 91)	(33, 35)
toggle-button	Track Changes Functions	""			(1169, 91)	(33, 35)
push-button	Line	""			(1210, 91)	(33, 35)
push-button	Basic Shapes	""			(1243, 91)	(44, 35)
toggle-button	Draw Functions	""			(1287, 91)	(33, 35)
text		Normal (Web)			(74, 130)	(166, 34)
push-button	Update	""			(276, 130)	(33, 35)
push-button	New	""			(309, 130)	(33, 35)
text		Calibri			(350, 130)	(185, 34)
text		12 pt			(579, 130)	(65, 34)
toggle-button	Bold	""			(688, 130)	(33, 35)
toggle-button	Italic	""			(721, 130)	(33, 35)
push-button	Underline	""			(754, 130)	(44, 35)
toggle-button	Strikethrough	""			(798, 130)	(33, 35)
toggle-button	Superscript	""			(839, 130)	(33, 35)
toggle-button	Subscript	""			(872, 130)	(33, 35)
push-button	Clear	""			(913, 130)	(33, 35)
push-button	Font Color	""			(954, 130)	(44, 35)
push-button	Character Highlighting Color	""			(998, 130)	(44, 35)
toggle-button	Left	""			(1050, 130)	(33, 35)
toggle-button	Center	""			(1083, 130)	(33, 35)
toggle-button	Right	""			(1116, 130)	(33, 35)
toggle-button	Justified	""			(1149, 130)	(33, 35)
push-button	Unordered List	""			(1190, 130)	(44, 35)
push-button	Ordered List	""			(1234, 130)	(44, 35)
push-button	No List	""			(1278, 130)	(33, 35)
push-button	Increase	""			(1319, 130)	(33, 35)
push-button	Decrease	""			(1352, 130)	(33, 35)
push-button	Line Spacing	""			(1393, 130)	(44, 35)
push-button	Increase	""			(1437, 130)	(33, 35)
push-button	Decrease	""			(1470, 130)	(33, 35)
label		Page 1 of 1			(105, 966)	(258, 18)
label		72 words, 428 characters			(369, 966)	(342, 18)
label		Default Page Style			(717, 966)	(306, 18)
label		English (USA)			(1029, 966)	(276, 18)
label		173%			(1876, 966)	(38, 18)
Generating content with GPT model: o4-mini
RESPONSE: We now need to repeat the same for the first sentence.  Place the cursor right after “Please find the” and hit Tab so that “E-book purchase option…” jumps to the right tab stop:

```python
import pyautogui, time

# 1) Click immediately after "Please find the" in the first paragraph
pyautogui.click(640, 478)
time.sleep(0.2)

# 2) Press Tab to align the rest of the line at the right tab stop
pyautogui.press('tab')
```
LINEAR AT: tag	name	text	class	description	position (top-left x&y)	size (w&h)
label	Home	Home			(1833, 939)	(40, 17)
label	04 CHIN9505 EBook Purchasing info 2021 Jan.​docx	04 CHIN9505 EBook Purchasing info 2021 Jan.​docx			(1793, 819)	(120, 34)
menu	LibreOffice Writer	""			(99, 0)	(180, 27)
menu	System	""			(1814, 0)	(106, 27)
push-button	Chromium Web Browser	""			(0, 33)	(70, 64)
push-button	Thunderbird Mail	""			(0, 101)	(70, 64)
push-button	Visual Studio Code	""			(0, 169)	(70, 64)
push-button	VLC media player	""			(0, 237)	(70, 64)
push-button	LibreOffice Writer	""			(0, 305)	(70, 64)
push-button	LibreOffice Calc	""			(0, 373)	(70, 64)
push-button	LibreOffice Impress	""			(0, 441)	(70, 64)
push-button	GNU Image Manipulation Program	""			(0, 509)	(70, 64)
push-button	Files	""			(0, 577)	(70, 64)
push-button	Ubuntu Software	""			(0, 645)	(70, 64)
push-button	Help	""			(0, 713)	(70, 64)
push-button	Trash	""			(0, 784)	(70, 64)
toggle-button	Show Applications	""			(0, 915)	(70, 70)
menu	File	""			(70, 64)	(40, 25)
menu	Edit	""			(110, 64)	(43, 25)
menu	View	""			(153, 64)	(49, 25)
menu	Insert	""			(202, 64)	(55, 25)
menu	Format	""			(257, 64)	(66, 25)
menu	Styles	""			(323, 64)	(56, 25)
menu	Table	""			(379, 64)	(53, 25)
menu	Form	""			(432, 64)	(52, 25)
menu	Tools	""			(484, 64)	(52, 25)
menu	Window	""			(536, 64)	(70, 25)
menu	Help	""			(606, 64)	(47, 25)
menu	File	File			(70, 89)	(40, 21)
menu	Edit	Edit			(110, 89)	(43, 21)
menu	View	View			(153, 89)	(50, 21)
menu	Insert	Insert			(203, 89)	(56, 21)
menu	Format	Format			(259, 89)	(66, 21)
menu	Styles	Styles			(325, 89)	(56, 21)
menu	Table	Table			(381, 89)	(53, 21)
menu	Form	Form			(434, 89)	(52, 21)
menu	Tools	Tools			(486, 89)	(53, 21)
menu	Window	Window			(539, 89)	(73, 21)
menu	Help	Help			(612, 89)	(48, 21)
document-text	04 CHIN9505 EBook Purchasing info 2021 Jan - LibreOffice Document	""			(70, 271)	(1792, 693)
paragraph				Ple	ase find the E-book purchase option for your reference:  			(260, 470)	(1412, 33)
paragraph		Ho	w to 	use BLCUP eBook for PC 			(260, 503)	(1412, 64)
paragraph		Make payment for this eBook online. 			(260, 567)	(1412, 65)
paragraph		Enter User center (Your BLCUP ID. 			(260, 632)	(1412, 64)
paragraph		Download and install Windows eBook Reader (flipviewer) on your PC.			(260, 696)	(1412, 65)
paragraph		Enter User center (Your BLCUP ID.			(260, 761)	(1412, 65)
paragraph		Download eBook and input Subscription ID online to open the OPZ file.			(260, 826)	(1412, 64)
paragraph		Support Contact: service blcup.com			(260, 890)	(1412, 65)
paragraph		This product is protected by copyright. 			(260, 955)	(1412, 9)
scroll-bar	Vertical scroll bar	""			(1862, 247)	(12, 717)
toggle-button	Menu	""			(1874, 171)	(36, 34)
text		Help us make LibreOffice even better!			(111, 178)	(1611, 26)
push-button	Get involved	""			(1728, 170)	(117, 34)
text		Your donations support our worldwide community.			(111, 218)	(1645, 26)
push-button	Donate	""			(1762, 210)	(83, 34)
push-button	New	""			(74, 91)	(44, 35)
push-button	Open	""			(118, 91)	(44, 35)
push-button	Save	""			(162, 91)	(44, 35)
push-button	Export Directly as PDF	""			(214, 91)	(33, 35)
push-button	Print	""			(247, 91)	(33, 35)
toggle-button	Print Preview	""			(280, 91)	(33, 35)
push-button	Clone	""			(439, 91)	(33, 35)
push-button	Undo	""			(480, 91)	(44, 35)
toggle-button	Find and Replace	""			(576, 91)	(33, 35)
push-button	Spelling	""			(609, 91)	(33, 35)
toggle-button	Formatting Marks	""			(642, 91)	(33, 35)
push-button	Table	""			(683, 91)	(44, 35)
push-button	Image	""			(727, 91)	(33, 35)
push-button	Chart	""			(760, 91)	(33, 35)
push-button	Text Box	""			(793, 91)	(33, 35)
push-button	Page Break	""			(834, 91)	(33, 35)
push-button	Field	""			(867, 91)	(44, 35)
push-button	Symbol	""			(911, 91)	(44, 35)
toggle-button	Hyperlink	""			(963, 91)	(33, 35)
push-button	Footnote	""			(996, 91)	(33, 35)
push-button	Endnote	""			(1029, 91)	(33, 35)
push-button	Bookmark	""			(1062, 91)	(33, 35)
push-button	Cross-reference	""			(1095, 91)	(33, 35)
push-button	Comment	""			(1136, 91)	(33, 35)
toggle-button	Track Changes Functions	""			(1169, 91)	(33, 35)
push-button	Line	""			(1210, 91)	(33, 35)
push-button	Basic Shapes	""			(1243, 91)	(44, 35)
toggle-button	Draw Functions	""			(1287, 91)	(33, 35)
text		Normal (Web)			(74, 130)	(166, 34)
push-button	Update	""			(276, 130)	(33, 35)
push-button	New	""			(309, 130)	(33, 35)
text		Calibri			(350, 130)	(185, 34)
text		12 pt			(579, 130)	(65, 34)
toggle-button	Bold	""			(688, 130)	(33, 35)
toggle-button	Italic	""			(721, 130)	(33, 35)
push-button	Underline	""			(754, 130)	(44, 35)
toggle-button	Strikethrough	""			(798, 130)	(33, 35)
toggle-button	Superscript	""			(839, 130)	(33, 35)
toggle-button	Subscript	""			(872, 130)	(33, 35)
push-button	Clear	""			(913, 130)	(33, 35)
push-button	Font Color	""			(954, 130)	(44, 35)
push-button	Character Highlighting Color	""			(998, 130)	(44, 35)
toggle-button	Left	""			(1050, 130)	(33, 35)
toggle-button	Center	""			(1083, 130)	(33, 35)
toggle-button	Right	""			(1116, 130)	(33, 35)
toggle-button	Justified	""			(1149, 130)	(33, 35)
push-button	Unordered List	""			(1190, 130)	(44, 35)
push-button	Ordered List	""			(1234, 130)	(44, 35)
push-button	No List	""			(1278, 130)	(33, 35)
push-button	Increase	""			(1319, 130)	(33, 35)
push-button	Decrease	""			(1352, 130)	(33, 35)
push-button	Line Spacing	""			(1393, 130)	(44, 35)
push-button	Increase	""			(1437, 130)	(33, 35)
push-button	Decrease	""			(1470, 130)	(33, 35)
label		Page 1 of 1			(105, 966)	(258, 18)
label		73 words, 429 characters			(369, 966)	(342, 18)
label		Default Page Style			(717, 966)	(306, 18)
label		English (USA)			(1029, 966)	(276, 18)
label		173%			(1876, 966)	(38, 18)
Generating content with GPT model: o4-mini
RESPONSE: We’ve landed the insertion point too far left (“Ple​ ase” split). We need to click immediately after the third word “the” in the first sentence and then press Tab so that “E-book purchase option…” jumps to the right tab stop.

```python
import pyautogui, time

# 1) Click right after "the" in the first paragraph
pyautogui.click(360, 485)
time.sleep(0.2)

# 2) Press Tab to move the rest of the line to the right-aligned tab stop
pyautogui.press('tab')
```
LINEAR AT: tag	name	text	class	description	position (top-left x&y)	size (w&h)
label	Home	Home			(1833, 939)	(40, 17)
label	04 CHIN9505 EBook Purchasing info 2021 Jan.​docx	04 CHIN9505 EBook Purchasing info 2021 Jan.​docx			(1793, 819)	(120, 34)
menu	LibreOffice Writer	""			(99, 0)	(180, 27)
menu	System	""			(1814, 0)	(106, 27)
push-button	Chromium Web Browser	""			(0, 33)	(70, 64)
push-button	Thunderbird Mail	""			(0, 101)	(70, 64)
push-button	Visual Studio Code	""			(0, 169)	(70, 64)
push-button	VLC media player	""			(0, 237)	(70, 64)
push-button	LibreOffice Writer	""			(0, 305)	(70, 64)
push-button	LibreOffice Calc	""			(0, 373)	(70, 64)
push-button	LibreOffice Impress	""			(0, 441)	(70, 64)
push-button	GNU Image Manipulation Program	""			(0, 509)	(70, 64)
push-button	Files	""			(0, 577)	(70, 64)
push-button	Ubuntu Software	""			(0, 645)	(70, 64)
push-button	Help	""			(0, 713)	(70, 64)
push-button	Trash	""			(0, 784)	(70, 64)
toggle-button	Show Applications	""			(0, 915)	(70, 70)
menu	File	""			(70, 64)	(40, 25)
menu	Edit	""			(110, 64)	(43, 25)
menu	View	""			(153, 64)	(49, 25)
menu	Insert	""			(202, 64)	(55, 25)
menu	Format	""			(257, 64)	(66, 25)
menu	Styles	""			(323, 64)	(56, 25)
menu	Table	""			(379, 64)	(53, 25)
menu	Form	""			(432, 64)	(52, 25)
menu	Tools	""			(484, 64)	(52, 25)
menu	Window	""			(536, 64)	(70, 25)
menu	Help	""			(606, 64)	(47, 25)
menu	File	File			(70, 89)	(40, 21)
menu	Edit	Edit			(110, 89)	(43, 21)
menu	View	View			(153, 89)	(50, 21)
menu	Insert	Insert			(203, 89)	(56, 21)
menu	Format	Format			(259, 89)	(66, 21)
menu	Styles	Styles			(325, 89)	(56, 21)
menu	Table	Table			(381, 89)	(53, 21)
menu	Form	Form			(434, 89)	(52, 21)
menu	Tools	Tools			(486, 89)	(53, 21)
menu	Window	Window			(539, 89)	(73, 21)
menu	Help	Help			(612, 89)	(48, 21)
document-text	04 CHIN9505 EBook Purchasing info 2021 Jan - LibreOffice Document	""			(70, 271)	(1792, 693)
paragraph					Ple	ase find the E-book purchase option for your reference:  			(260, 470)	(1412, 65)
paragraph		Ho	w to 	use BLCUP eBook for PC 			(260, 535)	(1412, 64)
paragraph		Make payment for this eBook online. 			(260, 599)	(1412, 65)
paragraph		Enter User center (Your BLCUP ID. 			(260, 664)	(1412, 65)
paragraph		Download and install Windows eBook Reader (flipviewer) on your PC.			(260, 729)	(1412, 64)
paragraph		Enter User center (Your BLCUP ID.			(260, 793)	(1412, 65)
paragraph		Download eBook and input Subscription ID online to open the OPZ file.			(260, 858)	(1412, 64)
paragraph		Support Contact: service blcup.com			(260, 922)	(1412, 42)
scroll-bar	Vertical scroll bar	""			(1862, 247)	(12, 717)
toggle-button	Menu	""			(1874, 171)	(36, 34)
text		Help us make LibreOffice even better!			(111, 178)	(1611, 26)
push-button	Get involved	""			(1728, 170)	(117, 34)
text		Your donations support our worldwide community.			(111, 218)	(1645, 26)
push-button	Donate	""			(1762, 210)	(83, 34)
push-button	New	""			(74, 91)	(44, 35)
push-button	Open	""			(118, 91)	(44, 35)
push-button	Save	""			(162, 91)	(44, 35)
push-button	Export Directly as PDF	""			(214, 91)	(33, 35)
push-button	Print	""			(247, 91)	(33, 35)
toggle-button	Print Preview	""			(280, 91)	(33, 35)
push-button	Clone	""			(439, 91)	(33, 35)
push-button	Undo	""			(480, 91)	(44, 35)
toggle-button	Find and Replace	""			(576, 91)	(33, 35)
push-button	Spelling	""			(609, 91)	(33, 35)
toggle-button	Formatting Marks	""			(642, 91)	(33, 35)
push-button	Table	""			(683, 91)	(44, 35)
push-button	Image	""			(727, 91)	(33, 35)
push-button	Chart	""			(760, 91)	(33, 35)
push-button	Text Box	""			(793, 91)	(33, 35)
push-button	Page Break	""			(834, 91)	(33, 35)
push-button	Field	""			(867, 91)	(44, 35)
push-button	Symbol	""			(911, 91)	(44, 35)
toggle-button	Hyperlink	""			(963, 91)	(33, 35)
push-button	Footnote	""			(996, 91)	(33, 35)
push-button	Endnote	""			(1029, 91)	(33, 35)
push-button	Bookmark	""			(1062, 91)	(33, 35)
push-button	Cross-reference	""			(1095, 91)	(33, 35)
push-button	Comment	""			(1136, 91)	(33, 35)
toggle-button	Track Changes Functions	""			(1169, 91)	(33, 35)
push-button	Line	""			(1210, 91)	(33, 35)
push-button	Basic Shapes	""			(1243, 91)	(44, 35)
toggle-button	Draw Functions	""			(1287, 91)	(33, 35)
text		Normal (Web)			(74, 130)	(166, 34)
push-button	Update	""			(276, 130)	(33, 35)
push-button	New	""			(309, 130)	(33, 35)
text		Calibri			(350, 130)	(185, 34)
text		12 pt			(579, 130)	(65, 34)
toggle-button	Bold	""			(688, 130)	(33, 35)
toggle-button	Italic	""			(721, 130)	(33, 35)
push-button	Underline	""			(754, 130)	(44, 35)
toggle-button	Strikethrough	""			(798, 130)	(33, 35)
toggle-button	Superscript	""			(839, 130)	(33, 35)
toggle-button	Subscript	""			(872, 130)	(33, 35)
push-button	Clear	""			(913, 130)	(33, 35)
push-button	Font Color	""			(954, 130)	(44, 35)
push-button	Character Highlighting Color	""			(998, 130)	(44, 35)
toggle-button	Left	""			(1050, 130)	(33, 35)
toggle-button	Center	""			(1083, 130)	(33, 35)
toggle-button	Right	""			(1116, 130)	(33, 35)
toggle-button	Justified	""			(1149, 130)	(33, 35)
push-button	Unordered List	""			(1190, 130)	(44, 35)
push-button	Ordered List	""			(1234, 130)	(44, 35)
push-button	No List	""			(1278, 130)	(33, 35)
push-button	Increase	""			(1319, 130)	(33, 35)
push-button	Decrease	""			(1352, 130)	(33, 35)
push-button	Line Spacing	""			(1393, 130)	(44, 35)
push-button	Increase	""			(1437, 130)	(33, 35)
push-button	Decrease	""			(1470, 130)	(33, 35)
label		Page 1 of 1			(105, 966)	(258, 18)
label		73 words, 430 characters			(369, 966)	(342, 18)
label		Default Page Style			(717, 966)	(306, 18)
label		English (USA)			(1029, 966)	(276, 18)
label		173%			(1876, 966)	(38, 18)
Generating content with GPT model: o4-mini
RESPONSE: Reflection: The insertion point is still too far left (it lands inside “Ple​ase”). We must click immediately after “the” (just before “E-book”)—much farther right—and then press Tab.

```python
import pyautogui, time

# 1) Click right after "the" in the first sentence (just before "E-book")
pyautogui.click(650, 485)
time.sleep(0.2)

# 2) Press Tab to send the remainder of the line to the right tab stop
pyautogui.press('tab')
```
LINEAR AT: tag	name	text	class	description	position (top-left x&y)	size (w&h)
label	Home	Home			(1833, 939)	(40, 17)
label	04 CHIN9505 EBook Purchasing info 2021 Jan.​docx	04 CHIN9505 EBook Purchasing info 2021 Jan.​docx			(1793, 819)	(120, 34)
menu	LibreOffice Writer	""			(99, 0)	(180, 27)
menu	System	""			(1814, 0)	(106, 27)
push-button	Chromium Web Browser	""			(0, 33)	(70, 64)
push-button	Thunderbird Mail	""			(0, 101)	(70, 64)
push-button	Visual Studio Code	""			(0, 169)	(70, 64)
push-button	VLC media player	""			(0, 237)	(70, 64)
push-button	LibreOffice Writer	""			(0, 305)	(70, 64)
push-button	LibreOffice Calc	""			(0, 373)	(70, 64)
push-button	LibreOffice Impress	""			(0, 441)	(70, 64)
push-button	GNU Image Manipulation Program	""			(0, 509)	(70, 64)
push-button	Files	""			(0, 577)	(70, 64)
push-button	Ubuntu Software	""			(0, 645)	(70, 64)
push-button	Help	""			(0, 713)	(70, 64)
push-button	Trash	""			(0, 784)	(70, 64)
toggle-button	Show Applications	""			(0, 915)	(70, 70)
menu	File	""			(70, 64)	(40, 25)
menu	Edit	""			(110, 64)	(43, 25)
menu	View	""			(153, 64)	(49, 25)
menu	Insert	""			(202, 64)	(55, 25)
menu	Format	""			(257, 64)	(66, 25)
menu	Styles	""			(323, 64)	(56, 25)
menu	Table	""			(379, 64)	(53, 25)
menu	Form	""			(432, 64)	(52, 25)
menu	Tools	""			(484, 64)	(52, 25)
menu	Window	""			(536, 64)	(70, 25)
menu	Help	""			(606, 64)	(47, 25)
menu	File	File			(70, 89)	(40, 21)
menu	Edit	Edit			(110, 89)	(43, 21)
menu	View	View			(153, 89)	(50, 21)
menu	Insert	Insert			(203, 89)	(56, 21)
menu	Format	Format			(259, 89)	(66, 21)
menu	Styles	Styles			(325, 89)	(56, 21)
menu	Table	Table			(381, 89)	(53, 21)
menu	Form	Form			(434, 89)	(52, 21)
menu	Tools	Tools			(486, 89)	(53, 21)
menu	Window	Window			(539, 89)	(73, 21)
menu	Help	Help			(612, 89)	(48, 21)
document-text	04 CHIN9505 EBook Purchasing info 2021 Jan - LibreOffice Document	""			(70, 271)	(1792, 693)
paragraph						Ple	ase find the E-book purchase option for your reference:  			(260, 470)	(1412, 65)
paragraph		Ho	w to 	use BLCUP eBook for PC 			(260, 535)	(1412, 64)
paragraph		Make payment for this eBook online. 			(260, 599)	(1412, 65)
paragraph		Enter User center (Your BLCUP ID. 			(260, 664)	(1412, 65)
paragraph		Download and install Windows eBook Reader (flipviewer) on your PC.			(260, 729)	(1412, 64)
paragraph		Enter User center (Your BLCUP ID.			(260, 793)	(1412, 65)
paragraph		Download eBook and input Subscription ID online to open the OPZ file.			(260, 858)	(1412, 64)
paragraph		Support Contact: service blcup.com			(260, 922)	(1412, 42)
scroll-bar	Vertical scroll bar	""			(1862, 247)	(12, 717)
toggle-button	Menu	""			(1874, 171)	(36, 34)
text		Help us make LibreOffice even better!			(111, 178)	(1611, 26)
push-button	Get involved	""			(1728, 170)	(117, 34)
text		Your donations support our worldwide community.			(111, 218)	(1645, 26)
push-button	Donate	""			(1762, 210)	(83, 34)
push-button	New	""			(74, 91)	(44, 35)
push-button	Open	""			(118, 91)	(44, 35)
push-button	Save	""			(162, 91)	(44, 35)
push-button	Export Directly as PDF	""			(214, 91)	(33, 35)
push-button	Print	""			(247, 91)	(33, 35)
toggle-button	Print Preview	""			(280, 91)	(33, 35)
push-button	Clone	""			(439, 91)	(33, 35)
push-button	Undo	""			(480, 91)	(44, 35)
toggle-button	Find and Replace	""			(576, 91)	(33, 35)
push-button	Spelling	""			(609, 91)	(33, 35)
toggle-button	Formatting Marks	""			(642, 91)	(33, 35)
push-button	Table	""			(683, 91)	(44, 35)
push-button	Image	""			(727, 91)	(33, 35)
push-button	Chart	""			(760, 91)	(33, 35)
push-button	Text Box	""			(793, 91)	(33, 35)
push-button	Page Break	""			(834, 91)	(33, 35)
push-button	Field	""			(867, 91)	(44, 35)
push-button	Symbol	""			(911, 91)	(44, 35)
toggle-button	Hyperlink	""			(963, 91)	(33, 35)
push-button	Footnote	""			(996, 91)	(33, 35)
push-button	Endnote	""			(1029, 91)	(33, 35)
push-button	Bookmark	""			(1062, 91)	(33, 35)
push-button	Cross-reference	""			(1095, 91)	(33, 35)
push-button	Comment	""			(1136, 91)	(33, 35)
toggle-button	Track Changes Functions	""			(1169, 91)	(33, 35)
push-button	Line	""			(1210, 91)	(33, 35)
push-button	Basic Shapes	""			(1243, 91)	(44, 35)
toggle-button	Draw Functions	""			(1287, 91)	(33, 35)
text		Normal (Web)			(74, 130)	(166, 34)
push-button	Update	""			(276, 130)	(33, 35)
push-button	New	""			(309, 130)	(33, 35)
text		Calibri			(350, 130)	(185, 34)
text		12 pt			(579, 130)	(65, 34)
toggle-button	Bold	""			(688, 130)	(33, 35)
toggle-button	Italic	""			(721, 130)	(33, 35)
push-button	Underline	""			(754, 130)	(44, 35)
toggle-button	Strikethrough	""			(798, 130)	(33, 35)
toggle-button	Superscript	""			(839, 130)	(33, 35)
toggle-button	Subscript	""			(872, 130)	(33, 35)
push-button	Clear	""			(913, 130)	(33, 35)
push-button	Font Color	""			(954, 130)	(44, 35)
push-button	Character Highlighting Color	""			(998, 130)	(44, 35)
toggle-button	Left	""			(1050, 130)	(33, 35)
toggle-button	Center	""			(1083, 130)	(33, 35)
toggle-button	Right	""			(1116, 130)	(33, 35)
toggle-button	Justified	""			(1149, 130)	(33, 35)
push-button	Unordered List	""			(1190, 130)	(44, 35)
push-button	Ordered List	""			(1234, 130)	(44, 35)
push-button	No List	""			(1278, 130)	(33, 35)
push-button	Increase	""			(1319, 130)	(33, 35)
push-button	Decrease	""			(1352, 130)	(33, 35)
push-button	Line Spacing	""			(1393, 130)	(44, 35)
push-button	Increase	""			(1437, 130)	(33, 35)
push-button	Decrease	""			(1470, 130)	(33, 35)
label		Page 1 of 1			(105, 966)	(258, 18)
label		73 words, 431 characters			(369, 966)	(342, 18)
label		Default Page Style			(717, 966)	(306, 18)
label		English (USA)			(1029, 966)	(276, 18)
label		173%			(1876, 966)	(38, 18)
Generating content with GPT model: o4-mini
RESPONSE: Reflection: The cursor is still landing before “Please,” so our click is too far left. We need to click in the gap just after “the” (between “the” and “E-book”), then hit Tab to send the rest right.

```python
import pyautogui, time

# 1) Click just after "the" in the first sentence (between "the" and "E-book")
pyautogui.click(760, 485)
time.sleep(0.2)

# 2) Press Tab to move "E-book purchase option…" to the right-aligned tab stop
pyautogui.press('tab')
```
LINEAR AT: tag	name	text	class	description	position (top-left x&y)	size (w&h)
label	Home	Home			(1833, 939)	(40, 17)
label	04 CHIN9505 EBook Purchasing info 2021 Jan.​docx	04 CHIN9505 EBook Purchasing info 2021 Jan.​docx			(1793, 819)	(120, 34)
menu	LibreOffice Writer	""			(99, 0)	(180, 27)
menu	System	""			(1814, 0)	(106, 27)
push-button	Chromium Web Browser	""			(0, 33)	(70, 64)
push-button	Thunderbird Mail	""			(0, 101)	(70, 64)
push-button	Visual Studio Code	""			(0, 169)	(70, 64)
push-button	VLC media player	""			(0, 237)	(70, 64)
push-button	LibreOffice Writer	""			(0, 305)	(70, 64)
push-button	LibreOffice Calc	""			(0, 373)	(70, 64)
push-button	LibreOffice Impress	""			(0, 441)	(70, 64)
push-button	GNU Image Manipulation Program	""			(0, 509)	(70, 64)
push-button	Files	""			(0, 577)	(70, 64)
push-button	Ubuntu Software	""			(0, 645)	(70, 64)
push-button	Help	""			(0, 713)	(70, 64)
push-button	Trash	""			(0, 784)	(70, 64)
toggle-button	Show Applications	""			(0, 915)	(70, 70)
menu	File	""			(70, 64)	(40, 25)
menu	Edit	""			(110, 64)	(43, 25)
menu	View	""			(153, 64)	(49, 25)
menu	Insert	""			(202, 64)	(55, 25)
menu	Format	""			(257, 64)	(66, 25)
menu	Styles	""			(323, 64)	(56, 25)
menu	Table	""			(379, 64)	(53, 25)
menu	Form	""			(432, 64)	(52, 25)
menu	Tools	""			(484, 64)	(52, 25)
menu	Window	""			(536, 64)	(70, 25)
menu	Help	""			(606, 64)	(47, 25)
menu	File	File			(70, 89)	(40, 21)
menu	Edit	Edit			(110, 89)	(43, 21)
menu	View	View			(153, 89)	(50, 21)
menu	Insert	Insert			(203, 89)	(56, 21)
menu	Format	Format			(259, 89)	(66, 21)
menu	Styles	Styles			(325, 89)	(56, 21)
menu	Table	Table			(381, 89)	(53, 21)
menu	Form	Form			(434, 89)	(52, 21)
menu	Tools	Tools			(486, 89)	(53, 21)
menu	Window	Window			(539, 89)	(73, 21)
menu	Help	Help			(612, 89)	(48, 21)
document-text	04 CHIN9505 EBook Purchasing info 2021 Jan - LibreOffice Document	""			(70, 271)	(1792, 693)
paragraph							Ple	ase find the E-book purchase option for your reference:  			(260, 470)	(1412, 65)
paragraph		Ho	w to 	use BLCUP eBook for PC 			(260, 535)	(1412, 64)
paragraph		Make payment for this eBook online. 			(260, 599)	(1412, 65)
paragraph		Enter User center (Your BLCUP ID. 			(260, 664)	(1412, 65)
paragraph		Download and install Windows eBook Reader (flipviewer) on your PC.			(260, 729)	(1412, 64)
paragraph		Enter User center (Your BLCUP ID.			(260, 793)	(1412, 65)
paragraph		Download eBook and input Subscription ID online to open the OPZ file.			(260, 858)	(1412, 64)
paragraph		Support Contact: service blcup.com			(260, 922)	(1412, 42)
scroll-bar	Vertical scroll bar	""			(1862, 247)	(12, 717)
toggle-button	Menu	""			(1874, 171)	(36, 34)
text		Help us make LibreOffice even better!			(111, 178)	(1611, 26)
push-button	Get involved	""			(1728, 170)	(117, 34)
text		Your donations support our worldwide community.			(111, 218)	(1645, 26)
push-button	Donate	""			(1762, 210)	(83, 34)
push-button	New	""			(74, 91)	(44, 35)
push-button	Open	""			(118, 91)	(44, 35)
push-button	Save	""			(162, 91)	(44, 35)
push-button	Export Directly as PDF	""			(214, 91)	(33, 35)
push-button	Print	""			(247, 91)	(33, 35)
toggle-button	Print Preview	""			(280, 91)	(33, 35)
push-button	Clone	""			(439, 91)	(33, 35)
push-button	Undo	""			(480, 91)	(44, 35)
toggle-button	Find and Replace	""			(576, 91)	(33, 35)
push-button	Spelling	""			(609, 91)	(33, 35)
toggle-button	Formatting Marks	""			(642, 91)	(33, 35)
push-button	Table	""			(683, 91)	(44, 35)
push-button	Image	""			(727, 91)	(33, 35)
push-button	Chart	""			(760, 91)	(33, 35)
push-button	Text Box	""			(793, 91)	(33, 35)
push-button	Page Break	""			(834, 91)	(33, 35)
push-button	Field	""			(867, 91)	(44, 35)
push-button	Symbol	""			(911, 91)	(44, 35)
toggle-button	Hyperlink	""			(963, 91)	(33, 35)
push-button	Footnote	""			(996, 91)	(33, 35)
push-button	Endnote	""			(1029, 91)	(33, 35)
push-button	Bookmark	""			(1062, 91)	(33, 35)
push-button	Cross-reference	""			(1095, 91)	(33, 35)
push-button	Comment	""			(1136, 91)	(33, 35)
toggle-button	Track Changes Functions	""			(1169, 91)	(33, 35)
push-button	Line	""			(1210, 91)	(33, 35)
push-button	Basic Shapes	""			(1243, 91)	(44, 35)
toggle-button	Draw Functions	""			(1287, 91)	(33, 35)
text		Normal (Web)			(74, 130)	(166, 34)
push-button	Update	""			(276, 130)	(33, 35)
push-button	New	""			(309, 130)	(33, 35)
text		Calibri			(350, 130)	(185, 34)
text		12 pt			(579, 130)	(65, 34)
toggle-button	Bold	""			(688, 130)	(33, 35)
toggle-button	Italic	""			(721, 130)	(33, 35)
push-button	Underline	""			(754, 130)	(44, 35)
toggle-button	Strikethrough	""			(798, 130)	(33, 35)
toggle-button	Superscript	""			(839, 130)	(33, 35)
toggle-button	Subscript	""			(872, 130)	(33, 35)
push-button	Clear	""			(913, 130)	(33, 35)
push-button	Font Color	""			(954, 130)	(44, 35)
push-button	Character Highlighting Color	""			(998, 130)	(44, 35)
toggle-button	Left	""			(1050, 130)	(33, 35)
toggle-button	Center	""			(1083, 130)	(33, 35)
toggle-button	Right	""			(1116, 130)	(33, 35)
toggle-button	Justified	""			(1149, 130)	(33, 35)
push-button	Unordered List	""			(1190, 130)	(44, 35)
push-button	Ordered List	""			(1234, 130)	(44, 35)
push-button	No List	""			(1278, 130)	(33, 35)
push-button	Increase	""			(1319, 130)	(33, 35)
push-button	Decrease	""			(1352, 130)	(33, 35)
push-button	Line Spacing	""			(1393, 130)	(44, 35)
push-button	Increase	""			(1437, 130)	(33, 35)
push-button	Decrease	""			(1470, 130)	(33, 35)
label		Page 1 of 1			(105, 966)	(258, 18)
label		73 words, 431 characters			(369, 966)	(342, 18)
label		Default Page Style			(717, 966)	(306, 18)
label		English (USA)			(1029, 966)	(276, 18)
label		173%			(1876, 966)	(38, 18)
Generating content with GPT model: o4-mini
RESPONSE: Reflection: Before using Tab to align the sentence, we first need to insert a right-aligned tab stop on the ruler. Next I’ll click the little tab-type icon at the left end of the ruler until it shows a right-aligned marker, then click the ruler at the center of the page to set that stop.

```python
import pyautogui, time

# 1) Cycle the tab selector to “Right-aligned” (three clicks)
for _ in range(3):
    pyautogui.click(300, 240)
    time.sleep(0.2)

# 2) Click on the ruler around the middle (to set the right tab stop)
pyautogui.click(880, 240)
```
LINEAR AT: tag	name	text	class	description	position (top-left x&y)	size (w&h)
label	Home	Home			(1833, 939)	(40, 17)
label	04 CHIN9505 EBook Purchasing info 2021 Jan.​docx	04 CHIN9505 EBook Purchasing info 2021 Jan.​docx			(1793, 819)	(120, 34)
menu	LibreOffice Writer	""			(99, 0)	(180, 27)
menu	System	""			(1814, 0)	(106, 27)
push-button	Chromium Web Browser	""			(0, 33)	(70, 64)
push-button	Thunderbird Mail	""			(0, 101)	(70, 64)
push-button	Visual Studio Code	""			(0, 169)	(70, 64)
push-button	VLC media player	""			(0, 237)	(70, 64)
push-button	LibreOffice Writer	""			(0, 305)	(70, 64)
push-button	LibreOffice Calc	""			(0, 373)	(70, 64)
push-button	LibreOffice Impress	""			(0, 441)	(70, 64)
push-button	GNU Image Manipulation Program	""			(0, 509)	(70, 64)
push-button	Files	""			(0, 577)	(70, 64)
push-button	Ubuntu Software	""			(0, 645)	(70, 64)
push-button	Help	""			(0, 713)	(70, 64)
push-button	Trash	""			(0, 784)	(70, 64)
toggle-button	Show Applications	""			(0, 915)	(70, 70)
menu	File	""			(70, 64)	(40, 25)
menu	Edit	""			(110, 64)	(43, 25)
menu	View	""			(153, 64)	(49, 25)
menu	Insert	""			(202, 64)	(55, 25)
menu	Format	""			(257, 64)	(66, 25)
menu	Styles	""			(323, 64)	(56, 25)
menu	Table	""			(379, 64)	(53, 25)
menu	Form	""			(432, 64)	(52, 25)
menu	Tools	""			(484, 64)	(52, 25)
menu	Window	""			(536, 64)	(70, 25)
menu	Help	""			(606, 64)	(47, 25)
menu	File	File			(70, 89)	(40, 21)
menu	Edit	Edit			(110, 89)	(43, 21)
menu	View	View			(153, 89)	(50, 21)
menu	Insert	Insert			(203, 89)	(56, 21)
menu	Format	Format			(259, 89)	(66, 21)
menu	Styles	Styles			(325, 89)	(56, 21)
menu	Table	Table			(381, 89)	(53, 21)
menu	Form	Form			(434, 89)	(52, 21)
menu	Tools	Tools			(486, 89)	(53, 21)
menu	Window	Window			(539, 89)	(73, 21)
menu	Help	Help			(612, 89)	(48, 21)
document-text	04 CHIN9505 EBook Purchasing info 2021 Jan - LibreOffice Document	""			(70, 271)	(1792, 693)
paragraph							Ple	ase find the E-book purchase option for your reference:  			(260, 470)	(1412, 65)
paragraph		Ho	w to 	use BLCUP eBook for PC 			(260, 535)	(1412, 64)
paragraph		Make payment for this eBook online. 			(260, 599)	(1412, 65)
paragraph		Enter User center (Your BLCUP ID. 			(260, 664)	(1412, 65)
paragraph		Download and install Windows eBook Reader (flipviewer) on your PC.			(260, 729)	(1412, 64)
paragraph		Enter User center (Your BLCUP ID.			(260, 793)	(1412, 65)
paragraph		Download eBook and input Subscription ID online to open the OPZ file.			(260, 858)	(1412, 64)
paragraph		Support Contact: service blcup.com			(260, 922)	(1412, 42)
scroll-bar	Vertical scroll bar	""			(1862, 247)	(12, 717)
toggle-button	Menu	""			(1874, 171)	(36, 34)
text		Help us make LibreOffice even better!			(111, 178)	(1611, 26)
push-button	Get involved	""			(1728, 170)	(117, 34)
text		Your donations support our worldwide community.			(111, 218)	(1645, 26)
push-button	Donate	""			(1762, 210)	(83, 34)
push-button	New	""			(74, 91)	(44, 35)
push-button	Open	""			(118, 91)	(44, 35)
push-button	Save	""			(162, 91)	(44, 35)
push-button	Export Directly as PDF	""			(214, 91)	(33, 35)
push-button	Print	""			(247, 91)	(33, 35)
toggle-button	Print Preview	""			(280, 91)	(33, 35)
push-button	Clone	""			(439, 91)	(33, 35)
push-button	Undo	""			(480, 91)	(44, 35)
toggle-button	Find and Replace	""			(576, 91)	(33, 35)
push-button	Spelling	""			(609, 91)	(33, 35)
toggle-button	Formatting Marks	""			(642, 91)	(33, 35)
push-button	Table	""			(683, 91)	(44, 35)
push-button	Image	""			(727, 91)	(33, 35)
push-button	Chart	""			(760, 91)	(33, 35)
push-button	Text Box	""			(793, 91)	(33, 35)
push-button	Page Break	""			(834, 91)	(33, 35)
push-button	Field	""			(867, 91)	(44, 35)
push-button	Symbol	""			(911, 91)	(44, 35)
toggle-button	Hyperlink	""			(963, 91)	(33, 35)
push-button	Footnote	""			(996, 91)	(33, 35)
push-button	Endnote	""			(1029, 91)	(33, 35)
push-button	Bookmark	""			(1062, 91)	(33, 35)
push-button	Cross-reference	""			(1095, 91)	(33, 35)
push-button	Comment	""			(1136, 91)	(33, 35)
toggle-button	Track Changes Functions	""			(1169, 91)	(33, 35)
push-button	Line	""			(1210, 91)	(33, 35)
push-button	Basic Shapes	""			(1243, 91)	(44, 35)
toggle-button	Draw Functions	""			(1287, 91)	(33, 35)
text		Normal (Web)			(74, 130)	(166, 34)
push-button	Update	""			(276, 130)	(33, 35)
push-button	New	""			(309, 130)	(33, 35)
text		Calibri			(350, 130)	(185, 34)
text		12 pt			(579, 130)	(65, 34)
toggle-button	Bold	""			(688, 130)	(33, 35)
toggle-button	Italic	""			(721, 130)	(33, 35)
push-button	Underline	""			(754, 130)	(44, 35)
toggle-button	Strikethrough	""			(798, 130)	(33, 35)
toggle-button	Superscript	""			(839, 130)	(33, 35)
toggle-button	Subscript	""			(872, 130)	(33, 35)
push-button	Clear	""			(913, 130)	(33, 35)
push-button	Font Color	""			(954, 130)	(44, 35)
push-button	Character Highlighting Color	""			(998, 130)	(44, 35)
toggle-button	Left	""			(1050, 130)	(33, 35)
toggle-button	Center	""			(1083, 130)	(33, 35)
toggle-button	Right	""			(1116, 130)	(33, 35)
toggle-button	Justified	""			(1149, 130)	(33, 35)
push-button	Unordered List	""			(1190, 130)	(44, 35)
push-button	Ordered List	""			(1234, 130)	(44, 35)
push-button	No List	""			(1278, 130)	(33, 35)
push-button	Increase	""			(1319, 130)	(33, 35)
push-button	Decrease	""			(1352, 130)	(33, 35)
push-button	Line Spacing	""			(1393, 130)	(44, 35)
push-button	Increase	""			(1437, 130)	(33, 35)
push-button	Decrease	""			(1470, 130)	(33, 35)
label		Page 1 of 1			(105, 966)	(258, 18)
label		73 words, 431 characters			(369, 966)	(342, 18)
label		Default Page Style			(717, 966)	(306, 18)
label		English (USA)			(1029, 966)	(276, 18)
label		173%			(1876, 966)	(38, 18)
Generating content with GPT model: o4-mini
RESPONSE: Reflection: Now that the right‐aligned tab stop is in place on the ruler, the next step is to insert a tab character right after the third word (“the”) so that everything following it jumps to the right tab stop.

```python
import pyautogui, time

# 1) Click immediately after the word “the” in the first line
pyautogui.click(760, 485)
time.sleep(0.2)

# 2) Insert a tab so the remainder right‐aligns at the tab stop
pyautogui.press('tab')
```
