LINEAR AT: tag	name	text	class	description	position (top-left x&y)	size (w&h)
label	Home	Home			(1833, 939)	(40, 17)
menu	File	""			(134, 105)	(38, 25)
menu	Edit	""			(172, 105)	(40, 25)
menu	View	""			(212, 105)	(47, 25)
menu	Insert	""			(259, 105)	(53, 25)
menu	Format	""			(312, 105)	(62, 25)
menu	Options	""			(374, 105)	(67, 25)
menu	Tools	""			(441, 105)	(50, 25)
menu	Help	""			(491, 105)	(45, 25)
push-button	Send	""			(138, 137)	(65, 24)
push-button	Spelling	""			(294, 137)	(108, 24)
push-button	Save	""			(404, 137)	(85, 24)
toggle-button	Contacts	""			(491, 137)	(91, 24)
push-button	Attach	""			(891, 137)	(99, 24)
label	From	From			(239, 182)	(34, 17)
combo-box	From	""			(283, 176)	(552, 30)
menu-item	Mathias Gadenzi <mathias.gadenzi@gmail.com>	""			(139, 109)	(563, 28)
push-button	Cc	Cc			(859, 180)	(23, 21)
push-button	Bcc	Bcc			(894, 180)	(31, 21)
push-button	Other addressing fields to show	""			(937, 180)	(20, 20)
label	To	To			(257, 219)	(16, 17)
label	assistant@outlook.com	assistant@outlook.com			(293, 218)	(157, 19)
entry	To with one address, use left arrow key to focus on it.	""			(460, 215)	(521, 25)
label	Subject	Subject			(224, 257)	(49, 17)
entry	Subject	New-month AWS Bill			(283, 249)	(703, 30)
combo-box	Choose a paragraph format	""			(139, 288)	(103, 24)
menu-item	Paragraph	""			(139, 134)	(93, 25)
combo-box	Choose a font	""			(246, 288)	(130, 24)
menu-item	Variable Width	""			(139, 5)	(199, 25)
push-button	Set font size	""			(415, 288)	(24, 24)
push-button	Smaller font size	""			(441, 288)	(24, 24)
push-button	Larger font size	""			(467, 288)	(24, 24)
toggle-button	Bold	""			(496, 288)	(24, 24)
toggle-button	Italic	""			(522, 288)	(24, 24)
toggle-button	Underline	""			(548, 288)	(24, 24)
push-button	Remove Text Styling	""			(577, 288)	(24, 24)
toggle-button	Apply or remove bulleted list	""			(606, 288)	(24, 24)
toggle-button	Apply or remove numbered list	""			(632, 288)	(24, 24)
push-button	Outdent text (move left)	""			(658, 288)	(24, 24)
push-button	Indent text (move right)	""			(684, 288)	(24, 24)
push-button	Choose text alignment	""			(713, 288)	(35, 24)
push-button	Insert a Link, Anchor, Image, Horizontal Line, or Table	""			(750, 288)	(35, 24)
push-button	Insert a smiley face	""			(787, 288)	(35, 24)
document-web	Message body	""			(134, 318)	(860, 563)
paragraph		
			(142, 326)	(844, 19)
menu	Thunderbird Mail	""			(99, 0)	(173, 27)
menu	System	""			(1814, 0)	(106, 27)
label	Please download waiting software updates.	""			(810, 73)	(291, 17)
push-button	Chromium Web Browser	""			(0, 33)	(70, 64)
push-button	Thunderbird Mail	""			(0, 101)	(70, 64)
push-button	Visual Studio Code	""			(0, 169)	(70, 64)
push-button	VLC media player	""			(0, 237)	(70, 64)
push-button	LibreOffice Writer	""			(0, 305)	(70, 64)
push-button	LibreOffice Calc	""			(0, 373)	(70, 64)
push-button	LibreOffice Impress	""			(0, 441)	(70, 64)
push-button	GNU Image Manipulation Program	""			(0, 509)	(70, 64)
push-button	Files	""			(0, 577)	(70, 64)
push-button	Ubuntu Software	""			(0, 645)	(70, 64)
push-button	Help	""			(0, 713)	(70, 64)
push-button	Trash	""			(0, 784)	(70, 64)
toggle-button	Show Applications	""			(0, 915)	(70, 70)
Generating content with GPT model: o4-mini
RESPONSE: The compose window is open with the recipient and subject already set. To attach your AWS bill, the next step is to click the “Attach” button in the toolbar, which will open the file chooser for you to select `~/aws-bill.pdf`.

```python
import pyautogui, time

time.sleep(0.5)
# Click the center of the "Attach" button (approx. top-left 891,137; size 99x24)
pyautogui.click(941, 149)
```
LINEAR AT: tag	name	text	class	description	position (top-left x&y)	size (w&h)
label	Home	Home			(1833, 939)	(40, 17)
menu	File	""			(134, 105)	(38, 25)
menu	Edit	""			(172, 105)	(40, 25)
menu	View	""			(212, 105)	(47, 25)
menu	Insert	""			(259, 105)	(53, 25)
menu	Format	""			(312, 105)	(62, 25)
menu	Options	""			(374, 105)	(67, 25)
menu	Tools	""			(441, 105)	(50, 25)
menu	Help	""			(491, 105)	(45, 25)
push-button	Send	""			(138, 137)	(65, 24)
push-button	Spelling	""			(294, 137)	(108, 24)
push-button	Save	""			(404, 137)	(85, 24)
toggle-button	Contacts	""			(491, 137)	(91, 24)
push-button	Attach	""			(891, 137)	(99, 24)
label	From	From			(239, 182)	(34, 17)
combo-box	From	""			(283, 176)	(552, 30)
menu-item	Mathias Gadenzi <mathias.gadenzi@gmail.com>	""			(139, 109)	(563, 28)
push-button	Cc	Cc			(859, 180)	(23, 21)
push-button	Bcc	Bcc			(894, 180)	(31, 21)
push-button	Other addressing fields to show	""			(937, 180)	(20, 20)
label	To	To			(257, 219)	(16, 17)
label	assistant@outlook.com	assistant@outlook.com			(293, 218)	(157, 19)
entry	To with one address, use left arrow key to focus on it.	""			(460, 215)	(521, 25)
label	Subject	Subject			(224, 257)	(49, 17)
entry	Subject	New-month AWS Bill			(283, 249)	(703, 30)
combo-box	Choose a paragraph format	""			(139, 288)	(103, 24)
menu-item	Paragraph	""			(139, 134)	(93, 25)
combo-box	Choose a font	""			(246, 288)	(130, 24)
menu-item	Variable Width	""			(139, 5)	(199, 25)
push-button	Set font size	""			(415, 288)	(24, 24)
push-button	Smaller font size	""			(441, 288)	(24, 24)
push-button	Larger font size	""			(467, 288)	(24, 24)
toggle-button	Bold	""			(496, 288)	(24, 24)
toggle-button	Italic	""			(522, 288)	(24, 24)
toggle-button	Underline	""			(548, 288)	(24, 24)
push-button	Remove Text Styling	""			(577, 288)	(24, 24)
toggle-button	Apply or remove bulleted list	""			(606, 288)	(24, 24)
toggle-button	Apply or remove numbered list	""			(632, 288)	(24, 24)
push-button	Outdent text (move left)	""			(658, 288)	(24, 24)
push-button	Indent text (move right)	""			(684, 288)	(24, 24)
push-button	Choose text alignment	""			(713, 288)	(35, 24)
push-button	Insert a Link, Anchor, Image, Horizontal Line, or Table	""			(750, 288)	(35, 24)
push-button	Insert a smiley face	""			(787, 288)	(35, 24)
document-web	Message body	""			(134, 318)	(860, 563)
paragraph		
			(142, 326)	(844, 19)
menu	Thunderbird Mail	""			(99, 0)	(173, 27)
menu	System	""			(1814, 0)	(106, 27)
label	Please download waiting software updates.	""			(810, 73)	(291, 17)
push-button	Chromium Web Browser	""			(0, 33)	(70, 64)
push-button	Thunderbird Mail	""			(0, 101)	(70, 64)
push-button	Visual Studio Code	""			(0, 169)	(70, 64)
push-button	VLC media player	""			(0, 237)	(70, 64)
push-button	LibreOffice Writer	""			(0, 305)	(70, 64)
push-button	LibreOffice Calc	""			(0, 373)	(70, 64)
push-button	LibreOffice Impress	""			(0, 441)	(70, 64)
push-button	GNU Image Manipulation Program	""			(0, 509)	(70, 64)
push-button	Files	""			(0, 577)	(70, 64)
push-button	Ubuntu Software	""			(0, 645)	(70, 64)
push-button	Help	""			(0, 713)	(70, 64)
push-button	Trash	""			(0, 784)	(70, 64)
toggle-button	Show Applications	""			(0, 915)	(70, 70)
Generating content with GPT model: o4-mini
RESPONSE: The compose window is ready, so the next step is to click the “Attach” button to open the file chooser and select `~/aws-bill.pdf`.

```python
import pyautogui, time

time.sleep(0.5)
# Click the center of the "Attach" button (top-left 891,137; size 99×24 → center ~940,149)
pyautogui.click(940, 149)
```
LINEAR AT: tag	name	text	class	description	position (top-left x&y)	size (w&h)
label	Home	Home			(1833, 939)	(40, 17)
menu	File	""			(134, 105)	(38, 25)
menu	Edit	""			(172, 105)	(40, 25)
menu	View	""			(212, 105)	(47, 25)
menu	Insert	""			(259, 105)	(53, 25)
menu	Format	""			(312, 105)	(62, 25)
menu	Options	""			(374, 105)	(67, 25)
menu	Tools	""			(441, 105)	(50, 25)
menu	Help	""			(491, 105)	(45, 25)
push-button	Send	""			(138, 137)	(65, 24)
push-button	Spelling	""			(294, 137)	(108, 24)
push-button	Save	""			(404, 137)	(85, 24)
toggle-button	Contacts	""			(491, 137)	(91, 24)
push-button	Attach	""			(891, 137)	(99, 24)
label	From	From			(239, 182)	(34, 17)
combo-box	From	""			(283, 176)	(552, 30)
menu-item	Mathias Gadenzi <mathias.gadenzi@gmail.com>	""			(139, 109)	(563, 28)
push-button	Cc	Cc			(859, 180)	(23, 21)
push-button	Bcc	Bcc			(894, 180)	(31, 21)
push-button	Other addressing fields to show	""			(937, 180)	(20, 20)
label	To	To			(257, 219)	(16, 17)
label	assistant@outlook.com	assistant@outlook.com			(293, 218)	(157, 19)
entry	To with one address, use left arrow key to focus on it.	""			(460, 215)	(521, 25)
label	Subject	Subject			(224, 257)	(49, 17)
entry	Subject	New-month AWS Bill			(283, 249)	(703, 30)
combo-box	Choose a paragraph format	""			(139, 288)	(103, 24)
menu-item	Paragraph	""			(139, 134)	(93, 25)
combo-box	Choose a font	""			(246, 288)	(130, 24)
menu-item	Variable Width	""			(139, 5)	(199, 25)
push-button	Set font size	""			(415, 288)	(24, 24)
push-button	Smaller font size	""			(441, 288)	(24, 24)
push-button	Larger font size	""			(467, 288)	(24, 24)
toggle-button	Bold	""			(496, 288)	(24, 24)
toggle-button	Italic	""			(522, 288)	(24, 24)
toggle-button	Underline	""			(548, 288)	(24, 24)
push-button	Remove Text Styling	""			(577, 288)	(24, 24)
toggle-button	Apply or remove bulleted list	""			(606, 288)	(24, 24)
toggle-button	Apply or remove numbered list	""			(632, 288)	(24, 24)
push-button	Outdent text (move left)	""			(658, 288)	(24, 24)
push-button	Indent text (move right)	""			(684, 288)	(24, 24)
push-button	Choose text alignment	""			(713, 288)	(35, 24)
push-button	Insert a Link, Anchor, Image, Horizontal Line, or Table	""			(750, 288)	(35, 24)
push-button	Insert a smiley face	""			(787, 288)	(35, 24)
document-web	Message body	""			(134, 318)	(860, 563)
paragraph		
			(142, 326)	(844, 19)
menu	Thunderbird Mail	""			(99, 0)	(173, 27)
menu	System	""			(1814, 0)	(106, 27)
label	Please download waiting software updates.	""			(810, 73)	(291, 17)
push-button	Chromium Web Browser	""			(0, 33)	(70, 64)
push-button	Thunderbird Mail	""			(0, 101)	(70, 64)
push-button	Visual Studio Code	""			(0, 169)	(70, 64)
push-button	VLC media player	""			(0, 237)	(70, 64)
push-button	LibreOffice Writer	""			(0, 305)	(70, 64)
push-button	LibreOffice Calc	""			(0, 373)	(70, 64)
push-button	LibreOffice Impress	""			(0, 441)	(70, 64)
push-button	GNU Image Manipulation Program	""			(0, 509)	(70, 64)
push-button	Files	""			(0, 577)	(70, 64)
push-button	Ubuntu Software	""			(0, 645)	(70, 64)
push-button	Help	""			(0, 713)	(70, 64)
push-button	Trash	""			(0, 784)	(70, 64)
toggle-button	Show Applications	""			(0, 915)	(70, 70)
Generating content with GPT model: o4-mini
RESPONSE: The compose window is open and ready. Next, click the “Attach” button to open the file chooser so you can select `~/aws-bill.pdf`.

```python
import pyautogui, time

time.sleep(0.5)
# Click the center of the "Attach" button (approx. top-left 891,137; size 99×24 → center ~940,149)
pyautogui.click(940, 149)
```
LINEAR AT: tag	name	text	class	description	position (top-left x&y)	size (w&h)
label	Home	Home			(1833, 939)	(40, 17)
menu	File	""			(134, 105)	(38, 25)
menu	Edit	""			(172, 105)	(40, 25)
menu	View	""			(212, 105)	(47, 25)
menu	Insert	""			(259, 105)	(53, 25)
menu	Format	""			(312, 105)	(62, 25)
menu	Options	""			(374, 105)	(67, 25)
menu	Tools	""			(441, 105)	(50, 25)
menu	Help	""			(491, 105)	(45, 25)
push-button	Send	""			(138, 137)	(65, 24)
push-button	Spelling	""			(294, 137)	(108, 24)
push-button	Save	""			(404, 137)	(85, 24)
toggle-button	Contacts	""			(491, 137)	(91, 24)
push-button	Attach	""			(891, 137)	(99, 24)
label	From	From			(239, 182)	(34, 17)
combo-box	From	""			(283, 176)	(552, 30)
menu-item	Mathias Gadenzi <mathias.gadenzi@gmail.com>	""			(139, 109)	(563, 28)
push-button	Cc	Cc			(859, 180)	(23, 21)
push-button	Bcc	Bcc			(894, 180)	(31, 21)
push-button	Other addressing fields to show	""			(937, 180)	(20, 20)
label	To	To			(257, 219)	(16, 17)
label	assistant@outlook.com	assistant@outlook.com			(293, 218)	(157, 19)
entry	To with one address, use left arrow key to focus on it.	""			(460, 215)	(521, 25)
label	Subject	Subject			(224, 257)	(49, 17)
entry	Subject	New-month AWS Bill			(283, 249)	(703, 30)
combo-box	Choose a paragraph format	""			(139, 288)	(103, 24)
menu-item	Paragraph	""			(139, 134)	(93, 25)
combo-box	Choose a font	""			(246, 288)	(130, 24)
menu-item	Variable Width	""			(139, 5)	(199, 25)
push-button	Set font size	""			(415, 288)	(24, 24)
push-button	Smaller font size	""			(441, 288)	(24, 24)
push-button	Larger font size	""			(467, 288)	(24, 24)
toggle-button	Bold	""			(496, 288)	(24, 24)
toggle-button	Italic	""			(522, 288)	(24, 24)
toggle-button	Underline	""			(548, 288)	(24, 24)
push-button	Remove Text Styling	""			(577, 288)	(24, 24)
toggle-button	Apply or remove bulleted list	""			(606, 288)	(24, 24)
toggle-button	Apply or remove numbered list	""			(632, 288)	(24, 24)
push-button	Outdent text (move left)	""			(658, 288)	(24, 24)
push-button	Indent text (move right)	""			(684, 288)	(24, 24)
push-button	Choose text alignment	""			(713, 288)	(35, 24)
push-button	Insert a Link, Anchor, Image, Horizontal Line, or Table	""			(750, 288)	(35, 24)
push-button	Insert a smiley face	""			(787, 288)	(35, 24)
document-web	Message body	""			(134, 318)	(860, 563)
paragraph		
			(142, 326)	(844, 19)
menu	Thunderbird Mail	""			(99, 0)	(173, 27)
menu	System	""			(1814, 0)	(106, 27)
label	Please download waiting software updates.	""			(810, 73)	(291, 17)
push-button	Chromium Web Browser	""			(0, 33)	(70, 64)
push-button	Thunderbird Mail	""			(0, 101)	(70, 64)
push-button	Visual Studio Code	""			(0, 169)	(70, 64)
push-button	VLC media player	""			(0, 237)	(70, 64)
push-button	LibreOffice Writer	""			(0, 305)	(70, 64)
push-button	LibreOffice Calc	""			(0, 373)	(70, 64)
push-button	LibreOffice Impress	""			(0, 441)	(70, 64)
push-button	GNU Image Manipulation Program	""			(0, 509)	(70, 64)
push-button	Files	""			(0, 577)	(70, 64)
push-button	Ubuntu Software	""			(0, 645)	(70, 64)
push-button	Help	""			(0, 713)	(70, 64)
push-button	Trash	""			(0, 784)	(70, 64)
toggle-button	Show Applications	""			(0, 915)	(70, 70)
Generating content with GPT model: o4-mini
RESPONSE: The message window is open with To and Subject filled. To attach the bill you need to click the “Attach” button so the file chooser appears.

```python
import pyautogui, time

time.sleep(0.5)
# click the center of the Attach button (top-left 891,137; size 99×24 → center ≈ (891+49,137+12))
pyautogui.click(940, 149)
```
LINEAR AT: tag	name	text	class	description	position (top-left x&y)	size (w&h)
label	Home	Home			(1833, 939)	(40, 17)
menu	File	""			(134, 105)	(38, 25)
menu	Edit	""			(172, 105)	(40, 25)
menu	View	""			(212, 105)	(47, 25)
menu	Insert	""			(259, 105)	(53, 25)
menu	Format	""			(312, 105)	(62, 25)
menu	Options	""			(374, 105)	(67, 25)
menu	Tools	""			(441, 105)	(50, 25)
menu	Help	""			(491, 105)	(45, 25)
push-button	Send	""			(138, 137)	(65, 24)
push-button	Spelling	""			(294, 137)	(108, 24)
push-button	Save	""			(404, 137)	(85, 24)
toggle-button	Contacts	""			(491, 137)	(91, 24)
push-button	Attach	""			(891, 137)	(99, 24)
label	From	From			(239, 182)	(34, 17)
combo-box	From	""			(283, 176)	(552, 30)
menu-item	Mathias Gadenzi <mathias.gadenzi@gmail.com>	""			(139, 109)	(563, 28)
push-button	Cc	Cc			(859, 180)	(23, 21)
push-button	Bcc	Bcc			(894, 180)	(31, 21)
push-button	Other addressing fields to show	""			(937, 180)	(20, 20)
label	To	To			(257, 219)	(16, 17)
label	assistant@outlook.com	assistant@outlook.com			(293, 218)	(157, 19)
entry	To with one address, use left arrow key to focus on it.	""			(460, 215)	(521, 25)
label	Subject	Subject			(224, 257)	(49, 17)
entry	Subject	New-month AWS Bill			(283, 249)	(703, 30)
combo-box	Choose a paragraph format	""			(139, 288)	(103, 24)
menu-item	Paragraph	""			(139, 134)	(93, 25)
combo-box	Choose a font	""			(246, 288)	(130, 24)
menu-item	Variable Width	""			(139, 5)	(199, 25)
push-button	Set font size	""			(415, 288)	(24, 24)
push-button	Smaller font size	""			(441, 288)	(24, 24)
push-button	Larger font size	""			(467, 288)	(24, 24)
toggle-button	Bold	""			(496, 288)	(24, 24)
toggle-button	Italic	""			(522, 288)	(24, 24)
toggle-button	Underline	""			(548, 288)	(24, 24)
push-button	Remove Text Styling	""			(577, 288)	(24, 24)
toggle-button	Apply or remove bulleted list	""			(606, 288)	(24, 24)
toggle-button	Apply or remove numbered list	""			(632, 288)	(24, 24)
push-button	Outdent text (move left)	""			(658, 288)	(24, 24)
push-button	Indent text (move right)	""			(684, 288)	(24, 24)
push-button	Choose text alignment	""			(713, 288)	(35, 24)
push-button	Insert a Link, Anchor, Image, Horizontal Line, or Table	""			(750, 288)	(35, 24)
push-button	Insert a smiley face	""			(787, 288)	(35, 24)
document-web	Message body	""			(134, 318)	(860, 563)
paragraph		
			(142, 326)	(844, 19)
menu	Thunderbird Mail	""			(99, 0)	(173, 27)
menu	System	""			(1814, 0)	(106, 27)
label	Please download waiting software updates.	""			(810, 73)	(291, 17)
push-button	Chromium Web Browser	""			(0, 33)	(70, 64)
push-button	Thunderbird Mail	""			(0, 101)	(70, 64)
push-button	Visual Studio Code	""			(0, 169)	(70, 64)
push-button	VLC media player	""			(0, 237)	(70, 64)
push-button	LibreOffice Writer	""			(0, 305)	(70, 64)
push-button	LibreOffice Calc	""			(0, 373)	(70, 64)
push-button	LibreOffice Impress	""			(0, 441)	(70, 64)
push-button	GNU Image Manipulation Program	""			(0, 509)	(70, 64)
push-button	Files	""			(0, 577)	(70, 64)
push-button	Ubuntu Software	""			(0, 645)	(70, 64)
push-button	Help	""			(0, 713)	(70, 64)
push-button	Trash	""			(0, 784)	(70, 64)
toggle-button	Show Applications	""			(0, 915)	(70, 70)
Generating content with GPT model: o4-mini
RESPONSE: The next step is to click the “Attach” button to open the file chooser so you can select `~/aws-bill.pdf`.
LINEAR AT: tag	name	text	class	description	position (top-left x&y)	size (w&h)
label	Home	Home			(1833, 939)	(40, 17)
menu	File	""			(134, 105)	(38, 25)
menu	Edit	""			(172, 105)	(40, 25)
menu	View	""			(212, 105)	(47, 25)
menu	Insert	""			(259, 105)	(53, 25)
menu	Format	""			(312, 105)	(62, 25)
menu	Options	""			(374, 105)	(67, 25)
menu	Tools	""			(441, 105)	(50, 25)
menu	Help	""			(491, 105)	(45, 25)
push-button	Send	""			(138, 137)	(65, 24)
push-button	Spelling	""			(294, 137)	(108, 24)
push-button	Save	""			(404, 137)	(85, 24)
toggle-button	Contacts	""			(491, 137)	(91, 24)
push-button	Attach	""			(891, 137)	(99, 24)
label	From	From			(239, 182)	(34, 17)
combo-box	From	""			(283, 176)	(552, 30)
menu-item	Mathias Gadenzi <mathias.gadenzi@gmail.com>	""			(139, 109)	(563, 28)
push-button	Cc	Cc			(859, 180)	(23, 21)
push-button	Bcc	Bcc			(894, 180)	(31, 21)
push-button	Other addressing fields to show	""			(937, 180)	(20, 20)
label	To	To			(257, 219)	(16, 17)
label	assistant@outlook.com	assistant@outlook.com			(293, 218)	(157, 19)
entry	To with one address, use left arrow key to focus on it.	""			(460, 215)	(521, 25)
label	Subject	Subject			(224, 257)	(49, 17)
entry	Subject	New-month AWS Bill			(283, 249)	(703, 30)
combo-box	Choose a paragraph format	""			(139, 288)	(103, 24)
menu-item	Paragraph	""			(139, 134)	(93, 25)
combo-box	Choose a font	""			(246, 288)	(130, 24)
menu-item	Variable Width	""			(139, 5)	(199, 25)
push-button	Set font size	""			(415, 288)	(24, 24)
push-button	Smaller font size	""			(441, 288)	(24, 24)
push-button	Larger font size	""			(467, 288)	(24, 24)
toggle-button	Bold	""			(496, 288)	(24, 24)
toggle-button	Italic	""			(522, 288)	(24, 24)
toggle-button	Underline	""			(548, 288)	(24, 24)
push-button	Remove Text Styling	""			(577, 288)	(24, 24)
toggle-button	Apply or remove bulleted list	""			(606, 288)	(24, 24)
toggle-button	Apply or remove numbered list	""			(632, 288)	(24, 24)
push-button	Outdent text (move left)	""			(658, 288)	(24, 24)
push-button	Indent text (move right)	""			(684, 288)	(24, 24)
push-button	Choose text alignment	""			(713, 288)	(35, 24)
push-button	Insert a Link, Anchor, Image, Horizontal Line, or Table	""			(750, 288)	(35, 24)
push-button	Insert a smiley face	""			(787, 288)	(35, 24)
document-web	Message body	""			(134, 318)	(860, 563)
paragraph		
			(142, 326)	(844, 19)
menu	Thunderbird Mail	""			(99, 0)	(173, 27)
menu	System	""			(1814, 0)	(106, 27)
label	Please download waiting software updates.	""			(810, 73)	(291, 17)
push-button	Chromium Web Browser	""			(0, 33)	(70, 64)
push-button	Thunderbird Mail	""			(0, 101)	(70, 64)
push-button	Visual Studio Code	""			(0, 169)	(70, 64)
push-button	VLC media player	""			(0, 237)	(70, 64)
push-button	LibreOffice Writer	""			(0, 305)	(70, 64)
push-button	LibreOffice Calc	""			(0, 373)	(70, 64)
push-button	LibreOffice Impress	""			(0, 441)	(70, 64)
push-button	GNU Image Manipulation Program	""			(0, 509)	(70, 64)
push-button	Files	""			(0, 577)	(70, 64)
push-button	Ubuntu Software	""			(0, 645)	(70, 64)
push-button	Help	""			(0, 713)	(70, 64)
push-button	Trash	""			(0, 784)	(70, 64)
toggle-button	Show Applications	""			(0, 915)	(70, 70)
Generating content with GPT model: o4-mini
RESPONSE: The compose window is ready and waiting for an attachment. The next step is to click the “Attach” button (at roughly 891×137) to open the file chooser so we can select `~/aws-bill.pdf`.
LINEAR AT: tag	name	text	class	description	position (top-left x&y)	size (w&h)
label	Home	Home			(1833, 939)	(40, 17)
menu	File	""			(134, 105)	(38, 25)
menu	Edit	""			(172, 105)	(40, 25)
menu	View	""			(212, 105)	(47, 25)
menu	Insert	""			(259, 105)	(53, 25)
menu	Format	""			(312, 105)	(62, 25)
menu	Options	""			(374, 105)	(67, 25)
menu	Tools	""			(441, 105)	(50, 25)
menu	Help	""			(491, 105)	(45, 25)
push-button	Send	""			(138, 137)	(65, 24)
push-button	Spelling	""			(294, 137)	(108, 24)
push-button	Save	""			(404, 137)	(85, 24)
toggle-button	Contacts	""			(491, 137)	(91, 24)
push-button	Attach	""			(891, 137)	(99, 24)
label	From	From			(239, 182)	(34, 17)
combo-box	From	""			(283, 176)	(552, 30)
menu-item	Mathias Gadenzi <mathias.gadenzi@gmail.com>	""			(139, 109)	(563, 28)
push-button	Cc	Cc			(859, 180)	(23, 21)
push-button	Bcc	Bcc			(894, 180)	(31, 21)
push-button	Other addressing fields to show	""			(937, 180)	(20, 20)
label	To	To			(257, 219)	(16, 17)
label	assistant@outlook.com	assistant@outlook.com			(293, 218)	(157, 19)
entry	To with one address, use left arrow key to focus on it.	""			(460, 215)	(521, 25)
label	Subject	Subject			(224, 257)	(49, 17)
entry	Subject	New-month AWS Bill			(283, 249)	(703, 30)
combo-box	Choose a paragraph format	""			(139, 288)	(103, 24)
menu-item	Paragraph	""			(139, 134)	(93, 25)
combo-box	Choose a font	""			(246, 288)	(130, 24)
menu-item	Variable Width	""			(139, 5)	(199, 25)
push-button	Set font size	""			(415, 288)	(24, 24)
push-button	Smaller font size	""			(441, 288)	(24, 24)
push-button	Larger font size	""			(467, 288)	(24, 24)
toggle-button	Bold	""			(496, 288)	(24, 24)
toggle-button	Italic	""			(522, 288)	(24, 24)
toggle-button	Underline	""			(548, 288)	(24, 24)
push-button	Remove Text Styling	""			(577, 288)	(24, 24)
toggle-button	Apply or remove bulleted list	""			(606, 288)	(24, 24)
toggle-button	Apply or remove numbered list	""			(632, 288)	(24, 24)
push-button	Outdent text (move left)	""			(658, 288)	(24, 24)
push-button	Indent text (move right)	""			(684, 288)	(24, 24)
push-button	Choose text alignment	""			(713, 288)	(35, 24)
push-button	Insert a Link, Anchor, Image, Horizontal Line, or Table	""			(750, 288)	(35, 24)
push-button	Insert a smiley face	""			(787, 288)	(35, 24)
document-web	Message body	""			(134, 318)	(860, 563)
paragraph		
			(142, 326)	(844, 19)
menu	Thunderbird Mail	""			(99, 0)	(173, 27)
menu	System	""			(1814, 0)	(106, 27)
label	Please download waiting software updates.	""			(810, 73)	(291, 17)
push-button	Chromium Web Browser	""			(0, 33)	(70, 64)
push-button	Thunderbird Mail	""			(0, 101)	(70, 64)
push-button	Visual Studio Code	""			(0, 169)	(70, 64)
push-button	VLC media player	""			(0, 237)	(70, 64)
push-button	LibreOffice Writer	""			(0, 305)	(70, 64)
push-button	LibreOffice Calc	""			(0, 373)	(70, 64)
push-button	LibreOffice Impress	""			(0, 441)	(70, 64)
push-button	GNU Image Manipulation Program	""			(0, 509)	(70, 64)
push-button	Files	""			(0, 577)	(70, 64)
push-button	Ubuntu Software	""			(0, 645)	(70, 64)
push-button	Help	""			(0, 713)	(70, 64)
push-button	Trash	""			(0, 784)	(70, 64)
toggle-button	Show Applications	""			(0, 915)	(70, 70)
Generating content with GPT model: o4-mini
RESPONSE: The next step is to click the “Attach” button (around coordinates 940, 149) to open the file chooser so you can select and attach `~/aws-bill.pdf`.
LINEAR AT: tag	name	text	class	description	position (top-left x&y)	size (w&h)
label	Home	Home			(1833, 939)	(40, 17)
menu	File	""			(134, 105)	(38, 25)
menu	Edit	""			(172, 105)	(40, 25)
menu	View	""			(212, 105)	(47, 25)
menu	Insert	""			(259, 105)	(53, 25)
menu	Format	""			(312, 105)	(62, 25)
menu	Options	""			(374, 105)	(67, 25)
menu	Tools	""			(441, 105)	(50, 25)
menu	Help	""			(491, 105)	(45, 25)
push-button	Send	""			(138, 137)	(65, 24)
push-button	Spelling	""			(294, 137)	(108, 24)
push-button	Save	""			(404, 137)	(85, 24)
toggle-button	Contacts	""			(491, 137)	(91, 24)
push-button	Attach	""			(891, 137)	(99, 24)
label	From	From			(239, 182)	(34, 17)
combo-box	From	""			(283, 176)	(552, 30)
menu-item	Mathias Gadenzi <mathias.gadenzi@gmail.com>	""			(139, 109)	(563, 28)
push-button	Cc	Cc			(859, 180)	(23, 21)
push-button	Bcc	Bcc			(894, 180)	(31, 21)
push-button	Other addressing fields to show	""			(937, 180)	(20, 20)
label	To	To			(257, 219)	(16, 17)
label	assistant@outlook.com	assistant@outlook.com			(293, 218)	(157, 19)
entry	To with one address, use left arrow key to focus on it.	""			(460, 215)	(521, 25)
label	Subject	Subject			(224, 257)	(49, 17)
entry	Subject	New-month AWS Bill			(283, 249)	(703, 30)
combo-box	Choose a paragraph format	""			(139, 288)	(103, 24)
menu-item	Paragraph	""			(139, 134)	(93, 25)
combo-box	Choose a font	""			(246, 288)	(130, 24)
menu-item	Variable Width	""			(139, 5)	(199, 25)
push-button	Set font size	""			(415, 288)	(24, 24)
push-button	Smaller font size	""			(441, 288)	(24, 24)
push-button	Larger font size	""			(467, 288)	(24, 24)
toggle-button	Bold	""			(496, 288)	(24, 24)
toggle-button	Italic	""			(522, 288)	(24, 24)
toggle-button	Underline	""			(548, 288)	(24, 24)
push-button	Remove Text Styling	""			(577, 288)	(24, 24)
toggle-button	Apply or remove bulleted list	""			(606, 288)	(24, 24)
toggle-button	Apply or remove numbered list	""			(632, 288)	(24, 24)
push-button	Outdent text (move left)	""			(658, 288)	(24, 24)
push-button	Indent text (move right)	""			(684, 288)	(24, 24)
push-button	Choose text alignment	""			(713, 288)	(35, 24)
push-button	Insert a Link, Anchor, Image, Horizontal Line, or Table	""			(750, 288)	(35, 24)
push-button	Insert a smiley face	""			(787, 288)	(35, 24)
document-web	Message body	""			(134, 318)	(860, 563)
paragraph		
			(142, 326)	(844, 19)
menu	Thunderbird Mail	""			(99, 0)	(173, 27)
menu	System	""			(1814, 0)	(106, 27)
label	Please download waiting software updates.	""			(810, 73)	(291, 17)
push-button	Chromium Web Browser	""			(0, 33)	(70, 64)
push-button	Thunderbird Mail	""			(0, 101)	(70, 64)
push-button	Visual Studio Code	""			(0, 169)	(70, 64)
push-button	VLC media player	""			(0, 237)	(70, 64)
push-button	LibreOffice Writer	""			(0, 305)	(70, 64)
push-button	LibreOffice Calc	""			(0, 373)	(70, 64)
push-button	LibreOffice Impress	""			(0, 441)	(70, 64)
push-button	GNU Image Manipulation Program	""			(0, 509)	(70, 64)
push-button	Files	""			(0, 577)	(70, 64)
push-button	Ubuntu Software	""			(0, 645)	(70, 64)
push-button	Help	""			(0, 713)	(70, 64)
push-button	Trash	""			(0, 784)	(70, 64)
toggle-button	Show Applications	""			(0, 915)	(70, 70)
Generating content with GPT model: o4-mini
RESPONSE: ```python
import pyautogui
import time

# Click the center of the “Attach” button (top-left 891,137 size 99×24 → center ≈940,149)
pyautogui.click(940, 149)
time.sleep(0.5)
```
LINEAR AT: tag	name	text	class	description	position (top-left x&y)	size (w&h)
label	Home	Home			(1833, 939)	(40, 17)
menu	File	""			(134, 105)	(38, 25)
menu	Edit	""			(172, 105)	(40, 25)
menu	View	""			(212, 105)	(47, 25)
menu	Insert	""			(259, 105)	(53, 25)
menu	Format	""			(312, 105)	(62, 25)
menu	Options	""			(374, 105)	(67, 25)
menu	Tools	""			(441, 105)	(50, 25)
menu	Help	""			(491, 105)	(45, 25)
push-button	Send	""			(138, 137)	(65, 24)
push-button	Spelling	""			(294, 137)	(108, 24)
push-button	Save	""			(404, 137)	(85, 24)
toggle-button	Contacts	""			(491, 137)	(91, 24)
push-button	Attach	""			(891, 137)	(99, 24)
label	From	From			(239, 182)	(34, 17)
combo-box	From	""			(283, 176)	(552, 30)
menu-item	Mathias Gadenzi <mathias.gadenzi@gmail.com>	""			(139, 109)	(563, 28)
push-button	Cc	Cc			(859, 180)	(23, 21)
push-button	Bcc	Bcc			(894, 180)	(31, 21)
push-button	Other addressing fields to show	""			(937, 180)	(20, 20)
label	To	To			(257, 219)	(16, 17)
label	assistant@outlook.com	assistant@outlook.com			(293, 218)	(157, 19)
entry	To with one address, use left arrow key to focus on it.	""			(460, 215)	(521, 25)
label	Subject	Subject			(224, 257)	(49, 17)
entry	Subject	New-month AWS Bill			(283, 249)	(703, 30)
combo-box	Choose a paragraph format	""			(139, 288)	(103, 24)
menu-item	Paragraph	""			(139, 134)	(93, 25)
combo-box	Choose a font	""			(246, 288)	(130, 24)
menu-item	Variable Width	""			(139, 5)	(199, 25)
push-button	Set font size	""			(415, 288)	(24, 24)
push-button	Smaller font size	""			(441, 288)	(24, 24)
push-button	Larger font size	""			(467, 288)	(24, 24)
toggle-button	Bold	""			(496, 288)	(24, 24)
toggle-button	Italic	""			(522, 288)	(24, 24)
toggle-button	Underline	""			(548, 288)	(24, 24)
push-button	Remove Text Styling	""			(577, 288)	(24, 24)
toggle-button	Apply or remove bulleted list	""			(606, 288)	(24, 24)
toggle-button	Apply or remove numbered list	""			(632, 288)	(24, 24)
push-button	Outdent text (move left)	""			(658, 288)	(24, 24)
push-button	Indent text (move right)	""			(684, 288)	(24, 24)
push-button	Choose text alignment	""			(713, 288)	(35, 24)
push-button	Insert a Link, Anchor, Image, Horizontal Line, or Table	""			(750, 288)	(35, 24)
push-button	Insert a smiley face	""			(787, 288)	(35, 24)
document-web	Message body	""			(134, 318)	(860, 563)
paragraph		
			(142, 326)	(844, 19)
label	Attach File(s)	Attach File(s)			(612, 41)	(119, 17)
push-button	Cancel	""			(76, 27)	(78, 46)
label	Recent	Recent			(108, 78)	(109, 36)
label	Home	Home			(108, 116)	(109, 36)
label	Desktop	Desktop			(108, 154)	(109, 36)
label	Documents	Documents			(108, 192)	(109, 36)
label	Downloads	Downloads			(108, 230)	(109, 36)
label	Music	Music			(108, 268)	(109, 36)
label	Pictures	Pictures			(108, 306)	(109, 36)
label	Videos	Videos			(108, 344)	(109, 36)
icon	Add	""			(84, 391)	(24, 36)
label	Other Locations	Other Locations			(108, 391)	(109, 36)
table-cell	screenshot.png	screenshot.png			(262, 100)	(383, 22)
table-cell	server/screenshots	server/screenshots			(645, 100)	(387, 22)
table-cell	869.3 kB	869.3 kB			(1036, 100)	(68, 22)
table-cell	Image	Image			(1108, 100)	(53, 22)
table-cell	05‎∶04	05‎∶04			(1165, 100)	(82, 22)
table-cell	Downloads	Downloads			(262, 124)	(383, 21)
table-cell	Home	Home			(645, 124)	(387, 21)
table-cell	Yesterday	Yesterday			(1165, 124)	(82, 21)
table-cell	main.py	main.py			(262, 147)	(383, 21)
table-cell	server	server			(645, 147)	(387, 21)
table-cell	70.0 kB	70.0 kB			(1036, 147)	(68, 21)
table-cell	Text	Text			(1108, 147)	(53, 21)
table-cell	Yesterday	Yesterday			(1165, 147)	(82, 21)
combo-box	All Files	""			(1175, 945)	(92, 34)
menu	Thunderbird Mail	""			(99, 0)	(173, 27)
menu	System	""			(1814, 0)	(106, 27)
label	Please download waiting software updates.	""			(810, 73)	(291, 17)
push-button	Chromium Web Browser	""			(0, 33)	(70, 64)
push-button	Thunderbird Mail	""			(0, 101)	(70, 64)
push-button	Visual Studio Code	""			(0, 169)	(70, 64)
push-button	VLC media player	""			(0, 237)	(70, 64)
push-button	LibreOffice Writer	""			(0, 305)	(70, 64)
push-button	LibreOffice Calc	""			(0, 373)	(70, 64)
push-button	LibreOffice Impress	""			(0, 441)	(70, 64)
push-button	GNU Image Manipulation Program	""			(0, 509)	(70, 64)
push-button	Files	""			(0, 577)	(70, 64)
push-button	Ubuntu Software	""			(0, 645)	(70, 64)
push-button	Help	""			(0, 713)	(70, 64)
push-button	Trash	""			(0, 784)	(70, 64)
toggle-button	Show Applications	""			(0, 915)	(70, 70)
Generating content with GPT model: o4-mini
RESPONSE: The file picker is showing “Recent” – we need to go into your actual home folder so we can find `aws-bill.pdf`. I’ll click “Home” in the sidebar (center at approximately 162, 134).

```python
import pyautogui
import time

# Click "Home" in the sidebar of the file chooser
pyautogui.click(162, 134)
time.sleep(0.5)
```
LINEAR AT: tag	name	text	class	description	position (top-left x&y)	size (w&h)
label	Home	Home			(1833, 939)	(40, 17)
menu	File	""			(134, 105)	(38, 25)
menu	Edit	""			(172, 105)	(40, 25)
menu	View	""			(212, 105)	(47, 25)
menu	Insert	""			(259, 105)	(53, 25)
menu	Format	""			(312, 105)	(62, 25)
menu	Options	""			(374, 105)	(67, 25)
menu	Tools	""			(441, 105)	(50, 25)
menu	Help	""			(491, 105)	(45, 25)
push-button	Send	""			(138, 137)	(65, 24)
push-button	Spelling	""			(294, 137)	(108, 24)
push-button	Save	""			(404, 137)	(85, 24)
toggle-button	Contacts	""			(491, 137)	(91, 24)
push-button	Attach	""			(891, 137)	(99, 24)
label	From	From			(239, 182)	(34, 17)
combo-box	From	""			(283, 176)	(552, 30)
menu-item	Mathias Gadenzi <mathias.gadenzi@gmail.com>	""			(139, 109)	(563, 28)
push-button	Cc	Cc			(859, 180)	(23, 21)
push-button	Bcc	Bcc			(894, 180)	(31, 21)
push-button	Other addressing fields to show	""			(937, 180)	(20, 20)
label	To	To			(257, 219)	(16, 17)
label	assistant@outlook.com	assistant@outlook.com			(293, 218)	(157, 19)
entry	To with one address, use left arrow key to focus on it.	""			(460, 215)	(521, 25)
label	Subject	Subject			(224, 257)	(49, 17)
entry	Subject	New-month AWS Bill			(283, 249)	(703, 30)
combo-box	Choose a paragraph format	""			(139, 288)	(103, 24)
menu-item	Paragraph	""			(139, 134)	(93, 25)
combo-box	Choose a font	""			(246, 288)	(130, 24)
menu-item	Variable Width	""			(139, 5)	(199, 25)
push-button	Set font size	""			(415, 288)	(24, 24)
push-button	Smaller font size	""			(441, 288)	(24, 24)
push-button	Larger font size	""			(467, 288)	(24, 24)
toggle-button	Bold	""			(496, 288)	(24, 24)
toggle-button	Italic	""			(522, 288)	(24, 24)
toggle-button	Underline	""			(548, 288)	(24, 24)
push-button	Remove Text Styling	""			(577, 288)	(24, 24)
toggle-button	Apply or remove bulleted list	""			(606, 288)	(24, 24)
toggle-button	Apply or remove numbered list	""			(632, 288)	(24, 24)
push-button	Outdent text (move left)	""			(658, 288)	(24, 24)
push-button	Indent text (move right)	""			(684, 288)	(24, 24)
push-button	Choose text alignment	""			(713, 288)	(35, 24)
push-button	Insert a Link, Anchor, Image, Horizontal Line, or Table	""			(750, 288)	(35, 24)
push-button	Insert a smiley face	""			(787, 288)	(35, 24)
document-web	Message body	""			(134, 318)	(860, 563)
paragraph		
			(142, 326)	(844, 19)
push-button	Open	""			(1189, 27)	(78, 46)
label	Attach File(s)	Attach File(s)			(612, 41)	(119, 17)
push-button	Cancel	""			(76, 27)	(78, 46)
label	Recent	Recent			(108, 78)	(109, 36)
label	Home	Home			(108, 116)	(109, 36)
label	Desktop	Desktop			(108, 154)	(109, 36)
label	Documents	Documents			(108, 192)	(109, 36)
label	Downloads	Downloads			(108, 230)	(109, 36)
label	Music	Music			(108, 268)	(109, 36)
label	Pictures	Pictures			(108, 306)	(109, 36)
label	Videos	Videos			(108, 344)	(109, 36)
icon	Add	""			(84, 391)	(24, 36)
label	Other Locations	Other Locations			(108, 391)	(109, 36)
toggle-button	user	""			(264, 80)	(70, 34)
push-button	Up Path	""			(238, 80)	(26, 34)
table-cell	Desktop	Desktop			(262, 147)	(771, 21)
table-cell	7 Aug 2025	7 Aug 2025			(1182, 147)	(93, 21)
table-cell	Documents	Documents			(262, 170)	(771, 21)
table-cell	4 Apr 2024	4 Apr 2024			(1182, 170)	(93, 21)
table-cell	Downloads	Downloads			(262, 193)	(771, 21)
table-cell	11 Jul 2024	11 Jul 2024			(1182, 193)	(93, 21)
table-cell	Music	Music			(262, 216)	(771, 21)
table-cell	4 Apr 2024	4 Apr 2024			(1182, 216)	(93, 21)
table-cell	Pictures	Pictures			(262, 239)	(771, 21)
table-cell	4 Apr 2024	4 Apr 2024			(1182, 239)	(93, 21)
table-cell	Public	Public			(262, 262)	(771, 21)
table-cell	4 Apr 2024	4 Apr 2024			(1182, 262)	(93, 21)
table-cell	server	server			(262, 285)	(771, 21)
table-cell	5 Aug 2025	5 Aug 2025			(1182, 285)	(93, 21)
table-cell	snap	snap			(262, 308)	(771, 21)
table-cell	4 Apr 2024	4 Apr 2024			(1182, 308)	(93, 21)
table-cell	Templates	Templates			(262, 331)	(771, 21)
table-cell	4 Apr 2024	4 Apr 2024			(1182, 331)	(93, 21)
table-cell	Videos	Videos			(262, 354)	(771, 21)
table-cell	4 Apr 2024	4 Apr 2024			(1182, 354)	(93, 21)
table-cell	aws-bill.pdf	aws-bill.pdf			(262, 377)	(771, 22)
table-cell	23.4 kB	23.4 kB			(1033, 377)	(60, 22)
table-cell	Document	Document			(1097, 377)	(81, 22)
table-cell	05‎∶03	05‎∶03			(1182, 377)	(93, 22)
table-cell	thunderbird-profile.tar.xz	thunderbird-profile.tar.xz			(262, 401)	(771, 22)
table-cell	97.0 kB	97.0 kB			(1033, 401)	(60, 22)
table-cell	Archive	Archive			(1097, 401)	(81, 22)
table-cell	05‎∶03	05‎∶03			(1182, 401)	(93, 22)
combo-box	All Files	""			(1175, 945)	(92, 34)
menu	Thunderbird Mail	""			(99, 0)	(173, 27)
menu	System	""			(1814, 0)	(106, 27)
push-button	Chromium Web Browser	""			(0, 33)	(70, 64)
push-button	Thunderbird Mail	""			(0, 101)	(70, 64)
push-button	Visual Studio Code	""			(0, 169)	(70, 64)
push-button	VLC media player	""			(0, 237)	(70, 64)
push-button	LibreOffice Writer	""			(0, 305)	(70, 64)
push-button	LibreOffice Calc	""			(0, 373)	(70, 64)
push-button	LibreOffice Impress	""			(0, 441)	(70, 64)
push-button	GNU Image Manipulation Program	""			(0, 509)	(70, 64)
push-button	Files	""			(0, 577)	(70, 64)
push-button	Ubuntu Software	""			(0, 645)	(70, 64)
push-button	Help	""			(0, 713)	(70, 64)
push-button	Trash	""			(0, 784)	(70, 64)
toggle-button	Show Applications	""			(0, 915)	(70, 70)
Generating content with GPT model: o4-mini
RESPONSE: ```python
import pyautogui
import time

# Select the aws-bill.pdf entry in the Home folder listing
# (top-left 262,377 size 771×22 → center ≈647,388)
pyautogui.click(647, 388)
time.sleep(0.5)
```
LINEAR AT: tag	name	text	class	description	position (top-left x&y)	size (w&h)
label	Home	Home			(1833, 939)	(40, 17)
menu	File	""			(134, 105)	(38, 25)
menu	Edit	""			(172, 105)	(40, 25)
menu	View	""			(212, 105)	(47, 25)
menu	Insert	""			(259, 105)	(53, 25)
menu	Format	""			(312, 105)	(62, 25)
menu	Options	""			(374, 105)	(67, 25)
menu	Tools	""			(441, 105)	(50, 25)
menu	Help	""			(491, 105)	(45, 25)
push-button	Send	""			(138, 137)	(65, 24)
push-button	Spelling	""			(294, 137)	(108, 24)
push-button	Save	""			(404, 137)	(85, 24)
toggle-button	Contacts	""			(491, 137)	(91, 24)
push-button	Attach	""			(891, 137)	(99, 24)
label	From	From			(239, 182)	(34, 17)
combo-box	From	""			(283, 176)	(552, 30)
menu-item	Mathias Gadenzi <mathias.gadenzi@gmail.com>	""			(139, 109)	(563, 28)
push-button	Cc	Cc			(859, 180)	(23, 21)
push-button	Bcc	Bcc			(894, 180)	(31, 21)
push-button	Other addressing fields to show	""			(937, 180)	(20, 20)
label	To	To			(257, 219)	(16, 17)
label	assistant@outlook.com	assistant@outlook.com			(293, 218)	(157, 19)
entry	To with one address, use left arrow key to focus on it.	""			(460, 215)	(521, 25)
label	Subject	Subject			(224, 257)	(49, 17)
entry	Subject	New-month AWS Bill			(283, 249)	(703, 30)
combo-box	Choose a paragraph format	""			(139, 288)	(103, 24)
menu-item	Paragraph	""			(139, 134)	(93, 25)
combo-box	Choose a font	""			(246, 288)	(130, 24)
menu-item	Variable Width	""			(139, 5)	(199, 25)
push-button	Set font size	""			(415, 288)	(24, 24)
push-button	Smaller font size	""			(441, 288)	(24, 24)
push-button	Larger font size	""			(467, 288)	(24, 24)
toggle-button	Bold	""			(496, 288)	(24, 24)
toggle-button	Italic	""			(522, 288)	(24, 24)
toggle-button	Underline	""			(548, 288)	(24, 24)
push-button	Remove Text Styling	""			(577, 288)	(24, 24)
toggle-button	Apply or remove bulleted list	""			(606, 288)	(24, 24)
toggle-button	Apply or remove numbered list	""			(632, 288)	(24, 24)
push-button	Outdent text (move left)	""			(658, 288)	(24, 24)
push-button	Indent text (move right)	""			(684, 288)	(24, 24)
push-button	Choose text alignment	""			(713, 288)	(35, 24)
push-button	Insert a Link, Anchor, Image, Horizontal Line, or Table	""			(750, 288)	(35, 24)
push-button	Insert a smiley face	""			(787, 288)	(35, 24)
document-web	Message body	""			(134, 318)	(860, 563)
paragraph		
			(142, 326)	(844, 19)
push-button	Open	""			(1189, 27)	(78, 46)
label	Attach File(s)	Attach File(s)			(612, 41)	(119, 17)
push-button	Cancel	""			(76, 27)	(78, 46)
label	Recent	Recent			(108, 78)	(109, 36)
label	Home	Home			(108, 116)	(109, 36)
label	Desktop	Desktop			(108, 154)	(109, 36)
label	Documents	Documents			(108, 192)	(109, 36)
label	Downloads	Downloads			(108, 230)	(109, 36)
label	Music	Music			(108, 268)	(109, 36)
label	Pictures	Pictures			(108, 306)	(109, 36)
label	Videos	Videos			(108, 344)	(109, 36)
icon	Add	""			(84, 391)	(24, 36)
label	Other Locations	Other Locations			(108, 391)	(109, 36)
toggle-button	user	""			(264, 80)	(70, 34)
push-button	Up Path	""			(238, 80)	(26, 34)
table-cell	Desktop	Desktop			(262, 147)	(771, 21)
table-cell	7 Aug 2025	7 Aug 2025			(1182, 147)	(93, 21)
table-cell	Documents	Documents			(262, 170)	(771, 21)
table-cell	4 Apr 2024	4 Apr 2024			(1182, 170)	(93, 21)
table-cell	Downloads	Downloads			(262, 193)	(771, 21)
table-cell	11 Jul 2024	11 Jul 2024			(1182, 193)	(93, 21)
table-cell	Music	Music			(262, 216)	(771, 21)
table-cell	4 Apr 2024	4 Apr 2024			(1182, 216)	(93, 21)
table-cell	Pictures	Pictures			(262, 239)	(771, 21)
table-cell	4 Apr 2024	4 Apr 2024			(1182, 239)	(93, 21)
table-cell	Public	Public			(262, 262)	(771, 21)
table-cell	4 Apr 2024	4 Apr 2024			(1182, 262)	(93, 21)
table-cell	server	server			(262, 285)	(771, 21)
table-cell	5 Aug 2025	5 Aug 2025			(1182, 285)	(93, 21)
table-cell	snap	snap			(262, 308)	(771, 21)
table-cell	4 Apr 2024	4 Apr 2024			(1182, 308)	(93, 21)
table-cell	Templates	Templates			(262, 331)	(771, 21)
table-cell	4 Apr 2024	4 Apr 2024			(1182, 331)	(93, 21)
table-cell	Videos	Videos			(262, 354)	(771, 21)
table-cell	4 Apr 2024	4 Apr 2024			(1182, 354)	(93, 21)
table-cell	aws-bill.pdf	aws-bill.pdf			(262, 377)	(771, 22)
table-cell	23.4 kB	23.4 kB			(1033, 377)	(60, 22)
table-cell	Document	Document			(1097, 377)	(81, 22)
table-cell	05‎∶03	05‎∶03			(1182, 377)	(93, 22)
table-cell	thunderbird-profile.tar.xz	thunderbird-profile.tar.xz			(262, 401)	(771, 22)
table-cell	97.0 kB	97.0 kB			(1033, 401)	(60, 22)
table-cell	Archive	Archive			(1097, 401)	(81, 22)
table-cell	05‎∶03	05‎∶03			(1182, 401)	(93, 22)
combo-box	All Files	""			(1175, 945)	(92, 34)
menu	Thunderbird Mail	""			(99, 0)	(173, 27)
menu	System	""			(1814, 0)	(106, 27)
push-button	Chromium Web Browser	""			(0, 33)	(70, 64)
push-button	Thunderbird Mail	""			(0, 101)	(70, 64)
push-button	Visual Studio Code	""			(0, 169)	(70, 64)
push-button	VLC media player	""			(0, 237)	(70, 64)
push-button	LibreOffice Writer	""			(0, 305)	(70, 64)
push-button	LibreOffice Calc	""			(0, 373)	(70, 64)
push-button	LibreOffice Impress	""			(0, 441)	(70, 64)
push-button	GNU Image Manipulation Program	""			(0, 509)	(70, 64)
push-button	Files	""			(0, 577)	(70, 64)
push-button	Ubuntu Software	""			(0, 645)	(70, 64)
push-button	Help	""			(0, 713)	(70, 64)
push-button	Trash	""			(0, 784)	(70, 64)
toggle-button	Show Applications	""			(0, 915)	(70, 70)
Generating content with GPT model: o4-mini
RESPONSE: The AWS bill is now selected in the file chooser. Next, I’ll click the “Open” button to attach it.

```python
import pyautogui
import time

# Click the "Open" button (top-left 1189,27 size 78×46 → center ≈1228,50)
pyautogui.click(1228, 50)
time.sleep(0.5)
```
LINEAR AT: tag	name	text	class	description	position (top-left x&y)	size (w&h)
label	Home	Home			(1833, 939)	(40, 17)
menu	File	""			(134, 105)	(38, 25)
menu	Edit	""			(172, 105)	(40, 25)
menu	View	""			(212, 105)	(47, 25)
menu	Insert	""			(259, 105)	(53, 25)
menu	Format	""			(312, 105)	(62, 25)
menu	Options	""			(374, 105)	(67, 25)
menu	Tools	""			(441, 105)	(50, 25)
menu	Help	""			(491, 105)	(45, 25)
push-button	Send	""			(138, 137)	(65, 24)
push-button	Spelling	""			(294, 137)	(108, 24)
push-button	Save	""			(404, 137)	(85, 24)
toggle-button	Contacts	""			(491, 137)	(91, 24)
push-button	Attach	""			(891, 137)	(99, 24)
label	From	From			(239, 182)	(34, 17)
combo-box	From	""			(283, 176)	(552, 30)
menu-item	Mathias Gadenzi <mathias.gadenzi@gmail.com>	""			(139, 109)	(563, 28)
push-button	Cc	Cc			(859, 180)	(23, 21)
push-button	Bcc	Bcc			(894, 180)	(31, 21)
push-button	Other addressing fields to show	""			(937, 180)	(20, 20)
label	To	To			(257, 219)	(16, 17)
label	assistant@outlook.com	assistant@outlook.com			(293, 218)	(157, 19)
entry	To with one address, use left arrow key to focus on it.	""			(460, 215)	(521, 25)
label	Subject	Subject			(224, 257)	(49, 17)
entry	Subject	New-month AWS Bill			(283, 249)	(703, 30)
combo-box	Choose a paragraph format	""			(139, 288)	(103, 24)
menu-item	Paragraph	""			(139, 134)	(93, 25)
combo-box	Choose a font	""			(246, 288)	(130, 24)
menu-item	Variable Width	""			(139, 5)	(199, 25)
document-web	Message body	""			(134, 318)	(860, 503)
paragraph		
			(142, 326)	(844, 19)
push-button	1 Attachment 22.8 KB	""			(134, 821)	(860, 31)
section		1 Attachment			(158, 827)	(91, 17)
list-item	aws-bill .pdf 22.8 KB	""			(135, 854)	(175, 25)
section		aws-bill			(163, 858)	(50, 17)
section		.pdf			(213, 858)	(27, 17)
menu	Thunderbird Mail	""			(99, 0)	(173, 27)
menu	System	""			(1814, 0)	(106, 27)
push-button	Chromium Web Browser	""			(0, 33)	(70, 64)
push-button	Thunderbird Mail	""			(0, 101)	(70, 64)
push-button	Visual Studio Code	""			(0, 169)	(70, 64)
push-button	VLC media player	""			(0, 237)	(70, 64)
push-button	LibreOffice Writer	""			(0, 305)	(70, 64)
push-button	LibreOffice Calc	""			(0, 373)	(70, 64)
push-button	LibreOffice Impress	""			(0, 441)	(70, 64)
push-button	GNU Image Manipulation Program	""			(0, 509)	(70, 64)
push-button	Files	""			(0, 577)	(70, 64)
push-button	Ubuntu Software	""			(0, 645)	(70, 64)
push-button	Help	""			(0, 713)	(70, 64)
push-button	Trash	""			(0, 784)	(70, 64)
toggle-button	Show Applications	""			(0, 915)	(70, 70)
Generating content with GPT model: o4-mini
RESPONSE: The AWS bill is now attached in the compose window’s attachment pane. The attachment step is complete, and we’ll leave the message open without sending it. 

```DONE```
