LINEAR AT: tag	name	text	class	description	position (top-left x&y)	size (w&h)
label	Home	Home			(1833, 939)	(40, 17)
push-button	Search tabs	Search tabs			(76, 64)	(28, 41)
push-button	Close	Close			(312, 70)	(28, 28)
push-button	New Tab	New Tab			(348, 64)	(28, 41)
push-button	Reload	Reload			(147, 110)	(34, 34)
entry	Address and search bar	""			(227, 115)	(1565, 24)
push-button	Bookmark this tab	""			(1800, 115)	(24, 24)
push-button	Work	Work			(1845, 110)	(34, 34)
push-button	Chromium	Chromium			(1881, 110)	(39, 34)
document-web	New Tab	""			(70, 151)	(1850, 834)
link	Gmail 	Gmail			(1712, 171)	(35, 24)
static	Gmail	Gmail			(1712, 175)	(35, 15)
link	Search for Images 	Images			(1761, 171)	(43, 24)
static	Images	Images			(1761, 175)	(43, 15)
push-button	Search Labs	""			(1818, 163)	(41, 40)
section		  			(1818, 163)	(41, 40)
push-button	Google apps	""			(1866, 163)	(40, 40)
section		  			(1866, 163)	(40, 40)
combo-box	Search Google or type a URL	""			(622, 413)	(746, 48)
push-button	Search by voice	""			(1289, 413)	(26, 48)
push-button	Search by image	""			(1326, 413)	(26, 48)
link	Web Store	""			(883, 479)	(112, 112)
push-button	More actions for Web Store shortcut	""			(965, 483)	(28, 28)
static	Web Store	Web Store			(909, 559)	(60, 15)
push-button	Add shortcut	Add shortcut			(995, 479)	(112, 112)
static	Add shortcut	Add shortcut			(1013, 559)	(76, 15)
toggle-button	Customize Chromium	""			(1722, 937)	(182, 32)
section		Customize Chromium			(1762, 943)	(126, 20)
static	Customize Chromium	Customize Chromium			(1762, 945)	(126, 15)
menu	Chromium Web Browser	""			(99, 0)	(219, 27)
menu	System	""			(1814, 0)	(106, 27)
label	Please download waiting software updates.	""			(810, 73)	(291, 17)
push-button	Chromium Web Browser	""			(0, 33)	(70, 64)
push-button	Thunderbird Mail	""			(0, 101)	(70, 64)
push-button	Visual Studio Code	""			(0, 169)	(70, 64)
push-button	VLC media player	""			(0, 237)	(70, 64)
push-button	LibreOffice Writer	""			(0, 305)	(70, 64)
push-button	LibreOffice Calc	""			(0, 373)	(70, 64)
push-button	LibreOffice Impress	""			(0, 441)	(70, 64)
push-button	GNU Image Manipulation Program	""			(0, 509)	(70, 64)
push-button	Files	""			(0, 577)	(70, 64)
push-button	Ubuntu Software	""			(0, 645)	(70, 64)
push-button	Help	""			(0, 713)	(70, 64)
push-button	Trash	""			(0, 784)	(70, 64)
toggle-button	Show Applications	""			(0, 915)	(70, 70)
Generating content with GPT model: o4-mini
RESPONSE: Here’s the plan so far:
- We’re on the Chromium welcome page.
- To create a folder on the bookmarks bar, we first need to open the Bookmark Manager.

```python
import pyautogui, time

# Give the browser a moment
time.sleep(0.5)

# Open Bookmark Manager (Ctrl+Shift+O)
pyautogui.hotkey('ctrl', 'shift', 'o')
```
LINEAR AT: tag	name	text	class	description	position (top-left x&y)	size (w&h)
label	Home	Home			(1833, 939)	(40, 17)
push-button	Search tabs	Search tabs			(76, 64)	(28, 41)
push-button	Close	Close			(312, 70)	(28, 28)
push-button	New Tab	New Tab			(348, 64)	(28, 41)
push-button	Back	Back			(70, 110)	(39, 34)
push-button	Reload	Reload			(147, 110)	(34, 34)
push-button	Chromium	""			(195, 115)	(105, 24)
entry	Address and search bar	chrome://bookmarks			(308, 115)	(1484, 24)
push-button	Bookmark this tab	""			(1800, 115)	(24, 24)
push-button	Work	Work			(1845, 110)	(34, 34)
push-button	Chromium	Chromium			(1881, 110)	(39, 34)
document-web	Bookmarks	""			(70, 151)	(1850, 834)
heading	Bookmarks	Bookmarks			(137, 166)	(648, 26)
static	Bookmarks	Bookmarks			(137, 166)	(115, 26)
entry	Search bookmarks	""			(818, 167)	(653, 24)
push-button	Organize	""			(1872, 163)	(32, 32)
tree-item	Bookmarks bar	""			(71, 215)	(252, 40)
section		Bookmarks bar			(139, 228)	(174, 14)
static	Bookmarks bar	Bookmarks bar			(145, 227)	(96, 16)
tree-item	Other bookmarks	""			(71, 255)	(252, 40)
section		Other bookmarks			(139, 268)	(174, 14)
static	Other bookmarks	Other bookmarks			(145, 267)	(109, 16)
section		To bookmark pages, click the star in the address bar			(341, 207)	(1579, 778)
static	To bookmark pages, click the star in the address bar	To bookmark pages, click the star in the address bar			(960, 587)	(326, 17)
menu	Chromium Web Browser	""			(99, 0)	(219, 27)
menu	System	""			(1814, 0)	(106, 27)
label	Please download waiting software updates.	""			(810, 73)	(291, 17)
push-button	Chromium Web Browser	""			(0, 33)	(70, 64)
push-button	Thunderbird Mail	""			(0, 101)	(70, 64)
push-button	Visual Studio Code	""			(0, 169)	(70, 64)
push-button	VLC media player	""			(0, 237)	(70, 64)
push-button	LibreOffice Writer	""			(0, 305)	(70, 64)
push-button	LibreOffice Calc	""			(0, 373)	(70, 64)
push-button	LibreOffice Impress	""			(0, 441)	(70, 64)
push-button	GNU Image Manipulation Program	""			(0, 509)	(70, 64)
push-button	Files	""			(0, 577)	(70, 64)
push-button	Ubuntu Software	""			(0, 645)	(70, 64)
push-button	Help	""			(0, 713)	(70, 64)
push-button	Trash	""			(0, 784)	(70, 64)
toggle-button	Show Applications	""			(0, 915)	(70, 70)
Generating content with GPT model: o4-mini
RESPONSE: We’ve opened the Bookmark Manager. To add a new folder, I’ll first open the “Organize” menu:

```python
import pyautogui, time

# Allow the Bookmark Manager to settle
time.sleep(0.5)

# Click the “Organize” (three-dot) button
pyautogui.click(1872, 163)
```
LINEAR AT: tag	name	text	class	description	position (top-left x&y)	size (w&h)
label	Home	Home			(1833, 939)	(40, 17)
push-button	Search tabs	Search tabs			(76, 64)	(28, 41)
push-button	Close	Close			(312, 70)	(28, 28)
push-button	New Tab	New Tab			(348, 64)	(28, 41)
push-button	Back	Back			(70, 110)	(39, 34)
push-button	Reload	Reload			(147, 110)	(34, 34)
push-button	Chromium	""			(195, 115)	(105, 24)
entry	Address and search bar	chrome://bookmarks			(308, 115)	(1484, 24)
push-button	Bookmark this tab	""			(1800, 115)	(24, 24)
push-button	Work	Work			(1845, 110)	(34, 34)
push-button	Chromium	Chromium			(1881, 110)	(39, 34)
document-web	Bookmarks	""			(70, 151)	(1850, 834)
heading	Bookmarks	Bookmarks			(137, 166)	(648, 26)
static	Bookmarks	Bookmarks			(137, 166)	(115, 26)
entry	Search bookmarks	""			(818, 167)	(653, 24)
push-button	Organize	""			(1872, 163)	(32, 32)
tree-item	Bookmarks bar	""			(71, 215)	(252, 40)
section		Bookmarks bar			(139, 228)	(174, 14)
static	Bookmarks bar	Bookmarks bar			(145, 227)	(96, 16)
tree-item	Other bookmarks	""			(71, 255)	(252, 40)
section		Other bookmarks			(139, 268)	(174, 14)
static	Other bookmarks	Other bookmarks			(145, 267)	(109, 16)
section		To bookmark pages, click the star in the address bar			(341, 207)	(1579, 778)
static	To bookmark pages, click the star in the address bar	To bookmark pages, click the star in the address bar			(960, 587)	(326, 17)
menu	Chromium Web Browser	""			(99, 0)	(219, 27)
menu	System	""			(1814, 0)	(106, 27)
push-button	Chromium Web Browser	""			(0, 33)	(70, 64)
push-button	Thunderbird Mail	""			(0, 101)	(70, 64)
push-button	Visual Studio Code	""			(0, 169)	(70, 64)
push-button	VLC media player	""			(0, 237)	(70, 64)
push-button	LibreOffice Writer	""			(0, 305)	(70, 64)
push-button	LibreOffice Calc	""			(0, 373)	(70, 64)
push-button	LibreOffice Impress	""			(0, 441)	(70, 64)
push-button	GNU Image Manipulation Program	""			(0, 509)	(70, 64)
push-button	Files	""			(0, 577)	(70, 64)
push-button	Ubuntu Software	""			(0, 645)	(70, 64)
push-button	Help	""			(0, 713)	(70, 64)
push-button	Trash	""			(0, 784)	(70, 64)
toggle-button	Show Applications	""			(0, 915)	(70, 70)
Generating content with GPT model: o4-mini
RESPONSE: Here we’ve opened the “Organize” menu. Next we need to click “Add new folder” from that dropdown:

```python
import pyautogui, time

# Wait for the Organize menu to appear
time.sleep(0.5)

# Click the “Add new folder” menu item (approximate position under the three-dot button)
pyautogui.click(1870, 200)
```
LINEAR AT: tag	name	text	class	description	position (top-left x&y)	size (w&h)
label	Home	Home			(1833, 939)	(40, 17)
push-button	Search tabs	Search tabs			(76, 64)	(28, 41)
push-button	Close	Close			(312, 70)	(28, 28)
push-button	New Tab	New Tab			(348, 64)	(28, 41)
push-button	Back	Back			(70, 110)	(39, 34)
push-button	Reload	Reload			(147, 110)	(34, 34)
push-button	Chromium	""			(195, 115)	(105, 24)
entry	Address and search bar	chrome://bookmarks			(308, 115)	(1484, 24)
push-button	Bookmark this tab	""			(1800, 115)	(24, 24)
push-button	Work	Work			(1845, 110)	(34, 34)
push-button	Chromium	Chromium			(1881, 110)	(39, 34)
document-web	Bookmarks	""			(70, 151)	(1850, 834)
heading	Bookmarks	Bookmarks			(137, 166)	(648, 26)
static	Bookmarks	Bookmarks			(137, 166)	(115, 26)
entry	Search bookmarks	""			(818, 167)	(653, 24)
push-button	Organize	""			(1872, 163)	(32, 32)
tree-item	Bookmarks bar	""			(71, 215)	(252, 40)
section		Bookmarks bar			(139, 228)	(174, 14)
static	Bookmarks bar	Bookmarks bar			(145, 227)	(96, 16)
tree-item	Other bookmarks	""			(71, 255)	(252, 40)
section		Other bookmarks			(139, 268)	(174, 14)
static	Other bookmarks	Other bookmarks			(145, 267)	(109, 16)
section		To bookmark pages, click the star in the address bar			(341, 207)	(1579, 778)
static	To bookmark pages, click the star in the address bar	To bookmark pages, click the star in the address bar			(960, 587)	(326, 17)
menu	Chromium Web Browser	""			(99, 0)	(219, 27)
menu	System	""			(1814, 0)	(106, 27)
push-button	Chromium Web Browser	""			(0, 33)	(70, 64)
push-button	Thunderbird Mail	""			(0, 101)	(70, 64)
push-button	Visual Studio Code	""			(0, 169)	(70, 64)
push-button	VLC media player	""			(0, 237)	(70, 64)
push-button	LibreOffice Writer	""			(0, 305)	(70, 64)
push-button	LibreOffice Calc	""			(0, 373)	(70, 64)
push-button	LibreOffice Impress	""			(0, 441)	(70, 64)
push-button	GNU Image Manipulation Program	""			(0, 509)	(70, 64)
push-button	Files	""			(0, 577)	(70, 64)
push-button	Ubuntu Software	""			(0, 645)	(70, 64)
push-button	Help	""			(0, 713)	(70, 64)
push-button	Trash	""			(0, 784)	(70, 64)
toggle-button	Show Applications	""			(0, 915)	(70, 70)
Generating content with GPT model: o4-mini
RESPONSE: Next, I’ll select “Add new folder” from the Organize menu to create a new folder on the Bookmarks bar.
LINEAR AT: tag	name	text	class	description	position (top-left x&y)	size (w&h)
label	Home	Home			(1833, 939)	(40, 17)
push-button	Search tabs	Search tabs			(76, 64)	(28, 41)
push-button	Close	Close			(312, 70)	(28, 28)
push-button	New Tab	New Tab			(348, 64)	(28, 41)
push-button	Back	Back			(70, 110)	(39, 34)
push-button	Reload	Reload			(147, 110)	(34, 34)
push-button	Chromium	""			(195, 115)	(105, 24)
entry	Address and search bar	chrome://bookmarks			(308, 115)	(1484, 24)
push-button	Bookmark this tab	""			(1800, 115)	(24, 24)
push-button	Work	Work			(1845, 110)	(34, 34)
push-button	Chromium	Chromium			(1881, 110)	(39, 34)
document-web	Bookmarks	""			(70, 151)	(1850, 834)
heading	Bookmarks	Bookmarks			(137, 166)	(648, 26)
static	Bookmarks	Bookmarks			(137, 166)	(115, 26)
entry	Search bookmarks	""			(818, 167)	(653, 24)
push-button	Organize	""			(1872, 163)	(32, 32)
tree-item	Bookmarks bar	""			(71, 215)	(252, 40)
section		Bookmarks bar			(139, 228)	(174, 14)
static	Bookmarks bar	Bookmarks bar			(145, 227)	(96, 16)
tree-item	Other bookmarks	""			(71, 255)	(252, 40)
section		Other bookmarks			(139, 268)	(174, 14)
static	Other bookmarks	Other bookmarks			(145, 267)	(109, 16)
section		To bookmark pages, click the star in the address bar			(341, 207)	(1579, 778)
static	To bookmark pages, click the star in the address bar	To bookmark pages, click the star in the address bar			(960, 587)	(326, 17)
menu	Chromium Web Browser	""			(99, 0)	(219, 27)
menu	System	""			(1814, 0)	(106, 27)
push-button	Chromium Web Browser	""			(0, 33)	(70, 64)
push-button	Thunderbird Mail	""			(0, 101)	(70, 64)
push-button	Visual Studio Code	""			(0, 169)	(70, 64)
push-button	VLC media player	""			(0, 237)	(70, 64)
push-button	LibreOffice Writer	""			(0, 305)	(70, 64)
push-button	LibreOffice Calc	""			(0, 373)	(70, 64)
push-button	LibreOffice Impress	""			(0, 441)	(70, 64)
push-button	GNU Image Manipulation Program	""			(0, 509)	(70, 64)
push-button	Files	""			(0, 577)	(70, 64)
push-button	Ubuntu Software	""			(0, 645)	(70, 64)
push-button	Help	""			(0, 713)	(70, 64)
push-button	Trash	""			(0, 784)	(70, 64)
toggle-button	Show Applications	""			(0, 915)	(70, 70)
Generating content with GPT model: o4-mini
RESPONSE: Next, I’ll select “Add new folder” from the Organize menu:

```python
import pyautogui, time

# Wait for the Organize menu to render
time.sleep(0.5)

# Click the “Add new folder” menu item just below the three-dot button
pyautogui.click(1872, 200)
```
LINEAR AT: tag	name	text	class	description	position (top-left x&y)	size (w&h)
label	Home	Home			(1833, 939)	(40, 17)
push-button	Search tabs	Search tabs			(76, 64)	(28, 41)
push-button	Close	Close			(312, 70)	(28, 28)
push-button	New Tab	New Tab			(348, 64)	(28, 41)
push-button	Back	Back			(70, 110)	(39, 34)
push-button	Reload	Reload			(147, 110)	(34, 34)
push-button	Chromium	""			(195, 115)	(105, 24)
entry	Address and search bar	chrome://bookmarks			(308, 115)	(1484, 24)
push-button	Bookmark this tab	""			(1800, 115)	(24, 24)
push-button	Work	Work			(1845, 110)	(34, 34)
push-button	Chromium	Chromium			(1881, 110)	(39, 34)
document-web	Bookmarks	""			(70, 151)	(1850, 834)
heading	Bookmarks	Bookmarks			(137, 166)	(648, 26)
static	Bookmarks	Bookmarks			(137, 166)	(115, 26)
entry	Search bookmarks	""			(818, 167)	(653, 24)
push-button	Organize	""			(1872, 163)	(32, 32)
tree-item	Bookmarks bar	""			(71, 215)	(252, 40)
section		Bookmarks bar			(139, 228)	(174, 14)
static	Bookmarks bar	Bookmarks bar			(145, 227)	(96, 16)
tree-item	Other bookmarks	""			(71, 255)	(252, 40)
section		Other bookmarks			(139, 268)	(174, 14)
static	Other bookmarks	Other bookmarks			(145, 267)	(109, 16)
section		To bookmark pages, click the star in the address bar			(341, 207)	(1579, 778)
static	To bookmark pages, click the star in the address bar	To bookmark pages, click the star in the address bar			(960, 587)	(326, 17)
menu	Chromium Web Browser	""			(99, 0)	(219, 27)
menu	System	""			(1814, 0)	(106, 27)
push-button	Chromium Web Browser	""			(0, 33)	(70, 64)
push-button	Thunderbird Mail	""			(0, 101)	(70, 64)
push-button	Visual Studio Code	""			(0, 169)	(70, 64)
push-button	VLC media player	""			(0, 237)	(70, 64)
push-button	LibreOffice Writer	""			(0, 305)	(70, 64)
push-button	LibreOffice Calc	""			(0, 373)	(70, 64)
push-button	LibreOffice Impress	""			(0, 441)	(70, 64)
push-button	GNU Image Manipulation Program	""			(0, 509)	(70, 64)
push-button	Files	""			(0, 577)	(70, 64)
push-button	Ubuntu Software	""			(0, 645)	(70, 64)
push-button	Help	""			(0, 713)	(70, 64)
push-button	Trash	""			(0, 784)	(70, 64)
toggle-button	Show Applications	""			(0, 915)	(70, 70)
Generating content with GPT model: o4-mini
RESPONSE: We’re on the chrome://bookmarks page and the “Organize” (⋮) menu isn’t open yet. Next, we need to click that button to reveal the “Add new folder” option.

```python
import pyautogui, time

# Open the Organize menu
pyautogui.click(1872, 163)
time.sleep(0.5)
```
LINEAR AT: tag	name	text	class	description	position (top-left x&y)	size (w&h)
label	Home	Home			(1833, 939)	(40, 17)
push-button	Search tabs	Search tabs			(76, 64)	(28, 41)
push-button	Close	Close			(312, 70)	(28, 28)
push-button	New Tab	New Tab			(348, 64)	(28, 41)
push-button	Back	Back			(70, 110)	(39, 34)
push-button	Reload	Reload			(147, 110)	(34, 34)
push-button	Chromium	""			(195, 115)	(105, 24)
entry	Address and search bar	chrome://bookmarks			(308, 115)	(1484, 24)
push-button	Bookmark this tab	""			(1800, 115)	(24, 24)
push-button	Work	Work			(1845, 110)	(34, 34)
push-button	Chromium	Chromium			(1881, 110)	(39, 34)
document-web	Bookmarks	""			(70, 151)	(1850, 834)
heading	Bookmarks	Bookmarks			(137, 166)	(648, 26)
static	Bookmarks	Bookmarks			(137, 166)	(115, 26)
entry	Search bookmarks	""			(818, 167)	(653, 24)
push-button	Organize	""			(1872, 163)	(32, 32)
tree-item	Bookmarks bar	""			(71, 215)	(252, 40)
section		Bookmarks bar			(139, 228)	(174, 14)
static	Bookmarks bar	Bookmarks bar			(145, 227)	(96, 16)
tree-item	Other bookmarks	""			(71, 255)	(252, 40)
section		Other bookmarks			(139, 268)	(174, 14)
static	Other bookmarks	Other bookmarks			(145, 267)	(109, 16)
section		To bookmark pages, click the star in the address bar			(341, 207)	(1579, 778)
static	To bookmark pages, click the star in the address bar	To bookmark pages, click the star in the address bar			(960, 587)	(326, 17)
menu	Chromium Web Browser	""			(99, 0)	(219, 27)
menu	System	""			(1814, 0)	(106, 27)
push-button	Chromium Web Browser	""			(0, 33)	(70, 64)
push-button	Thunderbird Mail	""			(0, 101)	(70, 64)
push-button	Visual Studio Code	""			(0, 169)	(70, 64)
push-button	VLC media player	""			(0, 237)	(70, 64)
push-button	LibreOffice Writer	""			(0, 305)	(70, 64)
push-button	LibreOffice Calc	""			(0, 373)	(70, 64)
push-button	LibreOffice Impress	""			(0, 441)	(70, 64)
push-button	GNU Image Manipulation Program	""			(0, 509)	(70, 64)
push-button	Files	""			(0, 577)	(70, 64)
push-button	Ubuntu Software	""			(0, 645)	(70, 64)
push-button	Help	""			(0, 713)	(70, 64)
push-button	Trash	""			(0, 784)	(70, 64)
toggle-button	Show Applications	""			(0, 915)	(70, 70)
Generating content with GPT model: o4-mini
RESPONSE: I need to choose “Add new folder” from the Organize menu. After opening that menu, I’ll click the first item, which is “Add new folder.”

```python
import pyautogui, time

# Give the menu a moment to appear
time.sleep(0.5)

# Click “Add new folder” in the Organize menu
pyautogui.click(1788, 200)
time.sleep(0.5)
```
LINEAR AT: tag	name	text	class	description	position (top-left x&y)	size (w&h)
label	Home	Home			(1833, 939)	(40, 17)
push-button	Search tabs	Search tabs			(76, 64)	(28, 41)
push-button	Close	Close			(312, 70)	(28, 28)
push-button	New Tab	New Tab			(348, 64)	(28, 41)
push-button	Back	Back			(70, 110)	(39, 34)
push-button	Reload	Reload			(147, 110)	(34, 34)
push-button	Chromium	""			(195, 115)	(105, 24)
entry	Address and search bar	chrome://bookmarks			(308, 115)	(1484, 24)
push-button	Bookmark this tab	""			(1800, 115)	(24, 24)
push-button	Work	Work			(1845, 110)	(34, 34)
push-button	Chromium	Chromium			(1881, 110)	(39, 34)
document-web	Bookmarks	""			(70, 151)	(1850, 834)
heading	Bookmarks	Bookmarks			(137, 166)	(648, 26)
static	Bookmarks	Bookmarks			(137, 166)	(115, 26)
entry	Search bookmarks	""			(818, 167)	(653, 24)
push-button	Organize	""			(1872, 163)	(32, 32)
tree-item	Bookmarks bar	""			(71, 215)	(252, 40)
section		Bookmarks bar			(139, 228)	(174, 14)
static	Bookmarks bar	Bookmarks bar			(145, 227)	(96, 16)
tree-item	Other bookmarks	""			(71, 255)	(252, 40)
section		Other bookmarks			(139, 268)	(174, 14)
static	Other bookmarks	Other bookmarks			(145, 267)	(109, 16)
section		To bookmark pages, click the star in the address bar			(341, 207)	(1579, 778)
static	To bookmark pages, click the star in the address bar	To bookmark pages, click the star in the address bar			(960, 587)	(326, 17)
menu	Chromium Web Browser	""			(99, 0)	(219, 27)
menu	System	""			(1814, 0)	(106, 27)
push-button	Chromium Web Browser	""			(0, 33)	(70, 64)
push-button	Thunderbird Mail	""			(0, 101)	(70, 64)
push-button	Visual Studio Code	""			(0, 169)	(70, 64)
push-button	VLC media player	""			(0, 237)	(70, 64)
push-button	LibreOffice Writer	""			(0, 305)	(70, 64)
push-button	LibreOffice Calc	""			(0, 373)	(70, 64)
push-button	LibreOffice Impress	""			(0, 441)	(70, 64)
push-button	GNU Image Manipulation Program	""			(0, 509)	(70, 64)
push-button	Files	""			(0, 577)	(70, 64)
push-button	Ubuntu Software	""			(0, 645)	(70, 64)
push-button	Help	""			(0, 713)	(70, 64)
push-button	Trash	""			(0, 784)	(70, 64)
toggle-button	Show Applications	""			(0, 915)	(70, 70)
Generating content with GPT model: o4-mini
RESPONSE: We’re on the chrome://bookmarks page and the “Organize” (⋮) menu is not yet open. To add a new folder, first click the Organize button to reveal its menu options.

```python
import pyautogui, time

# Click the “Organize” (three-dot) button
pyautogui.click(1872, 163)
time.sleep(0.5)
```
LINEAR AT: tag	name	text	class	description	position (top-left x&y)	size (w&h)
label	Home	Home			(1833, 939)	(40, 17)
push-button	Search tabs	Search tabs			(76, 64)	(28, 41)
push-button	Close	Close			(312, 70)	(28, 28)
push-button	New Tab	New Tab			(348, 64)	(28, 41)
push-button	Back	Back			(70, 110)	(39, 34)
push-button	Reload	Reload			(147, 110)	(34, 34)
push-button	Chromium	""			(195, 115)	(105, 24)
entry	Address and search bar	chrome://bookmarks			(308, 115)	(1484, 24)
push-button	Bookmark this tab	""			(1800, 115)	(24, 24)
push-button	Work	Work			(1845, 110)	(34, 34)
push-button	Chromium	Chromium			(1881, 110)	(39, 34)
document-web	Bookmarks	""			(70, 151)	(1850, 834)
heading	Bookmarks	Bookmarks			(137, 166)	(648, 26)
static	Bookmarks	Bookmarks			(137, 166)	(115, 26)
entry	Search bookmarks	""			(818, 167)	(653, 24)
push-button	Organize	""			(1872, 163)	(32, 32)
tree-item	Bookmarks bar	""			(71, 215)	(252, 40)
section		Bookmarks bar			(139, 228)	(174, 14)
static	Bookmarks bar	Bookmarks bar			(145, 227)	(96, 16)
tree-item	Other bookmarks	""			(71, 255)	(252, 40)
section		Other bookmarks			(139, 268)	(174, 14)
static	Other bookmarks	Other bookmarks			(145, 267)	(109, 16)
section		To bookmark pages, click the star in the address bar			(341, 207)	(1579, 778)
static	To bookmark pages, click the star in the address bar	To bookmark pages, click the star in the address bar			(960, 587)	(326, 17)
menu	Chromium Web Browser	""			(99, 0)	(219, 27)
menu	System	""			(1814, 0)	(106, 27)
push-button	Chromium Web Browser	""			(0, 33)	(70, 64)
push-button	Thunderbird Mail	""			(0, 101)	(70, 64)
push-button	Visual Studio Code	""			(0, 169)	(70, 64)
push-button	VLC media player	""			(0, 237)	(70, 64)
push-button	LibreOffice Writer	""			(0, 305)	(70, 64)
push-button	LibreOffice Calc	""			(0, 373)	(70, 64)
push-button	LibreOffice Impress	""			(0, 441)	(70, 64)
push-button	GNU Image Manipulation Program	""			(0, 509)	(70, 64)
push-button	Files	""			(0, 577)	(70, 64)
push-button	Ubuntu Software	""			(0, 645)	(70, 64)
push-button	Help	""			(0, 713)	(70, 64)
push-button	Trash	""			(0, 784)	(70, 64)
toggle-button	Show Applications	""			(0, 915)	(70, 70)
Generating content with GPT model: o4-mini
RESPONSE: We’re on the Chrome bookmarks manager and haven’t opened the “Organize” menu yet. To create a new folder, first click the three-dot “Organize” button at (1872,163).

```python
import pyautogui, time

# Open the Organize menu
pyautogui.click(1872, 163)
time.sleep(0.5)
```
LINEAR AT: tag	name	text	class	description	position (top-left x&y)	size (w&h)
label	Home	Home			(1833, 939)	(40, 17)
push-button	Search tabs	Search tabs			(76, 64)	(28, 41)
push-button	Close	Close			(312, 70)	(28, 28)
push-button	New Tab	New Tab			(348, 64)	(28, 41)
push-button	Back	Back			(70, 110)	(39, 34)
push-button	Reload	Reload			(147, 110)	(34, 34)
push-button	Chromium	""			(195, 115)	(105, 24)
entry	Address and search bar	chrome://bookmarks			(308, 115)	(1484, 24)
push-button	Bookmark this tab	""			(1800, 115)	(24, 24)
push-button	Work	Work			(1845, 110)	(34, 34)
push-button	Chromium	Chromium			(1881, 110)	(39, 34)
document-web	Bookmarks	""			(70, 151)	(1850, 834)
heading	Bookmarks	Bookmarks			(137, 166)	(648, 26)
static	Bookmarks	Bookmarks			(137, 166)	(115, 26)
entry	Search bookmarks	""			(818, 167)	(653, 24)
push-button	Organize	""			(1872, 163)	(32, 32)
tree-item	Bookmarks bar	""			(71, 215)	(252, 40)
section		Bookmarks bar			(139, 228)	(174, 14)
static	Bookmarks bar	Bookmarks bar			(145, 227)	(96, 16)
tree-item	Other bookmarks	""			(71, 255)	(252, 40)
section		Other bookmarks			(139, 268)	(174, 14)
static	Other bookmarks	Other bookmarks			(145, 267)	(109, 16)
section		To bookmark pages, click the star in the address bar			(341, 207)	(1579, 778)
static	To bookmark pages, click the star in the address bar	To bookmark pages, click the star in the address bar			(960, 587)	(326, 17)
menu	Chromium Web Browser	""			(99, 0)	(219, 27)
menu	System	""			(1814, 0)	(106, 27)
push-button	Chromium Web Browser	""			(0, 33)	(70, 64)
push-button	Thunderbird Mail	""			(0, 101)	(70, 64)
push-button	Visual Studio Code	""			(0, 169)	(70, 64)
push-button	VLC media player	""			(0, 237)	(70, 64)
push-button	LibreOffice Writer	""			(0, 305)	(70, 64)
push-button	LibreOffice Calc	""			(0, 373)	(70, 64)
push-button	LibreOffice Impress	""			(0, 441)	(70, 64)
push-button	GNU Image Manipulation Program	""			(0, 509)	(70, 64)
push-button	Files	""			(0, 577)	(70, 64)
push-button	Ubuntu Software	""			(0, 645)	(70, 64)
push-button	Help	""			(0, 713)	(70, 64)
push-button	Trash	""			(0, 784)	(70, 64)
toggle-button	Show Applications	""			(0, 915)	(70, 70)
Generating content with GPT model: o4-mini
RESPONSE: We need to open the “Organize” menu so we can choose “Add new folder.”  
Next, click the three‐dot Organize button at (1872, 163).

```python
import pyautogui, time

# Open the Organize menu
pyautogui.click(1872, 163)
time.sleep(0.5)
```
LINEAR AT: tag	name	text	class	description	position (top-left x&y)	size (w&h)
label	Home	Home			(1833, 939)	(40, 17)
push-button	Search tabs	Search tabs			(76, 64)	(28, 41)
push-button	Close	Close			(312, 70)	(28, 28)
push-button	New Tab	New Tab			(348, 64)	(28, 41)
push-button	Back	Back			(70, 110)	(39, 34)
push-button	Reload	Reload			(147, 110)	(34, 34)
push-button	Chromium	""			(195, 115)	(105, 24)
entry	Address and search bar	chrome://bookmarks			(308, 115)	(1484, 24)
push-button	Bookmark this tab	""			(1800, 115)	(24, 24)
push-button	Work	Work			(1845, 110)	(34, 34)
push-button	Chromium	Chromium			(1881, 110)	(39, 34)
document-web	Bookmarks	""			(70, 151)	(1850, 834)
heading	Bookmarks	Bookmarks			(137, 166)	(648, 26)
static	Bookmarks	Bookmarks			(137, 166)	(115, 26)
entry	Search bookmarks	""			(818, 167)	(653, 24)
push-button	Organize	""			(1872, 163)	(32, 32)
tree-item	Bookmarks bar	""			(71, 215)	(252, 40)
section		Bookmarks bar			(139, 228)	(174, 14)
static	Bookmarks bar	Bookmarks bar			(145, 227)	(96, 16)
tree-item	Other bookmarks	""			(71, 255)	(252, 40)
section		Other bookmarks			(139, 268)	(174, 14)
static	Other bookmarks	Other bookmarks			(145, 267)	(109, 16)
section		To bookmark pages, click the star in the address bar			(341, 207)	(1579, 778)
static	To bookmark pages, click the star in the address bar	To bookmark pages, click the star in the address bar			(960, 587)	(326, 17)
menu	Chromium Web Browser	""			(99, 0)	(219, 27)
menu	System	""			(1814, 0)	(106, 27)
push-button	Chromium Web Browser	""			(0, 33)	(70, 64)
push-button	Thunderbird Mail	""			(0, 101)	(70, 64)
push-button	Visual Studio Code	""			(0, 169)	(70, 64)
push-button	VLC media player	""			(0, 237)	(70, 64)
push-button	LibreOffice Writer	""			(0, 305)	(70, 64)
push-button	LibreOffice Calc	""			(0, 373)	(70, 64)
push-button	LibreOffice Impress	""			(0, 441)	(70, 64)
push-button	GNU Image Manipulation Program	""			(0, 509)	(70, 64)
push-button	Files	""			(0, 577)	(70, 64)
push-button	Ubuntu Software	""			(0, 645)	(70, 64)
push-button	Help	""			(0, 713)	(70, 64)
push-button	Trash	""			(0, 784)	(70, 64)
toggle-button	Show Applications	""			(0, 915)	(70, 70)
Generating content with GPT model: o4-mini
RESPONSE: We need to choose “Add new folder” from the Organize menu. Next, click the “Add new folder” entry (just below the first menu item). I’ve estimated its position at around (1850, 200).

```python
import pyautogui, time

# Click "Add new folder" in the open Organize menu
pyautogui.click(1850, 200)
time.sleep(0.5)
```
LINEAR AT: tag	name	text	class	description	position (top-left x&y)	size (w&h)
label	Home	Home			(1833, 939)	(40, 17)
push-button	Search tabs	Search tabs			(76, 64)	(28, 41)
push-button	Close	Close			(312, 70)	(28, 28)
push-button	New Tab	New Tab			(348, 64)	(28, 41)
push-button	Back	Back			(70, 110)	(39, 34)
push-button	Reload	Reload			(147, 110)	(34, 34)
push-button	Chromium	""			(195, 115)	(105, 24)
entry	Address and search bar	chrome://bookmarks			(308, 115)	(1484, 24)
push-button	Bookmark this tab	""			(1800, 115)	(24, 24)
push-button	Work	Work			(1845, 110)	(34, 34)
push-button	Chromium	Chromium			(1881, 110)	(39, 34)
document-web	Bookmarks	""			(70, 151)	(1850, 834)
heading	Bookmarks	Bookmarks			(137, 166)	(648, 26)
static	Bookmarks	Bookmarks			(137, 166)	(115, 26)
entry	Search bookmarks	""			(818, 167)	(653, 24)
push-button	Organize	""			(1872, 163)	(32, 32)
tree-item	Bookmarks bar	""			(71, 215)	(252, 40)
section		Bookmarks bar			(139, 228)	(174, 14)
static	Bookmarks bar	Bookmarks bar			(145, 227)	(96, 16)
tree-item	Other bookmarks	""			(71, 255)	(252, 40)
section		Other bookmarks			(139, 268)	(174, 14)
static	Other bookmarks	Other bookmarks			(145, 267)	(109, 16)
section		To bookmark pages, click the star in the address bar			(341, 207)	(1579, 778)
static	To bookmark pages, click the star in the address bar	To bookmark pages, click the star in the address bar			(960, 587)	(326, 17)
menu	Chromium Web Browser	""			(99, 0)	(219, 27)
menu	System	""			(1814, 0)	(106, 27)
push-button	Chromium Web Browser	""			(0, 33)	(70, 64)
push-button	Thunderbird Mail	""			(0, 101)	(70, 64)
push-button	Visual Studio Code	""			(0, 169)	(70, 64)
push-button	VLC media player	""			(0, 237)	(70, 64)
push-button	LibreOffice Writer	""			(0, 305)	(70, 64)
push-button	LibreOffice Calc	""			(0, 373)	(70, 64)
push-button	LibreOffice Impress	""			(0, 441)	(70, 64)
push-button	GNU Image Manipulation Program	""			(0, 509)	(70, 64)
push-button	Files	""			(0, 577)	(70, 64)
push-button	Ubuntu Software	""			(0, 645)	(70, 64)
push-button	Help	""			(0, 713)	(70, 64)
push-button	Trash	""			(0, 784)	(70, 64)
toggle-button	Show Applications	""			(0, 915)	(70, 70)
Generating content with GPT model: o4-mini
RESPONSE: We still need to tell Chrome exactly where to put the new folder, so let’s open the context‐menu on “Bookmarks bar” in the left pane. Next, right‐click the “Bookmarks bar” item at roughly (145, 227).

```python
import pyautogui, time

# Open the context menu on "Bookmarks bar"
pyautogui.rightClick(145, 227)
time.sleep(0.5)
```
LINEAR AT: tag	name	text	class	description	position (top-left x&y)	size (w&h)
label	Home	Home			(1833, 939)	(40, 17)
push-button	Search tabs	Search tabs			(76, 64)	(28, 41)
push-button	Close	Close			(312, 70)	(28, 28)
push-button	New Tab	New Tab			(348, 64)	(28, 41)
push-button	Back	Back			(70, 110)	(39, 34)
push-button	Reload	Reload			(147, 110)	(34, 34)
push-button	Chromium	""			(195, 115)	(105, 24)
entry	Address and search bar	chrome://bookmarks			(308, 115)	(1484, 24)
push-button	Bookmark this tab	""			(1800, 115)	(24, 24)
push-button	Work	Work			(1845, 110)	(34, 34)
push-button	Chromium	Chromium			(1881, 110)	(39, 34)
document-web	Bookmarks	""			(70, 151)	(1850, 834)
menu-item	Copy	Copy			(145, 360)	(214, 37)
menu	Chromium Web Browser	""			(99, 0)	(219, 27)
menu	System	""			(1814, 0)	(106, 27)
push-button	Chromium Web Browser	""			(0, 33)	(70, 64)
push-button	Thunderbird Mail	""			(0, 101)	(70, 64)
push-button	Visual Studio Code	""			(0, 169)	(70, 64)
push-button	VLC media player	""			(0, 237)	(70, 64)
push-button	LibreOffice Writer	""			(0, 305)	(70, 64)
push-button	LibreOffice Calc	""			(0, 373)	(70, 64)
push-button	LibreOffice Impress	""			(0, 441)	(70, 64)
push-button	GNU Image Manipulation Program	""			(0, 509)	(70, 64)
push-button	Files	""			(0, 577)	(70, 64)
push-button	Ubuntu Software	""			(0, 645)	(70, 64)
push-button	Help	""			(0, 713)	(70, 64)
push-button	Trash	""			(0, 784)	(70, 64)
toggle-button	Show Applications	""			(0, 915)	(70, 70)
Generating content with GPT model: o4-mini
RESPONSE: We need to pick “Add new folder” from the opened context menu. So click on the “Add new folder” entry (just above “Rename”), which appears at about (145, 300).
LINEAR AT: tag	name	text	class	description	position (top-left x&y)	size (w&h)
label	Home	Home			(1833, 939)	(40, 17)
push-button	Search tabs	Search tabs			(76, 64)	(28, 41)
push-button	Close	Close			(312, 70)	(28, 28)
push-button	New Tab	New Tab			(348, 64)	(28, 41)
push-button	Back	Back			(70, 110)	(39, 34)
push-button	Reload	Reload			(147, 110)	(34, 34)
push-button	Chromium	""			(195, 115)	(105, 24)
entry	Address and search bar	chrome://bookmarks			(308, 115)	(1484, 24)
push-button	Bookmark this tab	""			(1800, 115)	(24, 24)
push-button	Work	Work			(1845, 110)	(34, 34)
push-button	Chromium	Chromium			(1881, 110)	(39, 34)
document-web	Bookmarks	""			(70, 151)	(1850, 834)
menu-item	Copy	Copy			(145, 360)	(214, 37)
menu	Chromium Web Browser	""			(99, 0)	(219, 27)
menu	System	""			(1814, 0)	(106, 27)
push-button	Chromium Web Browser	""			(0, 33)	(70, 64)
push-button	Thunderbird Mail	""			(0, 101)	(70, 64)
push-button	Visual Studio Code	""			(0, 169)	(70, 64)
push-button	VLC media player	""			(0, 237)	(70, 64)
push-button	LibreOffice Writer	""			(0, 305)	(70, 64)
push-button	LibreOffice Calc	""			(0, 373)	(70, 64)
push-button	LibreOffice Impress	""			(0, 441)	(70, 64)
push-button	GNU Image Manipulation Program	""			(0, 509)	(70, 64)
push-button	Files	""			(0, 577)	(70, 64)
push-button	Ubuntu Software	""			(0, 645)	(70, 64)
push-button	Help	""			(0, 713)	(70, 64)
push-button	Trash	""			(0, 784)	(70, 64)
toggle-button	Show Applications	""			(0, 915)	(70, 70)
Generating content with GPT model: o4-mini
RESPONSE: I opened the wrong context menu on the folder itself. “Add new folder” lives under the page’s Organize (⋮) menu in the toolbar. Next I’ll click the Organize button at (1872, 163).

```python
import pyautogui, time

# Open the bookmarks page "Organize" menu
pyautogui.click(1872, 163)
time.sleep(0.5)
```
LINEAR AT: tag	name	text	class	description	position (top-left x&y)	size (w&h)
label	Home	Home			(1833, 939)	(40, 17)
push-button	Search tabs	Search tabs			(76, 64)	(28, 41)
push-button	Close	Close			(312, 70)	(28, 28)
push-button	New Tab	New Tab			(348, 64)	(28, 41)
push-button	Back	Back			(70, 110)	(39, 34)
push-button	Reload	Reload			(147, 110)	(34, 34)
push-button	Chromium	""			(195, 115)	(105, 24)
entry	Address and search bar	chrome://bookmarks			(308, 115)	(1484, 24)
push-button	Bookmark this tab	""			(1800, 115)	(24, 24)
push-button	Work	Work			(1845, 110)	(34, 34)
push-button	Chromium	Chromium			(1881, 110)	(39, 34)
document-web	Bookmarks	""			(70, 151)	(1850, 834)
heading	Bookmarks	Bookmarks			(137, 166)	(648, 26)
static	Bookmarks	Bookmarks			(137, 166)	(115, 26)
entry	Search bookmarks	""			(818, 167)	(653, 24)
push-button	Organize	""			(1872, 163)	(32, 32)
tree-item	Bookmarks bar	""			(71, 215)	(252, 40)
section		Bookmarks bar			(139, 228)	(174, 14)
static	Bookmarks bar	Bookmarks bar			(145, 227)	(96, 16)
tree-item	Other bookmarks	""			(71, 255)	(252, 40)
section		Other bookmarks			(139, 268)	(174, 14)
static	Other bookmarks	Other bookmarks			(145, 267)	(109, 16)
section		To bookmark pages, click the star in the address bar			(341, 207)	(1579, 778)
static	To bookmark pages, click the star in the address bar	To bookmark pages, click the star in the address bar			(960, 587)	(326, 17)
menu	Chromium Web Browser	""			(99, 0)	(219, 27)
menu	System	""			(1814, 0)	(106, 27)
push-button	Chromium Web Browser	""			(0, 33)	(70, 64)
push-button	Thunderbird Mail	""			(0, 101)	(70, 64)
push-button	Visual Studio Code	""			(0, 169)	(70, 64)
push-button	VLC media player	""			(0, 237)	(70, 64)
push-button	LibreOffice Writer	""			(0, 305)	(70, 64)
push-button	LibreOffice Calc	""			(0, 373)	(70, 64)
push-button	LibreOffice Impress	""			(0, 441)	(70, 64)
push-button	GNU Image Manipulation Program	""			(0, 509)	(70, 64)
push-button	Files	""			(0, 577)	(70, 64)
push-button	Ubuntu Software	""			(0, 645)	(70, 64)
push-button	Help	""			(0, 713)	(70, 64)
push-button	Trash	""			(0, 784)	(70, 64)
toggle-button	Show Applications	""			(0, 915)	(70, 70)
Generating content with GPT model: o4-mini
RESPONSE: The next step is to pick “Add new folder” from the Organize (⋮) menu you just opened—click on the first menu item under that dropdown (roughly around x=1840, y=200).
