LINEAR AT: tag	name	text	class	description	position (top-left x&y)	size (w&h)
label	Home	Home			(1833, 939)	(40, 17)
label	04 CHIN9505 EBook Purchasing info 2021 Jan.​docx	04 CHIN9505 EBook Purchasing info 2021 Jan.​docx			(1793, 819)	(120, 34)
menu	LibreOffice Writer	""			(99, 0)	(180, 27)
menu	System	""			(1814, 0)	(106, 27)
label	Please download waiting software updates.	""			(810, 73)	(291, 17)
push-button	Chromium Web Browser	""			(0, 33)	(70, 64)
push-button	Thunderbird Mail	""			(0, 101)	(70, 64)
push-button	Visual Studio Code	""			(0, 169)	(70, 64)
push-button	VLC media player	""			(0, 237)	(70, 64)
push-button	LibreOffice Writer	""			(0, 305)	(70, 64)
push-button	LibreOffice Calc	""			(0, 373)	(70, 64)
push-button	LibreOffice Impress	""			(0, 441)	(70, 64)
push-button	GNU Image Manipulation Program	""			(0, 509)	(70, 64)
push-button	Files	""			(0, 577)	(70, 64)
push-button	Ubuntu Software	""			(0, 645)	(70, 64)
push-button	Help	""			(0, 713)	(70, 64)
push-button	Trash	""			(0, 784)	(70, 64)
toggle-button	Show Applications	""			(0, 915)	(70, 70)
menu	File	""			(70, 64)	(40, 25)
menu	Edit	""			(110, 64)	(43, 25)
menu	View	""			(153, 64)	(49, 25)
menu	Insert	""			(202, 64)	(55, 25)
menu	Format	""			(257, 64)	(66, 25)
menu	Styles	""			(323, 64)	(56, 25)
menu	Table	""			(379, 64)	(53, 25)
menu	Form	""			(432, 64)	(52, 25)
menu	Tools	""			(484, 64)	(52, 25)
menu	Window	""			(536, 64)	(70, 25)
menu	Help	""			(606, 64)	(47, 25)
menu	File	File			(70, 64)	(40, 21)
menu	Edit	Edit			(110, 64)	(43, 21)
menu	View	View			(153, 64)	(50, 21)
menu	Insert	Insert			(203, 64)	(56, 21)
menu	Format	Format			(259, 64)	(66, 21)
menu	Styles	Styles			(325, 64)	(56, 21)
menu	Table	Table			(381, 64)	(53, 21)
menu	Form	Form			(434, 64)	(52, 21)
menu	Tools	Tools			(486, 64)	(53, 21)
menu	Window	Window			(539, 64)	(73, 21)
menu	Help	Help			(612, 64)	(48, 21)
document-text	04 CHIN9505 EBook Purchasing info 2021 Jan - LibreOffice Document	""			(70, 246)	(1792, 693)
paragraph		Please find the E-book purchase option for your reference:  			(260, 445)	(1412, 33)
paragraph		How to use BLCUP eBook for PC 			(260, 478)	(1412, 64)
paragraph		Make payment for this eBook online. 			(260, 542)	(1412, 65)
paragraph		Enter User center (Your BLCUP ID. 			(260, 607)	(1412, 64)
paragraph		Download and install Windows eBook Reader (flipviewer) on your PC.			(260, 671)	(1412, 65)
paragraph		Enter User center (Your BLCUP ID.			(260, 736)	(1412, 65)
paragraph		Download eBook and input Subscription ID online to open the OPZ file.			(260, 801)	(1412, 64)
paragraph		Support Contact: service blcup.com			(260, 865)	(1412, 65)
paragraph		This product is protected by copyright. 			(260, 930)	(1412, 9)
scroll-bar	Vertical scroll bar	""			(1862, 222)	(12, 717)
toggle-button	Menu	""			(1874, 171)	(36, 34)
text		Help us make LibreOffice even better!			(111, 178)	(1611, 26)
push-button	Get involved	""			(1728, 170)	(117, 34)
text		Your donations support our worldwide community.			(111, 218)	(1645, 26)
push-button	Donate	""			(1762, 210)	(83, 34)
push-button	New	""			(74, 66)	(44, 35)
push-button	Open	""			(118, 66)	(44, 35)
push-button	Save	""			(162, 66)	(44, 35)
push-button	Export Directly as PDF	""			(214, 66)	(33, 35)
push-button	Print	""			(247, 66)	(33, 35)
toggle-button	Print Preview	""			(280, 66)	(33, 35)
push-button	Clone	""			(439, 66)	(33, 35)
toggle-button	Find and Replace	""			(576, 66)	(33, 35)
push-button	Spelling	""			(609, 66)	(33, 35)
toggle-button	Formatting Marks	""			(642, 66)	(33, 35)
push-button	Table	""			(683, 66)	(44, 35)
push-button	Image	""			(727, 66)	(33, 35)
push-button	Chart	""			(760, 66)	(33, 35)
push-button	Text Box	""			(793, 66)	(33, 35)
push-button	Page Break	""			(834, 66)	(33, 35)
push-button	Field	""			(867, 66)	(44, 35)
push-button	Symbol	""			(911, 66)	(44, 35)
toggle-button	Hyperlink	""			(963, 66)	(33, 35)
push-button	Footnote	""			(996, 66)	(33, 35)
push-button	Endnote	""			(1029, 66)	(33, 35)
push-button	Bookmark	""			(1062, 66)	(33, 35)
push-button	Cross-reference	""			(1095, 66)	(33, 35)
push-button	Comment	""			(1136, 66)	(33, 35)
toggle-button	Track Changes Functions	""			(1169, 66)	(33, 35)
push-button	Line	""			(1210, 66)	(33, 35)
push-button	Basic Shapes	""			(1243, 66)	(44, 35)
toggle-button	Draw Functions	""			(1287, 66)	(33, 35)
text		Normal (Web)			(74, 130)	(166, 34)
push-button	Update	""			(276, 105)	(33, 35)
push-button	New	""			(309, 105)	(33, 35)
text		Calibri			(350, 130)	(185, 34)
text		12 pt			(579, 130)	(65, 34)
toggle-button	Bold	""			(688, 105)	(33, 35)
toggle-button	Italic	""			(721, 105)	(33, 35)
push-button	Underline	""			(754, 105)	(44, 35)
toggle-button	Strikethrough	""			(798, 105)	(33, 35)
toggle-button	Superscript	""			(839, 105)	(33, 35)
toggle-button	Subscript	""			(872, 105)	(33, 35)
push-button	Clear	""			(913, 105)	(33, 35)
push-button	Font Color	""			(954, 105)	(44, 35)
push-button	Character Highlighting Color	""			(998, 105)	(44, 35)
toggle-button	Left	""			(1050, 105)	(33, 35)
toggle-button	Center	""			(1083, 105)	(33, 35)
toggle-button	Right	""			(1116, 105)	(33, 35)
toggle-button	Justified	""			(1149, 105)	(33, 35)
push-button	Unordered List	""			(1190, 105)	(44, 35)
push-button	Ordered List	""			(1234, 105)	(44, 35)
push-button	No List	""			(1278, 105)	(33, 35)
push-button	Increase	""			(1319, 105)	(33, 35)
push-button	Decrease	""			(1352, 105)	(33, 35)
push-button	Line Spacing	""			(1393, 105)	(44, 35)
push-button	Increase	""			(1437, 105)	(33, 35)
push-button	Decrease	""			(1470, 105)	(33, 35)
label		Page 1 of 1			(105, 941)	(258, 18)
label		71 words, 424 characters			(369, 941)	(342, 18)
label		Default Page Style			(717, 941)	(306, 18)
label		English (USA)			(1029, 941)	(276, 18)
label		173%			(1876, 941)	(38, 18)
Generating content with GPT model: o4-mini
RESPONSE: Reflection:
We can use the ruler to set up a right-aligned tab stop at the right margin.  First we must click the tab-selector to choose the “right tab” icon, then click on the ruler at the right margin position to place the right-aligned tab stop.  

```python
import pyautogui, time

# 1) Click the tab-selector on the left side of the ruler until the "right tab" icon is active
pyautogui.click(360, 230)
time.sleep(0.5)

# 2) Click on the ruler at the right margin to set a right-aligned tab stop
pyautogui.click(1555, 230)
```


LINEAR AT: tag	name	text	class	description	position (top-left x&y)	size (w&h)
label	Home	Home			(1833, 939)	(40, 17)
label	04 CHIN9505 EBook Purchasing info 2021 Jan.​docx	04 CHIN9505 EBook Purchasing info 2021 Jan.​docx			(1793, 819)	(120, 34)
menu	LibreOffice Writer	""			(99, 0)	(180, 27)
menu	System	""			(1814, 0)	(106, 27)
label	Please download waiting software updates.	""			(810, 73)	(291, 17)
push-button	Chromium Web Browser	""			(0, 33)	(70, 64)
push-button	Thunderbird Mail	""			(0, 101)	(70, 64)
push-button	Visual Studio Code	""			(0, 169)	(70, 64)
push-button	VLC media player	""			(0, 237)	(70, 64)
push-button	LibreOffice Writer	""			(0, 305)	(70, 64)
push-button	LibreOffice Calc	""			(0, 373)	(70, 64)
push-button	LibreOffice Impress	""			(0, 441)	(70, 64)
push-button	GNU Image Manipulation Program	""			(0, 509)	(70, 64)
push-button	Files	""			(0, 577)	(70, 64)
push-button	Ubuntu Software	""			(0, 645)	(70, 64)
push-button	Help	""			(0, 713)	(70, 64)
push-button	Trash	""			(0, 784)	(70, 64)
toggle-button	Show Applications	""			(0, 915)	(70, 70)
menu	File	""			(70, 64)	(40, 25)
menu	Edit	""			(110, 64)	(43, 25)
menu	View	""			(153, 64)	(49, 25)
menu	Insert	""			(202, 64)	(55, 25)
menu	Format	""			(257, 64)	(66, 25)
menu	Styles	""			(323, 64)	(56, 25)
menu	Table	""			(379, 64)	(53, 25)
menu	Form	""			(432, 64)	(52, 25)
menu	Tools	""			(484, 64)	(52, 25)
menu	Window	""			(536, 64)	(70, 25)
menu	Help	""			(606, 64)	(47, 25)
menu	File	File			(70, 89)	(40, 21)
menu	Edit	Edit			(110, 89)	(43, 21)
menu	View	View			(153, 89)	(50, 21)
menu	Insert	Insert			(203, 89)	(56, 21)
menu	Format	Format			(259, 89)	(66, 21)
menu	Styles	Styles			(325, 89)	(56, 21)
menu	Table	Table			(381, 89)	(53, 21)
menu	Form	Form			(434, 89)	(52, 21)
menu	Tools	Tools			(486, 89)	(53, 21)
menu	Window	Window			(539, 89)	(73, 21)
menu	Help	Help			(612, 89)	(48, 21)
document-text	04 CHIN9505 EBook Purchasing info 2021 Jan - LibreOffice Document	""			(70, 271)	(1792, 693)
paragraph		Please find the E-book purchase option for your reference:  			(260, 470)	(1412, 33)
paragraph		How to use BLCUP eBook for PC 			(260, 503)	(1412, 64)
paragraph		Make payment for this eBook online. 			(260, 567)	(1412, 65)
paragraph		Enter User center (Your BLCUP ID. 			(260, 632)	(1412, 64)
paragraph		Download and install Windows eBook Reader (flipviewer) on your PC.			(260, 696)	(1412, 65)
paragraph		Enter User center (Your BLCUP ID.			(260, 761)	(1412, 65)
paragraph		Download eBook and input Subscription ID online to open the OPZ file.			(260, 826)	(1412, 64)
paragraph		Support Contact: service blcup.com			(260, 890)	(1412, 65)
paragraph		This product is protected by copyright. 			(260, 955)	(1412, 9)
scroll-bar	Vertical scroll bar	""			(1862, 247)	(12, 717)
toggle-button	Menu	""			(1874, 171)	(36, 34)
text		Help us make LibreOffice even better!			(111, 178)	(1611, 26)
push-button	Get involved	""			(1728, 170)	(117, 34)
text		Your donations support our worldwide community.			(111, 218)	(1645, 26)
push-button	Donate	""			(1762, 210)	(83, 34)
push-button	New	""			(74, 91)	(44, 35)
push-button	Open	""			(118, 91)	(44, 35)
push-button	Save	""			(162, 91)	(44, 35)
push-button	Export Directly as PDF	""			(214, 91)	(33, 35)
push-button	Print	""			(247, 91)	(33, 35)
toggle-button	Print Preview	""			(280, 91)	(33, 35)
push-button	Clone	""			(439, 91)	(33, 35)
toggle-button	Find and Replace	""			(576, 91)	(33, 35)
push-button	Spelling	""			(609, 91)	(33, 35)
toggle-button	Formatting Marks	""			(642, 91)	(33, 35)
push-button	Table	""			(683, 91)	(44, 35)
push-button	Image	""			(727, 91)	(33, 35)
push-button	Chart	""			(760, 91)	(33, 35)
push-button	Text Box	""			(793, 91)	(33, 35)
push-button	Page Break	""			(834, 91)	(33, 35)
push-button	Field	""			(867, 91)	(44, 35)
push-button	Symbol	""			(911, 91)	(44, 35)
toggle-button	Hyperlink	""			(963, 91)	(33, 35)
push-button	Footnote	""			(996, 91)	(33, 35)
push-button	Endnote	""			(1029, 91)	(33, 35)
push-button	Bookmark	""			(1062, 91)	(33, 35)
push-button	Cross-reference	""			(1095, 91)	(33, 35)
push-button	Comment	""			(1136, 91)	(33, 35)
toggle-button	Track Changes Functions	""			(1169, 91)	(33, 35)
push-button	Line	""			(1210, 91)	(33, 35)
push-button	Basic Shapes	""			(1243, 91)	(44, 35)
toggle-button	Draw Functions	""			(1287, 91)	(33, 35)
text		Normal (Web)			(74, 130)	(166, 34)
push-button	Update	""			(276, 130)	(33, 35)
push-button	New	""			(309, 130)	(33, 35)
text		Calibri			(350, 130)	(185, 34)
text		12 pt			(579, 130)	(65, 34)
toggle-button	Bold	""			(688, 130)	(33, 35)
toggle-button	Italic	""			(721, 130)	(33, 35)
push-button	Underline	""			(754, 130)	(44, 35)
toggle-button	Strikethrough	""			(798, 130)	(33, 35)
toggle-button	Superscript	""			(839, 130)	(33, 35)
toggle-button	Subscript	""			(872, 130)	(33, 35)
push-button	Clear	""			(913, 130)	(33, 35)
push-button	Font Color	""			(954, 130)	(44, 35)
push-button	Character Highlighting Color	""			(998, 130)	(44, 35)
toggle-button	Left	""			(1050, 130)	(33, 35)
toggle-button	Center	""			(1083, 130)	(33, 35)
toggle-button	Right	""			(1116, 130)	(33, 35)
toggle-button	Justified	""			(1149, 130)	(33, 35)
push-button	Unordered List	""			(1190, 130)	(44, 35)
push-button	Ordered List	""			(1234, 130)	(44, 35)
push-button	No List	""			(1278, 130)	(33, 35)
push-button	Increase	""			(1319, 130)	(33, 35)
push-button	Decrease	""			(1352, 130)	(33, 35)
push-button	Line Spacing	""			(1393, 130)	(44, 35)
push-button	Increase	""			(1437, 130)	(33, 35)
push-button	Decrease	""			(1470, 130)	(33, 35)
label		Page 1 of 1			(105, 966)	(258, 18)
label		71 words, 424 characters			(369, 966)	(342, 18)
label		Default Page Style			(717, 966)	(306, 18)
label		English (USA)			(1029, 966)	(276, 18)
label		173%			(1876, 966)	(38, 18)
Generating content with GPT model: o4-mini
RESPONSE: Reflection:
Now that the right-aligned tab stop is set on the ruler, the next step is to insert a tab character immediately after the third word of the sentence so that everything after it jumps to the right tab stop.

```python
import pyautogui, time

# Click right after the third word ("the") on the first line to place the cursor
pyautogui.click(540, 480)
time.sleep(0.3)

# Insert a tab so that the remainder of the sentence aligns to the right tab stop
pyautogui.press('tab')
```
LINEAR AT: tag	name	text	class	description	position (top-left x&y)	size (w&h)
label	Home	Home			(1833, 939)	(40, 17)
label	04 CHIN9505 EBook Purchasing info 2021 Jan.​docx	04 CHIN9505 EBook Purchasing info 2021 Jan.​docx			(1793, 819)	(120, 34)
menu	LibreOffice Writer	""			(99, 0)	(180, 27)
menu	System	""			(1814, 0)	(106, 27)
push-button	Chromium Web Browser	""			(0, 33)	(70, 64)
push-button	Thunderbird Mail	""			(0, 101)	(70, 64)
push-button	Visual Studio Code	""			(0, 169)	(70, 64)
push-button	VLC media player	""			(0, 237)	(70, 64)
push-button	LibreOffice Writer	""			(0, 305)	(70, 64)
push-button	LibreOffice Calc	""			(0, 373)	(70, 64)
push-button	LibreOffice Impress	""			(0, 441)	(70, 64)
push-button	GNU Image Manipulation Program	""			(0, 509)	(70, 64)
push-button	Files	""			(0, 577)	(70, 64)
push-button	Ubuntu Software	""			(0, 645)	(70, 64)
push-button	Help	""			(0, 713)	(70, 64)
push-button	Trash	""			(0, 784)	(70, 64)
toggle-button	Show Applications	""			(0, 915)	(70, 70)
menu	File	""			(70, 64)	(40, 25)
menu	Edit	""			(110, 64)	(43, 25)
menu	View	""			(153, 64)	(49, 25)
menu	Insert	""			(202, 64)	(55, 25)
menu	Format	""			(257, 64)	(66, 25)
menu	Styles	""			(323, 64)	(56, 25)
menu	Table	""			(379, 64)	(53, 25)
menu	Form	""			(432, 64)	(52, 25)
menu	Tools	""			(484, 64)	(52, 25)
menu	Window	""			(536, 64)	(70, 25)
menu	Help	""			(606, 64)	(47, 25)
menu	File	File			(70, 89)	(40, 21)
menu	Edit	Edit			(110, 89)	(43, 21)
menu	View	View			(153, 89)	(50, 21)
menu	Insert	Insert			(203, 89)	(56, 21)
menu	Format	Format			(259, 89)	(66, 21)
menu	Styles	Styles			(325, 89)	(56, 21)
menu	Table	Table			(381, 89)	(53, 21)
menu	Form	Form			(434, 89)	(52, 21)
menu	Tools	Tools			(486, 89)	(53, 21)
menu	Window	Window			(539, 89)	(73, 21)
menu	Help	Help			(612, 89)	(48, 21)
document-text	04 CHIN9505 EBook Purchasing info 2021 Jan - LibreOffice Document	""			(70, 271)	(1792, 693)
paragraph		Please f	ind the E-book purchase option for your reference:  			(260, 470)	(1412, 33)
paragraph		How to use BLCUP eBook for PC 			(260, 503)	(1412, 64)
paragraph		Make payment for this eBook online. 			(260, 567)	(1412, 65)
paragraph		Enter User center (Your BLCUP ID. 			(260, 632)	(1412, 64)
paragraph		Download and install Windows eBook Reader (flipviewer) on your PC.			(260, 696)	(1412, 65)
paragraph		Enter User center (Your BLCUP ID.			(260, 761)	(1412, 65)
paragraph		Download eBook and input Subscription ID online to open the OPZ file.			(260, 826)	(1412, 64)
paragraph		Support Contact: service blcup.com			(260, 890)	(1412, 65)
paragraph		This product is protected by copyright. 			(260, 955)	(1412, 9)
scroll-bar	Vertical scroll bar	""			(1862, 247)	(12, 717)
toggle-button	Menu	""			(1874, 171)	(36, 34)
text		Help us make LibreOffice even better!			(111, 178)	(1611, 26)
push-button	Get involved	""			(1728, 170)	(117, 34)
text		Your donations support our worldwide community.			(111, 218)	(1645, 26)
push-button	Donate	""			(1762, 210)	(83, 34)
push-button	New	""			(74, 91)	(44, 35)
push-button	Open	""			(118, 91)	(44, 35)
push-button	Save	""			(162, 91)	(44, 35)
push-button	Export Directly as PDF	""			(214, 91)	(33, 35)
push-button	Print	""			(247, 91)	(33, 35)
toggle-button	Print Preview	""			(280, 91)	(33, 35)
push-button	Clone	""			(439, 91)	(33, 35)
push-button	Undo	""			(480, 91)	(44, 35)
toggle-button	Find and Replace	""			(576, 91)	(33, 35)
push-button	Spelling	""			(609, 91)	(33, 35)
toggle-button	Formatting Marks	""			(642, 91)	(33, 35)
push-button	Table	""			(683, 91)	(44, 35)
push-button	Image	""			(727, 91)	(33, 35)
push-button	Chart	""			(760, 91)	(33, 35)
push-button	Text Box	""			(793, 91)	(33, 35)
push-button	Page Break	""			(834, 91)	(33, 35)
push-button	Field	""			(867, 91)	(44, 35)
push-button	Symbol	""			(911, 91)	(44, 35)
toggle-button	Hyperlink	""			(963, 91)	(33, 35)
push-button	Footnote	""			(996, 91)	(33, 35)
push-button	Endnote	""			(1029, 91)	(33, 35)
push-button	Bookmark	""			(1062, 91)	(33, 35)
push-button	Cross-reference	""			(1095, 91)	(33, 35)
push-button	Comment	""			(1136, 91)	(33, 35)
toggle-button	Track Changes Functions	""			(1169, 91)	(33, 35)
push-button	Line	""			(1210, 91)	(33, 35)
push-button	Basic Shapes	""			(1243, 91)	(44, 35)
toggle-button	Draw Functions	""			(1287, 91)	(33, 35)
text		Normal (Web)			(74, 130)	(166, 34)
push-button	Update	""			(276, 130)	(33, 35)
push-button	New	""			(309, 130)	(33, 35)
text		Calibri			(350, 130)	(185, 34)
text		12 pt			(579, 130)	(65, 34)
toggle-button	Bold	""			(688, 130)	(33, 35)
toggle-button	Italic	""			(721, 130)	(33, 35)
push-button	Underline	""			(754, 130)	(44, 35)
toggle-button	Strikethrough	""			(798, 130)	(33, 35)
toggle-button	Superscript	""			(839, 130)	(33, 35)
toggle-button	Subscript	""			(872, 130)	(33, 35)
push-button	Clear	""			(913, 130)	(33, 35)
push-button	Font Color	""			(954, 130)	(44, 35)
push-button	Character Highlighting Color	""			(998, 130)	(44, 35)
toggle-button	Left	""			(1050, 130)	(33, 35)
toggle-button	Center	""			(1083, 130)	(33, 35)
toggle-button	Right	""			(1116, 130)	(33, 35)
toggle-button	Justified	""			(1149, 130)	(33, 35)
push-button	Unordered List	""			(1190, 130)	(44, 35)
push-button	Ordered List	""			(1234, 130)	(44, 35)
push-button	No List	""			(1278, 130)	(33, 35)
push-button	Increase	""			(1319, 130)	(33, 35)
push-button	Decrease	""			(1352, 130)	(33, 35)
push-button	Line Spacing	""			(1393, 130)	(44, 35)
push-button	Increase	""			(1437, 130)	(33, 35)
push-button	Decrease	""			(1470, 130)	(33, 35)
label		Page 1 of 1			(105, 966)	(258, 18)
label		71 words, 424 characters			(369, 966)	(342, 18)
label		Default Page Style			(717, 966)	(306, 18)
label		English (USA)			(1029, 966)	(276, 18)
label		173%			(1876, 966)	(38, 18)
Generating content with GPT model: o4-mini
RESPONSE: Reflection:
Now that I’ve inserted the tab in the first line, I need to open the Tabs dialog so I can uniformly set a right-aligned tab stop (and then apply that to every paragraph).

```python
import pyautogui, time

# Open the Tabs dialog in LibreOffice Writer
pyautogui.hotkey('ctrl', 't')
```
LINEAR AT: tag	name	text	class	description	position (top-left x&y)	size (w&h)
label	Home	Home			(1833, 939)	(40, 17)
label	04 CHIN9505 EBook Purchasing info 2021 Jan.​docx	04 CHIN9505 EBook Purchasing info 2021 Jan.​docx			(1793, 819)	(120, 34)
menu	LibreOffice Writer	""			(99, 0)	(180, 27)
menu	System	""			(1814, 0)	(106, 27)
push-button	Chromium Web Browser	""			(0, 33)	(70, 64)
push-button	Thunderbird Mail	""			(0, 101)	(70, 64)
push-button	Visual Studio Code	""			(0, 169)	(70, 64)
push-button	VLC media player	""			(0, 237)	(70, 64)
push-button	LibreOffice Writer	""			(0, 305)	(70, 64)
push-button	LibreOffice Calc	""			(0, 373)	(70, 64)
push-button	LibreOffice Impress	""			(0, 441)	(70, 64)
push-button	GNU Image Manipulation Program	""			(0, 509)	(70, 64)
push-button	Files	""			(0, 577)	(70, 64)
push-button	Ubuntu Software	""			(0, 645)	(70, 64)
push-button	Help	""			(0, 713)	(70, 64)
push-button	Trash	""			(0, 784)	(70, 64)
toggle-button	Show Applications	""			(0, 915)	(70, 70)
menu	File	""			(70, 64)	(40, 25)
menu	Edit	""			(110, 64)	(43, 25)
menu	View	""			(153, 64)	(49, 25)
menu	Insert	""			(202, 64)	(55, 25)
menu	Format	""			(257, 64)	(66, 25)
menu	Styles	""			(323, 64)	(56, 25)
menu	Table	""			(379, 64)	(53, 25)
menu	Form	""			(432, 64)	(52, 25)
menu	Tools	""			(484, 64)	(52, 25)
menu	Window	""			(536, 64)	(70, 25)
menu	Help	""			(606, 64)	(47, 25)
menu	File	File			(70, 89)	(40, 21)
menu	Edit	Edit			(110, 89)	(43, 21)
menu	View	View			(153, 89)	(50, 21)
menu	Insert	Insert			(203, 89)	(56, 21)
menu	Format	Format			(259, 89)	(66, 21)
menu	Styles	Styles			(325, 89)	(56, 21)
menu	Table	Table			(381, 89)	(53, 21)
menu	Form	Form			(434, 89)	(52, 21)
menu	Tools	Tools			(486, 89)	(53, 21)
menu	Window	Window			(539, 89)	(73, 21)
menu	Help	Help			(612, 89)	(48, 21)
document-text	04 CHIN9505 EBook Purchasing info 2021 Jan - LibreOffice Document	""			(70, 271)	(1792, 693)
paragraph		Please f	ind the E-book purchase option for your reference:  			(260, 470)	(1412, 33)
paragraph		How to use BLCUP eBook for PC 			(260, 503)	(1412, 64)
paragraph		Make payment for this eBook online. 			(260, 567)	(1412, 65)
paragraph		Enter User center (Your BLCUP ID. 			(260, 632)	(1412, 64)
paragraph		Download and install Windows eBook Reader (flipviewer) on your PC.			(260, 696)	(1412, 65)
paragraph		Enter User center (Your BLCUP ID.			(260, 761)	(1412, 65)
paragraph		Download eBook and input Subscription ID online to open the OPZ file.			(260, 826)	(1412, 64)
paragraph		Support Contact: service blcup.com			(260, 890)	(1412, 65)
paragraph		This product is protected by copyright. 			(260, 955)	(1412, 9)
scroll-bar	Vertical scroll bar	""			(1862, 247)	(12, 717)
toggle-button	Menu	""			(1874, 171)	(36, 34)
text		Help us make LibreOffice even better!			(111, 178)	(1611, 26)
push-button	Get involved	""			(1728, 170)	(117, 34)
text		Your donations support our worldwide community.			(111, 218)	(1645, 26)
push-button	Donate	""			(1762, 210)	(83, 34)
push-button	New	""			(74, 91)	(44, 35)
push-button	Open	""			(118, 91)	(44, 35)
push-button	Save	""			(162, 91)	(44, 35)
push-button	Export Directly as PDF	""			(214, 91)	(33, 35)
push-button	Print	""			(247, 91)	(33, 35)
toggle-button	Print Preview	""			(280, 91)	(33, 35)
push-button	Clone	""			(439, 91)	(33, 35)
push-button	Undo	""			(480, 91)	(44, 35)
toggle-button	Find and Replace	""			(576, 91)	(33, 35)
push-button	Spelling	""			(609, 91)	(33, 35)
toggle-button	Formatting Marks	""			(642, 91)	(33, 35)
push-button	Table	""			(683, 91)	(44, 35)
push-button	Image	""			(727, 91)	(33, 35)
push-button	Chart	""			(760, 91)	(33, 35)
push-button	Text Box	""			(793, 91)	(33, 35)
push-button	Page Break	""			(834, 91)	(33, 35)
push-button	Field	""			(867, 91)	(44, 35)
push-button	Symbol	""			(911, 91)	(44, 35)
toggle-button	Hyperlink	""			(963, 91)	(33, 35)
push-button	Footnote	""			(996, 91)	(33, 35)
push-button	Endnote	""			(1029, 91)	(33, 35)
push-button	Bookmark	""			(1062, 91)	(33, 35)
push-button	Cross-reference	""			(1095, 91)	(33, 35)
push-button	Comment	""			(1136, 91)	(33, 35)
toggle-button	Track Changes Functions	""			(1169, 91)	(33, 35)
push-button	Line	""			(1210, 91)	(33, 35)
push-button	Basic Shapes	""			(1243, 91)	(44, 35)
toggle-button	Draw Functions	""			(1287, 91)	(33, 35)
text		Normal (Web)			(74, 130)	(166, 34)
push-button	Update	""			(276, 130)	(33, 35)
push-button	New	""			(309, 130)	(33, 35)
text		Calibri			(350, 130)	(185, 34)
text		12 pt			(579, 130)	(65, 34)
toggle-button	Bold	""			(688, 130)	(33, 35)
toggle-button	Italic	""			(721, 130)	(33, 35)
push-button	Underline	""			(754, 130)	(44, 35)
toggle-button	Strikethrough	""			(798, 130)	(33, 35)
toggle-button	Superscript	""			(839, 130)	(33, 35)
toggle-button	Subscript	""			(872, 130)	(33, 35)
push-button	Clear	""			(913, 130)	(33, 35)
push-button	Font Color	""			(954, 130)	(44, 35)
push-button	Character Highlighting Color	""			(998, 130)	(44, 35)
toggle-button	Left	""			(1050, 130)	(33, 35)
toggle-button	Center	""			(1083, 130)	(33, 35)
toggle-button	Right	""			(1116, 130)	(33, 35)
toggle-button	Justified	""			(1149, 130)	(33, 35)
push-button	Unordered List	""			(1190, 130)	(44, 35)
push-button	Ordered List	""			(1234, 130)	(44, 35)
push-button	No List	""			(1278, 130)	(33, 35)
push-button	Increase	""			(1319, 130)	(33, 35)
push-button	Decrease	""			(1352, 130)	(33, 35)
push-button	Line Spacing	""			(1393, 130)	(44, 35)
push-button	Increase	""			(1437, 130)	(33, 35)
push-button	Decrease	""			(1470, 130)	(33, 35)
label		Page 1 of 1			(105, 966)	(258, 18)
label		71 words, 424 characters			(369, 966)	(342, 18)
label		Default Page Style			(717, 966)	(306, 18)
label		English (USA)			(1029, 966)	(276, 18)
label		173%			(1876, 966)	(38, 18)
Generating content with GPT model: o4-mini
RESPONSE: Reflection:
We’ve inserted a manual tab on the first line, but we still need to define a right-aligned tab stop for every paragraph to push the text after the third word to the right margin. 

Next step:
Open the Paragraph (Tabs) dialog so we can add a uniform right-aligned tab stop.


LINEAR AT: tag	name	text	class	description	position (top-left x&y)	size (w&h)
label	Home	Home			(1833, 939)	(40, 17)
label	04 CHIN9505 EBook Purchasing info 2021 Jan.​docx	04 CHIN9505 EBook Purchasing info 2021 Jan.​docx			(1793, 819)	(120, 34)
menu	LibreOffice Writer	""			(99, 0)	(180, 27)
menu	System	""			(1814, 0)	(106, 27)
push-button	Chromium Web Browser	""			(0, 33)	(70, 64)
push-button	Thunderbird Mail	""			(0, 101)	(70, 64)
push-button	Visual Studio Code	""			(0, 169)	(70, 64)
push-button	VLC media player	""			(0, 237)	(70, 64)
push-button	LibreOffice Writer	""			(0, 305)	(70, 64)
push-button	LibreOffice Calc	""			(0, 373)	(70, 64)
push-button	LibreOffice Impress	""			(0, 441)	(70, 64)
push-button	GNU Image Manipulation Program	""			(0, 509)	(70, 64)
push-button	Files	""			(0, 577)	(70, 64)
push-button	Ubuntu Software	""			(0, 645)	(70, 64)
push-button	Help	""			(0, 713)	(70, 64)
push-button	Trash	""			(0, 784)	(70, 64)
toggle-button	Show Applications	""			(0, 915)	(70, 70)
menu	File	""			(70, 64)	(40, 25)
menu	Edit	""			(110, 64)	(43, 25)
menu	View	""			(153, 64)	(49, 25)
menu	Insert	""			(202, 64)	(55, 25)
menu	Format	""			(257, 64)	(66, 25)
menu	Styles	""			(323, 64)	(56, 25)
menu	Table	""			(379, 64)	(53, 25)
menu	Form	""			(432, 64)	(52, 25)
menu	Tools	""			(484, 64)	(52, 25)
menu	Window	""			(536, 64)	(70, 25)
menu	Help	""			(606, 64)	(47, 25)
menu	File	File			(70, 89)	(40, 21)
menu	Edit	Edit			(110, 89)	(43, 21)
menu	View	View			(153, 89)	(50, 21)
menu	Insert	Insert			(203, 89)	(56, 21)
menu	Format	Format			(259, 89)	(66, 21)
menu	Styles	Styles			(325, 89)	(56, 21)
menu	Table	Table			(381, 89)	(53, 21)
menu	Form	Form			(434, 89)	(52, 21)
menu	Tools	Tools			(486, 89)	(53, 21)
menu	Window	Window			(539, 89)	(73, 21)
menu	Help	Help			(612, 89)	(48, 21)
document-text	04 CHIN9505 EBook Purchasing info 2021 Jan - LibreOffice Document	""			(70, 271)	(1792, 693)
paragraph		Please f	ind the E-book purchase option for your reference:  			(260, 470)	(1412, 33)
paragraph		How to use BLCUP eBook for PC 			(260, 503)	(1412, 64)
paragraph		Make payment for this eBook online. 			(260, 567)	(1412, 65)
paragraph		Enter User center (Your BLCUP ID. 			(260, 632)	(1412, 64)
paragraph		Download and install Windows eBook Reader (flipviewer) on your PC.			(260, 696)	(1412, 65)
paragraph		Enter User center (Your BLCUP ID.			(260, 761)	(1412, 65)
paragraph		Download eBook and input Subscription ID online to open the OPZ file.			(260, 826)	(1412, 64)
paragraph		Support Contact: service blcup.com			(260, 890)	(1412, 65)
paragraph		This product is protected by copyright. 			(260, 955)	(1412, 9)
scroll-bar	Vertical scroll bar	""			(1862, 247)	(12, 717)
toggle-button	Menu	""			(1874, 171)	(36, 34)
text		Help us make LibreOffice even better!			(111, 178)	(1611, 26)
push-button	Get involved	""			(1728, 170)	(117, 34)
text		Your donations support our worldwide community.			(111, 218)	(1645, 26)
push-button	Donate	""			(1762, 210)	(83, 34)
push-button	New	""			(74, 91)	(44, 35)
push-button	Open	""			(118, 91)	(44, 35)
push-button	Save	""			(162, 91)	(44, 35)
push-button	Export Directly as PDF	""			(214, 91)	(33, 35)
push-button	Print	""			(247, 91)	(33, 35)
toggle-button	Print Preview	""			(280, 91)	(33, 35)
push-button	Clone	""			(439, 91)	(33, 35)
push-button	Undo	""			(480, 91)	(44, 35)
toggle-button	Find and Replace	""			(576, 91)	(33, 35)
push-button	Spelling	""			(609, 91)	(33, 35)
toggle-button	Formatting Marks	""			(642, 91)	(33, 35)
push-button	Table	""			(683, 91)	(44, 35)
push-button	Image	""			(727, 91)	(33, 35)
push-button	Chart	""			(760, 91)	(33, 35)
push-button	Text Box	""			(793, 91)	(33, 35)
push-button	Page Break	""			(834, 91)	(33, 35)
push-button	Field	""			(867, 91)	(44, 35)
push-button	Symbol	""			(911, 91)	(44, 35)
toggle-button	Hyperlink	""			(963, 91)	(33, 35)
push-button	Footnote	""			(996, 91)	(33, 35)
push-button	Endnote	""			(1029, 91)	(33, 35)
push-button	Bookmark	""			(1062, 91)	(33, 35)
push-button	Cross-reference	""			(1095, 91)	(33, 35)
push-button	Comment	""			(1136, 91)	(33, 35)
toggle-button	Track Changes Functions	""			(1169, 91)	(33, 35)
push-button	Line	""			(1210, 91)	(33, 35)
push-button	Basic Shapes	""			(1243, 91)	(44, 35)
toggle-button	Draw Functions	""			(1287, 91)	(33, 35)
text		Normal (Web)			(74, 130)	(166, 34)
push-button	Update	""			(276, 130)	(33, 35)
push-button	New	""			(309, 130)	(33, 35)
text		Calibri			(350, 130)	(185, 34)
text		12 pt			(579, 130)	(65, 34)
toggle-button	Bold	""			(688, 130)	(33, 35)
toggle-button	Italic	""			(721, 130)	(33, 35)
push-button	Underline	""			(754, 130)	(44, 35)
toggle-button	Strikethrough	""			(798, 130)	(33, 35)
toggle-button	Superscript	""			(839, 130)	(33, 35)
toggle-button	Subscript	""			(872, 130)	(33, 35)
push-button	Clear	""			(913, 130)	(33, 35)
push-button	Font Color	""			(954, 130)	(44, 35)
push-button	Character Highlighting Color	""			(998, 130)	(44, 35)
toggle-button	Left	""			(1050, 130)	(33, 35)
toggle-button	Center	""			(1083, 130)	(33, 35)
toggle-button	Right	""			(1116, 130)	(33, 35)
toggle-button	Justified	""			(1149, 130)	(33, 35)
push-button	Unordered List	""			(1190, 130)	(44, 35)
push-button	Ordered List	""			(1234, 130)	(44, 35)
push-button	No List	""			(1278, 130)	(33, 35)
push-button	Increase	""			(1319, 130)	(33, 35)
push-button	Decrease	""			(1352, 130)	(33, 35)
push-button	Line Spacing	""			(1393, 130)	(44, 35)
push-button	Increase	""			(1437, 130)	(33, 35)
push-button	Decrease	""			(1470, 130)	(33, 35)
label		Page 1 of 1			(105, 966)	(258, 18)
label		71 words, 424 characters			(369, 966)	(342, 18)
label		Default Page Style			(717, 966)	(306, 18)
label		English (USA)			(1029, 966)	(276, 18)
label		173%			(1876, 966)	(38, 18)
Generating content with GPT model: o4-mini
RESPONSE: Reflection:
We’ve inserted a manual tab into the first line, but we still need to define a right-aligned tab stop for all paragraphs. To do that, we must open the Paragraph dialog where the Tabs can be configured.

Next step: click the “Format” menu and then select “Paragraph…” to bring up the dialog.

```python
import pyautogui, time

# Open Format menu
pyautogui.click(259, 64)
time.sleep(0.3)

# Click "Paragraph..." in the opened menu
pyautogui.click(260, 235)
```
LINEAR AT: tag	name	text	class	description	position (top-left x&y)	size (w&h)
label	Home	Home			(1833, 939)	(40, 17)
label	04 CHIN9505 EBook Purchasing info 2021 Jan.​docx	04 CHIN9505 EBook Purchasing info 2021 Jan.​docx			(1793, 819)	(120, 34)
menu	LibreOffice Writer	""			(99, 0)	(180, 27)
menu	System	""			(1814, 0)	(106, 27)
push-button	Chromium Web Browser	""			(0, 33)	(70, 64)
push-button	Thunderbird Mail	""			(0, 101)	(70, 64)
push-button	Visual Studio Code	""			(0, 169)	(70, 64)
push-button	VLC media player	""			(0, 237)	(70, 64)
push-button	LibreOffice Writer	""			(0, 305)	(70, 64)
push-button	LibreOffice Calc	""			(0, 373)	(70, 64)
push-button	LibreOffice Impress	""			(0, 441)	(70, 64)
push-button	GNU Image Manipulation Program	""			(0, 509)	(70, 64)
push-button	Files	""			(0, 577)	(70, 64)
push-button	Ubuntu Software	""			(0, 645)	(70, 64)
push-button	Help	""			(0, 713)	(70, 64)
push-button	Trash	""			(0, 784)	(70, 64)
toggle-button	Show Applications	""			(0, 915)	(70, 70)
menu	File	""			(70, 64)	(40, 25)
menu	Edit	""			(110, 64)	(43, 25)
menu	View	""			(153, 64)	(49, 25)
menu	Insert	""			(202, 64)	(55, 25)
menu	Format	""			(257, 64)	(66, 25)
menu	Text	""			(257, 89)	(271, 25)
menu	Spacing	""			(257, 114)	(271, 25)
menu	Align Text	""			(257, 139)	(271, 25)
check-menu-item	Clone Formatting	""			(257, 165)	(271, 25)
menu-item	Clear Direct Formatting	""			(257, 190)	(271, 25)
menu-item	Character...	""			(257, 216)	(271, 25)
menu-item	Paragraph...	""			(257, 241)	(271, 25)
menu	Lists	""			(257, 266)	(271, 25)
menu-item	Bullets and Numbering...	""			(257, 291)	(271, 25)
menu-item	Page Style...	""			(257, 317)	(271, 25)
menu-item	Title Page...	""			(257, 342)	(271, 25)
menu-item	Columns...	""			(257, 392)	(271, 25)
menu-item	Watermark...	""			(257, 417)	(271, 25)
menu	Image	""			(257, 468)	(271, 25)
menu	Text Box and Shape	""			(257, 493)	(271, 25)
menu	Frame and Object	""			(257, 518)	(271, 25)
menu	Anchor	""			(257, 594)	(271, 25)
menu	Wrap	""			(257, 619)	(271, 25)
menu	Arrange	""			(257, 644)	(271, 25)
menu	Rotate or Flip	""			(257, 669)	(271, 25)
menu	Group	""			(257, 694)	(271, 25)
menu	Styles	""			(323, 64)	(56, 25)
menu	Table	""			(379, 64)	(53, 25)
menu	Form	""			(432, 64)	(52, 25)
menu	Tools	""			(484, 64)	(52, 25)
menu	Window	""			(536, 64)	(70, 25)
menu	Help	""			(606, 64)	(47, 25)
menu	File	File			(70, 89)	(40, 21)
menu	Edit	Edit			(110, 89)	(43, 21)
menu	View	View			(153, 89)	(50, 21)
menu	Insert	Insert			(203, 89)	(56, 21)
menu	Format	Format			(259, 89)	(66, 21)
menu	Styles	Styles			(325, 89)	(56, 21)
menu	Table	Table			(381, 89)	(53, 21)
menu	Form	Form			(434, 89)	(52, 21)
menu	Tools	Tools			(486, 89)	(53, 21)
menu	Window	Window			(539, 89)	(73, 21)
menu	Help	Help			(612, 89)	(48, 21)
document-text	04 CHIN9505 EBook Purchasing info 2021 Jan - LibreOffice Document	""			(70, 271)	(1792, 693)
paragraph		Please f	ind the E-book purchase option for your reference:  			(260, 470)	(1412, 33)
paragraph		How to use BLCUP eBook for PC 			(260, 503)	(1412, 64)
paragraph		Make payment for this eBook online. 			(260, 567)	(1412, 65)
paragraph		Enter User center (Your BLCUP ID. 			(260, 632)	(1412, 64)
paragraph		Download and install Windows eBook Reader (flipviewer) on your PC.			(260, 696)	(1412, 65)
paragraph		Enter User center (Your BLCUP ID.			(260, 761)	(1412, 65)
paragraph		Download eBook and input Subscription ID online to open the OPZ file.			(260, 826)	(1412, 64)
paragraph		Support Contact: service blcup.com			(260, 890)	(1412, 65)
paragraph		This product is protected by copyright. 			(260, 955)	(1412, 9)
scroll-bar	Vertical scroll bar	""			(1862, 247)	(12, 717)
toggle-button	Menu	""			(1874, 171)	(36, 34)
text		Help us make LibreOffice even better!			(111, 178)	(1611, 26)
push-button	Get involved	""			(1728, 170)	(117, 34)
text		Your donations support our worldwide community.			(111, 218)	(1645, 26)
push-button	Donate	""			(1762, 210)	(83, 34)
push-button	New	""			(74, 91)	(44, 35)
push-button	Open	""			(118, 91)	(44, 35)
push-button	Save	""			(162, 91)	(44, 35)
push-button	Export Directly as PDF	""			(214, 91)	(33, 35)
push-button	Print	""			(247, 91)	(33, 35)
toggle-button	Print Preview	""			(280, 91)	(33, 35)
push-button	Clone	""			(439, 91)	(33, 35)
push-button	Undo	""			(480, 91)	(44, 35)
toggle-button	Find and Replace	""			(576, 91)	(33, 35)
push-button	Spelling	""			(609, 91)	(33, 35)
toggle-button	Formatting Marks	""			(642, 91)	(33, 35)
push-button	Table	""			(683, 91)	(44, 35)
push-button	Image	""			(727, 91)	(33, 35)
push-button	Chart	""			(760, 91)	(33, 35)
push-button	Text Box	""			(793, 91)	(33, 35)
push-button	Page Break	""			(834, 91)	(33, 35)
push-button	Field	""			(867, 91)	(44, 35)
push-button	Symbol	""			(911, 91)	(44, 35)
toggle-button	Hyperlink	""			(963, 91)	(33, 35)
push-button	Footnote	""			(996, 91)	(33, 35)
push-button	Endnote	""			(1029, 91)	(33, 35)
push-button	Bookmark	""			(1062, 91)	(33, 35)
push-button	Cross-reference	""			(1095, 91)	(33, 35)
push-button	Comment	""			(1136, 91)	(33, 35)
toggle-button	Track Changes Functions	""			(1169, 91)	(33, 35)
push-button	Line	""			(1210, 91)	(33, 35)
push-button	Basic Shapes	""			(1243, 91)	(44, 35)
toggle-button	Draw Functions	""			(1287, 91)	(33, 35)
text		Normal (Web)			(74, 130)	(166, 34)
push-button	Update	""			(276, 130)	(33, 35)
push-button	New	""			(309, 130)	(33, 35)
text		Calibri			(350, 130)	(185, 34)
text		12 pt			(579, 130)	(65, 34)
toggle-button	Bold	""			(688, 130)	(33, 35)
toggle-button	Italic	""			(721, 130)	(33, 35)
push-button	Underline	""			(754, 130)	(44, 35)
toggle-button	Strikethrough	""			(798, 130)	(33, 35)
toggle-button	Superscript	""			(839, 130)	(33, 35)
toggle-button	Subscript	""			(872, 130)	(33, 35)
push-button	Clear	""			(913, 130)	(33, 35)
push-button	Font Color	""			(954, 130)	(44, 35)
push-button	Character Highlighting Color	""			(998, 130)	(44, 35)
toggle-button	Left	""			(1050, 130)	(33, 35)
toggle-button	Center	""			(1083, 130)	(33, 35)
toggle-button	Right	""			(1116, 130)	(33, 35)
toggle-button	Justified	""			(1149, 130)	(33, 35)
push-button	Unordered List	""			(1190, 130)	(44, 35)
push-button	Ordered List	""			(1234, 130)	(44, 35)
push-button	No List	""			(1278, 130)	(33, 35)
push-button	Increase	""			(1319, 130)	(33, 35)
push-button	Decrease	""			(1352, 130)	(33, 35)
push-button	Line Spacing	""			(1393, 130)	(44, 35)
push-button	Increase	""			(1437, 130)	(33, 35)
push-button	Decrease	""			(1470, 130)	(33, 35)
label		Page 1 of 1			(105, 966)	(258, 18)
label		71 words, 424 characters			(369, 966)	(342, 18)
label		Default Page Style			(717, 966)	(306, 18)
label		English (USA)			(1029, 966)	(276, 18)
label		173%			(1876, 966)	(38, 18)
Generating content with GPT model: o4-mini
RESPONSE: Reflection:
The “Paragraph…” item is now visible under the Format menu. I will click it to open the Paragraph dialog, where I can define a right-aligned tab stop.

```python
import pyautogui, time

# Click "Paragraph..." in the Format menu
pyautogui.click(392, 253)
time.sleep(0.5)
```
LINEAR AT: tag	name	text	class	description	position (top-left x&y)	size (w&h)
label	Home	Home			(1833, 939)	(40, 17)
label	04 CHIN9505 EBook Purchasing info 2021 Jan.​docx	04 CHIN9505 EBook Purchasing info 2021 Jan.​docx			(1793, 819)	(120, 34)
menu	LibreOffice Writer	""			(99, 0)	(180, 27)
menu	System	""			(1814, 0)	(106, 27)
push-button	Chromium Web Browser	""			(0, 33)	(70, 64)
push-button	Thunderbird Mail	""			(0, 101)	(70, 64)
push-button	Visual Studio Code	""			(0, 169)	(70, 64)
push-button	VLC media player	""			(0, 237)	(70, 64)
push-button	LibreOffice Writer	""			(0, 305)	(70, 64)
push-button	LibreOffice Calc	""			(0, 373)	(70, 64)
push-button	LibreOffice Impress	""			(0, 441)	(70, 64)
push-button	GNU Image Manipulation Program	""			(0, 509)	(70, 64)
push-button	Files	""			(0, 577)	(70, 64)
push-button	Ubuntu Software	""			(0, 645)	(70, 64)
push-button	Help	""			(0, 713)	(70, 64)
push-button	Trash	""			(0, 784)	(70, 64)
toggle-button	Show Applications	""			(0, 915)	(70, 70)
menu	File	""			(70, 64)	(40, 25)
menu	Edit	""			(110, 64)	(43, 25)
menu	View	""			(153, 64)	(49, 25)
menu	Insert	""			(202, 64)	(55, 25)
menu	Format	""			(257, 64)	(66, 25)
menu	Styles	""			(323, 64)	(56, 25)
menu	Table	""			(379, 64)	(53, 25)
menu	Form	""			(432, 64)	(52, 25)
menu	Tools	""			(484, 64)	(52, 25)
menu	Window	""			(536, 64)	(70, 25)
menu	Help	""			(606, 64)	(47, 25)
menu	File	File			(70, 89)	(40, 21)
menu	Edit	Edit			(110, 89)	(43, 21)
menu	View	View			(153, 89)	(50, 21)
menu	Insert	Insert			(203, 89)	(56, 21)
menu	Format	Format			(259, 89)	(66, 21)
menu	Styles	Styles			(325, 89)	(56, 21)
menu	Table	Table			(381, 89)	(53, 21)
menu	Form	Form			(434, 89)	(52, 21)
menu	Tools	Tools			(486, 89)	(53, 21)
menu	Window	Window			(539, 89)	(73, 21)
menu	Help	Help			(612, 89)	(48, 21)
document-text	04 CHIN9505 EBook Purchasing info 2021 Jan - LibreOffice Document	""			(70, 271)	(1792, 693)
paragraph		Please f	ind the E-book purchase option for your reference:  			(260, 470)	(1412, 33)
paragraph		How to use BLCUP eBook for PC 			(260, 503)	(1412, 64)
paragraph		Make payment for this eBook online. 			(260, 567)	(1412, 65)
paragraph		Enter User center (Your BLCUP ID. 			(260, 632)	(1412, 64)
paragraph		Download and install Windows eBook Reader (flipviewer) on your PC.			(260, 696)	(1412, 65)
paragraph		Enter User center (Your BLCUP ID.			(260, 761)	(1412, 65)
paragraph		Download eBook and input Subscription ID online to open the OPZ file.			(260, 826)	(1412, 64)
paragraph		Support Contact: service blcup.com			(260, 890)	(1412, 65)
paragraph		This product is protected by copyright. 			(260, 955)	(1412, 9)
scroll-bar	Vertical scroll bar	""			(1862, 247)	(12, 717)
toggle-button	Menu	""			(1874, 171)	(36, 34)
text		Help us make LibreOffice even better!			(111, 178)	(1611, 26)
push-button	Get involved	""			(1728, 170)	(117, 34)
text		Your donations support our worldwide community.			(111, 218)	(1645, 26)
push-button	Donate	""			(1762, 210)	(83, 34)
push-button	New	""			(74, 91)	(44, 35)
push-button	Open	""			(118, 91)	(44, 35)
push-button	Save	""			(162, 91)	(44, 35)
push-button	Export Directly as PDF	""			(214, 91)	(33, 35)
push-button	Print	""			(247, 91)	(33, 35)
toggle-button	Print Preview	""			(280, 91)	(33, 35)
push-button	Clone	""			(439, 91)	(33, 35)
push-button	Undo	""			(480, 91)	(44, 35)
toggle-button	Find and Replace	""			(576, 91)	(33, 35)
push-button	Spelling	""			(609, 91)	(33, 35)
toggle-button	Formatting Marks	""			(642, 91)	(33, 35)
push-button	Table	""			(683, 91)	(44, 35)
push-button	Image	""			(727, 91)	(33, 35)
push-button	Chart	""			(760, 91)	(33, 35)
push-button	Text Box	""			(793, 91)	(33, 35)
push-button	Page Break	""			(834, 91)	(33, 35)
push-button	Field	""			(867, 91)	(44, 35)
push-button	Symbol	""			(911, 91)	(44, 35)
toggle-button	Hyperlink	""			(963, 91)	(33, 35)
push-button	Footnote	""			(996, 91)	(33, 35)
push-button	Endnote	""			(1029, 91)	(33, 35)
push-button	Bookmark	""			(1062, 91)	(33, 35)
push-button	Cross-reference	""			(1095, 91)	(33, 35)
push-button	Comment	""			(1136, 91)	(33, 35)
toggle-button	Track Changes Functions	""			(1169, 91)	(33, 35)
push-button	Line	""			(1210, 91)	(33, 35)
push-button	Basic Shapes	""			(1243, 91)	(44, 35)
toggle-button	Draw Functions	""			(1287, 91)	(33, 35)
text		Normal (Web)			(74, 130)	(166, 34)
push-button	Update	""			(276, 130)	(33, 35)
push-button	New	""			(309, 130)	(33, 35)
text		Calibri			(350, 130)	(185, 34)
text		12 pt			(579, 130)	(65, 34)
toggle-button	Bold	""			(688, 130)	(33, 35)
toggle-button	Italic	""			(721, 130)	(33, 35)
push-button	Underline	""			(754, 130)	(44, 35)
toggle-button	Strikethrough	""			(798, 130)	(33, 35)
toggle-button	Superscript	""			(839, 130)	(33, 35)
toggle-button	Subscript	""			(872, 130)	(33, 35)
push-button	Clear	""			(913, 130)	(33, 35)
push-button	Font Color	""			(954, 130)	(44, 35)
push-button	Character Highlighting Color	""			(998, 130)	(44, 35)
toggle-button	Left	""			(1050, 130)	(33, 35)
toggle-button	Center	""			(1083, 130)	(33, 35)
toggle-button	Right	""			(1116, 130)	(33, 35)
toggle-button	Justified	""			(1149, 130)	(33, 35)
push-button	Unordered List	""			(1190, 130)	(44, 35)
push-button	Ordered List	""			(1234, 130)	(44, 35)
push-button	No List	""			(1278, 130)	(33, 35)
push-button	Increase	""			(1319, 130)	(33, 35)
push-button	Decrease	""			(1352, 130)	(33, 35)
push-button	Line Spacing	""			(1393, 130)	(44, 35)
push-button	Increase	""			(1437, 130)	(33, 35)
push-button	Decrease	""			(1470, 130)	(33, 35)
label		Page 1 of 1			(105, 966)	(258, 18)
label		71 words, 424 characters			(369, 966)	(342, 18)
label		Default Page Style			(717, 966)	(306, 18)
label		English (USA)			(1029, 966)	(276, 18)
label		173%			(1876, 966)	(38, 18)
spin-button		6%			(1001, 632)	(160, 34)
check-box	Activate page line-spacing	""			(594, 669)	(202, 22)
label	Line Spacing	Line Spacing			(582, 609)	(89, 17)
spin-button		0.19″			(750, 538)	(160, 34)
spin-button		0.00″			(750, 501)	(160, 34)
label	Below paragraph:	Below paragraph:			(594, 538)	(150, 34)
label	Above paragraph:	Above paragraph:			(594, 501)	(150, 34)
check-box	Do not add space between paragraphs of the same style	""			(594, 575)	(567, 22)
label	Spacing	Spacing			(582, 478)	(55, 17)
spin-button		0.00″			(750, 407)	(160, 34)
spin-button		0.00″			(750, 370)	(160, 34)
spin-button		0.00″			(750, 333)	(160, 34)
check-box	Automatic	""			(594, 444)	(150, 22)
label	First line:	First line:			(594, 407)	(150, 34)
label	After text:	After text:			(594, 370)	(150, 34)
label	Before text:	Before text:			(594, 333)	(150, 34)
label	Indent	Indent			(582, 310)	(48, 17)
push-button	Reset	""			(1150, 786)	(86, 34)
push-button	Help	""			(575, 786)	(86, 34)
push-button	Cancel	""			(1240, 786)	(86, 34)
push-button	OK	""			(1330, 786)	(86, 34)
Generating content with GPT model: o4-mini
RESPONSE: Reflection:
The Paragraph dialog is open on the “Indents & Spacing” page. To set up tab stops, I need to switch to the “Tabs” tab first.

```python
import pyautogui, time

# Click the "Tabs" tab in the Paragraph dialog
pyautogui.click(770, 330)
time.sleep(0.5)
```
LINEAR AT: tag	name	text	class	description	position (top-left x&y)	size (w&h)
label	Home	Home			(1833, 939)	(40, 17)
label	04 CHIN9505 EBook Purchasing info 2021 Jan.​docx	04 CHIN9505 EBook Purchasing info 2021 Jan.​docx			(1793, 819)	(120, 34)
menu	LibreOffice Writer	""			(99, 0)	(180, 27)
menu	System	""			(1814, 0)	(106, 27)
push-button	Chromium Web Browser	""			(0, 33)	(70, 64)
push-button	Thunderbird Mail	""			(0, 101)	(70, 64)
push-button	Visual Studio Code	""			(0, 169)	(70, 64)
push-button	VLC media player	""			(0, 237)	(70, 64)
push-button	LibreOffice Writer	""			(0, 305)	(70, 64)
push-button	LibreOffice Calc	""			(0, 373)	(70, 64)
push-button	LibreOffice Impress	""			(0, 441)	(70, 64)
push-button	GNU Image Manipulation Program	""			(0, 509)	(70, 64)
push-button	Files	""			(0, 577)	(70, 64)
push-button	Ubuntu Software	""			(0, 645)	(70, 64)
push-button	Help	""			(0, 713)	(70, 64)
push-button	Trash	""			(0, 784)	(70, 64)
toggle-button	Show Applications	""			(0, 915)	(70, 70)
menu	File	""			(70, 64)	(40, 25)
menu	Edit	""			(110, 64)	(43, 25)
menu	View	""			(153, 64)	(49, 25)
menu	Insert	""			(202, 64)	(55, 25)
menu	Format	""			(257, 64)	(66, 25)
menu	Styles	""			(323, 64)	(56, 25)
menu	Table	""			(379, 64)	(53, 25)
menu	Form	""			(432, 64)	(52, 25)
menu	Tools	""			(484, 64)	(52, 25)
menu	Window	""			(536, 64)	(70, 25)
menu	Help	""			(606, 64)	(47, 25)
menu	File	File			(70, 89)	(40, 21)
menu	Edit	Edit			(110, 89)	(43, 21)
menu	View	View			(153, 89)	(50, 21)
menu	Insert	Insert			(203, 89)	(56, 21)
menu	Format	Format			(259, 89)	(66, 21)
menu	Styles	Styles			(325, 89)	(56, 21)
menu	Table	Table			(381, 89)	(53, 21)
menu	Form	Form			(434, 89)	(52, 21)
menu	Tools	Tools			(486, 89)	(53, 21)
menu	Window	Window			(539, 89)	(73, 21)
menu	Help	Help			(612, 89)	(48, 21)
document-text	04 CHIN9505 EBook Purchasing info 2021 Jan - LibreOffice Document	""			(70, 271)	(1792, 693)
paragraph		Please f	ind the E-book purchase option for your reference:  			(260, 470)	(1412, 33)
paragraph		How to use BLCUP eBook for PC 			(260, 503)	(1412, 64)
paragraph		Make payment for this eBook online. 			(260, 567)	(1412, 65)
paragraph		Enter User center (Your BLCUP ID. 			(260, 632)	(1412, 64)
paragraph		Download and install Windows eBook Reader (flipviewer) on your PC.			(260, 696)	(1412, 65)
paragraph		Enter User center (Your BLCUP ID.			(260, 761)	(1412, 65)
paragraph		Download eBook and input Subscription ID online to open the OPZ file.			(260, 826)	(1412, 64)
paragraph		Support Contact: service blcup.com			(260, 890)	(1412, 65)
paragraph		This product is protected by copyright. 			(260, 955)	(1412, 9)
scroll-bar	Vertical scroll bar	""			(1862, 247)	(12, 717)
toggle-button	Menu	""			(1874, 171)	(36, 34)
text		Help us make LibreOffice even better!			(111, 178)	(1611, 26)
push-button	Get involved	""			(1728, 170)	(117, 34)
text		Your donations support our worldwide community.			(111, 218)	(1645, 26)
push-button	Donate	""			(1762, 210)	(83, 34)
push-button	New	""			(74, 91)	(44, 35)
push-button	Open	""			(118, 91)	(44, 35)
push-button	Save	""			(162, 91)	(44, 35)
push-button	Export Directly as PDF	""			(214, 91)	(33, 35)
push-button	Print	""			(247, 91)	(33, 35)
toggle-button	Print Preview	""			(280, 91)	(33, 35)
push-button	Clone	""			(439, 91)	(33, 35)
push-button	Undo	""			(480, 91)	(44, 35)
toggle-button	Find and Replace	""			(576, 91)	(33, 35)
push-button	Spelling	""			(609, 91)	(33, 35)
toggle-button	Formatting Marks	""			(642, 91)	(33, 35)
push-button	Table	""			(683, 91)	(44, 35)
push-button	Image	""			(727, 91)	(33, 35)
push-button	Chart	""			(760, 91)	(33, 35)
push-button	Text Box	""			(793, 91)	(33, 35)
push-button	Page Break	""			(834, 91)	(33, 35)
push-button	Field	""			(867, 91)	(44, 35)
push-button	Symbol	""			(911, 91)	(44, 35)
toggle-button	Hyperlink	""			(963, 91)	(33, 35)
push-button	Footnote	""			(996, 91)	(33, 35)
push-button	Endnote	""			(1029, 91)	(33, 35)
push-button	Bookmark	""			(1062, 91)	(33, 35)
push-button	Cross-reference	""			(1095, 91)	(33, 35)
push-button	Comment	""			(1136, 91)	(33, 35)
toggle-button	Track Changes Functions	""			(1169, 91)	(33, 35)
push-button	Line	""			(1210, 91)	(33, 35)
push-button	Basic Shapes	""			(1243, 91)	(44, 35)
toggle-button	Draw Functions	""			(1287, 91)	(33, 35)
text		Normal (Web)			(74, 130)	(166, 34)
push-button	Update	""			(276, 130)	(33, 35)
push-button	New	""			(309, 130)	(33, 35)
text		Calibri			(350, 130)	(185, 34)
text		12 pt			(579, 130)	(65, 34)
toggle-button	Bold	""			(688, 130)	(33, 35)
toggle-button	Italic	""			(721, 130)	(33, 35)
push-button	Underline	""			(754, 130)	(44, 35)
toggle-button	Strikethrough	""			(798, 130)	(33, 35)
toggle-button	Superscript	""			(839, 130)	(33, 35)
toggle-button	Subscript	""			(872, 130)	(33, 35)
push-button	Clear	""			(913, 130)	(33, 35)
push-button	Font Color	""			(954, 130)	(44, 35)
push-button	Character Highlighting Color	""			(998, 130)	(44, 35)
toggle-button	Left	""			(1050, 130)	(33, 35)
toggle-button	Center	""			(1083, 130)	(33, 35)
toggle-button	Right	""			(1116, 130)	(33, 35)
toggle-button	Justified	""			(1149, 130)	(33, 35)
push-button	Unordered List	""			(1190, 130)	(44, 35)
push-button	Ordered List	""			(1234, 130)	(44, 35)
push-button	No List	""			(1278, 130)	(33, 35)
push-button	Increase	""			(1319, 130)	(33, 35)
push-button	Decrease	""			(1352, 130)	(33, 35)
push-button	Line Spacing	""			(1393, 130)	(44, 35)
push-button	Increase	""			(1437, 130)	(33, 35)
push-button	Decrease	""			(1470, 130)	(33, 35)
label		Page 1 of 1			(105, 966)	(258, 18)
label		71 words, 424 characters			(369, 966)	(342, 18)
label		Default Page Style			(717, 966)	(306, 18)
label		English (USA)			(1029, 966)	(276, 18)
label		173%			(1876, 966)	(38, 18)
spin-button		6%			(1001, 632)	(160, 34)
check-box	Activate page line-spacing	""			(594, 669)	(202, 22)
label	Line Spacing	Line Spacing			(582, 609)	(89, 17)
spin-button		0.19″			(750, 538)	(160, 34)
spin-button		0.00″			(750, 501)	(160, 34)
label	Below paragraph:	Below paragraph:			(594, 538)	(150, 34)
label	Above paragraph:	Above paragraph:			(594, 501)	(150, 34)
check-box	Do not add space between paragraphs of the same style	""			(594, 575)	(567, 22)
label	Spacing	Spacing			(582, 478)	(55, 17)
spin-button		0.00″			(750, 407)	(160, 34)
spin-button		0.00″			(750, 370)	(160, 34)
spin-button		0.00″			(750, 333)	(160, 34)
check-box	Automatic	""			(594, 444)	(150, 22)
label	First line:	First line:			(594, 407)	(150, 34)
label	After text:	After text:			(594, 370)	(150, 34)
label	Before text:	Before text:			(594, 333)	(150, 34)
label	Indent	Indent			(582, 310)	(48, 17)
push-button	Reset	""			(1150, 786)	(86, 34)
push-button	Help	""			(575, 786)	(86, 34)
push-button	Cancel	""			(1240, 786)	(86, 34)
push-button	OK	""			(1330, 786)	(86, 34)
Generating content with GPT model: o4-mini
RESPONSE: Reflection:  
The Paragraph dialog is open on the “Indents & Spacing” page. To define our custom tab stops, I need to switch to the “Tabs” page within this dialog.

```python
import pyautogui, time

# Click the "Tabs" tab in the Paragraph dialog
pyautogui.click(800, 255)
time.sleep(0.5)
```
LINEAR AT: tag	name	text	class	description	position (top-left x&y)	size (w&h)
label	Home	Home			(1833, 939)	(40, 17)
label	04 CHIN9505 EBook Purchasing info 2021 Jan.​docx	04 CHIN9505 EBook Purchasing info 2021 Jan.​docx			(1793, 819)	(120, 34)
menu	LibreOffice Writer	""			(99, 0)	(180, 27)
menu	System	""			(1814, 0)	(106, 27)
push-button	Chromium Web Browser	""			(0, 33)	(70, 64)
push-button	Thunderbird Mail	""			(0, 101)	(70, 64)
push-button	Visual Studio Code	""			(0, 169)	(70, 64)
push-button	VLC media player	""			(0, 237)	(70, 64)
push-button	LibreOffice Writer	""			(0, 305)	(70, 64)
push-button	LibreOffice Calc	""			(0, 373)	(70, 64)
push-button	LibreOffice Impress	""			(0, 441)	(70, 64)
push-button	GNU Image Manipulation Program	""			(0, 509)	(70, 64)
push-button	Files	""			(0, 577)	(70, 64)
push-button	Ubuntu Software	""			(0, 645)	(70, 64)
push-button	Help	""			(0, 713)	(70, 64)
push-button	Trash	""			(0, 784)	(70, 64)
toggle-button	Show Applications	""			(0, 915)	(70, 70)
menu	File	""			(70, 64)	(40, 25)
menu	Edit	""			(110, 64)	(43, 25)
menu	View	""			(153, 64)	(49, 25)
menu	Insert	""			(202, 64)	(55, 25)
menu	Format	""			(257, 64)	(66, 25)
menu	Styles	""			(323, 64)	(56, 25)
menu	Table	""			(379, 64)	(53, 25)
menu	Form	""			(432, 64)	(52, 25)
menu	Tools	""			(484, 64)	(52, 25)
menu	Window	""			(536, 64)	(70, 25)
menu	Help	""			(606, 64)	(47, 25)
menu	File	File			(70, 89)	(40, 21)
menu	Edit	Edit			(110, 89)	(43, 21)
menu	View	View			(153, 89)	(50, 21)
menu	Insert	Insert			(203, 89)	(56, 21)
menu	Format	Format			(259, 89)	(66, 21)
menu	Styles	Styles			(325, 89)	(56, 21)
menu	Table	Table			(381, 89)	(53, 21)
menu	Form	Form			(434, 89)	(52, 21)
menu	Tools	Tools			(486, 89)	(53, 21)
menu	Window	Window			(539, 89)	(73, 21)
menu	Help	Help			(612, 89)	(48, 21)
document-text	04 CHIN9505 EBook Purchasing info 2021 Jan - LibreOffice Document	""			(70, 271)	(1792, 693)
paragraph		Please f	ind the E-book purchase option for your reference:  			(260, 470)	(1412, 33)
paragraph		How to use BLCUP eBook for PC 			(260, 503)	(1412, 64)
paragraph		Make payment for this eBook online. 			(260, 567)	(1412, 65)
paragraph		Enter User center (Your BLCUP ID. 			(260, 632)	(1412, 64)
paragraph		Download and install Windows eBook Reader (flipviewer) on your PC.			(260, 696)	(1412, 65)
paragraph		Enter User center (Your BLCUP ID.			(260, 761)	(1412, 65)
paragraph		Download eBook and input Subscription ID online to open the OPZ file.			(260, 826)	(1412, 64)
paragraph		Support Contact: service blcup.com			(260, 890)	(1412, 65)
paragraph		This product is protected by copyright. 			(260, 955)	(1412, 9)
scroll-bar	Vertical scroll bar	""			(1862, 247)	(12, 717)
toggle-button	Menu	""			(1874, 171)	(36, 34)
text		Help us make LibreOffice even better!			(111, 178)	(1611, 26)
push-button	Get involved	""			(1728, 170)	(117, 34)
text		Your donations support our worldwide community.			(111, 218)	(1645, 26)
push-button	Donate	""			(1762, 210)	(83, 34)
push-button	New	""			(74, 91)	(44, 35)
push-button	Open	""			(118, 91)	(44, 35)
push-button	Save	""			(162, 91)	(44, 35)
push-button	Export Directly as PDF	""			(214, 91)	(33, 35)
push-button	Print	""			(247, 91)	(33, 35)
toggle-button	Print Preview	""			(280, 91)	(33, 35)
push-button	Clone	""			(439, 91)	(33, 35)
push-button	Undo	""			(480, 91)	(44, 35)
toggle-button	Find and Replace	""			(576, 91)	(33, 35)
push-button	Spelling	""			(609, 91)	(33, 35)
toggle-button	Formatting Marks	""			(642, 91)	(33, 35)
push-button	Table	""			(683, 91)	(44, 35)
push-button	Image	""			(727, 91)	(33, 35)
push-button	Chart	""			(760, 91)	(33, 35)
push-button	Text Box	""			(793, 91)	(33, 35)
push-button	Page Break	""			(834, 91)	(33, 35)
push-button	Field	""			(867, 91)	(44, 35)
push-button	Symbol	""			(911, 91)	(44, 35)
toggle-button	Hyperlink	""			(963, 91)	(33, 35)
push-button	Footnote	""			(996, 91)	(33, 35)
push-button	Endnote	""			(1029, 91)	(33, 35)
push-button	Bookmark	""			(1062, 91)	(33, 35)
push-button	Cross-reference	""			(1095, 91)	(33, 35)
push-button	Comment	""			(1136, 91)	(33, 35)
toggle-button	Track Changes Functions	""			(1169, 91)	(33, 35)
push-button	Line	""			(1210, 91)	(33, 35)
push-button	Basic Shapes	""			(1243, 91)	(44, 35)
toggle-button	Draw Functions	""			(1287, 91)	(33, 35)
text		Normal (Web)			(74, 130)	(166, 34)
push-button	Update	""			(276, 130)	(33, 35)
push-button	New	""			(309, 130)	(33, 35)
text		Calibri			(350, 130)	(185, 34)
text		12 pt			(579, 130)	(65, 34)
toggle-button	Bold	""			(688, 130)	(33, 35)
toggle-button	Italic	""			(721, 130)	(33, 35)
push-button	Underline	""			(754, 130)	(44, 35)
toggle-button	Strikethrough	""			(798, 130)	(33, 35)
toggle-button	Superscript	""			(839, 130)	(33, 35)
toggle-button	Subscript	""			(872, 130)	(33, 35)
push-button	Clear	""			(913, 130)	(33, 35)
push-button	Font Color	""			(954, 130)	(44, 35)
push-button	Character Highlighting Color	""			(998, 130)	(44, 35)
toggle-button	Left	""			(1050, 130)	(33, 35)
toggle-button	Center	""			(1083, 130)	(33, 35)
toggle-button	Right	""			(1116, 130)	(33, 35)
toggle-button	Justified	""			(1149, 130)	(33, 35)
push-button	Unordered List	""			(1190, 130)	(44, 35)
push-button	Ordered List	""			(1234, 130)	(44, 35)
push-button	No List	""			(1278, 130)	(33, 35)
push-button	Increase	""			(1319, 130)	(33, 35)
push-button	Decrease	""			(1352, 130)	(33, 35)
push-button	Line Spacing	""			(1393, 130)	(44, 35)
push-button	Increase	""			(1437, 130)	(33, 35)
push-button	Decrease	""			(1470, 130)	(33, 35)
label		Page 1 of 1			(105, 966)	(258, 18)
label		71 words, 424 characters			(369, 966)	(342, 18)
label		Default Page Style			(717, 966)	(306, 18)
label		English (USA)			(1029, 966)	(276, 18)
label		173%			(1876, 966)	(38, 18)
text		0.00″			(594, 315)	(230, 34)
label	Position	Position			(582, 292)	(58, 17)
radio-button	Centered	""			(848, 371)	(94, 22)
radio-button	Right	""			(848, 343)	(94, 22)
radio-button	Left	""			(848, 315)	(94, 22)
radio-button	Decimal	""			(848, 399)	(94, 22)
label	Type	Type			(836, 292)	(34, 17)
radio-button	Character	""			(1082, 427)	(94, 34)
radio-button	___	""			(1082, 399)	(148, 22)
radio-button	--------	""			(1082, 371)	(148, 22)
radio-button	........	""			(1082, 343)	(148, 22)
radio-button	None	""			(1082, 315)	(148, 22)
label	Fill Character	Fill Character			(1070, 292)	(95, 17)
push-button	New	""			(1304, 298)	(105, 34)
push-button	Delete all	""			(1304, 344)	(105, 34)
check-box	Left border line	""			(5, 5)	(19, 123)
check-box	Right border line	""			(109, 5)	(19, 123)
check-box	Top border line	""			(5, 5)	(123, 19)
check-box	Bottom border line	""			(5, 109)	(123, 19)
push-button	Reset	""			(1150, 805)	(86, 34)
push-button	Help	""			(575, 805)	(86, 34)
push-button	Cancel	""			(1240, 805)	(86, 34)
push-button	OK	""			(1330, 805)	(86, 34)
Generating content with GPT model: o4-mini
RESPONSE: Reflection:
We’re on the “Tabs” page of the Paragraph dialog. To create a right-aligned tab stop at the right margin, I need to enter the desired position in the “Position” field (e.g. 6.50″ for a standard letter‐width page), select the “Right” alignment radio, and click “New” to add the tab stop.

```python
import pyautogui, time

# Focus the Position field and enter 6.50"
pyautogui.click(709, 332)  
time.sleep(0.2)
pyautogui.hotkey('ctrl', 'a')
pyautogui.typewrite('6.50')
time.sleep(0.2)

# Select the Right-aligned tab radio button
pyautogui.click(848, 343)
time.sleep(0.2)

# Add the new tab stop
pyautogui.click(1304, 298)
time.sleep(0.5)
```
LINEAR AT: tag	name	text	class	description	position (top-left x&y)	size (w&h)
label	Home	Home			(1833, 939)	(40, 17)
label	04 CHIN9505 EBook Purchasing info 2021 Jan.​docx	04 CHIN9505 EBook Purchasing info 2021 Jan.​docx			(1793, 819)	(120, 34)
menu	LibreOffice Writer	""			(99, 0)	(180, 27)
menu	System	""			(1814, 0)	(106, 27)
push-button	Chromium Web Browser	""			(0, 33)	(70, 64)
push-button	Thunderbird Mail	""			(0, 101)	(70, 64)
push-button	Visual Studio Code	""			(0, 169)	(70, 64)
push-button	VLC media player	""			(0, 237)	(70, 64)
push-button	LibreOffice Writer	""			(0, 305)	(70, 64)
push-button	LibreOffice Calc	""			(0, 373)	(70, 64)
push-button	LibreOffice Impress	""			(0, 441)	(70, 64)
push-button	GNU Image Manipulation Program	""			(0, 509)	(70, 64)
push-button	Files	""			(0, 577)	(70, 64)
push-button	Ubuntu Software	""			(0, 645)	(70, 64)
push-button	Help	""			(0, 713)	(70, 64)
push-button	Trash	""			(0, 784)	(70, 64)
toggle-button	Show Applications	""			(0, 915)	(70, 70)
menu	File	""			(70, 64)	(40, 25)
menu	Edit	""			(110, 64)	(43, 25)
menu	View	""			(153, 64)	(49, 25)
menu	Insert	""			(202, 64)	(55, 25)
menu	Format	""			(257, 64)	(66, 25)
menu	Styles	""			(323, 64)	(56, 25)
menu	Table	""			(379, 64)	(53, 25)
menu	Form	""			(432, 64)	(52, 25)
menu	Tools	""			(484, 64)	(52, 25)
menu	Window	""			(536, 64)	(70, 25)
menu	Help	""			(606, 64)	(47, 25)
menu	File	File			(70, 89)	(40, 21)
menu	Edit	Edit			(110, 89)	(43, 21)
menu	View	View			(153, 89)	(50, 21)
menu	Insert	Insert			(203, 89)	(56, 21)
menu	Format	Format			(259, 89)	(66, 21)
menu	Styles	Styles			(325, 89)	(56, 21)
menu	Table	Table			(381, 89)	(53, 21)
menu	Form	Form			(434, 89)	(52, 21)
menu	Tools	Tools			(486, 89)	(53, 21)
menu	Window	Window			(539, 89)	(73, 21)
menu	Help	Help			(612, 89)	(48, 21)
document-text	04 CHIN9505 EBook Purchasing info 2021 Jan - LibreOffice Document	""			(70, 271)	(1792, 693)
paragraph		Please f	ind the E-book purchase option for your reference:  			(260, 470)	(1412, 33)
paragraph		How to use BLCUP eBook for PC 			(260, 503)	(1412, 64)
paragraph		Make payment for this eBook online. 			(260, 567)	(1412, 65)
paragraph		Enter User center (Your BLCUP ID. 			(260, 632)	(1412, 64)
paragraph		Download and install Windows eBook Reader (flipviewer) on your PC.			(260, 696)	(1412, 65)
paragraph		Enter User center (Your BLCUP ID.			(260, 761)	(1412, 65)
paragraph		Download eBook and input Subscription ID online to open the OPZ file.			(260, 826)	(1412, 64)
paragraph		Support Contact: service blcup.com			(260, 890)	(1412, 65)
paragraph		This product is protected by copyright. 			(260, 955)	(1412, 9)
scroll-bar	Vertical scroll bar	""			(1862, 247)	(12, 717)
toggle-button	Menu	""			(1874, 171)	(36, 34)
text		Help us make LibreOffice even better!			(111, 178)	(1611, 26)
push-button	Get involved	""			(1728, 170)	(117, 34)
text		Your donations support our worldwide community.			(111, 218)	(1645, 26)
push-button	Donate	""			(1762, 210)	(83, 34)
push-button	New	""			(74, 91)	(44, 35)
push-button	Open	""			(118, 91)	(44, 35)
push-button	Save	""			(162, 91)	(44, 35)
push-button	Export Directly as PDF	""			(214, 91)	(33, 35)
push-button	Print	""			(247, 91)	(33, 35)
toggle-button	Print Preview	""			(280, 91)	(33, 35)
push-button	Clone	""			(439, 91)	(33, 35)
push-button	Undo	""			(480, 91)	(44, 35)
toggle-button	Find and Replace	""			(576, 91)	(33, 35)
push-button	Spelling	""			(609, 91)	(33, 35)
toggle-button	Formatting Marks	""			(642, 91)	(33, 35)
push-button	Table	""			(683, 91)	(44, 35)
push-button	Image	""			(727, 91)	(33, 35)
push-button	Chart	""			(760, 91)	(33, 35)
push-button	Text Box	""			(793, 91)	(33, 35)
push-button	Page Break	""			(834, 91)	(33, 35)
push-button	Field	""			(867, 91)	(44, 35)
push-button	Symbol	""			(911, 91)	(44, 35)
toggle-button	Hyperlink	""			(963, 91)	(33, 35)
push-button	Footnote	""			(996, 91)	(33, 35)
push-button	Endnote	""			(1029, 91)	(33, 35)
push-button	Bookmark	""			(1062, 91)	(33, 35)
push-button	Cross-reference	""			(1095, 91)	(33, 35)
push-button	Comment	""			(1136, 91)	(33, 35)
toggle-button	Track Changes Functions	""			(1169, 91)	(33, 35)
push-button	Line	""			(1210, 91)	(33, 35)
push-button	Basic Shapes	""			(1243, 91)	(44, 35)
toggle-button	Draw Functions	""			(1287, 91)	(33, 35)
text		Normal (Web)			(74, 130)	(166, 34)
push-button	Update	""			(276, 130)	(33, 35)
push-button	New	""			(309, 130)	(33, 35)
text		Calibri			(350, 130)	(185, 34)
text		12 pt			(579, 130)	(65, 34)
toggle-button	Bold	""			(688, 130)	(33, 35)
toggle-button	Italic	""			(721, 130)	(33, 35)
push-button	Underline	""			(754, 130)	(44, 35)
toggle-button	Strikethrough	""			(798, 130)	(33, 35)
toggle-button	Superscript	""			(839, 130)	(33, 35)
toggle-button	Subscript	""			(872, 130)	(33, 35)
push-button	Clear	""			(913, 130)	(33, 35)
push-button	Font Color	""			(954, 130)	(44, 35)
push-button	Character Highlighting Color	""			(998, 130)	(44, 35)
toggle-button	Left	""			(1050, 130)	(33, 35)
toggle-button	Center	""			(1083, 130)	(33, 35)
toggle-button	Right	""			(1116, 130)	(33, 35)
toggle-button	Justified	""			(1149, 130)	(33, 35)
push-button	Unordered List	""			(1190, 130)	(44, 35)
push-button	Ordered List	""			(1234, 130)	(44, 35)
push-button	No List	""			(1278, 130)	(33, 35)
push-button	Increase	""			(1319, 130)	(33, 35)
push-button	Decrease	""			(1352, 130)	(33, 35)
push-button	Line Spacing	""			(1393, 130)	(44, 35)
push-button	Increase	""			(1437, 130)	(33, 35)
push-button	Decrease	""			(1470, 130)	(33, 35)
label		Page 1 of 1			(105, 966)	(258, 18)
label		71 words, 424 characters			(369, 966)	(342, 18)
label		Default Page Style			(717, 966)	(306, 18)
label		English (USA)			(1029, 966)	(276, 18)
label		173%			(1876, 966)	(38, 18)
text		6.50″			(594, 315)	(230, 34)
table-cell	6.50″	6.50″			(617, 354)	(204, 22)
label	Position	Position			(582, 292)	(58, 17)
radio-button	Centered	""			(848, 371)	(94, 22)
radio-button	Right	""			(848, 343)	(94, 22)
radio-button	Left	""			(848, 315)	(94, 22)
radio-button	Decimal	""			(848, 399)	(94, 22)
label	Type	Type			(836, 292)	(34, 17)
radio-button	Character	""			(1082, 427)	(94, 34)
radio-button	___	""			(1082, 399)	(148, 22)
radio-button	--------	""			(1082, 371)	(148, 22)
radio-button	........	""			(1082, 343)	(148, 22)
radio-button	None	""			(1082, 315)	(148, 22)
label	Fill Character	Fill Character			(1070, 292)	(95, 17)
push-button	Delete all	""			(1304, 344)	(105, 34)
push-button	Delete	""			(1304, 390)	(105, 34)
check-box	Left border line	""			(5, 5)	(19, 123)
check-box	Right border line	""			(109, 5)	(19, 123)
check-box	Top border line	""			(5, 5)	(123, 19)
check-box	Bottom border line	""			(5, 109)	(123, 19)
push-button	Reset	""			(1150, 805)	(86, 34)
push-button	Help	""			(575, 805)	(86, 34)
push-button	Cancel	""			(1240, 805)	(86, 34)
push-button	OK	""			(1330, 805)	(86, 34)
Generating content with GPT model: o4-mini
RESPONSE: Reflection:  
The right‐aligned tab stop at 6.50″ has been created. To apply it, the next step is to confirm by clicking “OK” in the Paragraph dialog.

```python
import pyautogui, time

# Click the OK button to apply the tab stop
pyautogui.click(1330, 805)
time.sleep(0.5)
```
LINEAR AT: tag	name	text	class	description	position (top-left x&y)	size (w&h)
label	Home	Home			(1833, 939)	(40, 17)
label	04 CHIN9505 EBook Purchasing info 2021 Jan.​docx	04 CHIN9505 EBook Purchasing info 2021 Jan.​docx			(1793, 819)	(120, 34)
menu	LibreOffice Writer	""			(99, 0)	(180, 27)
menu	System	""			(1814, 0)	(106, 27)
push-button	Chromium Web Browser	""			(0, 33)	(70, 64)
push-button	Thunderbird Mail	""			(0, 101)	(70, 64)
push-button	Visual Studio Code	""			(0, 169)	(70, 64)
push-button	VLC media player	""			(0, 237)	(70, 64)
push-button	LibreOffice Writer	""			(0, 305)	(70, 64)
push-button	LibreOffice Calc	""			(0, 373)	(70, 64)
push-button	LibreOffice Impress	""			(0, 441)	(70, 64)
push-button	GNU Image Manipulation Program	""			(0, 509)	(70, 64)
push-button	Files	""			(0, 577)	(70, 64)
push-button	Ubuntu Software	""			(0, 645)	(70, 64)
push-button	Help	""			(0, 713)	(70, 64)
push-button	Trash	""			(0, 784)	(70, 64)
toggle-button	Show Applications	""			(0, 915)	(70, 70)
menu	File	""			(70, 64)	(40, 25)
menu	Edit	""			(110, 64)	(43, 25)
menu	View	""			(153, 64)	(49, 25)
menu	Insert	""			(202, 64)	(55, 25)
menu	Format	""			(257, 64)	(66, 25)
menu	Styles	""			(323, 64)	(56, 25)
menu	Table	""			(379, 64)	(53, 25)
menu	Form	""			(432, 64)	(52, 25)
menu	Tools	""			(484, 64)	(52, 25)
menu	Window	""			(536, 64)	(70, 25)
menu	Help	""			(606, 64)	(47, 25)
menu	File	File			(70, 89)	(40, 21)
menu	Edit	Edit			(110, 89)	(43, 21)
menu	View	View			(153, 89)	(50, 21)
menu	Insert	Insert			(203, 89)	(56, 21)
menu	Format	Format			(259, 89)	(66, 21)
menu	Styles	Styles			(325, 89)	(56, 21)
menu	Table	Table			(381, 89)	(53, 21)
menu	Form	Form			(434, 89)	(52, 21)
menu	Tools	Tools			(486, 89)	(53, 21)
menu	Window	Window			(539, 89)	(73, 21)
menu	Help	Help			(612, 89)	(48, 21)
document-text	04 CHIN9505 EBook Purchasing info 2021 Jan - LibreOffice Document	""			(70, 271)	(1792, 693)
paragraph		Please f	ind the E-book purchase option for your reference:  			(260, 470)	(1412, 33)
paragraph		How to use BLCUP eBook for PC 			(260, 503)	(1412, 64)
paragraph		Make payment for this eBook online. 			(260, 567)	(1412, 65)
paragraph		Enter User center (Your BLCUP ID. 			(260, 632)	(1412, 64)
paragraph		Download and install Windows eBook Reader (flipviewer) on your PC.			(260, 696)	(1412, 65)
paragraph		Enter User center (Your BLCUP ID.			(260, 761)	(1412, 65)
paragraph		Download eBook and input Subscription ID online to open the OPZ file.			(260, 826)	(1412, 64)
paragraph		Support Contact: service blcup.com			(260, 890)	(1412, 65)
paragraph		This product is protected by copyright. 			(260, 955)	(1412, 9)
scroll-bar	Vertical scroll bar	""			(1862, 247)	(12, 717)
toggle-button	Menu	""			(1874, 171)	(36, 34)
text		Help us make LibreOffice even better!			(111, 178)	(1611, 26)
push-button	Get involved	""			(1728, 170)	(117, 34)
text		Your donations support our worldwide community.			(111, 218)	(1645, 26)
push-button	Donate	""			(1762, 210)	(83, 34)
push-button	New	""			(74, 91)	(44, 35)
push-button	Open	""			(118, 91)	(44, 35)
push-button	Save	""			(162, 91)	(44, 35)
push-button	Export Directly as PDF	""			(214, 91)	(33, 35)
push-button	Print	""			(247, 91)	(33, 35)
toggle-button	Print Preview	""			(280, 91)	(33, 35)
push-button	Clone	""			(439, 91)	(33, 35)
push-button	Undo	""			(480, 91)	(44, 35)
toggle-button	Find and Replace	""			(576, 91)	(33, 35)
push-button	Spelling	""			(609, 91)	(33, 35)
toggle-button	Formatting Marks	""			(642, 91)	(33, 35)
push-button	Table	""			(683, 91)	(44, 35)
push-button	Image	""			(727, 91)	(33, 35)
push-button	Chart	""			(760, 91)	(33, 35)
push-button	Text Box	""			(793, 91)	(33, 35)
push-button	Page Break	""			(834, 91)	(33, 35)
push-button	Field	""			(867, 91)	(44, 35)
push-button	Symbol	""			(911, 91)	(44, 35)
toggle-button	Hyperlink	""			(963, 91)	(33, 35)
push-button	Footnote	""			(996, 91)	(33, 35)
push-button	Endnote	""			(1029, 91)	(33, 35)
push-button	Bookmark	""			(1062, 91)	(33, 35)
push-button	Cross-reference	""			(1095, 91)	(33, 35)
push-button	Comment	""			(1136, 91)	(33, 35)
toggle-button	Track Changes Functions	""			(1169, 91)	(33, 35)
push-button	Line	""			(1210, 91)	(33, 35)
push-button	Basic Shapes	""			(1243, 91)	(44, 35)
toggle-button	Draw Functions	""			(1287, 91)	(33, 35)
text		Normal (Web)			(74, 130)	(166, 34)
push-button	Update	""			(276, 130)	(33, 35)
push-button	New	""			(309, 130)	(33, 35)
text		Calibri			(350, 130)	(185, 34)
text		12 pt			(579, 130)	(65, 34)
toggle-button	Bold	""			(688, 130)	(33, 35)
toggle-button	Italic	""			(721, 130)	(33, 35)
push-button	Underline	""			(754, 130)	(44, 35)
toggle-button	Strikethrough	""			(798, 130)	(33, 35)
toggle-button	Superscript	""			(839, 130)	(33, 35)
toggle-button	Subscript	""			(872, 130)	(33, 35)
push-button	Clear	""			(913, 130)	(33, 35)
push-button	Font Color	""			(954, 130)	(44, 35)
push-button	Character Highlighting Color	""			(998, 130)	(44, 35)
toggle-button	Left	""			(1050, 130)	(33, 35)
toggle-button	Center	""			(1083, 130)	(33, 35)
toggle-button	Right	""			(1116, 130)	(33, 35)
toggle-button	Justified	""			(1149, 130)	(33, 35)
push-button	Unordered List	""			(1190, 130)	(44, 35)
push-button	Ordered List	""			(1234, 130)	(44, 35)
push-button	No List	""			(1278, 130)	(33, 35)
push-button	Increase	""			(1319, 130)	(33, 35)
push-button	Decrease	""			(1352, 130)	(33, 35)
push-button	Line Spacing	""			(1393, 130)	(44, 35)
push-button	Increase	""			(1437, 130)	(33, 35)
push-button	Decrease	""			(1470, 130)	(33, 35)
label		Page 1 of 1			(105, 966)	(258, 18)
label		72 words, 425 characters			(369, 966)	(342, 18)
label		Default Page Style			(717, 966)	(306, 18)
label		English (USA)			(1029, 966)	(276, 18)
label		173%			(1876, 966)	(38, 18)
Generating content with GPT model: o4-mini
RESPONSE: Reflection:  
The right‐aligned tab stop has been set and applied. Now I need to insert a tab character after the third word of the first sentence so that the rest of the sentence snaps to the right margin.

```python
import pyautogui, time

# Place cursor after "Please find the" in the first line
pyautogui.click(530, 490)
time.sleep(0.2)

# Insert the tab to push the remainder to the right tab stop
pyautogui.press('tab')
time.sleep(0.5)
```
LINEAR AT: tag	name	text	class	description	position (top-left x&y)	size (w&h)
label	Home	Home			(1833, 939)	(40, 17)
label	04 CHIN9505 EBook Purchasing info 2021 Jan.​docx	04 CHIN9505 EBook Purchasing info 2021 Jan.​docx			(1793, 819)	(120, 34)
menu	LibreOffice Writer	""			(99, 0)	(180, 27)
menu	System	""			(1814, 0)	(106, 27)
push-button	Chromium Web Browser	""			(0, 33)	(70, 64)
push-button	Thunderbird Mail	""			(0, 101)	(70, 64)
push-button	Visual Studio Code	""			(0, 169)	(70, 64)
push-button	VLC media player	""			(0, 237)	(70, 64)
push-button	LibreOffice Writer	""			(0, 305)	(70, 64)
push-button	LibreOffice Calc	""			(0, 373)	(70, 64)
push-button	LibreOffice Impress	""			(0, 441)	(70, 64)
push-button	GNU Image Manipulation Program	""			(0, 509)	(70, 64)
push-button	Files	""			(0, 577)	(70, 64)
push-button	Ubuntu Software	""			(0, 645)	(70, 64)
push-button	Help	""			(0, 713)	(70, 64)
push-button	Trash	""			(0, 784)	(70, 64)
toggle-button	Show Applications	""			(0, 915)	(70, 70)
menu	File	""			(70, 64)	(40, 25)
menu	Edit	""			(110, 64)	(43, 25)
menu	View	""			(153, 64)	(49, 25)
menu	Insert	""			(202, 64)	(55, 25)
menu	Format	""			(257, 64)	(66, 25)
menu	Styles	""			(323, 64)	(56, 25)
menu	Table	""			(379, 64)	(53, 25)
menu	Form	""			(432, 64)	(52, 25)
menu	Tools	""			(484, 64)	(52, 25)
menu	Window	""			(536, 64)	(70, 25)
menu	Help	""			(606, 64)	(47, 25)
menu	File	File			(70, 89)	(40, 21)
menu	Edit	Edit			(110, 89)	(43, 21)
menu	View	View			(153, 89)	(50, 21)
menu	Insert	Insert			(203, 89)	(56, 21)
menu	Format	Format			(259, 89)	(66, 21)
menu	Styles	Styles			(325, 89)	(56, 21)
menu	Table	Table			(381, 89)	(53, 21)
menu	Form	Form			(434, 89)	(52, 21)
menu	Tools	Tools			(486, 89)	(53, 21)
menu	Window	Window			(539, 89)	(73, 21)
menu	Help	Help			(612, 89)	(48, 21)
document-text	04 CHIN9505 EBook Purchasing info 2021 Jan - LibreOffice Document	""			(70, 271)	(1792, 693)
paragraph		Please f		ind the E-book purchase option for your reference:  			(260, 470)	(1412, 65)
paragraph		How to use BLCUP eBook for PC 			(260, 535)	(1412, 64)
paragraph		Make payment for this eBook online. 			(260, 599)	(1412, 65)
paragraph		Enter User center (Your BLCUP ID. 			(260, 664)	(1412, 65)
paragraph		Download and install Windows eBook Reader (flipviewer) on your PC.			(260, 729)	(1412, 64)
paragraph		Enter User center (Your BLCUP ID.			(260, 793)	(1412, 65)
paragraph		Download eBook and input Subscription ID online to open the OPZ file.			(260, 858)	(1412, 64)
paragraph		Support Contact: service blcup.com			(260, 922)	(1412, 42)
scroll-bar	Vertical scroll bar	""			(1862, 247)	(12, 717)
toggle-button	Menu	""			(1874, 171)	(36, 34)
text		Help us make LibreOffice even better!			(111, 178)	(1611, 26)
push-button	Get involved	""			(1728, 170)	(117, 34)
text		Your donations support our worldwide community.			(111, 218)	(1645, 26)
push-button	Donate	""			(1762, 210)	(83, 34)
push-button	New	""			(74, 91)	(44, 35)
push-button	Open	""			(118, 91)	(44, 35)
push-button	Save	""			(162, 91)	(44, 35)
push-button	Export Directly as PDF	""			(214, 91)	(33, 35)
push-button	Print	""			(247, 91)	(33, 35)
toggle-button	Print Preview	""			(280, 91)	(33, 35)
push-button	Clone	""			(439, 91)	(33, 35)
push-button	Undo	""			(480, 91)	(44, 35)
toggle-button	Find and Replace	""			(576, 91)	(33, 35)
push-button	Spelling	""			(609, 91)	(33, 35)
toggle-button	Formatting Marks	""			(642, 91)	(33, 35)
push-button	Table	""			(683, 91)	(44, 35)
push-button	Image	""			(727, 91)	(33, 35)
push-button	Chart	""			(760, 91)	(33, 35)
push-button	Text Box	""			(793, 91)	(33, 35)
push-button	Page Break	""			(834, 91)	(33, 35)
push-button	Field	""			(867, 91)	(44, 35)
push-button	Symbol	""			(911, 91)	(44, 35)
toggle-button	Hyperlink	""			(963, 91)	(33, 35)
push-button	Footnote	""			(996, 91)	(33, 35)
push-button	Endnote	""			(1029, 91)	(33, 35)
push-button	Bookmark	""			(1062, 91)	(33, 35)
push-button	Cross-reference	""			(1095, 91)	(33, 35)
push-button	Comment	""			(1136, 91)	(33, 35)
toggle-button	Track Changes Functions	""			(1169, 91)	(33, 35)
push-button	Line	""			(1210, 91)	(33, 35)
push-button	Basic Shapes	""			(1243, 91)	(44, 35)
toggle-button	Draw Functions	""			(1287, 91)	(33, 35)
text		Normal (Web)			(74, 130)	(166, 34)
push-button	Update	""			(276, 130)	(33, 35)
push-button	New	""			(309, 130)	(33, 35)
text		Calibri			(350, 130)	(185, 34)
text		12 pt			(579, 130)	(65, 34)
toggle-button	Bold	""			(688, 130)	(33, 35)
toggle-button	Italic	""			(721, 130)	(33, 35)
push-button	Underline	""			(754, 130)	(44, 35)
toggle-button	Strikethrough	""			(798, 130)	(33, 35)
toggle-button	Superscript	""			(839, 130)	(33, 35)
toggle-button	Subscript	""			(872, 130)	(33, 35)
push-button	Clear	""			(913, 130)	(33, 35)
push-button	Font Color	""			(954, 130)	(44, 35)
push-button	Character Highlighting Color	""			(998, 130)	(44, 35)
toggle-button	Left	""			(1050, 130)	(33, 35)
toggle-button	Center	""			(1083, 130)	(33, 35)
toggle-button	Right	""			(1116, 130)	(33, 35)
toggle-button	Justified	""			(1149, 130)	(33, 35)
push-button	Unordered List	""			(1190, 130)	(44, 35)
push-button	Ordered List	""			(1234, 130)	(44, 35)
push-button	No List	""			(1278, 130)	(33, 35)
push-button	Increase	""			(1319, 130)	(33, 35)
push-button	Decrease	""			(1352, 130)	(33, 35)
push-button	Line Spacing	""			(1393, 130)	(44, 35)
push-button	Increase	""			(1437, 130)	(33, 35)
push-button	Decrease	""			(1470, 130)	(33, 35)
label		Page 1 of 1			(105, 966)	(258, 18)
label		72 words, 426 characters			(369, 966)	(342, 18)
label		Default Page Style			(717, 966)	(306, 18)
label		English (USA)			(1029, 966)	(276, 18)
label		173%			(1876, 966)	(38, 18)
Generating content with GPT model: o4-mini
RESPONSE: Reflection:  
The tab was inserted at the wrong place (after the “f” instead of after the third word “the”), splitting the line. I need to reposition the cursor right after “the” on the first line and then insert the tab so the remainder snaps to the right margin.

```python
import pyautogui, time

# Click just after the end of the word "the" in the first line
pyautogui.click(480, 488)
time.sleep(0.2)

# Insert a tab to align the rest of the sentence to the right tab stop
pyautogui.press('tab')
time.sleep(0.5)
```
LINEAR AT: tag	name	text	class	description	position (top-left x&y)	size (w&h)
label	Home	Home			(1833, 939)	(40, 17)
label	04 CHIN9505 EBook Purchasing info 2021 Jan.​docx	04 CHIN9505 EBook Purchasing info 2021 Jan.​docx			(1793, 819)	(120, 34)
menu	LibreOffice Writer	""			(99, 0)	(180, 27)
menu	System	""			(1814, 0)	(106, 27)
push-button	Chromium Web Browser	""			(0, 33)	(70, 64)
push-button	Thunderbird Mail	""			(0, 101)	(70, 64)
push-button	Visual Studio Code	""			(0, 169)	(70, 64)
push-button	VLC media player	""			(0, 237)	(70, 64)
push-button	LibreOffice Writer	""			(0, 305)	(70, 64)
push-button	LibreOffice Calc	""			(0, 373)	(70, 64)
push-button	LibreOffice Impress	""			(0, 441)	(70, 64)
push-button	GNU Image Manipulation Program	""			(0, 509)	(70, 64)
push-button	Files	""			(0, 577)	(70, 64)
push-button	Ubuntu Software	""			(0, 645)	(70, 64)
push-button	Help	""			(0, 713)	(70, 64)
push-button	Trash	""			(0, 784)	(70, 64)
toggle-button	Show Applications	""			(0, 915)	(70, 70)
menu	File	""			(70, 64)	(40, 25)
menu	Edit	""			(110, 64)	(43, 25)
menu	View	""			(153, 64)	(49, 25)
menu	Insert	""			(202, 64)	(55, 25)
menu	Format	""			(257, 64)	(66, 25)
menu	Styles	""			(323, 64)	(56, 25)
menu	Table	""			(379, 64)	(53, 25)
menu	Form	""			(432, 64)	(52, 25)
menu	Tools	""			(484, 64)	(52, 25)
menu	Window	""			(536, 64)	(70, 25)
menu	Help	""			(606, 64)	(47, 25)
menu	File	File			(70, 89)	(40, 21)
menu	Edit	Edit			(110, 89)	(43, 21)
menu	View	View			(153, 89)	(50, 21)
menu	Insert	Insert			(203, 89)	(56, 21)
menu	Format	Format			(259, 89)	(66, 21)
menu	Styles	Styles			(325, 89)	(56, 21)
menu	Table	Table			(381, 89)	(53, 21)
menu	Form	Form			(434, 89)	(52, 21)
menu	Tools	Tools			(486, 89)	(53, 21)
menu	Window	Window			(539, 89)	(73, 21)
menu	Help	Help			(612, 89)	(48, 21)
document-text	04 CHIN9505 EBook Purchasing info 2021 Jan - LibreOffice Document	""			(70, 271)	(1792, 693)
paragraph		Plea	se f		ind the E-book purchase option for your reference:  			(260, 470)	(1412, 97)
paragraph		How to use BLCUP eBook for PC 			(260, 567)	(1412, 65)
paragraph		Make payment for this eBook online. 			(260, 632)	(1412, 64)
paragraph		Enter User center (Your BLCUP ID. 			(260, 696)	(1412, 65)
paragraph		Download and install Windows eBook Reader (flipviewer) on your PC.			(260, 761)	(1412, 65)
paragraph		Enter User center (Your BLCUP ID.			(260, 826)	(1412, 64)
paragraph		Download eBook and input Subscription ID online to open the OPZ file.			(260, 890)	(1412, 65)
paragraph		Support Contact: service blcup.com			(260, 955)	(1412, 9)
scroll-bar	Vertical scroll bar	""			(1862, 247)	(12, 717)
toggle-button	Menu	""			(1874, 171)	(36, 34)
text		Help us make LibreOffice even better!			(111, 178)	(1611, 26)
push-button	Get involved	""			(1728, 170)	(117, 34)
text		Your donations support our worldwide community.			(111, 218)	(1645, 26)
push-button	Donate	""			(1762, 210)	(83, 34)
push-button	New	""			(74, 91)	(44, 35)
push-button	Open	""			(118, 91)	(44, 35)
push-button	Save	""			(162, 91)	(44, 35)
push-button	Export Directly as PDF	""			(214, 91)	(33, 35)
push-button	Print	""			(247, 91)	(33, 35)
toggle-button	Print Preview	""			(280, 91)	(33, 35)
push-button	Clone	""			(439, 91)	(33, 35)
push-button	Undo	""			(480, 91)	(44, 35)
toggle-button	Find and Replace	""			(576, 91)	(33, 35)
push-button	Spelling	""			(609, 91)	(33, 35)
toggle-button	Formatting Marks	""			(642, 91)	(33, 35)
push-button	Table	""			(683, 91)	(44, 35)
push-button	Image	""			(727, 91)	(33, 35)
push-button	Chart	""			(760, 91)	(33, 35)
push-button	Text Box	""			(793, 91)	(33, 35)
push-button	Page Break	""			(834, 91)	(33, 35)
push-button	Field	""			(867, 91)	(44, 35)
push-button	Symbol	""			(911, 91)	(44, 35)
toggle-button	Hyperlink	""			(963, 91)	(33, 35)
push-button	Footnote	""			(996, 91)	(33, 35)
push-button	Endnote	""			(1029, 91)	(33, 35)
push-button	Bookmark	""			(1062, 91)	(33, 35)
push-button	Cross-reference	""			(1095, 91)	(33, 35)
push-button	Comment	""			(1136, 91)	(33, 35)
toggle-button	Track Changes Functions	""			(1169, 91)	(33, 35)
push-button	Line	""			(1210, 91)	(33, 35)
push-button	Basic Shapes	""			(1243, 91)	(44, 35)
toggle-button	Draw Functions	""			(1287, 91)	(33, 35)
text		Normal (Web)			(74, 130)	(166, 34)
push-button	Update	""			(276, 130)	(33, 35)
push-button	New	""			(309, 130)	(33, 35)
text		Calibri			(350, 130)	(185, 34)
text		12 pt			(579, 130)	(65, 34)
toggle-button	Bold	""			(688, 130)	(33, 35)
toggle-button	Italic	""			(721, 130)	(33, 35)
push-button	Underline	""			(754, 130)	(44, 35)
toggle-button	Strikethrough	""			(798, 130)	(33, 35)
toggle-button	Superscript	""			(839, 130)	(33, 35)
toggle-button	Subscript	""			(872, 130)	(33, 35)
push-button	Clear	""			(913, 130)	(33, 35)
push-button	Font Color	""			(954, 130)	(44, 35)
push-button	Character Highlighting Color	""			(998, 130)	(44, 35)
toggle-button	Left	""			(1050, 130)	(33, 35)
toggle-button	Center	""			(1083, 130)	(33, 35)
toggle-button	Right	""			(1116, 130)	(33, 35)
toggle-button	Justified	""			(1149, 130)	(33, 35)
push-button	Unordered List	""			(1190, 130)	(44, 35)
push-button	Ordered List	""			(1234, 130)	(44, 35)
push-button	No List	""			(1278, 130)	(33, 35)
push-button	Increase	""			(1319, 130)	(33, 35)
push-button	Decrease	""			(1352, 130)	(33, 35)
push-button	Line Spacing	""			(1393, 130)	(44, 35)
push-button	Increase	""			(1437, 130)	(33, 35)
push-button	Decrease	""			(1470, 130)	(33, 35)
label		Page 1 of 1			(105, 966)	(258, 18)
label		73 words, 427 characters			(369, 966)	(342, 18)
label		Default Page Style			(717, 966)	(306, 18)
label		English (USA)			(1029, 966)	(276, 18)
label		173%			(1876, 966)	(38, 18)
Generating content with GPT model: o4-mini
RESPONSE: Reflection:  
The tab went in at the wrong point and split the first line. I’ll undo that insertion so we can place it correctly after “the.”

```python
import pyautogui, time

# Undo the last tab insertion
pyautogui.hotkey('ctrl', 'z')
time.sleep(0.5)
```
LINEAR AT: tag	name	text	class	description	position (top-left x&y)	size (w&h)
label	Home	Home			(1833, 939)	(40, 17)
label	04 CHIN9505 EBook Purchasing info 2021 Jan.​docx	04 CHIN9505 EBook Purchasing info 2021 Jan.​docx			(1793, 819)	(120, 34)
menu	LibreOffice Writer	""			(99, 0)	(180, 27)
menu	System	""			(1814, 0)	(106, 27)
push-button	Chromium Web Browser	""			(0, 33)	(70, 64)
push-button	Thunderbird Mail	""			(0, 101)	(70, 64)
push-button	Visual Studio Code	""			(0, 169)	(70, 64)
push-button	VLC media player	""			(0, 237)	(70, 64)
push-button	LibreOffice Writer	""			(0, 305)	(70, 64)
push-button	LibreOffice Calc	""			(0, 373)	(70, 64)
push-button	LibreOffice Impress	""			(0, 441)	(70, 64)
push-button	GNU Image Manipulation Program	""			(0, 509)	(70, 64)
push-button	Files	""			(0, 577)	(70, 64)
push-button	Ubuntu Software	""			(0, 645)	(70, 64)
push-button	Help	""			(0, 713)	(70, 64)
push-button	Trash	""			(0, 784)	(70, 64)
toggle-button	Show Applications	""			(0, 915)	(70, 70)
menu	File	""			(70, 64)	(40, 25)
menu	Edit	""			(110, 64)	(43, 25)
menu	View	""			(153, 64)	(49, 25)
menu	Insert	""			(202, 64)	(55, 25)
menu	Format	""			(257, 64)	(66, 25)
menu	Styles	""			(323, 64)	(56, 25)
menu	Table	""			(379, 64)	(53, 25)
menu	Form	""			(432, 64)	(52, 25)
menu	Tools	""			(484, 64)	(52, 25)
menu	Window	""			(536, 64)	(70, 25)
menu	Help	""			(606, 64)	(47, 25)
menu	File	File			(70, 89)	(40, 21)
menu	Edit	Edit			(110, 89)	(43, 21)
menu	View	View			(153, 89)	(50, 21)
menu	Insert	Insert			(203, 89)	(56, 21)
menu	Format	Format			(259, 89)	(66, 21)
menu	Styles	Styles			(325, 89)	(56, 21)
menu	Table	Table			(381, 89)	(53, 21)
menu	Form	Form			(434, 89)	(52, 21)
menu	Tools	Tools			(486, 89)	(53, 21)
menu	Window	Window			(539, 89)	(73, 21)
menu	Help	Help			(612, 89)	(48, 21)
document-text	04 CHIN9505 EBook Purchasing info 2021 Jan - LibreOffice Document	""			(70, 271)	(1792, 693)
paragraph		Please f		ind the E-book purchase option for your reference:  			(260, 470)	(1412, 65)
paragraph		How to use BLCUP eBook for PC 			(260, 535)	(1412, 64)
paragraph		Make payment for this eBook online. 			(260, 599)	(1412, 65)
paragraph		Enter User center (Your BLCUP ID. 			(260, 664)	(1412, 65)
paragraph		Download and install Windows eBook Reader (flipviewer) on your PC.			(260, 729)	(1412, 64)
paragraph		Enter User center (Your BLCUP ID.			(260, 793)	(1412, 65)
paragraph		Download eBook and input Subscription ID online to open the OPZ file.			(260, 858)	(1412, 64)
paragraph		Support Contact: service blcup.com			(260, 922)	(1412, 42)
scroll-bar	Vertical scroll bar	""			(1862, 247)	(12, 717)
toggle-button	Menu	""			(1874, 171)	(36, 34)
text		Help us make LibreOffice even better!			(111, 178)	(1611, 26)
push-button	Get involved	""			(1728, 170)	(117, 34)
text		Your donations support our worldwide community.			(111, 218)	(1645, 26)
push-button	Donate	""			(1762, 210)	(83, 34)
push-button	New	""			(74, 91)	(44, 35)
push-button	Open	""			(118, 91)	(44, 35)
push-button	Save	""			(162, 91)	(44, 35)
push-button	Export Directly as PDF	""			(214, 91)	(33, 35)
push-button	Print	""			(247, 91)	(33, 35)
toggle-button	Print Preview	""			(280, 91)	(33, 35)
push-button	Clone	""			(439, 91)	(33, 35)
push-button	Undo	""			(480, 91)	(44, 35)
push-button	Redo	""			(524, 91)	(44, 35)
toggle-button	Find and Replace	""			(576, 91)	(33, 35)
push-button	Spelling	""			(609, 91)	(33, 35)
toggle-button	Formatting Marks	""			(642, 91)	(33, 35)
push-button	Table	""			(683, 91)	(44, 35)
push-button	Image	""			(727, 91)	(33, 35)
push-button	Chart	""			(760, 91)	(33, 35)
push-button	Text Box	""			(793, 91)	(33, 35)
push-button	Page Break	""			(834, 91)	(33, 35)
push-button	Field	""			(867, 91)	(44, 35)
push-button	Symbol	""			(911, 91)	(44, 35)
toggle-button	Hyperlink	""			(963, 91)	(33, 35)
push-button	Footnote	""			(996, 91)	(33, 35)
push-button	Endnote	""			(1029, 91)	(33, 35)
push-button	Bookmark	""			(1062, 91)	(33, 35)
push-button	Cross-reference	""			(1095, 91)	(33, 35)
push-button	Comment	""			(1136, 91)	(33, 35)
toggle-button	Track Changes Functions	""			(1169, 91)	(33, 35)
push-button	Line	""			(1210, 91)	(33, 35)
push-button	Basic Shapes	""			(1243, 91)	(44, 35)
toggle-button	Draw Functions	""			(1287, 91)	(33, 35)
text		Normal (Web)			(74, 130)	(166, 34)
push-button	Update	""			(276, 130)	(33, 35)
push-button	New	""			(309, 130)	(33, 35)
text		Calibri			(350, 130)	(185, 34)
text		12 pt			(579, 130)	(65, 34)
toggle-button	Bold	""			(688, 130)	(33, 35)
toggle-button	Italic	""			(721, 130)	(33, 35)
push-button	Underline	""			(754, 130)	(44, 35)
toggle-button	Strikethrough	""			(798, 130)	(33, 35)
toggle-button	Superscript	""			(839, 130)	(33, 35)
toggle-button	Subscript	""			(872, 130)	(33, 35)
push-button	Clear	""			(913, 130)	(33, 35)
push-button	Font Color	""			(954, 130)	(44, 35)
push-button	Character Highlighting Color	""			(998, 130)	(44, 35)
toggle-button	Left	""			(1050, 130)	(33, 35)
toggle-button	Center	""			(1083, 130)	(33, 35)
toggle-button	Right	""			(1116, 130)	(33, 35)
toggle-button	Justified	""			(1149, 130)	(33, 35)
push-button	Unordered List	""			(1190, 130)	(44, 35)
push-button	Ordered List	""			(1234, 130)	(44, 35)
push-button	No List	""			(1278, 130)	(33, 35)
push-button	Increase	""			(1319, 130)	(33, 35)
push-button	Decrease	""			(1352, 130)	(33, 35)
push-button	Line Spacing	""			(1393, 130)	(44, 35)
push-button	Increase	""			(1437, 130)	(33, 35)
push-button	Decrease	""			(1470, 130)	(33, 35)
label		Page 1 of 1			(105, 966)	(258, 18)
label		72 words, 426 characters			(369, 966)	(342, 18)
label		Default Page Style			(717, 966)	(306, 18)
label		English (USA)			(1029, 966)	(276, 18)
label		173%			(1876, 966)	(38, 18)
Generating content with GPT model: o4-mini
RESPONSE: Reflection:  
I’ve undone the misplaced tab. Now I need to place the cursor immediately after the third word “the” in the first sentence and hit Tab so that the remainder snaps to the right‐aligned tab stop.

```python
import pyautogui, time

# Click just after the word "the" on the first line
pyautogui.click(480, 488)
time.sleep(0.2)

# Press Tab to move the rest of the sentence to the right tab stop
pyautogui.press('tab')
time.sleep(0.5)
```
LINEAR AT: tag	name	text	class	description	position (top-left x&y)	size (w&h)
label	Home	Home			(1833, 939)	(40, 17)
label	04 CHIN9505 EBook Purchasing info 2021 Jan.​docx	04 CHIN9505 EBook Purchasing info 2021 Jan.​docx			(1793, 819)	(120, 34)
menu	LibreOffice Writer	""			(99, 0)	(180, 27)
menu	System	""			(1814, 0)	(106, 27)
push-button	Chromium Web Browser	""			(0, 33)	(70, 64)
push-button	Thunderbird Mail	""			(0, 101)	(70, 64)
push-button	Visual Studio Code	""			(0, 169)	(70, 64)
push-button	VLC media player	""			(0, 237)	(70, 64)
push-button	LibreOffice Writer	""			(0, 305)	(70, 64)
push-button	LibreOffice Calc	""			(0, 373)	(70, 64)
push-button	LibreOffice Impress	""			(0, 441)	(70, 64)
push-button	GNU Image Manipulation Program	""			(0, 509)	(70, 64)
push-button	Files	""			(0, 577)	(70, 64)
push-button	Ubuntu Software	""			(0, 645)	(70, 64)
push-button	Help	""			(0, 713)	(70, 64)
push-button	Trash	""			(0, 784)	(70, 64)
toggle-button	Show Applications	""			(0, 915)	(70, 70)
menu	File	""			(70, 64)	(40, 25)
menu	Edit	""			(110, 64)	(43, 25)
menu	View	""			(153, 64)	(49, 25)
menu	Insert	""			(202, 64)	(55, 25)
menu	Format	""			(257, 64)	(66, 25)
menu	Styles	""			(323, 64)	(56, 25)
menu	Table	""			(379, 64)	(53, 25)
menu	Form	""			(432, 64)	(52, 25)
menu	Tools	""			(484, 64)	(52, 25)
menu	Window	""			(536, 64)	(70, 25)
menu	Help	""			(606, 64)	(47, 25)
menu	File	File			(70, 89)	(40, 21)
menu	Edit	Edit			(110, 89)	(43, 21)
menu	View	View			(153, 89)	(50, 21)
menu	Insert	Insert			(203, 89)	(56, 21)
menu	Format	Format			(259, 89)	(66, 21)
menu	Styles	Styles			(325, 89)	(56, 21)
menu	Table	Table			(381, 89)	(53, 21)
menu	Form	Form			(434, 89)	(52, 21)
menu	Tools	Tools			(486, 89)	(53, 21)
menu	Window	Window			(539, 89)	(73, 21)
menu	Help	Help			(612, 89)	(48, 21)
document-text	04 CHIN9505 EBook Purchasing info 2021 Jan - LibreOffice Document	""			(70, 271)	(1792, 693)
paragraph		Plea	se f		ind the E-book purchase option for your reference:  			(260, 470)	(1412, 97)
paragraph		How to use BLCUP eBook for PC 			(260, 567)	(1412, 65)
paragraph		Make payment for this eBook online. 			(260, 632)	(1412, 64)
paragraph		Enter User center (Your BLCUP ID. 			(260, 696)	(1412, 65)
paragraph		Download and install Windows eBook Reader (flipviewer) on your PC.			(260, 761)	(1412, 65)
paragraph		Enter User center (Your BLCUP ID.			(260, 826)	(1412, 64)
paragraph		Download eBook and input Subscription ID online to open the OPZ file.			(260, 890)	(1412, 65)
paragraph		Support Contact: service blcup.com			(260, 955)	(1412, 9)
scroll-bar	Vertical scroll bar	""			(1862, 247)	(12, 717)
toggle-button	Menu	""			(1874, 171)	(36, 34)
text		Help us make LibreOffice even better!			(111, 178)	(1611, 26)
push-button	Get involved	""			(1728, 170)	(117, 34)
text		Your donations support our worldwide community.			(111, 218)	(1645, 26)
push-button	Donate	""			(1762, 210)	(83, 34)
push-button	New	""			(74, 91)	(44, 35)
push-button	Open	""			(118, 91)	(44, 35)
push-button	Save	""			(162, 91)	(44, 35)
push-button	Export Directly as PDF	""			(214, 91)	(33, 35)
push-button	Print	""			(247, 91)	(33, 35)
toggle-button	Print Preview	""			(280, 91)	(33, 35)
push-button	Clone	""			(439, 91)	(33, 35)
push-button	Undo	""			(480, 91)	(44, 35)
toggle-button	Find and Replace	""			(576, 91)	(33, 35)
push-button	Spelling	""			(609, 91)	(33, 35)
toggle-button	Formatting Marks	""			(642, 91)	(33, 35)
push-button	Table	""			(683, 91)	(44, 35)
push-button	Image	""			(727, 91)	(33, 35)
push-button	Chart	""			(760, 91)	(33, 35)
push-button	Text Box	""			(793, 91)	(33, 35)
push-button	Page Break	""			(834, 91)	(33, 35)
push-button	Field	""			(867, 91)	(44, 35)
push-button	Symbol	""			(911, 91)	(44, 35)
toggle-button	Hyperlink	""			(963, 91)	(33, 35)
push-button	Footnote	""			(996, 91)	(33, 35)
push-button	Endnote	""			(1029, 91)	(33, 35)
push-button	Bookmark	""			(1062, 91)	(33, 35)
push-button	Cross-reference	""			(1095, 91)	(33, 35)
push-button	Comment	""			(1136, 91)	(33, 35)
toggle-button	Track Changes Functions	""			(1169, 91)	(33, 35)
push-button	Line	""			(1210, 91)	(33, 35)
push-button	Basic Shapes	""			(1243, 91)	(44, 35)
toggle-button	Draw Functions	""			(1287, 91)	(33, 35)
text		Normal (Web)			(74, 130)	(166, 34)
push-button	Update	""			(276, 130)	(33, 35)
push-button	New	""			(309, 130)	(33, 35)
text		Calibri			(350, 130)	(185, 34)
text		12 pt			(579, 130)	(65, 34)
toggle-button	Bold	""			(688, 130)	(33, 35)
toggle-button	Italic	""			(721, 130)	(33, 35)
push-button	Underline	""			(754, 130)	(44, 35)
toggle-button	Strikethrough	""			(798, 130)	(33, 35)
toggle-button	Superscript	""			(839, 130)	(33, 35)
toggle-button	Subscript	""			(872, 130)	(33, 35)
push-button	Clear	""			(913, 130)	(33, 35)
push-button	Font Color	""			(954, 130)	(44, 35)
push-button	Character Highlighting Color	""			(998, 130)	(44, 35)
toggle-button	Left	""			(1050, 130)	(33, 35)
toggle-button	Center	""			(1083, 130)	(33, 35)
toggle-button	Right	""			(1116, 130)	(33, 35)
toggle-button	Justified	""			(1149, 130)	(33, 35)
push-button	Unordered List	""			(1190, 130)	(44, 35)
push-button	Ordered List	""			(1234, 130)	(44, 35)
push-button	No List	""			(1278, 130)	(33, 35)
push-button	Increase	""			(1319, 130)	(33, 35)
push-button	Decrease	""			(1352, 130)	(33, 35)
push-button	Line Spacing	""			(1393, 130)	(44, 35)
push-button	Increase	""			(1437, 130)	(33, 35)
push-button	Decrease	""			(1470, 130)	(33, 35)
label		Page 1 of 1			(105, 966)	(258, 18)
label		73 words, 427 characters			(369, 966)	(342, 18)
label		Default Page Style			(717, 966)	(306, 18)
label		English (USA)			(1029, 966)	(276, 18)
label		173%			(1876, 966)	(38, 18)
Generating content with GPT model: o4-mini
RESPONSE: Reflection:  
Before inserting the tab you need to define a right‐aligned tab stop on the ruler (so the text after the tab will snap to the right). The next step is to switch the ruler’s tab selector to the “right tab” glyph and click on the ruler at the desired position (near the right margin).

```python
import pyautogui, time

# 1) Click the tab‐stop selector on the left of the ruler until it shows the "right-aligned tab" icon
pyautogui.click(265, 235)
time.sleep(0.3)

# 2) Click on the ruler near the right margin to set the right-aligned tab stop
pyautogui.click(1430, 235)
time.sleep(0.5)
```
